UEFI firmware (version edk2-stable202408-prebuilt.qemu.org built at 16:28:50 on Sep 12 2024)
ArmTrngLib could not be correctly initialized.
Error: Image at 000BFDB6000 start failed: 00000001
Error: Image at 000BFD6D000 start failed: Not Found
Error: Image at 000BFCBA000 start failed: Unsupported
Error: Image at 000BFB5E000 start failed: Aborted
Tpm2SubmitCommand - Tcg2 - Not Found
Tpm2GetCapabilityPcrs fail!
Tpm2SubmitCommand - Tcg2 - Not Found
Image type X64 can't be loaded on AARCH64 UEFI system.
[2J[01;01H[=3h[2J[01;01H[2J[01;01H[=3h[2J[01;01HEFI stub: Decompressing Linux Kernel...
EFI stub: Loaded initrd from LINUX_EFI_INITRD_MEDIA_GUID device path
EFI stub: Generating empty DTB
EFI stub: Exiting boot services...
[    0.000000] Booting Linux on physical CPU 0x0000000000 [0x414fd0b1]
[    0.000000] Linux version 6.12.103-0-virt (buildozer@build-3-21-aarch64) (gcc (Alpine 14.2.0) 14.2.0, GNU ld (GNU Binutils) 2.43.1) #1-Alpine SMP PREEMPT_DYNAMIC 2026-08-10 14:25:03
[    0.000000] efi: EFI v2.7 by EDK II
[    0.000000] efi: SMBIOS 3.0=0xbfed0000 MEMATTR=0xbe176018 ACPI 2.0=0xbcb43018 INITRD=0xbcb40f18 MEMRESERVE=0xbcb40f98 
[    0.000000] ACPI: Early table checksum verification disabled
[    0.000000] ACPI: RSDP 0x00000000BCB43018 000024 (v02 BOCHS )
[    0.000000] ACPI: XSDT 0x00000000BCB43F18 000064 (v01 BOCHS  BXPC     00000001      01000013)
[    0.000000] ACPI: FACP 0x00000000BCB43B18 000114 (v06 BOCHS  BXPC     00000001 BXPC 00000001)
[    0.000000] ACPI: DSDT 0x00000000BCB41018 001506 (v02 BOCHS  BXPC     00000001 BXPC 00000001)
[    0.000000] ACPI: APIC 0x00000000BCB43C98 0000FC (v04 BOCHS  BXPC     00000001 BXPC 00000001)
[    0.000000] ACPI: PPTT 0x00000000BCB43E18 000074 (v02 BOCHS  BXPC     00000001 BXPC 00000001)
[    0.000000] ACPI: GTDT 0x00000000BCB43098 000068 (v03 BOCHS  BXPC     00000001 BXPC 00000001)
[    0.000000] ACPI: MCFG 0x00000000BCB43A98 00003C (v01 BOCHS  BXPC     00000001 BXPC 00000001)
[    0.000000] ACPI: SPCR 0x00000000BCB43818 000050 (v02 BOCHS  BXPC     00000001 BXPC 00000001)
[    0.000000] ACPI: DBG2 0x00000000BCB43A18 000057 (v00 BOCHS  BXPC     00000001 BXPC 00000001)
[    0.000000] ACPI: IORT 0x00000000BCB43898 000054 (v05 BOCHS  BXPC     00000001 BXPC 00000001)
[    0.000000] ACPI: SPCR: console: pl011,mmio32,0x9000000,9600
[    0.000000] ACPI: Use ACPI SPCR as default console: Yes
[    0.000000] NUMA: Faking a node at [mem 0x0000000040000000-0x00000000bfffffff]
[    0.000000] NODE_DATA(0) allocated [mem 0xbf855b80-0xbf857fff]
[    0.000000] Zone ranges:
[    0.000000]   DMA      [mem 0x0000000040000000-0x00000000bfffffff]
[    0.000000]   DMA32    empty
[    0.000000]   Normal   empty
[    0.000000] Movable zone start for each node
[    0.000000] Early memory node ranges
[    0.000000]   node   0: [mem 0x0000000040000000-0x00000000bc76ffff]
[    0.000000]   node   0: [mem 0x00000000bc770000-0x00000000bcb3ffff]
[    0.000000]   node   0: [mem 0x00000000bcb40000-0x00000000bfe1ffff]
[    0.000000]   node   0: [mem 0x00000000bfe20000-0x00000000bfeaffff]
[    0.000000]   node   0: [mem 0x00000000bfeb0000-0x00000000bfebffff]
[    0.000000]   node   0: [mem 0x00000000bfec0000-0x00000000bffdffff]
[    0.000000]   node   0: [mem 0x00000000bffe0000-0x00000000bfffffff]
[    0.000000] Initmem setup node 0 [mem 0x0000000040000000-0x00000000bfffffff]
[    0.000000] psci: probing for conduit method from ACPI.
[    0.000000] psci: PSCIv1.1 detected in firmware.
[    0.000000] psci: Using standard PSCI v0.2 function IDs
[    0.000000] psci: Trusted OS migration not required
[    0.000000] psci: SMC Calling Convention v1.0
[    0.000000] percpu: Embedded 33 pages/cpu s96984 r8192 d29992 u135168
[    0.000000] Detected PIPT I-cache on CPU0
[    0.000000] CPU features: detected: Spectre-v4
[    0.000000] CPU features: detected: Spectre-BHB
[    0.000000] CPU features: detected: Broken broadcast TLBI completion
[    0.000000] CPU features: detected: SSBS not fully self-synchronizing
[    0.000000] alternatives: applying boot alternatives
[    0.000000] Kernel command line: root=/dev/vda rw console=ttyAMA0 initrd=initrd
[    0.000000] Dentry cache hash table entries: 262144 (order: 9, 2097152 bytes, linear)
[    0.000000] Inode-cache hash table entries: 131072 (order: 8, 1048576 bytes, linear)
[    0.000000] Fallback order for Node 0: 0 
[    0.000000] Built 1 zonelists, mobility grouping on.  Total pages: 524288
[    0.000000] Policy zone: DMA
[    0.000000] mem auto-init: stack:all(zero), heap alloc:on, heap free:off
[    0.000000] software IO TLB: SWIOTLB bounce buffer size adjusted to 2MB
[    0.000000] software IO TLB: area num 2.
[    0.000000] software IO TLB: mapped [mem 0x00000000bf2b4000-0x00000000bf4b4000] (2MB)
[    0.000000] SLUB: HWalign=64, Order=0-3, MinObjects=0, CPUs=2, Nodes=1
[    0.000000] Dynamic Preempt: none
[    0.000000] rcu: Preemptible hierarchical RCU implementation.
[    0.000000] rcu: 	RCU restricting CPUs from NR_CPUS=4096 to nr_cpu_ids=2.
[    0.000000] 	Trampoline variant of Tasks RCU enabled.
[    0.000000] 	Tracing variant of Tasks RCU enabled.
[    0.000000] rcu: RCU calculated value of scheduler-enlistment delay is 10 jiffies.
[    0.000000] rcu: Adjusting geometry for rcu_fanout_leaf=16, nr_cpu_ids=2
[    0.000000] RCU Tasks: Setting shift to 1 and lim to 1 rcu_task_cb_adjust=1 rcu_task_cpu_ids=2.
[    0.000000] RCU Tasks Trace: Setting shift to 1 and lim to 1 rcu_task_cb_adjust=1 rcu_task_cpu_ids=2.
[    0.000000] NR_IRQS: 64, nr_irqs: 64, preallocated irqs: 0
[    0.000000] Root IRQ handler: gic_handle_irq
[    0.000000] GICv2m: ACPI overriding V2M MSI_TYPER (base:80, num:64)
[    0.000000] GICv2m: range[mem 0x08020000-0x08020fff], SPI[80:143]
[    0.000000] rcu: srcu_init: Setting srcu_struct sizes based on contention.
[    0.000000] clocksource: jiffies: mask: 0xffffffff max_cycles: 0xffffffff, max_idle_ns: 19112604462750000 ns
[    0.000000] arch_timer: cp15 timer(s) running at 62.50MHz (virt).
[    0.000000] clocksource: arch_sys_counter: mask: 0x1ffffffffffffff max_cycles: 0x1cd42e208c, max_idle_ns: 881590405314 ns
[    0.000162] sched_clock: 57 bits at 63MHz, resolution 16ns, wraps every 4398046511096ns
[    0.030898] kfence: initialized - using 2097152 bytes for 255 objects at 0x(____ptrval____)-0x(____ptrval____)
[    0.069298] Console: colour dummy device 80x25
[    0.085052] ACPI: Core revision 20240827
[    0.113532] Calibrating delay loop (skipped), value calculated using timer frequency.. 125.00 BogoMIPS (lpj=625000)
[    0.113846] pid_max: default: 32768 minimum: 301
[    0.135710] LSM: initializing lsm=lockdown,capability,landlock
[    0.150495] landlock: Up and running.
[    0.163651] Mount-cache hash table entries: 4096 (order: 3, 32768 bytes, linear)
[    0.163831] Mountpoint-cache hash table entries: 4096 (order: 3, 32768 bytes, linear)
[    0.448799] rcu: Hierarchical SRCU implementation.
[    0.448982] rcu: 	Max phase no-delay instances is 1000.
[    0.467480] Timer migration: 1 hierarchy levels; 8 children per group; 1 crossnode level
[    0.494786] Remapping and enabling EFI services.
[    0.529800] smp: Bringing up secondary CPUs ...
[    0.569182] Detected PIPT I-cache on CPU1
[    0.571206] CPU1: Booted secondary processor 0x0000000001 [0x414fd0b1]
[    0.618601] smp: Brought up 1 node, 2 CPUs
[    0.618721] SMP: Total of 2 processors activated.
[    0.618805] CPU: All CPU(s) started at EL1
[    0.619272] CPU features: detected: 32-bit EL0 Support
[    0.619403] CPU features: detected: Data cache clean to the PoU not required for I/D coherence
[    0.619523] CPU features: detected: Common not Private translations
[    0.619537] CPU features: detected: CRC32 instructions
[    0.620030] CPU features: detected: RCpc load-acquire (LDAPR)
[    0.620113] CPU features: detected: LSE atomic instructions
[    0.620125] CPU features: detected: Privileged Access Never
[    0.620133] CPU features: detected: RAS Extension Support
[    0.620215] CPU features: detected: Speculative Store Bypassing Safe (SSBS)
[    0.682847] alternatives: applying system-wide alternatives
[    0.767316] CPU features: detected: Hardware dirty bit management on CPU0-1
[    0.879836] Memory: 2003132K/2097152K available (12608K kernel code, 1950K rwdata, 7812K rodata, 1920K init, 9305K bss, 89464K reserved, 0K cma-reserved)
[    1.079172] devtmpfs: initialized
[    1.185991] futex hash table entries: 512 (order: 3, 32768 bytes, linear)
[    1.187790] 24304 pages in range for non-PLT usage
[    1.187920] 515824 pages in range for PLT usage
[    1.204235] pinctrl core: initialized pinctrl subsystem
[    1.247609] SMBIOS 3.0.0 present.
[    1.248303] DMI: QEMU QEMU Virtual Machine, BIOS edk2-stable202408-prebuilt.qemu.org 08/13/2024
[    1.249066] DMI: Memory slots populated: 1/1
[    1.343247] NET: Registered PF_NETLINK/PF_ROUTE protocol family
[    1.365278] DMA: preallocated 256 KiB GFP_KERNEL pool for atomic allocations
[    1.366541] DMA: preallocated 256 KiB GFP_KERNEL|GFP_DMA pool for atomic allocations
[    1.367479] DMA: preallocated 256 KiB GFP_KERNEL|GFP_DMA32 pool for atomic allocations
[    1.369369] audit: initializing netlink subsys (disabled)
[    1.381263] audit: type=2000 audit(0.670:1): state=initialized audit_enabled=0 res=1
[    1.394554] thermal_sys: Registered thermal governor 'step_wise'
[    1.399122] cpuidle: using governor ladder
[    1.400090] cpuidle: using governor menu
[    1.403918] hw-breakpoint: found 6 breakpoint and 4 watchpoint registers.
[    1.414804] ASID allocator initialised with 65536 entries
[    1.417379] acpiphp: ACPI Hot Plug PCI Controller Driver version: 0.5
[    1.420749] Serial: AMBA PL011 UART driver
[    1.481491] HugeTLB: registered 1.00 GiB page size, pre-allocated 0 pages
[    1.481591] HugeTLB: 0 KiB vmemmap can be freed for a 1.00 GiB page
[    1.481625] HugeTLB: registered 32.0 MiB page size, pre-allocated 0 pages
[    1.481636] HugeTLB: 0 KiB vmemmap can be freed for a 32.0 MiB page
[    1.481651] HugeTLB: registered 2.00 MiB page size, pre-allocated 0 pages
[    1.481661] HugeTLB: 0 KiB vmemmap can be freed for a 2.00 MiB page
[    1.481676] HugeTLB: registered 64.0 KiB page size, pre-allocated 0 pages
[    1.481687] HugeTLB: 0 KiB vmemmap can be freed for a 64.0 KiB page
[    1.536818] ACPI: Added _OSI(Module Device)
[    1.536919] ACPI: Added _OSI(Processor Device)
[    1.536934] ACPI: Added _OSI(Processor Aggregator Device)
[    1.680612] ACPI: 1 ACPI AML tables successfully acquired and loaded
[    1.753350] ACPI: Interpreter enabled
[    1.753450] ACPI: Using GIC for interrupt routing
[    1.762549] ACPI: MCFG table detected, 1 entries
[    1.913177] ACPI: CPU0 has been hot-added
[    1.916305] ACPI: CPU1 has been hot-added
[    1.982579] ARMH0011:00: ttyAMA0 at MMIO 0x9000000 (irq = 12, base_baud = 0) is a SBSA
[    1.985396] printk: legacy console [ttyAMA0] enabled
[    2.191844] ACPI: PCI: Interrupt link L000 configured for IRQ 35
[    2.192789] ACPI: PCI: Interrupt link L001 configured for IRQ 36
[    2.194062] ACPI: PCI: Interrupt link L002 configured for IRQ 37
[    2.196579] ACPI: PCI: Interrupt link L003 configured for IRQ 38
[    2.197997] ACPI: PCI Root Bridge [PCI0] (domain 0000 [bus 00-ff])
[    2.201641] acpi PNP0A08:00: _OSC: OS supports [ExtendedConfig ASPM ClockPM Segments MSI HPX-Type3]
[    2.220837] acpi PNP0A08:00: _OSC: platform does not support [LTR]
[    2.231856] acpi PNP0A08:00: _OSC: OS now controls [PCIeHotplug PME PCIeCapability]
[    2.251115] acpi PNP0A08:00: ECAM area [mem 0x4010000000-0x401fffffff] reserved by PNP0C02:00
[    2.252998] acpi PNP0A08:00: ECAM at [mem 0x4010000000-0x401fffffff] for [bus 00-ff]
[    2.263490] ACPI: Remapped I/O 0x000000003eff0000 to [io  0x0000-0xffff window]
[    2.283436] PCI host bridge to bus 0000:00
[    2.285089] pci_bus 0000:00: root bus resource [mem 0x10000000-0x3efeffff window]
[    2.285655] pci_bus 0000:00: root bus resource [io  0x0000-0xffff window]
[    2.286044] pci_bus 0000:00: root bus resource [mem 0x8000000000-0xffffffffff window]
[    2.286677] pci_bus 0000:00: root bus resource [bus 00-ff]
[    2.300838] pci 0000:00:00.0: [1b36:0008] type 00 class 0x060000 conventional PCI endpoint
[    2.342059] pci 0000:00:01.0: [8086:100e] type 00 class 0x020000 conventional PCI endpoint
[    2.343372] pci 0000:00:01.0: BAR 0 [mem 0x10040000-0x1005ffff]
[    2.343949] pci 0000:00:01.0: BAR 1 [io  0x0080-0x00bf]
[    2.345943] pci 0000:00:01.0: ROM [mem 0xfffc0000-0xffffffff pref]
[    2.349893] pci 0000:00:02.0: [1af4:1001] type 00 class 0x010000 conventional PCI endpoint
[    2.351956] pci 0000:00:02.0: BAR 0 [io  0x0000-0x007f]
[    2.352807] pci 0000:00:02.0: BAR 1 [mem 0x10060000-0x10060fff]
[    2.353453] pci 0000:00:02.0: BAR 4 [mem 0x8000000000-0x8000003fff 64bit pref]
[    2.369768] pci 0000:00:01.0: ROM [mem 0x10000000-0x1003ffff pref]: assigned
[    2.370635] pci 0000:00:01.0: BAR 0 [mem 0x10040000-0x1005ffff]: assigned
[    2.371331] pci 0000:00:02.0: BAR 4 [mem 0x8000000000-0x8000003fff 64bit pref]: assigned
[    2.380082] pci 0000:00:02.0: BAR 1 [mem 0x10060000-0x10060fff]: assigned
[    2.380797] pci 0000:00:02.0: BAR 0 [io  0x1000-0x107f]: assigned
[    2.382251] pci 0000:00:01.0: BAR 1 [io  0x1080-0x10bf]: assigned
[    2.383297] pci_bus 0000:00: resource 4 [mem 0x10000000-0x3efeffff window]
[    2.383823] pci_bus 0000:00: resource 5 [io  0x0000-0xffff window]
[    2.384254] pci_bus 0000:00: resource 6 [mem 0x8000000000-0xffffffffff window]
[    2.414497] iommu: Default domain type: Translated
[    2.414969] iommu: DMA domain TLB invalidation policy: lazy mode
[    2.454010] efivars: Registered efivars operations
[    2.518093] clocksource: Switched to clocksource arch_sys_counter
[    2.564878] VFS: Disk quotas dquot_6.6.0
[    2.565767] VFS: Dquot-cache hash table entries: 512 (order 0, 4096 bytes)
[    2.602757] pnp: PnP ACPI init
[    2.617379] system 00:00: [mem 0x4010000000-0x401fffffff window] could not be reserved
[    2.618717] pnp: PnP ACPI: found 1 devices
[    2.782750] NET: Registered PF_INET protocol family
[    2.797053] IP idents hash table entries: 32768 (order: 6, 262144 bytes, linear)
[    2.999291] tcp_listen_portaddr_hash hash table entries: 1024 (order: 2, 16384 bytes, linear)
[    3.000346] Table-perturb hash table entries: 65536 (order: 6, 262144 bytes, linear)
[    3.003794] TCP established hash table entries: 16384 (order: 5, 131072 bytes, linear)
[    3.008513] TCP bind hash table entries: 16384 (order: 7, 524288 bytes, linear)
[    3.010015] TCP: Hash tables configured (established 16384 bind 16384)
[    3.016925] MPTCP token hash table entries: 2048 (order: 4, 49152 bytes, linear)
[    3.018658] UDP hash table entries: 1024 (order: 3, 32768 bytes, linear)
[    3.019690] UDP-Lite hash table entries: 1024 (order: 3, 32768 bytes, linear)
[    3.029902] NET: Registered PF_UNIX/PF_LOCAL protocol family
[    3.032086] NET: Registered PF_XDP protocol family
[    3.033228] PCI: CLS 0 bytes, default 64
[    3.042431] kvm [1]: HYP mode not available
[    3.051695] Unpacking initramfs...
[    3.054414] Initialise system trusted keyrings
[    3.096329] workingset: timestamp_bits=44 max_order=19 bucket_order=0
[    3.269862] Key type asymmetric registered
[    3.270501] Asymmetric key parser 'x509' registered
[    3.277146] Block layer SCSI generic (bsg) driver version 0.4 loaded (major 249)
[    3.282192] io scheduler mq-deadline registered
[    3.282753] io scheduler kyber registered
[    3.283761] io scheduler bfq registered
[    3.368009] ACPI: \_SB_.L002: Enabled at IRQ 37
[    3.370474] virtio-pci 0000:00:02.0: enabling device (0000 -> 0003)
[    3.401361] Serial: 8250/16550 driver, 4 ports, IRQ sharing enabled
[    3.463387] hv_vmbus: registering driver hyperv_keyboard
[    3.482802] rtc-efi rtc-efi.0: registered as rtc0
[    3.487052] rtc-efi rtc-efi.0: setting system clock to 2026-08-25T08:58:12 UTC (1787648292)
[    3.500939] NET: Registered PF_INET6 protocol family
[    3.582716] Segment Routing with IPv6
[    3.584766] In-situ OAM (IOAM) with IPv6
[    3.995703] registered taskstats version 1
[    4.004160] Loading compiled-in X.509 certificates
[    4.051826] Freeing initrd memory: 5268K
[    4.561437] Loaded X.509 cert 'alpinelinux.org: Alpine Linux kernel key: 87fa969a47f3e2a6aa35859eb932a17c95abcd82'
[    4.630537] Demotion targets for Node 0: null
[    4.635326] Key type .fscrypt registered
[    4.635754] Key type fscrypt-provisioning registered
[    4.717662] clk: Disabling unused clocks
[    4.718839] PM: genpd: Disabling unused power domains
[    5.003834] Freeing unused kernel memory: 1920K
[    5.013446] Run /init as init process
[    5.768497] Alpine Init 3.11.1-r0
Alpine Init 3.11.1-r0
[    5.835678] Loading boot drivers...
 * Loading boot drivers: [    6.148465] Loading boot drivers: ok.
ok.
SIMBOOT: kernel=6.12.103-0-virt
[    6.446634] Invalid ELF header magic: != ELF
[    6.550806] virtio_blk virtio0: 2/0/0 default/read/poll queues
[    6.632895] virtio_blk virtio0: [vda] 1411072 512-byte logical blocks (722 MB/689 MiB)
[    6.752073] Invalid ELF header magic: != ELF
[    6.803148] Invalid ELF header magic: != ELF
[    6.847651] Invalid ELF header magic: != ELF
[    6.915199] Invalid ELF header magic: != ELF
[    7.082706] Invalid ELF header magic: != ELF
[    7.519175] Invalid ELF header magic: != ELF
[    7.668934] e1000: Intel(R) PRO/1000 Network Driver
[    7.669407] e1000: Copyright (c) 1999-2006 Intel Corporation.
[    7.682595] ACPI: \_SB_.L001: Enabled at IRQ 36
[    7.683588] e1000 0000:00:01.0: enabling device (0000 -> 0003)
[    8.381668] e1000 0000:00:01.0 eth0: (PCI:33MHz:32-bit) 52:54:00:12:34:56
[    8.383222] e1000 0000:00:01.0 eth0: Intel(R) PRO/1000 Network Connection
Module                  Size  Used by    Not tainted
e1000                 163840  0 
ext4                  929792  0 
jbd2                  172032  1 ext4
mbcache                20480  1 ext4
crc32c_generic         12288  0 
crc16                  12288  1 ext4
virtio_blk             24576  0 
[    9.765738] EXT4-fs (vda): mounted filesystem 1799a7eb-09df-4b80-8c57-0424de58e445 r/w with ordered data mode. Quota mode: none.
SIMBOOT: root mounted rw, running real mfp.afx with binder stub
[   18.083648] e1000: eth0 NIC Link is Up 1000 Mbps Full Duplex, Flow Control: RX
MFP_PID=442
[   25.749702] random: crng init done
--- POLL 1: N=11 ---
[Inferior 1 (process 442) detached]
--- POLL 2: N=11 ---
[Inferior 1 (process 442) detached]
--- POLL 3: N=11 ---
[Inferior 1 (process 442) detached]
--- POLL 4: N=11 ---
[Inferior 1 (process 442) detached]
--- POLL 5: N=22 ---
[Inferior 1 (process 442) detached]
--- POLL 6: N=44 ---
[Inferior 1 (process 442) detached]
--- POLL 7: N=44 ---
[Inferior 1 (process 442) detached]
--- POLL 8: N=62 ---
[Inferior 1 (process 442) detached]
--- POLL 9: N=117 ---
POLL: passed print_info_status_init (N=117)
--- ALIVE ---
122
--- LISTEN TCP ---
  sl  local_address rem_address   st tx_queue rx_queue tr tm->when retrnsmt   uid  timeout inode                                                     
   0: 0100007F:C737 00000000:0000 0A 00000000:00000000 00:00000000 00000000     0        0 55008 1 00000000c816b12a 100 0 0 10 0                     
--- HANDLES(corrected) ---
[  261.394508] hrtimer: interrupt took 34636800 ns
[New LWP 724]
[Thread debugging using libthread_db enabled]
Using host libthread_db library "/lib64/libthread_db.so.1".
0x0000ffff9d921ae0 in clock_nanosleep () from /lib64/libc.so.6
$1 = 0xffff9e9cf7e8
$2 = 0xffff9e9cf7f8
$3 = 0x99685f0
[Inferior 1 (process 442) detached]
--- MAIN BT ---
[New LWP 723]
[New LWP 724]
[Thread debugging using libthread_db enabled]
Using host libthread_db library "/lib64/libthread_db.so.1".
0x0000ffff9d921ae0 in clock_nanosleep () from /lib64/libc.so.6
[Switching to thread 1 (Thread 0xffff9d521960 (LWP 442))]
#0  0x0000ffff9d921ae0 in clock_nanosleep () from /lib64/libc.so.6
#0  0x0000ffff9d921ae0 in clock_nanosleep () from /lib64/libc.so.6
#1  0x0000ffff9d93189c in nanosleep () from /lib64/libc.so.6
#2  0x0000ffff9d941174 in sleep () from /lib64/libc.so.6
#3  0x00000000006a8060 in main () at main/main.c:250
[Inferior 1 (process 442) detached]
--- FUNC DIST ---
BT=195
--- PORT913X THREADS ---
--- SERVER THREAD ---
--- LPD LOG ---
---------------------pedk_mgr_prolog-------int------------
[35m[osal/pol/os/Linux/pol_linux.c:55]tid(522) statck size(0x00004000) name(server_thread)[0m
strat bind
[35m[osal/pol/os/Linux/pol_linux.c:55]tid(523) statck size(0x00004000) name(pedk_ibc_recv)[0m
strat listen
 panel_pedk_init  
cmd register ok = panel - pedk
[DEBUG][IPC][scan_ipc_init]scan_ipc_init binder_start front start 
[DEBUG][IPC][scan_ipc_init]scan_ipc_init binder_start back start 
 copy_pedk_init  
port913x_prolog                  -[2026-08-25 09:01:48.255 ] _wait_for_peer:747 IBC WARN 442:wait failed
--- INJECT TEST (module 0xe) ---
--- MFP LOG AFTER INJECT ---
[2026-08-25 09:01:56.578 ] _wait_for_peer:747 IBC WARN 442:wait failed
[2026-08-25 09:01:56.578 ] _wait_for_peer:747 IBC WARN 442:wait failed
[2026-08-25 09:02:15.578 ] _wait_for_peer:747 IBC WARN 442:wait failed
[2026-08-25 09:02:15.578 ] _wait_for_peer:747 IBC WARN 442:wait failed
[2026-08-25 09:02:15.578 ] _wait_for_peer:747 IBC WARN 442:wait failed
[2026-08-25 09:02:15.578 ] _wait_for_peer:747 IBC WARN 442:wait failed
[2026-08-25 09:02:15.578 ] _wait_for_peer:747 IBC WARN 442:wait failed
[2026-08-25 09:02:15.578 ] _wait_for_peer:747 IBC WARN 442:wait failed
[2026-08-25 09:02:15.578 ] _wait_for_peer:747 IBC WARN 442:wait failed
[2026-08-25 09:02:15.578 ] _wait_for_peer:747 IBC WARN 442:wait failed
[2026-08-25 09:02:15.578 ] _wait_for_peer:747 IBC WARN 442:wait failed
[2026-08-25 09:02:15.578 ] _wait_for_peer:747 IBC WARN 442:wait failed
[2026-08-25 09:02:15.578 ] _wait_for_peer:747 IBC WARN 442:wait failed
[2026-08-25 09:02:35.578 ] _wait_for_peer:747 IBC WARN 442:wait failed
[2026-08-25 09:02:52.578 ] _wait_for_peer:747 IBC WARN 442:wait failed
[2026-08-25 09:02:52.578 ] _wait_for_peer:747 IBC WARN 442:wait failed
[2026-08-25 09:02:52.578 ] _wait_for_peer:747 IBC WARN 442:wait failed
[2026-08-25 09:02:52.578 ] _wait_for_peer:747 IBC WARN 442:wait failed
[2026-08-25 09:02:52.578 ] _wait_for_peer:747 IBC WARN 442:wait failed
[2026-08-25 09:02:52.578 ] _wait_for_peer:747 IBC WARN 442:wait failed
[2026-08-25 09:02:52.578 ] _wait_for_peer:747 IBC WARN 442:wait failed
[2026-08-25 09:02:52.578 ] _wait_for_peer:747 IBC WARN 442:wait failed
[2026-08-25 09:02:52.578 ] _wait_for_peer:747 IBC WARN 442:wait failed
[2026-08-25 09:02:52.578 ] _wait_for_peer:747 IBC WARN 442:wait failed
[2026-08-25 09:04:04.578 ] _wait_for_peer:747 IBC WARN 442:wait failed
--- NC LOGS ---
/bin/sh: line 4: nc: command not found
/bin/sh: line 4: nc: command not found
KEEPING MFP ALIVE (pid 442)
SIMBOOT: mfp run finished, keeping shell
/bin/sh: can't access tty; job control turned off
~ # [6n