UEFI firmware (version edk2-stable202408-prebuilt.qemu.org built at 16:28:50 on Sep 12 2024)
ArmTrngLib could not be correctly initialized.
Error: Image at 000BFDB6000 start failed: 00000001
Error: Image at 000BFD6D000 start failed: Not Found
Error: Image at 000BFCBA000 start failed: Unsupported
Error: Image at 000BFB5E000 start failed: Aborted
Tpm2SubmitCommand - Tcg2 - Not Found
Tpm2GetCapabilityPcrs fail!
Tpm2SubmitCommand - Tcg2 - Not Found
Image type X64 can't be loaded on AARCH64 UEFI system.
[2J[01;01H[=3h[2J[01;01H[2J[01;01H[=3h[2J[01;01HEFI stub: Decompressing Linux Kernel...
EFI stub: Loaded initrd from LINUX_EFI_INITRD_MEDIA_GUID device path
EFI stub: Generating empty DTB
EFI stub: Exiting boot services...
[    0.000000] Booting Linux on physical CPU 0x0000000000 [0x414fd0b1]
[    0.000000] Linux version 6.12.103-0-virt (buildozer@build-3-21-aarch64) (gcc (Alpine 14.2.0) 14.2.0, GNU ld (GNU Binutils) 2.43.1) #1-Alpine SMP PREEMPT_DYNAMIC 2026-08-10 14:25:03
[    0.000000] efi: EFI v2.7 by EDK II
[    0.000000] efi: SMBIOS 3.0=0xbfed0000 MEMATTR=0xbe176018 ACPI 2.0=0xbcb43018 INITRD=0xbcb40f18 MEMRESERVE=0xbcb40f98 
[    0.000000] ACPI: Early table checksum verification disabled
[    0.000000] ACPI: RSDP 0x00000000BCB43018 000024 (v02 BOCHS )
[    0.000000] ACPI: XSDT 0x00000000BCB43F18 000064 (v01 BOCHS  BXPC     00000001      01000013)
[    0.000000] ACPI: FACP 0x00000000BCB43B18 000114 (v06 BOCHS  BXPC     00000001 BXPC 00000001)
[    0.000000] ACPI: DSDT 0x00000000BCB41018 001506 (v02 BOCHS  BXPC     00000001 BXPC 00000001)
[    0.000000] ACPI: APIC 0x00000000BCB43C98 0000FC (v04 BOCHS  BXPC     00000001 BXPC 00000001)
[    0.000000] ACPI: PPTT 0x00000000BCB43E18 000074 (v02 BOCHS  BXPC     00000001 BXPC 00000001)
[    0.000000] ACPI: GTDT 0x00000000BCB43098 000068 (v03 BOCHS  BXPC     00000001 BXPC 00000001)
[    0.000000] ACPI: MCFG 0x00000000BCB43A98 00003C (v01 BOCHS  BXPC     00000001 BXPC 00000001)
[    0.000000] ACPI: SPCR 0x00000000BCB43818 000050 (v02 BOCHS  BXPC     00000001 BXPC 00000001)
[    0.000000] ACPI: DBG2 0x00000000BCB43A18 000057 (v00 BOCHS  BXPC     00000001 BXPC 00000001)
[    0.000000] ACPI: IORT 0x00000000BCB43898 000054 (v05 BOCHS  BXPC     00000001 BXPC 00000001)
[    0.000000] ACPI: SPCR: console: pl011,mmio32,0x9000000,9600
[    0.000000] ACPI: Use ACPI SPCR as default console: Yes
[    0.000000] NUMA: Faking a node at [mem 0x0000000040000000-0x00000000bfffffff]
[    0.000000] NODE_DATA(0) allocated [mem 0xbf855b80-0xbf857fff]
[    0.000000] Zone ranges:
[    0.000000]   DMA      [mem 0x0000000040000000-0x00000000bfffffff]
[    0.000000]   DMA32    empty
[    0.000000]   Normal   empty
[    0.000000] Movable zone start for each node
[    0.000000] Early memory node ranges
[    0.000000]   node   0: [mem 0x0000000040000000-0x00000000bc76ffff]
[    0.000000]   node   0: [mem 0x00000000bc770000-0x00000000bcb3ffff]
[    0.000000]   node   0: [mem 0x00000000bcb40000-0x00000000bfe1ffff]
[    0.000000]   node   0: [mem 0x00000000bfe20000-0x00000000bfeaffff]
[    0.000000]   node   0: [mem 0x00000000bfeb0000-0x00000000bfebffff]
[    0.000000]   node   0: [mem 0x00000000bfec0000-0x00000000bffdffff]
[    0.000000]   node   0: [mem 0x00000000bffe0000-0x00000000bfffffff]
[    0.000000] Initmem setup node 0 [mem 0x0000000040000000-0x00000000bfffffff]
[    0.000000] psci: probing for conduit method from ACPI.
[    0.000000] psci: PSCIv1.1 detected in firmware.
[    0.000000] psci: Using standard PSCI v0.2 function IDs
[    0.000000] psci: Trusted OS migration not required
[    0.000000] psci: SMC Calling Convention v1.0
[    0.000000] percpu: Embedded 33 pages/cpu s96984 r8192 d29992 u135168
[    0.000000] Detected PIPT I-cache on CPU0
[    0.000000] CPU features: detected: Spectre-v4
[    0.000000] CPU features: detected: Spectre-BHB
[    0.000000] CPU features: detected: Broken broadcast TLBI completion
[    0.000000] CPU features: detected: SSBS not fully self-synchronizing
[    0.000000] alternatives: applying boot alternatives
[    0.000000] Kernel command line: root=/dev/vda rw console=ttyAMA0 initrd=initrd
[    0.000000] Dentry cache hash table entries: 262144 (order: 9, 2097152 bytes, linear)
[    0.000000] Inode-cache hash table entries: 131072 (order: 8, 1048576 bytes, linear)
[    0.000000] Fallback order for Node 0: 0 
[    0.000000] Built 1 zonelists, mobility grouping on.  Total pages: 524288
[    0.000000] Policy zone: DMA
[    0.000000] mem auto-init: stack:all(zero), heap alloc:on, heap free:off
[    0.000000] software IO TLB: SWIOTLB bounce buffer size adjusted to 2MB
[    0.000000] software IO TLB: area num 2.
[    0.000000] software IO TLB: mapped [mem 0x00000000bf2b4000-0x00000000bf4b4000] (2MB)
[    0.000000] SLUB: HWalign=64, Order=0-3, MinObjects=0, CPUs=2, Nodes=1
[    0.000000] Dynamic Preempt: none
[    0.000000] rcu: Preemptible hierarchical RCU implementation.
[    0.000000] rcu: 	RCU restricting CPUs from NR_CPUS=4096 to nr_cpu_ids=2.
[    0.000000] 	Trampoline variant of Tasks RCU enabled.
[    0.000000] 	Tracing variant of Tasks RCU enabled.
[    0.000000] rcu: RCU calculated value of scheduler-enlistment delay is 10 jiffies.
[    0.000000] rcu: Adjusting geometry for rcu_fanout_leaf=16, nr_cpu_ids=2
[    0.000000] RCU Tasks: Setting shift to 1 and lim to 1 rcu_task_cb_adjust=1 rcu_task_cpu_ids=2.
[    0.000000] RCU Tasks Trace: Setting shift to 1 and lim to 1 rcu_task_cb_adjust=1 rcu_task_cpu_ids=2.
[    0.000000] NR_IRQS: 64, nr_irqs: 64, preallocated irqs: 0
[    0.000000] Root IRQ handler: gic_handle_irq
[    0.000000] GICv2m: ACPI overriding V2M MSI_TYPER (base:80, num:64)
[    0.000000] GICv2m: range[mem 0x08020000-0x08020fff], SPI[80:143]
[    0.000000] rcu: srcu_init: Setting srcu_struct sizes based on contention.
[    0.000000] clocksource: jiffies: mask: 0xffffffff max_cycles: 0xffffffff, max_idle_ns: 19112604462750000 ns
[    0.000000] arch_timer: cp15 timer(s) running at 62.50MHz (virt).
[    0.000000] clocksource: arch_sys_counter: mask: 0x1ffffffffffffff max_cycles: 0x1cd42e208c, max_idle_ns: 881590405314 ns
[    0.000150] sched_clock: 57 bits at 63MHz, resolution 16ns, wraps every 4398046511096ns
[    0.082795] kfence: initialized - using 2097152 bytes for 255 objects at 0x(____ptrval____)-0x(____ptrval____)
[    0.240603] Console: colour dummy device 80x25
[    0.258688] ACPI: Core revision 20240827
[    0.283590] Calibrating delay loop (skipped), value calculated using timer frequency.. 125.00 BogoMIPS (lpj=625000)
[    0.283980] pid_max: default: 32768 minimum: 301
[    0.326720] LSM: initializing lsm=lockdown,capability,landlock
[    0.333101] landlock: Up and running.
[    0.350154] Mount-cache hash table entries: 4096 (order: 3, 32768 bytes, linear)
[    0.350315] Mountpoint-cache hash table entries: 4096 (order: 3, 32768 bytes, linear)
[    0.624943] rcu: Hierarchical SRCU implementation.
[    0.625060] rcu: 	Max phase no-delay instances is 1000.
[    0.629344] Timer migration: 1 hierarchy levels; 8 children per group; 1 crossnode level
[    0.648061] Remapping and enabling EFI services.
[    0.662906] smp: Bringing up secondary CPUs ...
[    0.691554] Detected PIPT I-cache on CPU1
[    0.694748] CPU1: Booted secondary processor 0x0000000001 [0x414fd0b1]
[    0.711356] smp: Brought up 1 node, 2 CPUs
[    0.711473] SMP: Total of 2 processors activated.
[    0.711565] CPU: All CPU(s) started at EL1
[    0.712071] CPU features: detected: 32-bit EL0 Support
[    0.712198] CPU features: detected: Data cache clean to the PoU not required for I/D coherence
[    0.712292] CPU features: detected: Common not Private translations
[    0.712305] CPU features: detected: CRC32 instructions
[    0.712785] CPU features: detected: RCpc load-acquire (LDAPR)
[    0.712906] CPU features: detected: LSE atomic instructions
[    0.712922] CPU features: detected: Privileged Access Never
[    0.712930] CPU features: detected: RAS Extension Support
[    0.713016] CPU features: detected: Speculative Store Bypassing Safe (SSBS)
[    0.817246] alternatives: applying system-wide alternatives
[    0.908957] CPU features: detected: Hardware dirty bit management on CPU0-1
[    0.999184] Memory: 2003132K/2097152K available (12608K kernel code, 1950K rwdata, 7812K rodata, 1920K init, 9305K bss, 89464K reserved, 0K cma-reserved)
[    1.165651] devtmpfs: initialized
[    1.316998] futex hash table entries: 512 (order: 3, 32768 bytes, linear)
[    1.327071] 24304 pages in range for non-PLT usage
[    1.328157] 515824 pages in range for PLT usage
[    1.346003] pinctrl core: initialized pinctrl subsystem
[    1.381895] SMBIOS 3.0.0 present.
[    1.382595] DMI: QEMU QEMU Virtual Machine, BIOS edk2-stable202408-prebuilt.qemu.org 08/13/2024
[    1.383274] DMI: Memory slots populated: 1/1
[    1.492043] NET: Registered PF_NETLINK/PF_ROUTE protocol family
[    1.532246] DMA: preallocated 256 KiB GFP_KERNEL pool for atomic allocations
[    1.533850] DMA: preallocated 256 KiB GFP_KERNEL|GFP_DMA pool for atomic allocations
[    1.543902] DMA: preallocated 256 KiB GFP_KERNEL|GFP_DMA32 pool for atomic allocations
[    1.544901] audit: initializing netlink subsys (disabled)
[    1.558985] audit: type=2000 audit(0.750:1): state=initialized audit_enabled=0 res=1
[    1.567285] thermal_sys: Registered thermal governor 'step_wise'
[    1.579804] cpuidle: using governor ladder
[    1.580414] cpuidle: using governor menu
[    1.592905] hw-breakpoint: found 6 breakpoint and 4 watchpoint registers.
[    1.594637] ASID allocator initialised with 65536 entries
[    1.595976] acpiphp: ACPI Hot Plug PCI Controller Driver version: 0.5
[    1.600326] Serial: AMBA PL011 UART driver
[    1.664105] HugeTLB: registered 1.00 GiB page size, pre-allocated 0 pages
[    1.664184] HugeTLB: 0 KiB vmemmap can be freed for a 1.00 GiB page
[    1.664212] HugeTLB: registered 32.0 MiB page size, pre-allocated 0 pages
[    1.664222] HugeTLB: 0 KiB vmemmap can be freed for a 32.0 MiB page
[    1.664236] HugeTLB: registered 2.00 MiB page size, pre-allocated 0 pages
[    1.664246] HugeTLB: 0 KiB vmemmap can be freed for a 2.00 MiB page
[    1.664258] HugeTLB: registered 64.0 KiB page size, pre-allocated 0 pages
[    1.664267] HugeTLB: 0 KiB vmemmap can be freed for a 64.0 KiB page
[    1.766317] ACPI: Added _OSI(Module Device)
[    1.766491] ACPI: Added _OSI(Processor Device)
[    1.766526] ACPI: Added _OSI(Processor Aggregator Device)
[    1.846852] ACPI: 1 ACPI AML tables successfully acquired and loaded
[    1.915562] ACPI: Interpreter enabled
[    1.915648] ACPI: Using GIC for interrupt routing
[    1.916791] ACPI: MCFG table detected, 1 entries
[    2.127907] ACPI: CPU0 has been hot-added
[    2.129839] ACPI: CPU1 has been hot-added
[    2.226801] ARMH0011:00: ttyAMA0 at MMIO 0x9000000 (irq = 12, base_baud = 0) is a SBSA
[    2.229424] printk: legacy console [ttyAMA0] enabled
[    2.466076] ACPI: PCI: Interrupt link L000 configured for IRQ 35
[    2.467011] ACPI: PCI: Interrupt link L001 configured for IRQ 36
[    2.476547] ACPI: PCI: Interrupt link L002 configured for IRQ 37
[    2.477399] ACPI: PCI: Interrupt link L003 configured for IRQ 38
[    2.478822] ACPI: PCI Root Bridge [PCI0] (domain 0000 [bus 00-ff])
[    2.483306] acpi PNP0A08:00: _OSC: OS supports [ExtendedConfig ASPM ClockPM Segments MSI HPX-Type3]
[    2.517209] acpi PNP0A08:00: _OSC: platform does not support [LTR]
[    2.529175] acpi PNP0A08:00: _OSC: OS now controls [PCIeHotplug PME PCIeCapability]
[    2.582565] acpi PNP0A08:00: ECAM area [mem 0x4010000000-0x401fffffff] reserved by PNP0C02:00
[    2.584045] acpi PNP0A08:00: ECAM at [mem 0x4010000000-0x401fffffff] for [bus 00-ff]
[    2.596559] ACPI: Remapped I/O 0x000000003eff0000 to [io  0x0000-0xffff window]
[    2.626816] PCI host bridge to bus 0000:00
[    2.628171] pci_bus 0000:00: root bus resource [mem 0x10000000-0x3efeffff window]
[    2.628661] pci_bus 0000:00: root bus resource [io  0x0000-0xffff window]
[    2.629035] pci_bus 0000:00: root bus resource [mem 0x8000000000-0xffffffffff window]
[    2.629772] pci_bus 0000:00: root bus resource [bus 00-ff]
[    2.645793] pci 0000:00:00.0: [1b36:0008] type 00 class 0x060000 conventional PCI endpoint
[    2.677564] pci 0000:00:01.0: [8086:100e] type 00 class 0x020000 conventional PCI endpoint
[    2.678542] pci 0000:00:01.0: BAR 0 [mem 0x10040000-0x1005ffff]
[    2.679316] pci 0000:00:01.0: BAR 1 [io  0x0080-0x00bf]
[    2.679776] pci 0000:00:01.0: ROM [mem 0xfffc0000-0xffffffff pref]
[    2.682340] pci 0000:00:02.0: [1af4:1001] type 00 class 0x010000 conventional PCI endpoint
[    2.682923] pci 0000:00:02.0: BAR 0 [io  0x0000-0x007f]
[    2.683245] pci 0000:00:02.0: BAR 1 [mem 0x10060000-0x10060fff]
[    2.683716] pci 0000:00:02.0: BAR 4 [mem 0x8000000000-0x8000003fff 64bit pref]
[    2.697004] pci 0000:00:01.0: ROM [mem 0x10000000-0x1003ffff pref]: assigned
[    2.697894] pci 0000:00:01.0: BAR 0 [mem 0x10040000-0x1005ffff]: assigned
[    2.698592] pci 0000:00:02.0: BAR 4 [mem 0x8000000000-0x8000003fff 64bit pref]: assigned
[    2.699325] pci 0000:00:02.0: BAR 1 [mem 0x10060000-0x10060fff]: assigned
[    2.699709] pci 0000:00:02.0: BAR 0 [io  0x1000-0x107f]: assigned
[    2.700085] pci 0000:00:01.0: BAR 1 [io  0x1080-0x10bf]: assigned
[    2.709011] pci_bus 0000:00: resource 4 [mem 0x10000000-0x3efeffff window]
[    2.711126] pci_bus 0000:00: resource 5 [io  0x0000-0xffff window]
[    2.711595] pci_bus 0000:00: resource 6 [mem 0x8000000000-0xffffffffff window]
[    2.744903] iommu: Default domain type: Translated
[    2.745368] iommu: DMA domain TLB invalidation policy: lazy mode
[    2.777278] efivars: Registered efivars operations
[    2.848299] clocksource: Switched to clocksource arch_sys_counter
[    2.894462] VFS: Disk quotas dquot_6.6.0
[    2.895413] VFS: Dquot-cache hash table entries: 512 (order 0, 4096 bytes)
[    2.912693] pnp: PnP ACPI init
[    2.929069] system 00:00: [mem 0x4010000000-0x401fffffff window] could not be reserved
[    2.930526] pnp: PnP ACPI: found 1 devices
[    3.145083] NET: Registered PF_INET protocol family
[    3.149209] IP idents hash table entries: 32768 (order: 6, 262144 bytes, linear)
[    3.366697] tcp_listen_portaddr_hash hash table entries: 1024 (order: 2, 16384 bytes, linear)
[    3.374322] Table-perturb hash table entries: 65536 (order: 6, 262144 bytes, linear)
[    3.375712] TCP established hash table entries: 16384 (order: 5, 131072 bytes, linear)
[    3.377656] TCP bind hash table entries: 16384 (order: 7, 524288 bytes, linear)
[    3.379088] TCP: Hash tables configured (established 16384 bind 16384)
[    3.383841] MPTCP token hash table entries: 2048 (order: 4, 49152 bytes, linear)
[    3.394455] UDP hash table entries: 1024 (order: 3, 32768 bytes, linear)
[    3.395703] UDP-Lite hash table entries: 1024 (order: 3, 32768 bytes, linear)
[    3.408603] NET: Registered PF_UNIX/PF_LOCAL protocol family
[    3.410367] NET: Registered PF_XDP protocol family
[    3.411666] PCI: CLS 0 bytes, default 64
[    3.416432] kvm [1]: HYP mode not available
[    3.431444] Unpacking initramfs...
[    3.433843] Initialise system trusted keyrings
[    3.479084] workingset: timestamp_bits=44 max_order=19 bucket_order=0
[    3.710226] Key type asymmetric registered
[    3.711342] Asymmetric key parser 'x509' registered
[    3.714898] Block layer SCSI generic (bsg) driver version 0.4 loaded (major 249)
[    3.727153] io scheduler mq-deadline registered
[    3.727748] io scheduler kyber registered
[    3.729141] io scheduler bfq registered
[    3.850054] ACPI: \_SB_.L002: Enabled at IRQ 37
[    3.859057] virtio-pci 0000:00:02.0: enabling device (0000 -> 0003)
[    3.894261] Serial: 8250/16550 driver, 4 ports, IRQ sharing enabled
[    3.995102] hv_vmbus: registering driver hyperv_keyboard
[    4.013474] rtc-efi rtc-efi.0: registered as rtc0
[    4.017185] rtc-efi rtc-efi.0: setting system clock to 2026-08-25T04:03:56 UTC (1787630636)
[    4.032619] NET: Registered PF_INET6 protocol family
[    4.147784] Segment Routing with IPv6
[    4.149228] In-situ OAM (IOAM) with IPv6
[    4.333808] Freeing initrd memory: 5268K
[    4.500310] registered taskstats version 1
[    4.583470] Loading compiled-in X.509 certificates
[    4.962599] hrtimer: interrupt took 117859392 ns
[    5.543462] Loaded X.509 cert 'alpinelinux.org: Alpine Linux kernel key: 87fa969a47f3e2a6aa35859eb932a17c95abcd82'
[    5.616766] Demotion targets for Node 0: null
[    5.628911] Key type .fscrypt registered
[    5.629633] Key type fscrypt-provisioning registered
[    5.731627] clk: Disabling unused clocks
[    5.732996] PM: genpd: Disabling unused power domains
[    5.915835] Freeing unused kernel memory: 1920K
[    5.927185] Run /init as init process
[    6.630893] Alpine Init 3.11.1-r0
Alpine Init 3.11.1-r0
[    6.662385] Loading boot drivers...
 * Loading boot drivers: [    6.832094] Loading boot drivers: ok.
ok.
SIMBOOT: kernel=6.12.103-0-virt
[    7.043763] Invalid ELF header magic: != ELF
[    7.150671] virtio_blk virtio0: 2/0/0 default/read/poll queues
[    7.216118] virtio_blk virtio0: [vda] 1411072 512-byte logical blocks (722 MB/689 MiB)
[    7.328496] Invalid ELF header magic: != ELF
[    7.380480] Invalid ELF header magic: != ELF
[    7.433883] Invalid ELF header magic: != ELF
[    7.499158] Invalid ELF header magic: != ELF
[    7.666074] Invalid ELF header magic: != ELF
[    8.028908] Invalid ELF header magic: != ELF
[    8.130693] e1000: Intel(R) PRO/1000 Network Driver
[    8.131120] e1000: Copyright (c) 1999-2006 Intel Corporation.
[    8.133011] ACPI: \_SB_.L001: Enabled at IRQ 36
[    8.133526] e1000 0000:00:01.0: enabling device (0000 -> 0003)
[    8.683212] e1000 0000:00:01.0 eth0: (PCI:33MHz:32-bit) 52:54:00:12:34:56
[    8.691509] e1000 0000:00:01.0 eth0: Intel(R) PRO/1000 Network Connection
Module                  Size  Used by    Not tainted
e1000                 163840  0 
ext4                  929792  0 
jbd2                  172032  1 ext4
mbcache                20480  1 ext4
crc32c_generic         12288  0 
crc16                  12288  1 ext4
virtio_blk             24576  0 
[    9.861666] EXT4-fs (vda): mounted filesystem 1799a7eb-09df-4b80-8c57-0424de58e445 r/w with ordered data mode. Quota mode: none.
SIMBOOT: root mounted rw, running real mfp.afx with binder stub
[   18.031672] e1000: eth0 NIC Link is Up 1000 Mbps Full Duplex, Flow Control: RX
MFP_PID=443
[   24.292518] random: crng init done
--- GDB PATCH ---
0x0000ffff99321ae0 in clock_nanosleep () from /lib64/libc.so.6
$1 = 0x0
$2 = 0x0
$3 = 0x0
$4 = 0x0
[Inferior 1 (process 443) detached]
--- ALIVE ---
195
--- MAIN BT ---
[New LWP 634]
[New LWP 635]
[New LWP 636]
[New LWP 637]
[New LWP 638]
[New LWP 639]
[New LWP 640]
[New LWP 641]
[New LWP 642]
[New LWP 643]
[New LWP 644]
[New LWP 645]
[Thread debugging using libthread_db enabled]
Using host libthread_db library "/lib64/libthread_db.so.1".
0x0000ffff99321ae0 in clock_nanosleep () from /lib64/libc.so.6
[Switching to thread 1 (Thread 0xffff996ab960 (LWP 443))]
#0  0x0000ffff99321ae0 in clock_nanosleep () from /lib64/libc.so.6
#0  0x0000ffff99321ae0 in clock_nanosleep () from /lib64/libc.so.6
#1  0x0000ffff9933189c in nanosleep () from /lib64/libc.so.6
#2  0x0000ffff99341174 in sleep () from /lib64/libc.so.6
#3  0x00000000006a8060 in main () at main/main.c:250
[Inferior 1 (process 443) detached]
--- MAIN TASK STAT ---
awk: cmd. line:1: Unexpected token
--- FUNC DIST ---
    120 ??
     30 select
     11 clock_nanosleep
      7 binder_thr
      7 __lll_lock_wait_private
      6 #0  binder_parse
      4 read
      3 ioctl@plt
      3 #0  binder_thr
      2 epoll_pwait
      1 socket
      1 msgrcv
      1 fstatat64
--- LISTEN ---
  sl  local_address rem_address   st tx_queue rx_queue tr tm->when retrnsmt   uid  timeout inode                                                     
done
SIMBOOT: mfp run finished, keeping shell
/bin/sh: can't access tty; job control turned off
~ # [6n