UEFI firmware (version edk2-stable202408-prebuilt.qemu.org built at 16:28:50 on Sep 12 2024)
ArmTrngLib could not be correctly initialized.
Error: Image at 0013FDB6000 start failed: 00000001
Error: Image at 0013FD6D000 start failed: Not Found
Error: Image at 0013FCBA000 start failed: Unsupported
Error: Image at 0013FB5E000 start failed: Aborted
Tpm2SubmitCommand - Tcg2 - Not Found
Tpm2GetCapabilityPcrs fail!
Tpm2SubmitCommand - Tcg2 - Not Found
Image type X64 can't be loaded on AARCH64 UEFI system.
[2J[01;01H[=3h[2J[01;01H[2J[01;01H[=3h[2J[01;01HEFI stub: Decompressing Linux Kernel...
EFI stub: Loaded initrd from LINUX_EFI_INITRD_MEDIA_GUID device path
EFI stub: Generating empty DTB
EFI stub: Exiting boot services...
[    0.000000] Booting Linux on physical CPU 0x0000000000 [0x414fd0b1]
[    0.000000] Linux version 6.12.103-0-virt (buildozer@build-3-21-aarch64) (gcc (Alpine 14.2.0) 14.2.0, GNU ld (GNU Binutils) 2.43.1) #1-Alpine SMP PREEMPT_DYNAMIC 2026-08-10 14:25:03
[    0.000000] efi: EFI v2.7 by EDK II
[    0.000000] efi: SMBIOS 3.0=0x13fed0000 MEMATTR=0x13e176018 ACPI 2.0=0x13cb43018 INITRD=0x13cb40f18 MEMRESERVE=0x13cb40f98 
[    0.000000] ACPI: Early table checksum verification disabled
[    0.000000] ACPI: RSDP 0x000000013CB43018 000024 (v02 BOCHS )
[    0.000000] ACPI: XSDT 0x000000013CB43F18 000064 (v01 BOCHS  BXPC     00000001      01000013)
[    0.000000] ACPI: FACP 0x000000013CB43B18 000114 (v06 BOCHS  BXPC     00000001 BXPC 00000001)
[    0.000000] ACPI: DSDT 0x000000013CB41018 001506 (v02 BOCHS  BXPC     00000001 BXPC 00000001)
[    0.000000] ACPI: APIC 0x000000013CB43C98 0000FC (v04 BOCHS  BXPC     00000001 BXPC 00000001)
[    0.000000] ACPI: PPTT 0x000000013CB43E18 000074 (v02 BOCHS  BXPC     00000001 BXPC 00000001)
[    0.000000] ACPI: GTDT 0x000000013CB43098 000068 (v03 BOCHS  BXPC     00000001 BXPC 00000001)
[    0.000000] ACPI: MCFG 0x000000013CB43A98 00003C (v01 BOCHS  BXPC     00000001 BXPC 00000001)
[    0.000000] ACPI: SPCR 0x000000013CB43818 000050 (v02 BOCHS  BXPC     00000001 BXPC 00000001)
[    0.000000] ACPI: DBG2 0x000000013CB43A18 000057 (v00 BOCHS  BXPC     00000001 BXPC 00000001)
[    0.000000] ACPI: IORT 0x000000013CB43898 000054 (v05 BOCHS  BXPC     00000001 BXPC 00000001)
[    0.000000] ACPI: SPCR: console: pl011,mmio32,0x9000000,9600
[    0.000000] ACPI: Use ACPI SPCR as default console: Yes
[    0.000000] NUMA: Faking a node at [mem 0x0000000040000000-0x000000013fffffff]
[    0.000000] NODE_DATA(0) allocated [mem 0x13f453b80-0x13f455fff]
[    0.000000] Zone ranges:
[    0.000000]   DMA      [mem 0x0000000040000000-0x00000000ffffffff]
[    0.000000]   DMA32    empty
[    0.000000]   Normal   [mem 0x0000000100000000-0x000000013fffffff]
[    0.000000] Movable zone start for each node
[    0.000000] Early memory node ranges
[    0.000000]   node   0: [mem 0x0000000040000000-0x000000013c76ffff]
[    0.000000]   node   0: [mem 0x000000013c770000-0x000000013cb3ffff]
[    0.000000]   node   0: [mem 0x000000013cb40000-0x000000013fe1ffff]
[    0.000000]   node   0: [mem 0x000000013fe20000-0x000000013feaffff]
[    0.000000]   node   0: [mem 0x000000013feb0000-0x000000013febffff]
[    0.000000]   node   0: [mem 0x000000013fec0000-0x000000013ffdffff]
[    0.000000]   node   0: [mem 0x000000013ffe0000-0x000000013fffffff]
[    0.000000] Initmem setup node 0 [mem 0x0000000040000000-0x000000013fffffff]
[    0.000000] psci: probing for conduit method from ACPI.
[    0.000000] psci: PSCIv1.1 detected in firmware.
[    0.000000] psci: Using standard PSCI v0.2 function IDs
[    0.000000] psci: Trusted OS migration not required
[    0.000000] psci: SMC Calling Convention v1.0
[    0.000000] percpu: Embedded 33 pages/cpu s96984 r8192 d29992 u135168
[    0.000000] Detected PIPT I-cache on CPU0
[    0.000000] CPU features: detected: Spectre-v4
[    0.000000] CPU features: detected: Spectre-BHB
[    0.000000] CPU features: detected: Broken broadcast TLBI completion
[    0.000000] CPU features: detected: SSBS not fully self-synchronizing
[    0.000000] alternatives: applying boot alternatives
[    0.000000] Kernel command line: root=/dev/vda rw console=ttyAMA0 initrd=initrd
[    0.000000] Dentry cache hash table entries: 524288 (order: 10, 4194304 bytes, linear)
[    0.000000] Inode-cache hash table entries: 262144 (order: 9, 2097152 bytes, linear)
[    0.000000] Fallback order for Node 0: 0 
[    0.000000] Built 1 zonelists, mobility grouping on.  Total pages: 1048576
[    0.000000] Policy zone: Normal
[    0.000000] mem auto-init: stack:all(zero), heap alloc:on, heap free:off
[    0.000000] software IO TLB: area num 2.
[    0.000000] software IO TLB: mapped [mem 0x00000000fbfff000-0x00000000fffff000] (64MB)
[    0.000000] SLUB: HWalign=64, Order=0-3, MinObjects=0, CPUs=2, Nodes=1
[    0.000000] Dynamic Preempt: none
[    0.000000] rcu: Preemptible hierarchical RCU implementation.
[    0.000000] rcu: 	RCU restricting CPUs from NR_CPUS=4096 to nr_cpu_ids=2.
[    0.000000] 	Trampoline variant of Tasks RCU enabled.
[    0.000000] 	Tracing variant of Tasks RCU enabled.
[    0.000000] rcu: RCU calculated value of scheduler-enlistment delay is 10 jiffies.
[    0.000000] rcu: Adjusting geometry for rcu_fanout_leaf=16, nr_cpu_ids=2
[    0.000000] RCU Tasks: Setting shift to 1 and lim to 1 rcu_task_cb_adjust=1 rcu_task_cpu_ids=2.
[    0.000000] RCU Tasks Trace: Setting shift to 1 and lim to 1 rcu_task_cb_adjust=1 rcu_task_cpu_ids=2.
[    0.000000] NR_IRQS: 64, nr_irqs: 64, preallocated irqs: 0
[    0.000000] Root IRQ handler: gic_handle_irq
[    0.000000] GICv2m: ACPI overriding V2M MSI_TYPER (base:80, num:64)
[    0.000000] GICv2m: range[mem 0x08020000-0x08020fff], SPI[80:143]
[    0.000000] rcu: srcu_init: Setting srcu_struct sizes based on contention.
[    0.000000] clocksource: jiffies: mask: 0xffffffff max_cycles: 0xffffffff, max_idle_ns: 19112604462750000 ns
[    0.000000] arch_timer: cp15 timer(s) running at 62.50MHz (virt).
[    0.000000] clocksource: arch_sys_counter: mask: 0x1ffffffffffffff max_cycles: 0x1cd42e208c, max_idle_ns: 881590405314 ns
[    0.000131] sched_clock: 57 bits at 63MHz, resolution 16ns, wraps every 4398046511096ns
[    0.013920] kfence: initialized - using 2097152 bytes for 255 objects at 0x(____ptrval____)-0x(____ptrval____)
[    0.035080] Console: colour dummy device 80x25
[    0.046651] ACPI: Core revision 20240827
[    0.054884] Calibrating delay loop (skipped), value calculated using timer frequency.. 125.00 BogoMIPS (lpj=625000)
[    0.055191] pid_max: default: 32768 minimum: 301
[    0.067982] LSM: initializing lsm=lockdown,capability,landlock
[    0.072380] landlock: Up and running.
[    0.080246] Mount-cache hash table entries: 8192 (order: 4, 65536 bytes, linear)
[    0.080372] Mountpoint-cache hash table entries: 8192 (order: 4, 65536 bytes, linear)
[    0.184160] rcu: Hierarchical SRCU implementation.
[    0.184310] rcu: 	Max phase no-delay instances is 1000.
[    0.191939] Timer migration: 1 hierarchy levels; 8 children per group; 1 crossnode level
[    0.201586] Remapping and enabling EFI services.
[    0.212640] smp: Bringing up secondary CPUs ...
[    0.220620] Detected PIPT I-cache on CPU1
[    0.223010] CPU1: Booted secondary processor 0x0000000001 [0x414fd0b1]
[    0.241146] smp: Brought up 1 node, 2 CPUs
[    0.241361] SMP: Total of 2 processors activated.
[    0.241758] CPU: All CPU(s) started at EL1
[    0.242336] CPU features: detected: 32-bit EL0 Support
[    0.242523] CPU features: detected: Data cache clean to the PoU not required for I/D coherence
[    0.242640] CPU features: detected: Common not Private translations
[    0.242661] CPU features: detected: CRC32 instructions
[    0.243319] CPU features: detected: RCpc load-acquire (LDAPR)
[    0.243418] CPU features: detected: LSE atomic instructions
[    0.243432] CPU features: detected: Privileged Access Never
[    0.243446] CPU features: detected: RAS Extension Support
[    0.243561] CPU features: detected: Speculative Store Bypassing Safe (SSBS)
[    0.271524] alternatives: applying system-wide alternatives
[    0.297712] CPU features: detected: Hardware dirty bit management on CPU0-1
[    0.333224] Memory: 3995976K/4194304K available (12608K kernel code, 1950K rwdata, 7812K rodata, 1920K init, 9305K bss, 193644K reserved, 0K cma-reserved)
[    0.411907] devtmpfs: initialized
[    0.451967] futex hash table entries: 512 (order: 3, 32768 bytes, linear)
[    0.453558] 24304 pages in range for non-PLT usage
[    0.453674] 515824 pages in range for PLT usage
[    0.463687] pinctrl core: initialized pinctrl subsystem
[    0.478078] SMBIOS 3.0.0 present.
[    0.478660] DMI: QEMU QEMU Virtual Machine, BIOS edk2-stable202408-prebuilt.qemu.org 08/13/2024
[    0.479076] DMI: Memory slots populated: 1/1
[    0.513422] NET: Registered PF_NETLINK/PF_ROUTE protocol family
[    0.522996] DMA: preallocated 512 KiB GFP_KERNEL pool for atomic allocations
[    0.526910] DMA: preallocated 512 KiB GFP_KERNEL|GFP_DMA pool for atomic allocations
[    0.528226] DMA: preallocated 512 KiB GFP_KERNEL|GFP_DMA32 pool for atomic allocations
[    0.529146] audit: initializing netlink subsys (disabled)
[    0.534276] audit: type=2000 audit(0.310:1): state=initialized audit_enabled=0 res=1
[    0.545673] thermal_sys: Registered thermal governor 'step_wise'
[    0.549440] cpuidle: using governor ladder
[    0.550093] cpuidle: using governor menu
[    0.553658] hw-breakpoint: found 6 breakpoint and 4 watchpoint registers.
[    0.555414] ASID allocator initialised with 65536 entries
[    0.559214] acpiphp: ACPI Hot Plug PCI Controller Driver version: 0.5
[    0.562705] Serial: AMBA PL011 UART driver
[    0.598051] HugeTLB: registered 1.00 GiB page size, pre-allocated 0 pages
[    0.598163] HugeTLB: 0 KiB vmemmap can be freed for a 1.00 GiB page
[    0.598204] HugeTLB: registered 32.0 MiB page size, pre-allocated 0 pages
[    0.598217] HugeTLB: 0 KiB vmemmap can be freed for a 32.0 MiB page
[    0.598230] HugeTLB: registered 2.00 MiB page size, pre-allocated 0 pages
[    0.598239] HugeTLB: 0 KiB vmemmap can be freed for a 2.00 MiB page
[    0.598253] HugeTLB: registered 64.0 KiB page size, pre-allocated 0 pages
[    0.598264] HugeTLB: 0 KiB vmemmap can be freed for a 64.0 KiB page
[    0.644711] ACPI: Added _OSI(Module Device)
[    0.644804] ACPI: Added _OSI(Processor Device)
[    0.644819] ACPI: Added _OSI(Processor Aggregator Device)
[    0.680790] ACPI: 1 ACPI AML tables successfully acquired and loaded
[    0.726652] ACPI: Interpreter enabled
[    0.726731] ACPI: Using GIC for interrupt routing
[    0.727712] ACPI: MCFG table detected, 1 entries
[    0.829500] ACPI: CPU0 has been hot-added
[    0.831293] ACPI: CPU1 has been hot-added
[    0.863653] ARMH0011:00: ttyAMA0 at MMIO 0x9000000 (irq = 12, base_baud = 0) is a SBSA
[    0.866328] printk: legacy console [ttyAMA0] enabled
[    0.976566] ACPI: PCI: Interrupt link L000 configured for IRQ 35
[    0.977454] ACPI: PCI: Interrupt link L001 configured for IRQ 36
[    0.977901] ACPI: PCI: Interrupt link L002 configured for IRQ 37
[    0.978338] ACPI: PCI: Interrupt link L003 configured for IRQ 38
[    0.979559] ACPI: PCI Root Bridge [PCI0] (domain 0000 [bus 00-ff])
[    0.983821] acpi PNP0A08:00: _OSC: OS supports [ExtendedConfig ASPM ClockPM Segments MSI HPX-Type3]
[    1.002711] acpi PNP0A08:00: _OSC: platform does not support [LTR]
[    1.004707] acpi PNP0A08:00: _OSC: OS now controls [PCIeHotplug PME PCIeCapability]
[    1.013764] acpi PNP0A08:00: ECAM area [mem 0x4010000000-0x401fffffff] reserved by PNP0C02:00
[    1.015199] acpi PNP0A08:00: ECAM at [mem 0x4010000000-0x401fffffff] for [bus 00-ff]
[    1.016484] ACPI: Remapped I/O 0x000000003eff0000 to [io  0x0000-0xffff window]
[    1.022063] PCI host bridge to bus 0000:00
[    1.023180] pci_bus 0000:00: root bus resource [mem 0x10000000-0x3efeffff window]
[    1.026177] pci_bus 0000:00: root bus resource [io  0x0000-0xffff window]
[    1.026806] pci_bus 0000:00: root bus resource [mem 0x8000000000-0xffffffffff window]
[    1.027436] pci_bus 0000:00: root bus resource [bus 00-ff]
[    1.030919] pci 0000:00:00.0: [1b36:0008] type 00 class 0x060000 conventional PCI endpoint
[    1.043862] pci 0000:00:01.0: [8086:100e] type 00 class 0x020000 conventional PCI endpoint
[    1.044784] pci 0000:00:01.0: BAR 0 [mem 0x10040000-0x1005ffff]
[    1.045242] pci 0000:00:01.0: BAR 1 [io  0x0080-0x00bf]
[    1.045630] pci 0000:00:01.0: ROM [mem 0xfffc0000-0xffffffff pref]
[    1.047943] pci 0000:00:02.0: [1af4:1001] type 00 class 0x010000 conventional PCI endpoint
[    1.048489] pci 0000:00:02.0: BAR 0 [io  0x0000-0x007f]
[    1.048786] pci 0000:00:02.0: BAR 1 [mem 0x10060000-0x10060fff]
[    1.049187] pci 0000:00:02.0: BAR 4 [mem 0x8000000000-0x8000003fff 64bit pref]
[    1.054237] pci 0000:00:01.0: ROM [mem 0x10000000-0x1003ffff pref]: assigned
[    1.055108] pci 0000:00:01.0: BAR 0 [mem 0x10040000-0x1005ffff]: assigned
[    1.055752] pci 0000:00:02.0: BAR 4 [mem 0x8000000000-0x8000003fff 64bit pref]: assigned
[    1.056358] pci 0000:00:02.0: BAR 1 [mem 0x10060000-0x10060fff]: assigned
[    1.059955] pci 0000:00:02.0: BAR 0 [io  0x1000-0x107f]: assigned
[    1.060438] pci 0000:00:01.0: BAR 1 [io  0x1080-0x10bf]: assigned
[    1.061361] pci_bus 0000:00: resource 4 [mem 0x10000000-0x3efeffff window]
[    1.061827] pci_bus 0000:00: resource 5 [io  0x0000-0xffff window]
[    1.062196] pci_bus 0000:00: resource 6 [mem 0x8000000000-0xffffffffff window]
[    1.070356] iommu: Default domain type: Translated
[    1.070764] iommu: DMA domain TLB invalidation policy: lazy mode
[    1.088797] efivars: Registered efivars operations
[    1.118258] clocksource: Switched to clocksource arch_sys_counter
[    1.134144] VFS: Disk quotas dquot_6.6.0
[    1.135056] VFS: Dquot-cache hash table entries: 512 (order 0, 4096 bytes)
[    1.148259] pnp: PnP ACPI init
[    1.152445] system 00:00: [mem 0x4010000000-0x401fffffff window] could not be reserved
[    1.153633] pnp: PnP ACPI: found 1 devices
[    1.216591] NET: Registered PF_INET protocol family
[    1.219002] IP idents hash table entries: 65536 (order: 7, 524288 bytes, linear)
[    1.301232] tcp_listen_portaddr_hash hash table entries: 2048 (order: 3, 32768 bytes, linear)
[    1.301810] Table-perturb hash table entries: 65536 (order: 6, 262144 bytes, linear)
[    1.302278] TCP established hash table entries: 32768 (order: 6, 262144 bytes, linear)
[    1.303534] TCP bind hash table entries: 32768 (order: 8, 1048576 bytes, linear)
[    1.304306] TCP: Hash tables configured (established 32768 bind 32768)
[    1.310971] MPTCP token hash table entries: 4096 (order: 5, 98304 bytes, linear)
[    1.312566] UDP hash table entries: 2048 (order: 4, 65536 bytes, linear)
[    1.313318] UDP-Lite hash table entries: 2048 (order: 4, 65536 bytes, linear)
[    1.316025] NET: Registered PF_UNIX/PF_LOCAL protocol family
[    1.316913] NET: Registered PF_XDP protocol family
[    1.317580] PCI: CLS 0 bytes, default 64
[    1.326862] kvm [1]: HYP mode not available
[    1.333716] Initialise system trusted keyrings
[    1.339309] workingset: timestamp_bits=44 max_order=20 bucket_order=0
[    1.339868] Unpacking initramfs...
[    1.426355] Key type asymmetric registered
[    1.426964] Asymmetric key parser 'x509' registered
[    1.428354] Block layer SCSI generic (bsg) driver version 0.4 loaded (major 249)
[    1.431243] io scheduler mq-deadline registered
[    1.431699] io scheduler kyber registered
[    1.432581] io scheduler bfq registered
[    1.466859] ACPI: \_SB_.L002: Enabled at IRQ 37
[    1.468117] virtio-pci 0000:00:02.0: enabling device (0000 -> 0003)
[    1.483234] Serial: 8250/16550 driver, 4 ports, IRQ sharing enabled
[    1.515618] hv_vmbus: registering driver hyperv_keyboard
[    1.527113] rtc-efi rtc-efi.0: registered as rtc0
[    1.529061] rtc-efi rtc-efi.0: setting system clock to 2026-08-27T07:36:56 UTC (1787816216)
[    1.535095] NET: Registered PF_INET6 protocol family
[    1.551074] Segment Routing with IPv6
[    1.551614] In-situ OAM (IOAM) with IPv6
[    1.618919] registered taskstats version 1
[    1.626981] Loading compiled-in X.509 certificates
[    1.662135] Freeing initrd memory: 5268K
[    1.980315] Loaded X.509 cert 'alpinelinux.org: Alpine Linux kernel key: 87fa969a47f3e2a6aa35859eb932a17c95abcd82'
[    2.026824] Demotion targets for Node 0: null
[    2.031171] Key type .fscrypt registered
[    2.031581] Key type fscrypt-provisioning registered
[    2.085758] clk: Disabling unused clocks
[    2.086989] PM: genpd: Disabling unused power domains
[    2.184357] Freeing unused kernel memory: 1920K
[    2.187367] Run /init as init process
[    2.417220] Alpine Init 3.11.1-r0
Alpine Init 3.11.1-r0
[    2.426528] Loading boot drivers...
 * Loading boot drivers: [    2.475731] Loading boot drivers: ok.
ok.
SIMBOOT: kernel=6.12.103-0-virt
[    2.545454] Invalid ELF header magic: != ELF
[    2.576490] virtio_blk virtio0: 2/0/0 default/read/poll queues
[    2.597913] virtio_blk virtio0: [vda] 1411072 512-byte logical blocks (722 MB/689 MiB)
[    2.631838] Invalid ELF header magic: != ELF
[    2.648728] Invalid ELF header magic: != ELF
[    2.670933] Invalid ELF header magic: != ELF
[    2.700707] Invalid ELF header magic: != ELF
[    2.764444] Invalid ELF header magic: != ELF
[    2.967819] Invalid ELF header magic: != ELF
[    3.013961] e1000: Intel(R) PRO/1000 Network Driver
[    3.014370] e1000: Copyright (c) 1999-2006 Intel Corporation.
[    3.017124] ACPI: \_SB_.L001: Enabled at IRQ 36
[    3.017978] e1000 0000:00:01.0: enabling device (0000 -> 0003)
[    3.459920] e1000 0000:00:01.0 eth0: (PCI:33MHz:32-bit) 52:54:00:12:34:56
[    3.498439] e1000 0000:00:01.0 eth0: Intel(R) PRO/1000 Network Connection
Module                  Size  Used by    Not tainted
e1000                 163840  0 
ext4                  929792  0 
jbd2                  172032  1 ext4
mbcache                20480  1 ext4
crc32c_generic         12288  0 
crc16                  12288  1 ext4
virtio_blk             24576  0 
[    4.647779] EXT4-fs (vda): mounted filesystem 1799a7eb-09df-4b80-8c57-0424de58e445 r/w with ordered data mode. Quota mode: none.
SIMBOOT: root mounted rw, running real mfp.afx with binder stub
[   16.229392] e1000: eth0 NIC Link is Up 1000 Mbps Full Duplex, Flow Control: RX
MFP_PID=457
[   21.803003] random: crng init done
--- POLL 1: N=11 ---
[Inferior 1 (process 457) detached]
--- POLL 2: N=22 ---
[Inferior 1 (process 457) detached]
--- POLL 3: N=44 ---
[Inferior 1 (process 457) detached]
--- POLL 4: N=62 ---
[Inferior 1 (process 457) detached]
--- BT@POLL4 ---
0x0000ffff85d21ae0 in clock_nanosleep () from /lib64/libc.so.6
[Switching to thread 1 (Thread 0xffff85c5f960 (LWP 457))]
#0  0x0000ffff85d21ae0 in clock_nanosleep () from /lib64/libc.so.6
#0  0x0000ffff85d21ae0 in clock_nanosleep () from /lib64/libc.so.6
#1  0x0000ffff85d3189c in nanosleep () from /lib64/libc.so.6
#2  0x0000ffff85d41174 in sleep () from /lib64/libc.so.6
#3  0x0000ffff86888f08 in parser_ips_ctrl_prolog () at parser_ips/parser_ips_ctrl.c:1454
#4  0x0000ffff868869b0 in print_ips_api_if_prolog () at parser_ips_api.c:47
#5  0x0000000000536c58 in print_parser_if_prolog () at print/print_parser/print_parser_if/print_parser_if.c:2233
#6  0x00000000005f3300 in print_func () at print/print.c:16
#7  0x00000000006a8004 in main () at main/main.c:210
[Inferior 1 (process 457) detached]
--- POLL 5: N=187 ---
POLL: passed print_info_status_init (N=187)
--- ALIVE ---
195
--- LISTEN TCP ---
  sl  local_address rem_address   st tx_queue rx_queue tr tm->when retrnsmt   uid  timeout inode                                                     
   0: 00000000:A0D5 00000000:0000 0A 00000000:00000000 00:00000000 00000000     0        0 96907 1 0000000076c94a43 100 0 0 10 0                     
SIMBOOT_LPD_HEX=A0D5
SIMBOOT_LPD_PORT=41173
--- CMD REG TABLE ---
[New LWP 671]
[New LWP 672]
[New LWP 673]
[New LWP 674]
[New LWP 675]
[New LWP 676]
[New LWP 677]
[New LWP 678]
[New LWP 679]
[New LWP 680]
[New LWP 681]
[New LWP 682]
[New LWP 683]
[New LWP 684]
[New LWP 685]
[New LWP 686]
[New LWP 687]
[New LWP 688]
[New LWP 692]
[New LWP 693]
[New LWP 694]
[New LWP 695]
[New LWP 696]
[New LWP 697]
[New LWP 698]
[New LWP 699]
[New LWP 700]
[New LWP 701]
[New LWP 702]
[New LWP 703]
[New LWP 704]
[New LWP 705]
[New LWP 706]
[New LWP 707]
[Thread debugging using libthread_db enabled]
Using host libthread_db library "/lib64/libthread_db.so.1".
0x0000ffff85d21ae0 in clock_nanosleep () from /lib64/libc.so.6
warning: could not convert '$h' from the host encoding (ANSI_X3.4-1968) to UTF-32.
This normally should not happen, please file a bug report.
0x13c1fd00:	0x0000000013c206b0	0x0000000000910e20
0x13c1fd10:	0x000000000000000d	0x00000000006b7570
0x13c1fd20:	0x0000000000000000	0x0000000000000041
0x13c1fd30:	0x0000000000000000	0x0000000000000000
0x13c1fd40:	0x0000000000000000	0x0000000000000000
0x13c1fd50:	0x0000000000000000	0x0000000000000000
0x13c1fd60:	0x0000000000000000	0x0000000000000041
0x13c1fd70:	0x0000000000000000	0x0000000000000000
0x910e20 <s_reg_list>:	0x0000000013c1fd00	0x0000000013d948e0
0x910e30 <g_copy_func_switch>:	0x0000000100000001	0x0000000100000001
0x910e40 <s_common_status_maps>:	0x0000000030b00002	0x0000000130b00003
0x910e50 <data_array>:	0x0000005000000001	0x000000aa00000051
0x910e60 <data_array+16>:	0x000000ff000000ab	0x000000000085ea40
0x910e70 <char_time+8>:	0x000000000085ea48	0x000000000085ea50
0x910e80 <char_owner>:	0x000000000085ea60	0x000000000085ea70
0x910e90 <char_owner+16>:	0x000000000085ea80	0x000000000085eaa8
0x910ea0 <char_type+8>:	0x000000000085eab0	0x000000000085eab8
0x910eb0 <char_source>:	0x000000000085eac0	0x000000000085eac8
0x910ec0 <char_source+16>:	0x000000000085ead8	0x000000000085eae8
0x910ed0 <char_copy+8>:	0x000000000085eaf0	0x000000000085eaf8
[Inferior 1 (process 457) detached]
--- PORTS ALL ---
local_address st
00000000:A0D5 0A
READY FOR INJECT
--- MID PORTS ---
local_address st
00000000:A0D5 0A
--- MFP LOG SIZE ---
39624551 /tmp/mfp.log
--- MFP LOG RAW tail ---
[2026-08-27 07:41:35.482 ] _wait_for_peer:747 IBC WARN 457:wait failed
[2026-08-27 07:41:35.482 ] _wait_for_peer:747 IBC WARN 457:wait failed
[2026-08-27 07:41:35.482 ] _wait_for_peer:747 IBC WARN 457:wait failed
[2026-08-27 07:41:35.482 ] _wait_for_peer:747 IBC WARN 457:wait failed
[2026-08-27 07:41:35.482 ] _wait_for_peer:747 IBC WARN 457:wait failed
[2026-08-27 07:41:35.482 ] _wait_for_peer:747 IBC WARN 457:wait failed
[2026-08-27 07:41:35.482 ] _wait_for_peer:747 IBC WARN 457:wait failed
[2026-08-27 07:41:35.482 ] _wait_for_peer:747 IBC WARN 457:wait failed
[2026-08-27 07:41:35.482 ] _wait_for_peer:747 IBC WARN 457:wait failed
[2026-08-27 07:41:35.482 ] _wait_for_peer:747 IBC WARN 457:wait failed
[2026-08-27 07:41:35.482 ] _wait_for_peer:747 IBC WARN 457:wait failed
[2026-08-27 07:41:35.482 ] _wait_for_peer:747 IBC WARN 457:wait failed
[2026-08-27 07:41:35.482 ] _wait_for_peer:747 IBC WARN 457:wait failed
[2026-08-27 07:41:35.482 ] _wait_for_peer:747 IBC WARN 457:wait failed
[2026-08-27 07:41:35.483 ] _wait_for_peer:747 IBC WARN 457:wait failed
[2026-08-27 07:41:35.483 ] _wait_for_peer:747 IBC WARN 457:wait failed
[2026-08-27 07:41:35.483 ] _wait_for_peer:747 IBC WARN 457:wait failed
[2026-08-27 07:41:35.483 ] _wait_for_peer:747 IBC WARN 457:wait failed
[2026-08-27 07:41:35.483 ] _wait_for_peer:747 IBC WARN 457:wait failed
[2026-08-27 07:41:35.483 ] _wait_for_peer:747 IBC WARN 457:wait failed
[2026-08-27 07:41:35.483 ] _wait_for_peer:747 IBC WARN 457:wait failed
[2026-08-27 07:41:35.483 ] _wait_for_peer:747 IBC WARN 457:wait failed
[2026-08-27 07:41:35.483 ] _wait_for_peer:747 IBC WARN 457:wait failed
[2026-08-27 07:41:35.483 ] _wait_for_peer:747 IBC WARN 457:wait failed
[2026-08-27 07:41:35.483 ] _wait_for_peer:747 IBC WARN 457:wait failed
[2026-08-27 07:41:35.483 ] _wait_for_peer:747 IBC WARN 457:wait failed
[2026-08-27 07:41:35.483 ] _wait_for_peer:747 IBC WARN 457:wait failed
[2026-08-27 07:41:35.483 ] _wait_for_peer:747 IBC WARN 457:wait failed
[2026-08-27 07:41:35.485 ] _wait_for_peer:747 IBC WARN 457:wait failed
[2026-08-27 07:41:35.485 ] _wait_for_peer:747 IBC WARN 457:wait failed
KEEPING MFP ALIVE (pid 457)
SIMBOOT: mfp run finished, keeping shell
/bin/sh: can't access tty; job control turned off
~ # [6n[  293.258712] hrtimer: interrupt took 22718592 ns
