UEFI firmware (version edk2-stable202408-prebuilt.qemu.org built at 16:28:50 on Sep 12 2024)
ArmTrngLib could not be correctly initialized.
Error: Image at 0013FDB6000 start failed: 00000001
Error: Image at 0013FD6D000 start failed: Not Found
Error: Image at 0013FCBA000 start failed: Unsupported
Error: Image at 0013FB5E000 start failed: Aborted
Tpm2SubmitCommand - Tcg2 - Not Found
Tpm2GetCapabilityPcrs fail!
Tpm2SubmitCommand - Tcg2 - Not Found
Image type X64 can't be loaded on AARCH64 UEFI system.
[2J[01;01H[=3h[2J[01;01H[2J[01;01H[=3h[2J[01;01HEFI stub: Decompressing Linux Kernel...
EFI stub: Loaded initrd from LINUX_EFI_INITRD_MEDIA_GUID device path
EFI stub: Generating empty DTB
EFI stub: Exiting boot services...
[    0.000000] Booting Linux on physical CPU 0x0000000000 [0x414fd0b1]
[    0.000000] Linux version 6.12.103-0-virt (buildozer@build-3-21-aarch64) (gcc (Alpine 14.2.0) 14.2.0, GNU ld (GNU Binutils) 2.43.1) #1-Alpine SMP PREEMPT_DYNAMIC 2026-08-10 14:25:03
[    0.000000] efi: EFI v2.7 by EDK II
[    0.000000] efi: SMBIOS 3.0=0x13fed0000 MEMATTR=0x13e176018 ACPI 2.0=0x13cb43018 INITRD=0x13cb40f18 MEMRESERVE=0x13cb40f98 
[    0.000000] ACPI: Early table checksum verification disabled
[    0.000000] ACPI: RSDP 0x000000013CB43018 000024 (v02 BOCHS )
[    0.000000] ACPI: XSDT 0x000000013CB43F18 000064 (v01 BOCHS  BXPC     00000001      01000013)
[    0.000000] ACPI: FACP 0x000000013CB43B18 000114 (v06 BOCHS  BXPC     00000001 BXPC 00000001)
[    0.000000] ACPI: DSDT 0x000000013CB41018 001506 (v02 BOCHS  BXPC     00000001 BXPC 00000001)
[    0.000000] ACPI: APIC 0x000000013CB43C98 0000FC (v04 BOCHS  BXPC     00000001 BXPC 00000001)
[    0.000000] ACPI: PPTT 0x000000013CB43E18 000074 (v02 BOCHS  BXPC     00000001 BXPC 00000001)
[    0.000000] ACPI: GTDT 0x000000013CB43098 000068 (v03 BOCHS  BXPC     00000001 BXPC 00000001)
[    0.000000] ACPI: MCFG 0x000000013CB43A98 00003C (v01 BOCHS  BXPC     00000001 BXPC 00000001)
[    0.000000] ACPI: SPCR 0x000000013CB43818 000050 (v02 BOCHS  BXPC     00000001 BXPC 00000001)
[    0.000000] ACPI: DBG2 0x000000013CB43A18 000057 (v00 BOCHS  BXPC     00000001 BXPC 00000001)
[    0.000000] ACPI: IORT 0x000000013CB43898 000054 (v05 BOCHS  BXPC     00000001 BXPC 00000001)
[    0.000000] ACPI: SPCR: console: pl011,mmio32,0x9000000,9600
[    0.000000] ACPI: Use ACPI SPCR as default console: Yes
[    0.000000] NUMA: Faking a node at [mem 0x0000000040000000-0x000000013fffffff]
[    0.000000] NODE_DATA(0) allocated [mem 0x13f453b80-0x13f455fff]
[    0.000000] Zone ranges:
[    0.000000]   DMA      [mem 0x0000000040000000-0x00000000ffffffff]
[    0.000000]   DMA32    empty
[    0.000000]   Normal   [mem 0x0000000100000000-0x000000013fffffff]
[    0.000000] Movable zone start for each node
[    0.000000] Early memory node ranges
[    0.000000]   node   0: [mem 0x0000000040000000-0x000000013c76ffff]
[    0.000000]   node   0: [mem 0x000000013c770000-0x000000013cb3ffff]
[    0.000000]   node   0: [mem 0x000000013cb40000-0x000000013fe1ffff]
[    0.000000]   node   0: [mem 0x000000013fe20000-0x000000013feaffff]
[    0.000000]   node   0: [mem 0x000000013feb0000-0x000000013febffff]
[    0.000000]   node   0: [mem 0x000000013fec0000-0x000000013ffdffff]
[    0.000000]   node   0: [mem 0x000000013ffe0000-0x000000013fffffff]
[    0.000000] Initmem setup node 0 [mem 0x0000000040000000-0x000000013fffffff]
[    0.000000] psci: probing for conduit method from ACPI.
[    0.000000] psci: PSCIv1.1 detected in firmware.
[    0.000000] psci: Using standard PSCI v0.2 function IDs
[    0.000000] psci: Trusted OS migration not required
[    0.000000] psci: SMC Calling Convention v1.0
[    0.000000] percpu: Embedded 33 pages/cpu s96984 r8192 d29992 u135168
[    0.000000] Detected PIPT I-cache on CPU0
[    0.000000] CPU features: detected: Spectre-v4
[    0.000000] CPU features: detected: Spectre-BHB
[    0.000000] CPU features: detected: Broken broadcast TLBI completion
[    0.000000] CPU features: detected: SSBS not fully self-synchronizing
[    0.000000] alternatives: applying boot alternatives
[    0.000000] Kernel command line: root=/dev/vda rw console=ttyAMA0 initrd=initrd
[    0.000000] Dentry cache hash table entries: 524288 (order: 10, 4194304 bytes, linear)
[    0.000000] Inode-cache hash table entries: 262144 (order: 9, 2097152 bytes, linear)
[    0.000000] Fallback order for Node 0: 0 
[    0.000000] Built 1 zonelists, mobility grouping on.  Total pages: 1048576
[    0.000000] Policy zone: Normal
[    0.000000] mem auto-init: stack:all(zero), heap alloc:on, heap free:off
[    0.000000] software IO TLB: area num 2.
[    0.000000] software IO TLB: mapped [mem 0x00000000fbfff000-0x00000000fffff000] (64MB)
[    0.000000] SLUB: HWalign=64, Order=0-3, MinObjects=0, CPUs=2, Nodes=1
[    0.000000] Dynamic Preempt: none
[    0.000000] rcu: Preemptible hierarchical RCU implementation.
[    0.000000] rcu: 	RCU restricting CPUs from NR_CPUS=4096 to nr_cpu_ids=2.
[    0.000000] 	Trampoline variant of Tasks RCU enabled.
[    0.000000] 	Tracing variant of Tasks RCU enabled.
[    0.000000] rcu: RCU calculated value of scheduler-enlistment delay is 10 jiffies.
[    0.000000] rcu: Adjusting geometry for rcu_fanout_leaf=16, nr_cpu_ids=2
[    0.000000] RCU Tasks: Setting shift to 1 and lim to 1 rcu_task_cb_adjust=1 rcu_task_cpu_ids=2.
[    0.000000] RCU Tasks Trace: Setting shift to 1 and lim to 1 rcu_task_cb_adjust=1 rcu_task_cpu_ids=2.
[    0.000000] NR_IRQS: 64, nr_irqs: 64, preallocated irqs: 0
[    0.000000] Root IRQ handler: gic_handle_irq
[    0.000000] GICv2m: ACPI overriding V2M MSI_TYPER (base:80, num:64)
[    0.000000] GICv2m: range[mem 0x08020000-0x08020fff], SPI[80:143]
[    0.000000] rcu: srcu_init: Setting srcu_struct sizes based on contention.
[    0.000000] clocksource: jiffies: mask: 0xffffffff max_cycles: 0xffffffff, max_idle_ns: 19112604462750000 ns
[    0.000000] arch_timer: cp15 timer(s) running at 62.50MHz (virt).
[    0.000000] clocksource: arch_sys_counter: mask: 0x1ffffffffffffff max_cycles: 0x1cd42e208c, max_idle_ns: 881590405314 ns
[    0.000157] sched_clock: 57 bits at 63MHz, resolution 16ns, wraps every 4398046511096ns
[    0.012472] kfence: initialized - using 2097152 bytes for 255 objects at 0x(____ptrval____)-0x(____ptrval____)
[    0.034150] Console: colour dummy device 80x25
[    0.045107] ACPI: Core revision 20240827
[    0.057810] Calibrating delay loop (skipped), value calculated using timer frequency.. 125.00 BogoMIPS (lpj=625000)
[    0.058174] pid_max: default: 32768 minimum: 301
[    0.071438] LSM: initializing lsm=lockdown,capability,landlock
[    0.086713] landlock: Up and running.
[    0.095986] Mount-cache hash table entries: 8192 (order: 4, 65536 bytes, linear)
[    0.096187] Mountpoint-cache hash table entries: 8192 (order: 4, 65536 bytes, linear)
[    0.250528] rcu: Hierarchical SRCU implementation.
[    0.250680] rcu: 	Max phase no-delay instances is 1000.
[    0.262979] Timer migration: 1 hierarchy levels; 8 children per group; 1 crossnode level
[    0.278306] Remapping and enabling EFI services.
[    0.291161] smp: Bringing up secondary CPUs ...
[    0.303208] Detected PIPT I-cache on CPU1
[    0.307231] CPU1: Booted secondary processor 0x0000000001 [0x414fd0b1]
[    0.320389] smp: Brought up 1 node, 2 CPUs
[    0.320500] SMP: Total of 2 processors activated.
[    0.320577] CPU: All CPU(s) started at EL1
[    0.322428] CPU features: detected: 32-bit EL0 Support
[    0.322694] CPU features: detected: Data cache clean to the PoU not required for I/D coherence
[    0.322864] CPU features: detected: Common not Private translations
[    0.322881] CPU features: detected: CRC32 instructions
[    0.323255] CPU features: detected: RCpc load-acquire (LDAPR)
[    0.323330] CPU features: detected: LSE atomic instructions
[    0.323342] CPU features: detected: Privileged Access Never
[    0.323350] CPU features: detected: RAS Extension Support
[    0.323433] CPU features: detected: Speculative Store Bypassing Safe (SSBS)
[    0.380690] alternatives: applying system-wide alternatives
[    0.411136] CPU features: detected: Hardware dirty bit management on CPU0-1
[    0.484360] Memory: 3995976K/4194304K available (12608K kernel code, 1950K rwdata, 7812K rodata, 1920K init, 9305K bss, 193644K reserved, 0K cma-reserved)
[    0.561998] devtmpfs: initialized
[    0.618997] futex hash table entries: 512 (order: 3, 32768 bytes, linear)
[    0.621702] 24304 pages in range for non-PLT usage
[    0.621899] 515824 pages in range for PLT usage
[    0.630434] pinctrl core: initialized pinctrl subsystem
[    0.649588] SMBIOS 3.0.0 present.
[    0.651232] DMI: QEMU QEMU Virtual Machine, BIOS edk2-stable202408-prebuilt.qemu.org 08/13/2024
[    0.659988] DMI: Memory slots populated: 1/1
[    0.709710] NET: Registered PF_NETLINK/PF_ROUTE protocol family
[    0.724339] DMA: preallocated 512 KiB GFP_KERNEL pool for atomic allocations
[    0.726489] DMA: preallocated 512 KiB GFP_KERNEL|GFP_DMA pool for atomic allocations
[    0.728073] DMA: preallocated 512 KiB GFP_KERNEL|GFP_DMA32 pool for atomic allocations
[    0.729251] audit: initializing netlink subsys (disabled)
[    0.734961] audit: type=2000 audit(0.580:1): state=initialized audit_enabled=0 res=1
[    0.745290] thermal_sys: Registered thermal governor 'step_wise'
[    0.748996] cpuidle: using governor ladder
[    0.749611] cpuidle: using governor menu
[    0.753732] hw-breakpoint: found 6 breakpoint and 4 watchpoint registers.
[    0.757283] ASID allocator initialised with 65536 entries
[    0.758554] acpiphp: ACPI Hot Plug PCI Controller Driver version: 0.5
[    0.762298] Serial: AMBA PL011 UART driver
[    0.796119] HugeTLB: registered 1.00 GiB page size, pre-allocated 0 pages
[    0.796179] HugeTLB: 0 KiB vmemmap can be freed for a 1.00 GiB page
[    0.796204] HugeTLB: registered 32.0 MiB page size, pre-allocated 0 pages
[    0.796213] HugeTLB: 0 KiB vmemmap can be freed for a 32.0 MiB page
[    0.796224] HugeTLB: registered 2.00 MiB page size, pre-allocated 0 pages
[    0.796232] HugeTLB: 0 KiB vmemmap can be freed for a 2.00 MiB page
[    0.796243] HugeTLB: registered 64.0 KiB page size, pre-allocated 0 pages
[    0.796251] HugeTLB: 0 KiB vmemmap can be freed for a 64.0 KiB page
[    0.842875] ACPI: Added _OSI(Module Device)
[    0.842977] ACPI: Added _OSI(Processor Device)
[    0.842993] ACPI: Added _OSI(Processor Aggregator Device)
[    0.881522] ACPI: 1 ACPI AML tables successfully acquired and loaded
[    0.928693] ACPI: Interpreter enabled
[    0.928778] ACPI: Using GIC for interrupt routing
[    0.930234] ACPI: MCFG table detected, 1 entries
[    1.010366] ACPI: CPU0 has been hot-added
[    1.012287] ACPI: CPU1 has been hot-added
[    1.063546] ARMH0011:00: ttyAMA0 at MMIO 0x9000000 (irq = 12, base_baud = 0) is a SBSA
[    1.066062] printk: legacy console [ttyAMA0] enabled
[    1.245519] ACPI: PCI: Interrupt link L000 configured for IRQ 35
[    1.246411] ACPI: PCI: Interrupt link L001 configured for IRQ 36
[    1.247228] ACPI: PCI: Interrupt link L002 configured for IRQ 37
[    1.247687] ACPI: PCI: Interrupt link L003 configured for IRQ 38
[    1.248854] ACPI: PCI Root Bridge [PCI0] (domain 0000 [bus 00-ff])
[    1.252963] acpi PNP0A08:00: _OSC: OS supports [ExtendedConfig ASPM ClockPM Segments MSI HPX-Type3]
[    1.270283] acpi PNP0A08:00: _OSC: platform does not support [LTR]
[    1.275895] acpi PNP0A08:00: _OSC: OS now controls [PCIeHotplug PME PCIeCapability]
[    1.281838] acpi PNP0A08:00: ECAM area [mem 0x4010000000-0x401fffffff] reserved by PNP0C02:00
[    1.283278] acpi PNP0A08:00: ECAM at [mem 0x4010000000-0x401fffffff] for [bus 00-ff]
[    1.285278] ACPI: Remapped I/O 0x000000003eff0000 to [io  0x0000-0xffff window]
[    1.296817] PCI host bridge to bus 0000:00
[    1.298231] pci_bus 0000:00: root bus resource [mem 0x10000000-0x3efeffff window]
[    1.298721] pci_bus 0000:00: root bus resource [io  0x0000-0xffff window]
[    1.299060] pci_bus 0000:00: root bus resource [mem 0x8000000000-0xffffffffff window]
[    1.299745] pci_bus 0000:00: root bus resource [bus 00-ff]
[    1.307115] pci 0000:00:00.0: [1b36:0008] type 00 class 0x060000 conventional PCI endpoint
[    1.319523] pci 0000:00:01.0: [8086:100e] type 00 class 0x020000 conventional PCI endpoint
[    1.322298] pci 0000:00:01.0: BAR 0 [mem 0x10040000-0x1005ffff]
[    1.323103] pci 0000:00:01.0: BAR 1 [io  0x0080-0x00bf]
[    1.324061] pci 0000:00:01.0: ROM [mem 0xfffc0000-0xffffffff pref]
[    1.326723] pci 0000:00:02.0: [1af4:1001] type 00 class 0x010000 conventional PCI endpoint
[    1.327352] pci 0000:00:02.0: BAR 0 [io  0x0000-0x007f]
[    1.327671] pci 0000:00:02.0: BAR 1 [mem 0x10060000-0x10060fff]
[    1.328120] pci 0000:00:02.0: BAR 4 [mem 0x8000000000-0x8000003fff 64bit pref]
[    1.333512] pci 0000:00:01.0: ROM [mem 0x10000000-0x1003ffff pref]: assigned
[    1.334475] pci 0000:00:01.0: BAR 0 [mem 0x10040000-0x1005ffff]: assigned
[    1.336300] pci 0000:00:02.0: BAR 4 [mem 0x8000000000-0x8000003fff 64bit pref]: assigned
[    1.337060] pci 0000:00:02.0: BAR 1 [mem 0x10060000-0x10060fff]: assigned
[    1.338954] pci 0000:00:02.0: BAR 0 [io  0x1000-0x107f]: assigned
[    1.339584] pci 0000:00:01.0: BAR 1 [io  0x1080-0x10bf]: assigned
[    1.340748] pci_bus 0000:00: resource 4 [mem 0x10000000-0x3efeffff window]
[    1.341249] pci_bus 0000:00: resource 5 [io  0x0000-0xffff window]
[    1.341615] pci_bus 0000:00: resource 6 [mem 0x8000000000-0xffffffffff window]
[    1.352317] iommu: Default domain type: Translated
[    1.352783] iommu: DMA domain TLB invalidation policy: lazy mode
[    1.379396] efivars: Registered efivars operations
[    1.427099] clocksource: Switched to clocksource arch_sys_counter
[    1.449262] VFS: Disk quotas dquot_6.6.0
[    1.450188] VFS: Dquot-cache hash table entries: 512 (order 0, 4096 bytes)
[    1.462713] pnp: PnP ACPI init
[    1.469220] system 00:00: [mem 0x4010000000-0x401fffffff window] could not be reserved
[    1.470625] pnp: PnP ACPI: found 1 devices
[    1.578312] NET: Registered PF_INET protocol family
[    1.582123] IP idents hash table entries: 65536 (order: 7, 524288 bytes, linear)
[    1.712711] tcp_listen_portaddr_hash hash table entries: 2048 (order: 3, 32768 bytes, linear)
[    1.713726] Table-perturb hash table entries: 65536 (order: 6, 262144 bytes, linear)
[    1.714621] TCP established hash table entries: 32768 (order: 6, 262144 bytes, linear)
[    1.717431] TCP bind hash table entries: 32768 (order: 8, 1048576 bytes, linear)
[    1.719210] TCP: Hash tables configured (established 32768 bind 32768)
[    1.729063] MPTCP token hash table entries: 4096 (order: 5, 98304 bytes, linear)
[    1.730762] UDP hash table entries: 2048 (order: 4, 65536 bytes, linear)
[    1.731884] UDP-Lite hash table entries: 2048 (order: 4, 65536 bytes, linear)
[    1.736470] NET: Registered PF_UNIX/PF_LOCAL protocol family
[    1.740255] NET: Registered PF_XDP protocol family
[    1.741642] PCI: CLS 0 bytes, default 64
[    1.748206] kvm [1]: HYP mode not available
[    1.760356] Initialise system trusted keyrings
[    1.765476] Unpacking initramfs...
[    1.768870] workingset: timestamp_bits=44 max_order=20 bucket_order=0
[    1.906000] Key type asymmetric registered
[    1.906817] Asymmetric key parser 'x509' registered
[    1.909798] Block layer SCSI generic (bsg) driver version 0.4 loaded (major 249)
[    1.917853] io scheduler mq-deadline registered
[    1.918462] io scheduler kyber registered
[    1.919483] io scheduler bfq registered
[    2.008258] ACPI: \_SB_.L002: Enabled at IRQ 37
[    2.010425] virtio-pci 0000:00:02.0: enabling device (0000 -> 0003)
[    2.028380] Serial: 8250/16550 driver, 4 ports, IRQ sharing enabled
[    2.064174] hv_vmbus: registering driver hyperv_keyboard
[    2.083167] rtc-efi rtc-efi.0: registered as rtc0
[    2.085879] rtc-efi rtc-efi.0: setting system clock to 2026-09-03T01:56:26 UTC (1788400586)
[    2.094827] NET: Registered PF_INET6 protocol family
[    2.143305] Segment Routing with IPv6
[    2.144182] In-situ OAM (IOAM) with IPv6
[    2.242183] registered taskstats version 1
[    2.248366] Loading compiled-in X.509 certificates
[    2.275054] Freeing initrd memory: 5268K
[    2.586917] Loaded X.509 cert 'alpinelinux.org: Alpine Linux kernel key: 87fa969a47f3e2a6aa35859eb932a17c95abcd82'
[    2.631692] Demotion targets for Node 0: null
[    2.635766] Key type .fscrypt registered
[    2.636523] Key type fscrypt-provisioning registered
[    2.697158] clk: Disabling unused clocks
[    2.698477] PM: genpd: Disabling unused power domains
[    2.813295] Freeing unused kernel memory: 1920K
[    2.817956] Run /init as init process
[    3.348603] Alpine Init 3.11.1-r0
Alpine Init 3.11.1-r0
[    3.365125] Loading boot drivers...
 * Loading boot drivers: [    3.456349] Loading boot drivers: ok.
ok.
SIMBOOT: kernel=6.12.103-0-virt
[    3.578437] Invalid ELF header magic: != ELF
[    3.632975] virtio_blk virtio0: 2/0/0 default/read/poll queues
[    3.670577] virtio_blk virtio0: [vda] 1411072 512-byte logical blocks (722 MB/689 MiB)
[    3.731016] Invalid ELF header magic: != ELF
[    3.769458] Invalid ELF header magic: != ELF
[    3.802076] Invalid ELF header magic: != ELF
[    3.843691] Invalid ELF header magic: != ELF
[    3.951170] Invalid ELF header magic: != ELF
[    4.291662] Invalid ELF header magic: != ELF
[    4.360060] e1000: Intel(R) PRO/1000 Network Driver
[    4.360526] e1000: Copyright (c) 1999-2006 Intel Corporation.
[    4.363414] ACPI: \_SB_.L001: Enabled at IRQ 36
[    4.364321] e1000 0000:00:01.0: enabling device (0000 -> 0003)
[    4.744846] e1000 0000:00:01.0 eth0: (PCI:33MHz:32-bit) 52:54:00:12:34:56
[    4.751733] e1000 0000:00:01.0 eth0: Intel(R) PRO/1000 Network Connection
Module                  Size  Used by    Not tainted
e1000                 163840  0 
ext4                  929792  0 
jbd2                  172032  1 ext4
mbcache                20480  1 ext4
crc32c_generic         12288  0 
crc16                  12288  1 ext4
virtio_blk             24576  0 
[    6.081350] EXT4-fs (vda): mounted filesystem 1799a7eb-09df-4b80-8c57-0424de58e445 r/w with ordered data mode. Quota mode: none.
SIMBOOT: root mounted rw, running real mfp.afx with binder stub
[   23.501022] e1000: eth0 NIC Link is Up 1000 Mbps Full Duplex, Flow Control: RX
=== VHAL: fetch toolchain ===
VHAL_WGET_TC_RC=0
-rw-r--r-- 1 root root 239206400 Sep  3 01:57 /tmp/musl-native.tar
VHAL_WGET_SRC_RC=0
-rw-r--r-- 1 root root 13902 Sep  3 01:57 /tmp/virtual_hal.c
=== VHAL: extract ===
VHAL_TAR_RC=0
-rwxr-xr-x 3 1000 1000 1428240 Nov 22  2021 /tmp/aarch64-linux-musl-native/bin/aarch64-linux-musl-gcc
=== VHAL: compile ===
VHAL_GCC_RC=0
-rwxr-xr-x 1 root root 17056 Sep  3 01:58 /lib/virtual_hal.so
=== VHAL: done ===
MFP_PID=470
[  137.006337] random: crng init done
[  152.470352] hrtimer: interrupt took 144381200 ns
--- POLL 1: N=11 ---
POLL: early init (N=11), wait before gdb patch
--- POLL 2: N=11 ---
POLL: early init (N=11), wait before gdb patch
--- POLL 3: N=11 ---
POLL: early init (N=11), wait before gdb patch
--- POLL 4: N=11 ---
POLL: early init (N=11), wait before gdb patch
--- POLL 5: N=11 ---
POLL: early init (N=11), wait before gdb patch
--- POLL 6: N=22 ---
POLL: early init (N=22), wait before gdb patch
--- POLL 7: N=44 ---
[Thread debugging using libthread_db enabled]
Using host libthread_db library "/lib64/libthread_db.so.1".
0x0000ffffa0521ae0 in clock_nanosleep () from /lib64/libc.so.6
B4: 5c=0 7c=0 80=0 82=0
AF: 5c=1 7c=1 80=1 82=1
[Inferior 1 (process 470) detached]
--- POLL 8: N=128 ---
POLL: passed print_info_status_init (N=128)
--- ALIVE ---
136
--- LISTEN TCP ---
  sl  local_address rem_address   st tx_queue rx_queue tr tm->when retrnsmt   uid  timeout inode                                                     
   0: 00000000:AA33 00000000:0000 0A 00000000:00000000 00:00000000 00000000     0        0 45381 1 0000000099c7c9cc 100 0 0 10 0                     
SIMBOOT_LPD_HEX=AA33
SIMBOOT_LPD_PORT=43571
--- HALD LOG ---
2147483648 hal_daemon process plog lib init 
--- PLOGD LOG ---
--- CMD REG TABLE ---
[New LWP 684]
[New LWP 685]
[New LWP 686]
[New LWP 687]
[New LWP 688]
[New LWP 689]
[New LWP 690]
[New LWP 691]
[New LWP 692]
[New LWP 693]
[New LWP 694]
[New LWP 695]
[New LWP 696]
[New LWP 697]
[New LWP 698]
[New LWP 699]
[New LWP 700]
[New LWP 701]
[New LWP 702]
[New LWP 703]
[New LWP 704]
[New LWP 705]
[New LWP 706]
[New LWP 707]
[Thread debugging using libthread_db enabled]
Using host libthread_db library "/lib64/libthread_db.so.1".
0x0000ffffa0521ae0 in clock_nanosleep () from /lib64/libc.so.6
warning: could not convert '$h' from the host encoding (ANSI_X3.4-1968) to UTF-32.
This normally should not happen, please file a bug report.
node=0x27186d00 cmd=0xd cb=0x6b7570 arg=(nil)
node=0x27186130 cmd=0x7 cb=0x6974e4 arg=(nil)
node=0x27190e00 cmd=0xa cb=0x74fbcc arg=(nil)
node=0x27190e30 cmd=0xe cb=0x74fb0c arg=(nil)
node=0x27192e90 cmd=0 cb=0x73b71c arg=(nil)
node=0x271932a0 cmd=0xc cb=0x6b8588 arg=(nil)
node=0x271933e0 cmd=0x6 cb=0x6cc6f8 arg=(nil)
node=0x27195860 cmd=0x11 cb=0x6a77cc arg=(nil)
node=0x271ba000 cmd=0xf cb=0x4b01f0 arg=(nil)
node=0x271ba030 cmd=0x2 cb=0x4b03a8 arg=(nil)
node=0x27263a70 cmd=0x3 cb=0x70aba0 arg=(nil)
node=0x2728d9e0 cmd=0x1 cb=0x722310 arg=(nil)
node=0x272a1be0 cmd=0xb cb=0x678d20 arg=0x2728dc50
node=0x272a1c10 cmd=0x10 cb=0x679120 arg=0x2728dc50
node=0x272f85d0 cmd=0x4 cb=0x74105c arg=(nil)
node=0x910e20 cmd=0x1 cb=0x100000001 arg=0x30b00002
node=0x27186d00 cmd=0xd cb=0x6b7570 arg=(nil)
node=0x27186130 cmd=0x7 cb=0x6974e4 arg=(nil)
node=0x27190e00 cmd=0xa cb=0x74fbcc arg=(nil)
node=0x27190e30 cmd=0xe cb=0x74fb0c arg=(nil)
node=0x27192e90 cmd=0 cb=0x73b71c arg=(nil)
node=0x271932a0 cmd=0xc cb=0x6b8588 arg=(nil)
node=0x271933e0 cmd=0x6 cb=0x6cc6f8 arg=(nil)
node=0x27195860 cmd=0x11 cb=0x6a77cc arg=(nil)
node=0x271ba000 cmd=0xf cb=0x4b01f0 arg=(nil)
node=0x271ba030 cmd=0x2 cb=0x4b03a8 arg=(nil)
node=0x27263a70 cmd=0x3 cb=0x70aba0 arg=(nil)
node=0x2728d9e0 cmd=0x1 cb=0x722310 arg=(nil)
node=0x272a1be0 cmd=0xb cb=0x678d20 arg=0x2728dc50
node=0x272a1c10 cmd=0x10 cb=0x679120 arg=0x2728dc50
node=0x272f85d0 cmd=0x4 cb=0x74105c arg=(nil)
node=0x910e20 cmd=0x1 cb=0x100000001 arg=0x30b00002
node=0x27186d00 cmd=0xd cb=0x6b7570 arg=(nil)
node=0x27186130 cmd=0x7 cb=0x6974e4 arg=(nil)
node=0x27190e00 cmd=0xa cb=0x74fbcc arg=(nil)
node=0x27190e30 cmd=0xe cb=0x74fb0c arg=(nil)
node=0x27192e90 cmd=0 cb=0x73b71c arg=(nil)
node=0x271932a0 cmd=0xc cb=0x6b8588 arg=(nil)
node=0x271933e0 cmd=0x6 cb=0x6cc6f8 arg=(nil)
node=0x27195860 cmd=0x11 cb=0x6a77cc arg=(nil)
node=0x271ba000 cmd=0xf cb=0x4b01f0 arg=(nil)
node=0x271ba030 cmd=0x2 cb=0x4b03a8 arg=(nil)
node=0x27263a70 cmd=0x3 cb=0x70aba0 arg=(nil)
node=0x2728d9e0 cmd=0x1 cb=0x722310 arg=(nil)
node=0x272a1be0 cmd=0xb cb=0x678d20 arg=0x2728dc50
node=0x272a1c10 cmd=0x10 cb=0x679120 arg=0x2728dc50
node=0x272f85d0 cmd=0x4 cb=0x74105c arg=(nil)
node=0x910e20 cmd=0x1 cb=0x100000001 arg=0x30b00002
node=0x27186d00 cmd=0xd cb=0x6b7570 arg=(nil)
node=0x27186130 cmd=0x7 cb=0x6974e4 arg=(nil)
node=0x27190e00 cmd=0xa cb=0x74fbcc arg=(nil)
node=0x27190e30 cmd=0xe cb=0x74fb0c arg=(nil)
node=0x27192e90 cmd=0 cb=0x73b71c arg=(nil)
node=0x271932a0 cmd=0xc cb=0x6b8588 arg=(nil)
node=0x271933e0 cmd=0x6 cb=0x6cc6f8 arg=(nil)
node=0x27195860 cmd=0x11 cb=0x6a77cc arg=(nil)
node=0x271ba000 cmd=0xf cb=0x4b01f0 arg=(nil)
node=0x271ba030 cmd=0x2 cb=0x4b03a8 arg=(nil)
node=0x27263a70 cmd=0x3 cb=0x70aba0 arg=(nil)
node=0x2728d9e0 cmd=0x1 cb=0x722310 arg=(nil)
[Inferior 1 (process 470) detached]
--- PORTS ALL ---
local_address st
00000000:AA33 0A
TRACE GDB STARTED
READY FOR INJECT
--- MID PORTS ---
local_address st
00000000:AA33 0A
0F02000A:AA33 08
--- GDB TRACE ---
[New LWP 690]
[New LWP 691]
[New LWP 692]
[New LWP 693]
[New LWP 694]
[New LWP 695]
[New LWP 696]
[New LWP 697]
[New LWP 698]
[New LWP 699]
[New LWP 700]
[New LWP 701]
[New LWP 702]
[New LWP 703]
[New LWP 704]
[New LWP 705]
[New LWP 706]
[New LWP 707]
[Thread debugging using libthread_db enabled]
Using host libthread_db library "/lib64/libthread_db.so.1".
0x0000ffffa0521ae0 in clock_nanosleep () from /lib64/libc.so.6
Breakpoint 1 at 0x74c960: file pedk_manager/pedk_mgr.c, line 357.
Breakpoint 2 at 0x74c38c: file pedk_manager/pedk_mgr.c, line 205.
Breakpoint 3 at 0x6b7570: file system_manager/job_pedkapi.c, line 591.
Breakpoint 4 at 0x6b6adc: file system_manager/job_pedkapi.c, line 272.
Breakpoint 5 at 0x6b6b64: file system_manager/job_pedkapi.c, line 300.
Breakpoint 6 at 0x6b7060: file system_manager/job_pedkapi.c, line 449.
Breakpoint 7 at 0x6b740c: file system_manager/job_pedkapi.c, line 551.
Breakpoint 8 at 0x6b7500: file system_manager/job_pedkapi.c, line 578.
Breakpoint 9 at 0x6b7158: file system_manager/job_pedkapi.c, line 476.
--- MFP LOG SIZE ---
16326643 /tmp/mfp.log
--- MFP LOG RAW tail ---
--- VHAL LOG ---
42349 /tmp/vhal.log
[vhal] gpio_get id=: 0x00000087
 -> : 0x00000000
[vhal] gpio_get id=: 0x00000087
 -> : 0x00000000
[vhal] gpio_get id=: 0x00000087
 -> : 0x00000000
[vhal] gpio_get id=: 0x00000087
 -> : 0x00000000
[vhal] gpio_get id=: 0x00000087
 -> : 0x00000000
[vhal] gpio_get id=: 0x00000087
 -> : 0x00000000
[vhal] gpio_get id=: 0x00000087
 -> : 0x00000000
[vhal] gpio_get id=: 0x00000087
 -> : 0x00000000
[vhal] gpio_get id=: 0x00000087
 -> : 0x00000000
[vhal] gpio_get id=: 0x00000087
 -> : 0x00000000
[vhal] gpio_get id=: 0x00000087
 -> : 0x00000000
[vhal] gpio_get id=: 0x00000087
 -> : 0x00000000
[vhal] gpio_get id=: 0x00000087
 -> : 0x00000000
[vhal] gpio_get id=: 0x00000087
 -> : 0x00000000
[vhal] gpio_get id=: 0x00000087
 -> : 0x00000000
[vhal] gpio_get id=: 0x00000087
 -> : 0x00000000
[vhal] gpio_get id=: 0x00000087
 -> : 0x00000000
[vhal] gpio_get id=: 0x00000087
 -> : 0x00000000
[vhal] gpio_get id=: 0x00000087
 -> : 0x00000000
[vhal] gpio_get id=: 0x00000087
 -> : 0x00000000
[vhal] gpio_get id=: 0x00000087
 -> : 0x00000000
[vhal] gpio_get id=: 0x00000087
 -> : 0x00000000
[vhal] gpio_get id=: 0x00000087
 -> : 0x00000000
[vhal] gpio_get id=: 0x00000087
 -> : 0x00000000
[vhal] gpio_get id=: 0x00000087
 -> : 0x00000000
[vhal] gpio_get id=: 0x00000087
 -> : 0x00000000
[vhal] gpio_get id=: 0x00000087
 -> : 0x00000000
[vhal] gpio_get id=: 0x00000087
 -> : 0x00000000
[vhal] gpio_get id=: 0x00000087
 -> : 0x00000000
[vhal] gpio_get id=: 0x00000087
 -> : 0x00000000
[vhal] gpio_get id=: 0x00000087
 -> : 0x00000000
[vhal] gpio_get id=: 0x00000087
 -> : 0x00000000
[vhal] gpio_get id=: 0x00000087
 -> : 0x00000000
[vhal] gpio_get id=: 0x00000087
 -> : 0x00000000
[vhal] gpio_get id=: 0x00000087
 -> : 0x00000000
[vhal] gpio_get id=: 0x00000087
 -> : 0x00000000
[vhal] gpio_get id=: 0x00000087
 -> : 0x00000000
[vhal] gpio_get id=: 0x00000087
 -> : 0x00000000
[vhal] gpio_get id=: 0x00000087
 -> : 0x00000000
[vhal] gpio_get id=: 0x00000087
 -> : 0x00000000
[vhal] gpio_get id=: 0x00000087
 -> : 0x00000000
[vhal] gpio_get id=: 0x00000087
 -> : 0x00000000
[vhal] gpio_get id=: 0x00000087
 -> : 0x00000000
[vhal] gpio_get id=: 0x00000087
 -> : 0x00000000
[vhal] gpio_get id=: 0x00000087
 -> : 0x00000000
[vhal] gpio_get id=: 0x00000087
 -> : 0x00000000
[vhal] gpio_get id=: 0x00000087
 -> : 0x00000000
[vhal] gpio_get id=: 0x00000087
 -> : 0x00000000
[vhal] gpio_get id=: 0x00000087
 -> : 0x00000000
[vhal] gpio_get id=: 0x00000087
 -> : 0x00000000
[vhal] gpio_get id=: 0x00000087
 -> : 0x00000000
[vhal] gpio_get id=: 0x00000087
 -> : 0x00000000
[vhal] gpio_get id=: 0x00000087
 -> : 0x00000000
[vhal] gpio_get id=: 0x00000087
 -> : 0x00000000
[vhal] gpio_get id=: 0x00000087
 -> : 0x00000000
[vhal] gpio_get id=: 0x00000087
 -> : 0x00000000
[vhal] gpio_get id=: 0x00000087
 -> : 0x00000000
[vhal] gpio_get id=: 0x00000087
 -> : 0x00000000
[vhal] gpio_get id=: 0x00000087
 -> : 0x00000000
[vhal] gpio_get id=: 0x00000087
 -> : 0x00000000
[vhal] gpio_get id=: 0x00000087
 -> : 0x00000000
[vhal] gpio_get id=: 0x00000087
 -> : 0x00000000
[vhal] gpio_get id=: 0x00000087
 -> : 0x00000000
[vhal] gpio_get id=: 0x00000087
 -> : 0x00000000
[vhal] gpio_get id=: 0x00000087
 -> : 0x00000000
[vhal] gpio_get id=: 0x00000087
 -> : 0x00000000
[vhal] gpio_get id=: 0x00000087
 -> : 0x00000000
[vhal] gpio_get id=: 0x00000087
 -> : 0x00000000
[vhal] gpio_get id=: 0x00000087
 -> : 0x00000000
[vhal] gpio_get id=: 0x00000087
 -> : 0x00000000
[vhal] gpio_get id=: 0x00000087
 -> : 0x00000000
[vhal] gpio_get id=: 0x00000087
 -> : 0x00000000
[vhal] gpio_get id=: 0x00000087
 -> : 0x00000000
[vhal] gpio_get id=: 0x00000087
 -> : 0x00000000
[vhal] gpio_get id=: 0x00000087
 -> : 0x00000000
--- VHAL UPLOAD ---
VHAL_UPLOAD_RC=0
KEEPING MFP ALIVE (pid 470)
SIMBOOT: mfp run finished, keeping shell
/bin/sh: can't access tty; job control turned off
~ # [6n