UEFI firmware (version edk2-stable202408-prebuilt.qemu.org built at 16:28:50 on Sep 12 2024)
ArmTrngLib could not be correctly initialized.
Error: Image at 000BFDB6000 start failed: 00000001
Error: Image at 000BFD6D000 start failed: Not Found
Error: Image at 000BFCBA000 start failed: Unsupported
Error: Image at 000BFB5E000 start failed: Aborted
Tpm2SubmitCommand - Tcg2 - Not Found
Tpm2GetCapabilityPcrs fail!
Tpm2SubmitCommand - Tcg2 - Not Found
[2J[01;01H[=3h[2J[01;01H[2J[01;01H[=3h[2J[01;01HEFI stub: Decompressing Linux Kernel...
EFI stub: Loaded initrd from LINUX_EFI_INITRD_MEDIA_GUID device path
EFI stub: Generating empty DTB
EFI stub: Exiting boot services...
[    0.000000] Booting Linux on physical CPU 0x0000000000 [0x414fd0b1]
[    0.000000] Linux version 6.12.103-0-virt (buildozer@build-3-21-aarch64) (gcc (Alpine 14.2.0) 14.2.0, GNU ld (GNU Binutils) 2.43.1) #1-Alpine SMP PREEMPT_DYNAMIC 2026-08-10 14:25:03
[    0.000000] efi: EFI v2.7 by EDK II
[    0.000000] efi: SMBIOS 3.0=0xbfed0000 MEMATTR=0xbe1b3018 ACPI 2.0=0xbcb43018 INITRD=0xbcb40f18 MEMRESERVE=0xbcb40f98 
[    0.000000] ACPI: Early table checksum verification disabled
[    0.000000] ACPI: RSDP 0x00000000BCB43018 000024 (v02 BOCHS )
[    0.000000] ACPI: XSDT 0x00000000BCB43F18 000064 (v01 BOCHS  BXPC     00000001      01000013)
[    0.000000] ACPI: FACP 0x00000000BCB43B18 000114 (v06 BOCHS  BXPC     00000001 BXPC 00000001)
[    0.000000] ACPI: DSDT 0x00000000BCB41018 0014F5 (v02 BOCHS  BXPC     00000001 BXPC 00000001)
[    0.000000] ACPI: APIC 0x00000000BCB43C98 0000FC (v04 BOCHS  BXPC     00000001 BXPC 00000001)
[    0.000000] ACPI: PPTT 0x00000000BCB43E18 000074 (v02 BOCHS  BXPC     00000001 BXPC 00000001)
[    0.000000] ACPI: GTDT 0x00000000BCB43098 000068 (v03 BOCHS  BXPC     00000001 BXPC 00000001)
[    0.000000] ACPI: MCFG 0x00000000BCB43A98 00003C (v01 BOCHS  BXPC     00000001 BXPC 00000001)
[    0.000000] ACPI: SPCR 0x00000000BCB43818 000050 (v02 BOCHS  BXPC     00000001 BXPC 00000001)
[    0.000000] ACPI: DBG2 0x00000000BCB43A18 000057 (v00 BOCHS  BXPC     00000001 BXPC 00000001)
[    0.000000] ACPI: IORT 0x00000000BCB43898 000054 (v05 BOCHS  BXPC     00000001 BXPC 00000001)
[    0.000000] ACPI: SPCR: console: pl011,mmio32,0x9000000,9600
[    0.000000] ACPI: Use ACPI SPCR as default console: Yes
[    0.000000] NUMA: Faking a node at [mem 0x0000000040000000-0x00000000bfffffff]
[    0.000000] NODE_DATA(0) allocated [mem 0xbf855b80-0xbf857fff]
[    0.000000] Zone ranges:
[    0.000000]   DMA      [mem 0x0000000040000000-0x00000000bfffffff]
[    0.000000]   DMA32    empty
[    0.000000]   Normal   empty
[    0.000000] Movable zone start for each node
[    0.000000] Early memory node ranges
[    0.000000]   node   0: [mem 0x0000000040000000-0x00000000bc76ffff]
[    0.000000]   node   0: [mem 0x00000000bc770000-0x00000000bcb3ffff]
[    0.000000]   node   0: [mem 0x00000000bcb40000-0x00000000bfe1ffff]
[    0.000000]   node   0: [mem 0x00000000bfe20000-0x00000000bfeaffff]
[    0.000000]   node   0: [mem 0x00000000bfeb0000-0x00000000bfebffff]
[    0.000000]   node   0: [mem 0x00000000bfec0000-0x00000000bffdffff]
[    0.000000]   node   0: [mem 0x00000000bffe0000-0x00000000bfffffff]
[    0.000000] Initmem setup node 0 [mem 0x0000000040000000-0x00000000bfffffff]
[    0.000000] psci: probing for conduit method from ACPI.
[    0.000000] psci: PSCIv1.1 detected in firmware.
[    0.000000] psci: Using standard PSCI v0.2 function IDs
[    0.000000] psci: Trusted OS migration not required
[    0.000000] psci: SMC Calling Convention v1.0
[    0.000000] percpu: Embedded 33 pages/cpu s96984 r8192 d29992 u135168
[    0.000000] Detected PIPT I-cache on CPU0
[    0.000000] CPU features: detected: Spectre-v4
[    0.000000] CPU features: detected: Spectre-BHB
[    0.000000] CPU features: detected: Broken broadcast TLBI completion
[    0.000000] CPU features: detected: SSBS not fully self-synchronizing
[    0.000000] alternatives: applying boot alternatives
[    0.000000] Kernel command line: root=/dev/vda rw console=ttyAMA0 initrd=initrd
[    0.000000] Dentry cache hash table entries: 262144 (order: 9, 2097152 bytes, linear)
[    0.000000] Inode-cache hash table entries: 131072 (order: 8, 1048576 bytes, linear)
[    0.000000] Fallback order for Node 0: 0 
[    0.000000] Built 1 zonelists, mobility grouping on.  Total pages: 524288
[    0.000000] Policy zone: DMA
[    0.000000] mem auto-init: stack:all(zero), heap alloc:on, heap free:off
[    0.000000] software IO TLB: SWIOTLB bounce buffer size adjusted to 2MB
[    0.000000] software IO TLB: area num 2.
[    0.000000] software IO TLB: mapped [mem 0x00000000bf2b4000-0x00000000bf4b4000] (2MB)
[    0.000000] SLUB: HWalign=64, Order=0-3, MinObjects=0, CPUs=2, Nodes=1
[    0.000000] Dynamic Preempt: none
[    0.000000] rcu: Preemptible hierarchical RCU implementation.
[    0.000000] rcu: 	RCU restricting CPUs from NR_CPUS=4096 to nr_cpu_ids=2.
[    0.000000] 	Trampoline variant of Tasks RCU enabled.
[    0.000000] 	Tracing variant of Tasks RCU enabled.
[    0.000000] rcu: RCU calculated value of scheduler-enlistment delay is 10 jiffies.
[    0.000000] rcu: Adjusting geometry for rcu_fanout_leaf=16, nr_cpu_ids=2
[    0.000000] RCU Tasks: Setting shift to 1 and lim to 1 rcu_task_cb_adjust=1 rcu_task_cpu_ids=2.
[    0.000000] RCU Tasks Trace: Setting shift to 1 and lim to 1 rcu_task_cb_adjust=1 rcu_task_cpu_ids=2.
[    0.000000] NR_IRQS: 64, nr_irqs: 64, preallocated irqs: 0
[    0.000000] Root IRQ handler: gic_handle_irq
[    0.000000] GICv2m: ACPI overriding V2M MSI_TYPER (base:80, num:64)
[    0.000000] GICv2m: range[mem 0x08020000-0x08020fff], SPI[80:143]
[    0.000000] rcu: srcu_init: Setting srcu_struct sizes based on contention.
[    0.000000] clocksource: jiffies: mask: 0xffffffff max_cycles: 0xffffffff, max_idle_ns: 19112604462750000 ns
[    0.000000] arch_timer: cp15 timer(s) running at 62.50MHz (virt).
[    0.000000] clocksource: arch_sys_counter: mask: 0x1ffffffffffffff max_cycles: 0x1cd42e208c, max_idle_ns: 881590405314 ns
[    0.000156] sched_clock: 57 bits at 63MHz, resolution 16ns, wraps every 4398046511096ns
[    0.021530] kfence: initialized - using 2097152 bytes for 255 objects at 0x(____ptrval____)-0x(____ptrval____)
[    0.144747] Console: colour dummy device 80x25
[    0.159781] ACPI: Core revision 20240827
[    0.174093] Calibrating delay loop (skipped), value calculated using timer frequency.. 125.00 BogoMIPS (lpj=625000)
[    0.174411] pid_max: default: 32768 minimum: 301
[    0.261129] LSM: initializing lsm=lockdown,capability,landlock
[    0.273974] landlock: Up and running.
[    0.284990] Mount-cache hash table entries: 4096 (order: 3, 32768 bytes, linear)
[    0.285197] Mountpoint-cache hash table entries: 4096 (order: 3, 32768 bytes, linear)
[    0.774735] rcu: Hierarchical SRCU implementation.
[    0.774905] rcu: 	Max phase no-delay instances is 1000.
[    0.783688] Timer migration: 1 hierarchy levels; 8 children per group; 1 crossnode level
[    0.855654] Remapping and enabling EFI services.
[    0.871393] smp: Bringing up secondary CPUs ...
[    0.893236] Detected PIPT I-cache on CPU1
[    0.898420] CPU1: Booted secondary processor 0x0000000001 [0x414fd0b1]
[    0.917324] smp: Brought up 1 node, 2 CPUs
[    0.917441] SMP: Total of 2 processors activated.
[    0.917527] CPU: All CPU(s) started at EL1
[    0.917984] CPU features: detected: 32-bit EL0 Support
[    0.918091] CPU features: detected: Data cache clean to the PoU not required for I/D coherence
[    0.918180] CPU features: detected: Common not Private translations
[    0.918192] CPU features: detected: CRC32 instructions
[    0.918610] CPU features: detected: RCpc load-acquire (LDAPR)
[    0.918714] CPU features: detected: LSE atomic instructions
[    0.918729] CPU features: detected: Privileged Access Never
[    0.918738] CPU features: detected: RAS Extension Support
[    0.918817] CPU features: detected: Speculative Store Bypassing Safe (SSBS)
[    1.073117] alternatives: applying system-wide alternatives
[    1.174658] CPU features: detected: Hardware dirty bit management on CPU0-1
[    1.434243] Memory: 2003216K/2097152K available (12608K kernel code, 1950K rwdata, 7812K rodata, 1920K init, 9305K bss, 89380K reserved, 0K cma-reserved)
[    2.036993] devtmpfs: initialized
[    2.126965] futex hash table entries: 512 (order: 3, 32768 bytes, linear)
[    2.131704] 24304 pages in range for non-PLT usage
[    2.131848] 515824 pages in range for PLT usage
[    2.140761] pinctrl core: initialized pinctrl subsystem
[    2.191506] SMBIOS 3.0.0 present.
[    2.192083] DMI: QEMU QEMU Virtual Machine, BIOS edk2-stable202408-prebuilt.qemu.org 08/13/2024
[    2.192695] DMI: Memory slots populated: 1/1
[    2.324352] NET: Registered PF_NETLINK/PF_ROUTE protocol family
[    2.353329] DMA: preallocated 256 KiB GFP_KERNEL pool for atomic allocations
[    2.354601] DMA: preallocated 256 KiB GFP_KERNEL|GFP_DMA pool for atomic allocations
[    2.355539] DMA: preallocated 256 KiB GFP_KERNEL|GFP_DMA32 pool for atomic allocations
[    2.356311] audit: initializing netlink subsys (disabled)
[    2.372261] audit: type=2000 audit(0.670:1): state=initialized audit_enabled=0 res=1
[    2.453187] thermal_sys: Registered thermal governor 'step_wise'
[    2.457262] cpuidle: using governor ladder
[    2.457773] cpuidle: using governor menu
[    2.465394] hw-breakpoint: found 6 breakpoint and 4 watchpoint registers.
[    2.466992] ASID allocator initialised with 65536 entries
[    2.468287] acpiphp: ACPI Hot Plug PCI Controller Driver version: 0.5
[    2.472356] Serial: AMBA PL011 UART driver
[    2.503654] HugeTLB: registered 1.00 GiB page size, pre-allocated 0 pages
[    2.503716] HugeTLB: 0 KiB vmemmap can be freed for a 1.00 GiB page
[    2.503742] HugeTLB: registered 32.0 MiB page size, pre-allocated 0 pages
[    2.503751] HugeTLB: 0 KiB vmemmap can be freed for a 32.0 MiB page
[    2.503763] HugeTLB: registered 2.00 MiB page size, pre-allocated 0 pages
[    2.503772] HugeTLB: 0 KiB vmemmap can be freed for a 2.00 MiB page
[    2.503784] HugeTLB: registered 64.0 KiB page size, pre-allocated 0 pages
[    2.503793] HugeTLB: 0 KiB vmemmap can be freed for a 64.0 KiB page
[    2.605264] ACPI: Added _OSI(Module Device)
[    2.605371] ACPI: Added _OSI(Processor Device)
[    2.605389] ACPI: Added _OSI(Processor Aggregator Device)
[    2.725768] ACPI: 1 ACPI AML tables successfully acquired and loaded
[    2.950184] ACPI: Interpreter enabled
[    2.950286] ACPI: Using GIC for interrupt routing
[    2.952688] ACPI: MCFG table detected, 1 entries
[    3.425398] ACPI: CPU0 has been hot-added
[    3.427310] ACPI: CPU1 has been hot-added
[    3.505780] ARMH0011:00: ttyAMA0 at MMIO 0x9000000 (irq = 12, base_baud = 0) is a SBSA
[    3.509159] printk: legacy console [ttyAMA0] enabled
[    3.917659] ACPI: PCI: Interrupt link L000 configured for IRQ 35
[    3.918968] ACPI: PCI: Interrupt link L001 configured for IRQ 36
[    3.919496] ACPI: PCI: Interrupt link L002 configured for IRQ 37
[    3.919918] ACPI: PCI: Interrupt link L003 configured for IRQ 38
[    3.921173] ACPI: PCI Root Bridge [PCI0] (domain 0000 [bus 00-ff])
[    3.927770] acpi PNP0A08:00: _OSC: OS supports [ExtendedConfig ASPM ClockPM Segments MSI HPX-Type3]
[    3.942841] acpi PNP0A08:00: _OSC: platform does not support [LTR]
[    3.944758] acpi PNP0A08:00: _OSC: OS now controls [PCIeHotplug PME PCIeCapability]
[    4.005880] acpi PNP0A08:00: ECAM area [mem 0x4010000000-0x401fffffff] reserved by PNP0C02:00
[    4.008077] acpi PNP0A08:00: ECAM at [mem 0x4010000000-0x401fffffff] for [bus 00-ff]
[    4.058294] ACPI: Remapped I/O 0x000000003eff0000 to [io  0x0000-0xffff window]
[    4.092902] PCI host bridge to bus 0000:00
[    4.094253] pci_bus 0000:00: root bus resource [mem 0x10000000-0x3efeffff window]
[    4.102055] pci_bus 0000:00: root bus resource [io  0x0000-0xffff window]
[    4.102518] pci_bus 0000:00: root bus resource [mem 0x8000000000-0xffffffffff window]
[    4.103296] pci_bus 0000:00: root bus resource [bus 00-ff]
[    4.106797] pci 0000:00:00.0: [1b36:0008] type 00 class 0x060000 conventional PCI endpoint
[    4.193714] pci 0000:00:01.0: [1af4:1001] type 00 class 0x010000 conventional PCI endpoint
[    4.201872] pci 0000:00:01.0: BAR 0 [io  0x0000-0x007f]
[    4.202355] pci 0000:00:01.0: BAR 1 [mem 0x10000000-0x10000fff]
[    4.202770] pci 0000:00:01.0: BAR 4 [mem 0x8000000000-0x8000003fff 64bit pref]
[    4.208913] pci 0000:00:01.0: BAR 4 [mem 0x8000000000-0x8000003fff 64bit pref]: assigned
[    4.209859] pci 0000:00:01.0: BAR 1 [mem 0x10000000-0x10000fff]: assigned
[    4.210235] pci 0000:00:01.0: BAR 0 [io  0x1000-0x107f]: assigned
[    4.210948] pci_bus 0000:00: resource 4 [mem 0x10000000-0x3efeffff window]
[    4.211302] pci_bus 0000:00: resource 5 [io  0x0000-0xffff window]
[    4.211596] pci_bus 0000:00: resource 6 [mem 0x8000000000-0xffffffffff window]
[    4.225874] iommu: Default domain type: Translated
[    4.226848] iommu: DMA domain TLB invalidation policy: lazy mode
[    4.344849] efivars: Registered efivars operations
[    4.402928] clocksource: Switched to clocksource arch_sys_counter
[    4.419923] VFS: Disk quotas dquot_6.6.0
[    4.420771] VFS: Dquot-cache hash table entries: 512 (order 0, 4096 bytes)
[    4.476791] pnp: PnP ACPI init
[    4.525607] system 00:00: [mem 0x4010000000-0x401fffffff window] could not be reserved
[    4.526802] pnp: PnP ACPI: found 1 devices
[    4.918762] NET: Registered PF_INET protocol family
[    4.922734] IP idents hash table entries: 32768 (order: 6, 262144 bytes, linear)
[    5.227608] tcp_listen_portaddr_hash hash table entries: 1024 (order: 2, 16384 bytes, linear)
[    5.232899] Table-perturb hash table entries: 65536 (order: 6, 262144 bytes, linear)
[    5.234556] TCP established hash table entries: 16384 (order: 5, 131072 bytes, linear)
[    5.236325] TCP bind hash table entries: 16384 (order: 7, 524288 bytes, linear)
[    5.237377] TCP: Hash tables configured (established 16384 bind 16384)
[    5.242064] MPTCP token hash table entries: 2048 (order: 4, 49152 bytes, linear)
[    5.244190] UDP hash table entries: 1024 (order: 3, 32768 bytes, linear)
[    5.251658] UDP-Lite hash table entries: 1024 (order: 3, 32768 bytes, linear)
[    5.300378] NET: Registered PF_UNIX/PF_LOCAL protocol family
[    5.302186] NET: Registered PF_XDP protocol family
[    5.303104] PCI: CLS 0 bytes, default 64
[    5.307919] kvm [1]: HYP mode not available
[    5.319005] Unpacking initramfs...
[    5.321525] Initialise system trusted keyrings
[    5.355216] workingset: timestamp_bits=44 max_order=19 bucket_order=0
[    5.632436] Key type asymmetric registered
[    5.633097] Asymmetric key parser 'x509' registered
[    5.635176] Block layer SCSI generic (bsg) driver version 0.4 loaded (major 249)
[    5.637157] io scheduler mq-deadline registered
[    5.637661] io scheduler kyber registered
[    5.638746] io scheduler bfq registered
[    5.709192] ACPI: \_SB_.L001: Enabled at IRQ 36
[    5.711494] virtio-pci 0000:00:01.0: enabling device (0000 -> 0003)
[    5.725897] Serial: 8250/16550 driver, 4 ports, IRQ sharing enabled
[    5.790148] hv_vmbus: registering driver hyperv_keyboard
[    5.816608] rtc-efi rtc-efi.0: registered as rtc0
[    5.819435] rtc-efi rtc-efi.0: setting system clock to 2026-08-24T06:42:41 UTC (1787553761)
[    5.827345] NET: Registered PF_INET6 protocol family
[    5.904765] Segment Routing with IPv6
[    5.905665] In-situ OAM (IOAM) with IPv6
[    6.053304] registered taskstats version 1
[    6.068406] Loading compiled-in X.509 certificates
[    6.158975] Freeing initrd memory: 5184K
[    6.725126] Loaded X.509 cert 'alpinelinux.org: Alpine Linux kernel key: 87fa969a47f3e2a6aa35859eb932a17c95abcd82'
[    6.820122] Demotion targets for Node 0: null
[    6.823951] Key type .fscrypt registered
[    6.824349] Key type fscrypt-provisioning registered
[    6.921220] clk: Disabling unused clocks
[    6.922480] PM: genpd: Disabling unused power domains
[    7.139155] Freeing unused kernel memory: 1920K
[    7.149405] Run /init as init process
[    7.834774] Alpine Init 3.11.1-r0
Alpine Init 3.11.1-r0
[    7.861520] Loading boot drivers...
 * Loading boot drivers: [    8.020019] Loading boot drivers: ok.
ok.
SIMBOOT: kernel=6.12.103-0-virt
[    8.216203] Invalid ELF header magic: != ELF
[    8.291204] virtio_blk virtio0: 2/0/0 default/read/poll queues
[    8.353672] virtio_blk virtio0: [vda] 1411072 512-byte logical blocks (722 MB/689 MiB)
[    8.487018] Invalid ELF header magic: != ELF
[    8.525206] Invalid ELF header magic: != ELF
[    8.606304] Invalid ELF header magic: != ELF
[    8.675061] Invalid ELF header magic: != ELF
[    8.850997] Invalid ELF header magic: != ELF
[   11.010938] hrtimer: interrupt took 68935904 ns
[   11.175156] EXT4-fs (vda): mounted filesystem 1799a7eb-09df-4b80-8c57-0424de58e445 r/w with ordered data mode. Quota mode: none.
SIMBOOT: root mounted rw, running real mfp.afx with binder stub
STUB_LS: -rw-r--r-- 1 root root 1762 Aug 24 06:42 /lib/libbinder_stub.so
STUB_TEST: Mon Aug 24 06:42:54 UTC 2026
rc=0
MFP_PID=434
[   28.036558] random: crng init done
--- MFP STATE ---
Name:	mfp.afx
Umask:	0022
State:	S (sleeping)
Tgid:	434
Ngid:	0
--- MFP MAIN WCHAN ---
0--- THREADS ---
434 st=S wc=hrtimer_nanosleep
436 st=S wc=futex_wait_queue
437 st=R wc=0
438 st=S wc=do_epoll_wait
439 st=R wc=0
440 st=S wc=do_wait_intr_irq
441 st=S wc=do_epoll_wait
442 st=S wc=do_wait_intr_irq
443 st=S wc=do_wait_intr_irq
444 st=S wc=wait_for_partner
445 st=S wc=do_select
446 st=R wc=0
447 st=S wc=do_select
448 st=S wc=futex_wait_queue
449 st=S wc=futex_wait_queue
450 st=S wc=futex_wait_queue
451 st=R wc=0
452 st=S wc=do_select
453 st=S wc=0
454 st=R wc=0
455 st=S wc=do_select
456 st=R wc=0
457 st=S wc=do_select
458 st=R wc=0
459 st=S wc=do_select
460 st=R wc=0
461 st=R wc=0
462 st=S wc=do_select
463 st=S wc=inet_csk_accept
464 st=R wc=0
465 st=R wc=0
466 st=S wc=do_select
467 st=S wc=futex_wait_queue
468 st=R wc=0
469 st=S wc=do_select
470 st=R wc=0
471 st=S wc=do_select
472 st=S wc=do_wait_intr_irq
473 st=R wc=0
474 st=S wc=do_select
475 st=R wc=hrtimer_nanosleep
476 st=R wc=0
477 st=S wc=do_select
478 st=R wc=futex_wait_queue
479 st=R wc=0
480 st=S wc=do_select
481 st=S wc=do_select
482 st=R wc=0
483 st=S wc=do_select
484 st=R wc=0
485 st=S wc=do_select
486 st=S wc=hrtimer_nanosleep
487 st=R wc=0
488 st=S wc=futex_wait_queue
489 st=S wc=futex_wait_queue
490 st=S wc=futex_wait_queue
491 st=S wc=futex_wait_queue
492 st=S wc=futex_wait_queue
493 st=R wc=0
494 st=S wc=do_select
495 st=S wc=futex_wait_queue
496 st=S wc=do_select
--- IP ADDR ---
1: lo: <LOOPBACK> mtu 65536 qdisc noop state DOWN group default qlen 1000
    link/loopback 00:00:00:00:00:00 brd 00:00:00:00:00:00
--- MFP LOG HEAD ---
plog lib mfp process init json config error 
pntp socket client init 
[2026-08-24 06:42:58.386 ] pcie_integrate_features:463 ULOG WARN vd:3 , send_offset:32768 , recv_offset:0
[2026-08-24 06:42:58.399 ] pcie_integrate_features:463 ULOG WARN vd:5 , send_offset:32768 , recv_offset:0
error:miss key;line:=
[06:43:18.123] hal_core_init                  - core/hal_core_init.c L29    [HAL][INFO]  -->  Enter and init hal lib
[06:43:18.133] cjson_get_dev_config           - core/hal_cjson_class.c L723   [HAL][INFO]  -->  Module touch do not have device config
[06:43:18.134] cjson_get_dev_config           - core/hal_cjson_class.c L723   [HAL][INFO]  -->  Module backlight do not have device config
[06:43:18.134] cjson_get_dev_config           - core/hal_cjson_class.c L723   [HAL][INFO]  -->  Module frambuffer do not have device config
[06:43:18.145] cjson_get_dev_config           - core/hal_cjson_class.c L723   [HAL][INFO]  -->  Module low_power do not have device config
[06:43:18.145] cjson_get_dev_config           - core/hal_cjson_class.c L723   [HAL][INFO]  -->  Module print_comm do not have device config
[06:43:18.145] cjson_get_dev_config           - core/hal_cjson_class.c L723   [HAL][INFO]  -->  Module scan_comm do not have device config
[06:43:18.145] cjson_get_dev_config           - core/hal_cjson_class.c L723   [HAL][INFO]  -->  Module beep do not have device config
[06:43:18.146] cjson_get_dev_config           - core/hal_cjson_class.c L723   [HAL][INFO]  -->  Module speaker do not have device config
[06:43:18.146] cjson_get_dev_config           - core/hal_cjson_class.c L723   [HAL][INFO]  -->  Module fan do not have device config
[06:43:18.146] cjson_get_dev_config           - core/hal_cjson_class.c L723   [HAL][INFO]  -->  Module usb_host do not have device config
[06:43:18.148] hal_core_init                  - core/hal_core_init.c L57    [HAL][DEBUG]  -->  Module node touch (id 2), do not need to call module init 
[06:43:18.149] hal_core_init                  - core/hal_core_init.c L57    [HAL][DEBUG]  -->  Module node backlight (id 3), do not need to call module init 
[06:43:18.149] hal_core_init                  - core/hal_core_init.c L57    [HAL][DEBUG]  -->  Module node fb (id 4), do not need to call module init 
[06:43:18.149] hal_core_init                  - core/hal_core_init.c L57    [HAL][DEBUG]  -->  Module node beep (id 11), do not need to call module init 
[06:43:18.149] hal_core_init                  - core/hal_core_init.c L57    [HAL][DEBUG]  -->  Module node speaker (id 12), do not need to call module init 
[06:43:18.149] hal_core_init                  - core/hal_core_init.c L57    [HAL][DEBUG]  -->  Module node fan (id 13), do not need to call module init 
[06:43:18.149] hal_core_init                  - core/hal_core_init.c L57    [HAL][DEBUG]  -->  Module node wifi (id 15), do not need to call module init 
[06:43:18.151] hal_core_init                  - core/hal_core_init.c L57    [HAL][DEBUG]  -->  Module node bt (id 16), do not need to call module init 
[06:43:18.152] storage_init                   - module/storage/storage_init/storage_init.c L23    [HAL][WARN]  -->  storage module has init
[06:43:18.154] hal_save_proc_info             - intf/hal_init.c      L67    [HAL][ERROR]  -->  attach hal lib process id: 00000434  name: mfp.afx 
[06:43:18.154] pi_hal_wifi_request            - intf/hal_wifi.c      L21    [HAL][ERROR]  -->  HAL interface pi_hal_wifi_request call failed
[06:43:24.388] hal_common_ioctl               - core/hal_common_dev.c L128   [HAL][ERROR]  -->  ioctl error errno = No such file or directory
[06:43:24.388] boardinfo_interface_getinfo    - module/boardinfo/boardinfo_interface.c L151   [HAL][ERROR]  -->  Error to get info from device /dev/board_desc
[2026-08-24 06:43:24.461 ] _wait_for_peer:747 IBC WARN 434:wait failed
--- MFP LOG FILTERED ---
