UEFI firmware (version edk2-stable202408-prebuilt.qemu.org built at 16:28:50 on Sep 12 2024)
ArmTrngLib could not be correctly initialized.
Error: Image at 000BFDB6000 start failed: 00000001
Error: Image at 000BFD6D000 start failed: Not Found
Error: Image at 000BFCBA000 start failed: Unsupported
Error: Image at 000BFB5E000 start failed: Aborted
Tpm2SubmitCommand - Tcg2 - Not Found
Tpm2GetCapabilityPcrs fail!
Tpm2SubmitCommand - Tcg2 - Not Found
Image type X64 can't be loaded on AARCH64 UEFI system.
[2J[01;01H[=3h[2J[01;01H[2J[01;01H[=3h[2J[01;01HEFI stub: Decompressing Linux Kernel...
EFI stub: Loaded initrd from LINUX_EFI_INITRD_MEDIA_GUID device path
EFI stub: Generating empty DTB
EFI stub: Exiting boot services...
[    0.000000] Booting Linux on physical CPU 0x0000000000 [0x414fd0b1]
[    0.000000] Linux version 6.12.103-0-virt (buildozer@build-3-21-aarch64) (gcc (Alpine 14.2.0) 14.2.0, GNU ld (GNU Binutils) 2.43.1) #1-Alpine SMP PREEMPT_DYNAMIC 2026-08-10 14:25:03
[    0.000000] efi: EFI v2.7 by EDK II
[    0.000000] efi: SMBIOS 3.0=0xbfed0000 MEMATTR=0xbe176018 ACPI 2.0=0xbcb43018 INITRD=0xbcb40f18 MEMRESERVE=0xbcb40f98 
[    0.000000] ACPI: Early table checksum verification disabled
[    0.000000] ACPI: RSDP 0x00000000BCB43018 000024 (v02 BOCHS )
[    0.000000] ACPI: XSDT 0x00000000BCB43F18 000064 (v01 BOCHS  BXPC     00000001      01000013)
[    0.000000] ACPI: FACP 0x00000000BCB43B18 000114 (v06 BOCHS  BXPC     00000001 BXPC 00000001)
[    0.000000] ACPI: DSDT 0x00000000BCB41018 001506 (v02 BOCHS  BXPC     00000001 BXPC 00000001)
[    0.000000] ACPI: APIC 0x00000000BCB43C98 0000FC (v04 BOCHS  BXPC     00000001 BXPC 00000001)
[    0.000000] ACPI: PPTT 0x00000000BCB43E18 000074 (v02 BOCHS  BXPC     00000001 BXPC 00000001)
[    0.000000] ACPI: GTDT 0x00000000BCB43098 000068 (v03 BOCHS  BXPC     00000001 BXPC 00000001)
[    0.000000] ACPI: MCFG 0x00000000BCB43A98 00003C (v01 BOCHS  BXPC     00000001 BXPC 00000001)
[    0.000000] ACPI: SPCR 0x00000000BCB43818 000050 (v02 BOCHS  BXPC     00000001 BXPC 00000001)
[    0.000000] ACPI: DBG2 0x00000000BCB43A18 000057 (v00 BOCHS  BXPC     00000001 BXPC 00000001)
[    0.000000] ACPI: IORT 0x00000000BCB43898 000054 (v05 BOCHS  BXPC     00000001 BXPC 00000001)
[    0.000000] ACPI: SPCR: console: pl011,mmio32,0x9000000,9600
[    0.000000] ACPI: Use ACPI SPCR as default console: Yes
[    0.000000] NUMA: Faking a node at [mem 0x0000000040000000-0x00000000bfffffff]
[    0.000000] NODE_DATA(0) allocated [mem 0xbf855b80-0xbf857fff]
[    0.000000] Zone ranges:
[    0.000000]   DMA      [mem 0x0000000040000000-0x00000000bfffffff]
[    0.000000]   DMA32    empty
[    0.000000]   Normal   empty
[    0.000000] Movable zone start for each node
[    0.000000] Early memory node ranges
[    0.000000]   node   0: [mem 0x0000000040000000-0x00000000bc76ffff]
[    0.000000]   node   0: [mem 0x00000000bc770000-0x00000000bcb3ffff]
[    0.000000]   node   0: [mem 0x00000000bcb40000-0x00000000bfe1ffff]
[    0.000000]   node   0: [mem 0x00000000bfe20000-0x00000000bfeaffff]
[    0.000000]   node   0: [mem 0x00000000bfeb0000-0x00000000bfebffff]
[    0.000000]   node   0: [mem 0x00000000bfec0000-0x00000000bffdffff]
[    0.000000]   node   0: [mem 0x00000000bffe0000-0x00000000bfffffff]
[    0.000000] Initmem setup node 0 [mem 0x0000000040000000-0x00000000bfffffff]
[    0.000000] psci: probing for conduit method from ACPI.
[    0.000000] psci: PSCIv1.1 detected in firmware.
[    0.000000] psci: Using standard PSCI v0.2 function IDs
[    0.000000] psci: Trusted OS migration not required
[    0.000000] psci: SMC Calling Convention v1.0
[    0.000000] percpu: Embedded 33 pages/cpu s96984 r8192 d29992 u135168
[    0.000000] Detected PIPT I-cache on CPU0
[    0.000000] CPU features: detected: Spectre-v4
[    0.000000] CPU features: detected: Spectre-BHB
[    0.000000] CPU features: detected: Broken broadcast TLBI completion
[    0.000000] CPU features: detected: SSBS not fully self-synchronizing
[    0.000000] alternatives: applying boot alternatives
[    0.000000] Kernel command line: root=/dev/vda rw console=ttyAMA0 initrd=initrd
[    0.000000] Dentry cache hash table entries: 262144 (order: 9, 2097152 bytes, linear)
[    0.000000] Inode-cache hash table entries: 131072 (order: 8, 1048576 bytes, linear)
[    0.000000] Fallback order for Node 0: 0 
[    0.000000] Built 1 zonelists, mobility grouping on.  Total pages: 524288
[    0.000000] Policy zone: DMA
[    0.000000] mem auto-init: stack:all(zero), heap alloc:on, heap free:off
[    0.000000] software IO TLB: SWIOTLB bounce buffer size adjusted to 2MB
[    0.000000] software IO TLB: area num 2.
[    0.000000] software IO TLB: mapped [mem 0x00000000bf2b4000-0x00000000bf4b4000] (2MB)
[    0.000000] SLUB: HWalign=64, Order=0-3, MinObjects=0, CPUs=2, Nodes=1
[    0.000000] Dynamic Preempt: none
[    0.000000] rcu: Preemptible hierarchical RCU implementation.
[    0.000000] rcu: 	RCU restricting CPUs from NR_CPUS=4096 to nr_cpu_ids=2.
[    0.000000] 	Trampoline variant of Tasks RCU enabled.
[    0.000000] 	Tracing variant of Tasks RCU enabled.
[    0.000000] rcu: RCU calculated value of scheduler-enlistment delay is 10 jiffies.
[    0.000000] rcu: Adjusting geometry for rcu_fanout_leaf=16, nr_cpu_ids=2
[    0.000000] RCU Tasks: Setting shift to 1 and lim to 1 rcu_task_cb_adjust=1 rcu_task_cpu_ids=2.
[    0.000000] RCU Tasks Trace: Setting shift to 1 and lim to 1 rcu_task_cb_adjust=1 rcu_task_cpu_ids=2.
[    0.000000] NR_IRQS: 64, nr_irqs: 64, preallocated irqs: 0
[    0.000000] Root IRQ handler: gic_handle_irq
[    0.000000] GICv2m: ACPI overriding V2M MSI_TYPER (base:80, num:64)
[    0.000000] GICv2m: range[mem 0x08020000-0x08020fff], SPI[80:143]
[    0.000000] rcu: srcu_init: Setting srcu_struct sizes based on contention.
[    0.000000] clocksource: jiffies: mask: 0xffffffff max_cycles: 0xffffffff, max_idle_ns: 19112604462750000 ns
[    0.000000] arch_timer: cp15 timer(s) running at 62.50MHz (virt).
[    0.000000] clocksource: arch_sys_counter: mask: 0x1ffffffffffffff max_cycles: 0x1cd42e208c, max_idle_ns: 881590405314 ns
[    0.000850] sched_clock: 57 bits at 63MHz, resolution 16ns, wraps every 4398046511096ns
[    0.130499] kfence: initialized - using 2097152 bytes for 255 objects at 0x(____ptrval____)-0x(____ptrval____)
[    0.433609] Console: colour dummy device 80x25
[    0.668687] ACPI: Core revision 20240827
[    0.816025] Calibrating delay loop (skipped), value calculated using timer frequency.. 125.00 BogoMIPS (lpj=625000)
[    0.817510] pid_max: default: 32768 minimum: 301
[    1.022823] LSM: initializing lsm=lockdown,capability,landlock
[    1.119504] landlock: Up and running.
[    1.184579] Mount-cache hash table entries: 4096 (order: 3, 32768 bytes, linear)
[    1.185638] Mountpoint-cache hash table entries: 4096 (order: 3, 32768 bytes, linear)
[    3.753024] rcu: Hierarchical SRCU implementation.
[    3.753778] rcu: 	Max phase no-delay instances is 1000.
[    3.873189] Timer migration: 1 hierarchy levels; 8 children per group; 1 crossnode level
[    4.134142] Remapping and enabling EFI services.
[    4.493792] smp: Bringing up secondary CPUs ...
[    4.625831] Detected PIPT I-cache on CPU1
[    4.642188] CPU1: Booted secondary processor 0x0000000001 [0x414fd0b1]
[    4.801562] smp: Brought up 1 node, 2 CPUs
[    4.801983] SMP: Total of 2 processors activated.
[    4.802419] CPU: All CPU(s) started at EL1
[    4.806732] CPU features: detected: 32-bit EL0 Support
[    4.818113] CPU features: detected: Data cache clean to the PoU not required for I/D coherence
[    4.818689] CPU features: detected: Common not Private translations
[    4.818757] CPU features: detected: CRC32 instructions
[    4.821946] CPU features: detected: RCpc load-acquire (LDAPR)
[    4.822385] CPU features: detected: LSE atomic instructions
[    4.822461] CPU features: detected: Privileged Access Never
[    4.822504] CPU features: detected: RAS Extension Support
[    4.822977] CPU features: detected: Speculative Store Bypassing Safe (SSBS)
[    5.663061] alternatives: applying system-wide alternatives
[    6.128283] CPU features: detected: Hardware dirty bit management on CPU0-1
[    6.950248] Memory: 2003384K/2097152K available (12608K kernel code, 1950K rwdata, 7812K rodata, 1920K init, 9305K bss, 89464K reserved, 0K cma-reserved)
[    8.030134] devtmpfs: initialized
[    8.802926] futex hash table entries: 512 (order: 3, 32768 bytes, linear)
[    8.959630] 24304 pages in range for non-PLT usage
[    8.962813] 515824 pages in range for PLT usage
[    9.293847] pinctrl core: initialized pinctrl subsystem
[    9.765404] SMBIOS 3.0.0 present.
[    9.768334] DMI: QEMU QEMU Virtual Machine, BIOS edk2-stable202408-prebuilt.qemu.org 08/13/2024
[    9.877274] DMI: Memory slots populated: 1/1
[   13.182331] NET: Registered PF_NETLINK/PF_ROUTE protocol family
[   13.530276] DMA: preallocated 256 KiB GFP_KERNEL pool for atomic allocations
[   13.539560] DMA: preallocated 256 KiB GFP_KERNEL|GFP_DMA pool for atomic allocations
[   13.547490] DMA: preallocated 256 KiB GFP_KERNEL|GFP_DMA32 pool for atomic allocations
[   13.643264] audit: initializing netlink subsys (disabled)
[   13.790546] audit: type=2000 audit(5.320:1): state=initialized audit_enabled=0 res=1
[   14.122100] thermal_sys: Registered thermal governor 'step_wise'
[   14.318152] cpuidle: using governor ladder
[   14.321223] cpuidle: using governor menu
[   14.387566] hw-breakpoint: found 6 breakpoint and 4 watchpoint registers.
[   14.400740] ASID allocator initialised with 65536 entries
[   14.491536] acpiphp: ACPI Hot Plug PCI Controller Driver version: 0.5
[   14.584789] Serial: AMBA PL011 UART driver
[   15.267975] HugeTLB: registered 1.00 GiB page size, pre-allocated 0 pages
[   15.268229] HugeTLB: 0 KiB vmemmap can be freed for a 1.00 GiB page
[   15.268376] HugeTLB: registered 32.0 MiB page size, pre-allocated 0 pages
[   15.268432] HugeTLB: 0 KiB vmemmap can be freed for a 32.0 MiB page
[   15.268502] HugeTLB: registered 2.00 MiB page size, pre-allocated 0 pages
[   15.268552] HugeTLB: 0 KiB vmemmap can be freed for a 2.00 MiB page
[   15.268622] HugeTLB: registered 64.0 KiB page size, pre-allocated 0 pages
[   15.268671] HugeTLB: 0 KiB vmemmap can be freed for a 64.0 KiB page
[   16.824847] ACPI: Added _OSI(Module Device)
[   16.825557] ACPI: Added _OSI(Processor Device)
[   16.825667] ACPI: Added _OSI(Processor Aggregator Device)
[   17.752016] ACPI: 1 ACPI AML tables successfully acquired and loaded
[   18.660025] ACPI: Interpreter enabled
[   18.677874] ACPI: Using GIC for interrupt routing
[   18.693830] ACPI: MCFG table detected, 1 entries
[   20.727595] ACPI: CPU0 has been hot-added
[   20.766442] ACPI: CPU1 has been hot-added
[   21.170347] ARMH0011:00: ttyAMA0 at MMIO 0x9000000 (irq = 12, base_baud = 0) is a SBSA
[   21.219510] printk: legacy console [ttyAMA0] enabled
[   23.197015] ACPI: PCI: Interrupt link L000 configured for IRQ 35
[   23.207899] ACPI: PCI: Interrupt link L001 configured for IRQ 36
[   23.215407] ACPI: PCI: Interrupt link L002 configured for IRQ 37
[   23.218235] ACPI: PCI: Interrupt link L003 configured for IRQ 38
[   23.225400] ACPI: PCI Root Bridge [PCI0] (domain 0000 [bus 00-ff])
[   23.301512] acpi PNP0A08:00: _OSC: OS supports [ExtendedConfig ASPM ClockPM Segments MSI HPX-Type3]
[   23.477516] acpi PNP0A08:00: _OSC: platform does not support [LTR]
[   23.508074] acpi PNP0A08:00: _OSC: OS now controls [PCIeHotplug PME PCIeCapability]
[   23.629307] acpi PNP0A08:00: ECAM area [mem 0x4010000000-0x401fffffff] reserved by PNP0C02:00
[   23.698131] acpi PNP0A08:00: ECAM at [mem 0x4010000000-0x401fffffff] for [bus 00-ff]
[   23.717117] ACPI: Remapped I/O 0x000000003eff0000 to [io  0x0000-0xffff window]
[   23.904984] PCI host bridge to bus 0000:00
[   23.914949] pci_bus 0000:00: root bus resource [mem 0x10000000-0x3efeffff window]
[   23.920703] pci_bus 0000:00: root bus resource [io  0x0000-0xffff window]
[   23.925174] pci_bus 0000:00: root bus resource [mem 0x8000000000-0xffffffffff window]
[   23.951566] pci_bus 0000:00: root bus resource [bus 00-ff]
[   24.046788] pci 0000:00:00.0: [1b36:0008] type 00 class 0x060000 conventional PCI endpoint
[   24.255614] pci 0000:00:01.0: [8086:100e] type 00 class 0x020000 conventional PCI endpoint
[   24.276061] pci 0000:00:01.0: BAR 0 [mem 0x10040000-0x1005ffff]
[   24.278427] pci 0000:00:01.0: BAR 1 [io  0x0080-0x00bf]
[   24.281675] pci 0000:00:01.0: ROM [mem 0xfffc0000-0xffffffff pref]
[   24.311349] pci 0000:00:02.0: [1af4:1001] type 00 class 0x010000 conventional PCI endpoint
[   24.316931] pci 0000:00:02.0: BAR 0 [io  0x0000-0x007f]
[   24.318452] pci 0000:00:02.0: BAR 1 [mem 0x10060000-0x10060fff]
[   24.337354] pci 0000:00:02.0: BAR 4 [mem 0x8000000000-0x8000003fff 64bit pref]
[   24.426004] pci 0000:00:01.0: ROM [mem 0x10000000-0x1003ffff pref]: assigned
[   24.429646] pci 0000:00:01.0: BAR 0 [mem 0x10040000-0x1005ffff]: assigned
[   24.433451] pci 0000:00:02.0: BAR 4 [mem 0x8000000000-0x8000003fff 64bit pref]: assigned
[   24.449905] pci 0000:00:02.0: BAR 1 [mem 0x10060000-0x10060fff]: assigned
[   24.453722] pci 0000:00:02.0: BAR 0 [io  0x1000-0x107f]: assigned
[   24.545150] pci 0000:00:01.0: BAR 1 [io  0x1080-0x10bf]: assigned
[   24.552531] pci_bus 0000:00: resource 4 [mem 0x10000000-0x3efeffff window]
[   24.557165] pci_bus 0000:00: resource 5 [io  0x0000-0xffff window]
[   24.568012] pci_bus 0000:00: resource 6 [mem 0x8000000000-0xffffffffff window]
[   24.799946] iommu: Default domain type: Translated
[   24.802549] iommu: DMA domain TLB invalidation policy: lazy mode
[   25.113451] efivars: Registered efivars operations
[   26.342216] clocksource: Switched to clocksource arch_sys_counter
[   26.754542] VFS: Disk quotas dquot_6.6.0
[   26.758454] VFS: Dquot-cache hash table entries: 512 (order 0, 4096 bytes)
[   27.075273] pnp: PnP ACPI init
[   27.267036] system 00:00: [mem 0x4010000000-0x401fffffff window] could not be reserved
[   28.077296] hrtimer: interrupt took 237419808 ns
[   28.565599] pnp: PnP ACPI: found 1 devices
[   30.272226] NET: Registered PF_INET protocol family
[   30.334280] IP idents hash table entries: 32768 (order: 6, 262144 bytes, linear)
[   32.309227] tcp_listen_portaddr_hash hash table entries: 1024 (order: 2, 16384 bytes, linear)
[   32.316622] Table-perturb hash table entries: 65536 (order: 6, 262144 bytes, linear)
[   32.351323] TCP established hash table entries: 16384 (order: 5, 131072 bytes, linear)
[   32.359212] TCP bind hash table entries: 16384 (order: 7, 524288 bytes, linear)
[   32.385491] TCP: Hash tables configured (established 16384 bind 16384)
[   32.465886] MPTCP token hash table entries: 2048 (order: 4, 49152 bytes, linear)
[   32.483885] UDP hash table entries: 1024 (order: 3, 32768 bytes, linear)
[   32.592638] UDP-Lite hash table entries: 1024 (order: 3, 32768 bytes, linear)
[   32.687740] NET: Registered PF_UNIX/PF_LOCAL protocol family
[   32.712493] NET: Registered PF_XDP protocol family
[   32.720366] PCI: CLS 0 bytes, default 64
[   32.824866] kvm [1]: HYP mode not available
[   33.290817] Initialise system trusted keyrings
[   33.656281] Unpacking initramfs...
[   33.799569] workingset: timestamp_bits=44 max_order=19 bucket_order=0
[   36.223751] Key type asymmetric registered
[   36.228074] Asymmetric key parser 'x509' registered
[   36.250096] Block layer SCSI generic (bsg) driver version 0.4 loaded (major 249)
[   36.295232] io scheduler mq-deadline registered
[   36.304025] io scheduler kyber registered
[   36.324157] io scheduler bfq registered
[   37.186449] ACPI: \_SB_.L002: Enabled at IRQ 37
[   37.254836] virtio-pci 0000:00:02.0: enabling device (0000 -> 0003)
[   37.426470] Serial: 8250/16550 driver, 4 ports, IRQ sharing enabled
[   37.862905] hv_vmbus: registering driver hyperv_keyboard
[   38.009752] rtc-efi rtc-efi.0: registered as rtc0
[   38.034897] rtc-efi rtc-efi.0: setting system clock to 2026-08-26T05:20:41 UTC (1787721641)
[   38.113489] NET: Registered PF_INET6 protocol family
[   38.488363] Segment Routing with IPv6
[   38.496477] In-situ OAM (IOAM) with IPv6
[   40.076662] registered taskstats version 1
[   40.185221] Loading compiled-in X.509 certificates
[   45.226610] Freeing initrd memory: 5268K
[   49.393232] Loaded X.509 cert 'alpinelinux.org: Alpine Linux kernel key: 87fa969a47f3e2a6aa35859eb932a17c95abcd82'
[   50.645035] Demotion targets for Node 0: null
[   50.673762] Key type .fscrypt registered
[   50.675489] Key type fscrypt-provisioning registered
[   51.339518] clk: Disabling unused clocks
[   51.345948] PM: genpd: Disabling unused power domains
[   56.317598] Freeing unused kernel memory: 1920K
[   56.450742] Run /init as init process
[   65.016829] Alpine Init 3.11.1-r0
Alpine Init 3.11.1-r0
[   65.166686] Loading boot drivers...
 * Loading boot drivers: [   66.100690] Loading boot drivers: ok.
ok.
SIMBOOT: kernel=6.12.103-0-virt
[   67.795393] Invalid ELF header magic: != ELF
[   71.409805] virtio_blk virtio0: 2/0/0 default/read/poll queues
[   73.413915] virtio_blk virtio0: [vda] 1411072 512-byte logical blocks (722 MB/689 MiB)
[   74.172189] Invalid ELF header magic: != ELF
[   74.563675] Invalid ELF header magic: != ELF
[   75.093801] Invalid ELF header magic: != ELF
[   75.558040] Invalid ELF header magic: != ELF
[   76.562673] Invalid ELF header magic: != ELF
[   81.616488] Invalid ELF header magic: != ELF
[   83.782406] e1000: Intel(R) PRO/1000 Network Driver
[   83.784626] e1000: Copyright (c) 1999-2006 Intel Corporation.
[   83.858614] ACPI: \_SB_.L001: Enabled at IRQ 36
[   83.863626] e1000 0000:00:01.0: enabling device (0000 -> 0003)
[   84.727700] e1000 0000:00:01.0 eth0: (PCI:33MHz:32-bit) 52:54:00:12:34:56
[   84.771701] e1000 0000:00:01.0 eth0: Intel(R) PRO/1000 Network Connection
Module                  Size  Used by    Not tainted
e1000                 163840  0 
ext4                  929792  0 
jbd2                  172032  1 ext4
mbcache                20480  1 ext4
crc32c_generic         12288  0 
crc16                  12288  1 ext4
virtio_blk             24576  0 
[   87.068499] EXT4-fs (vda): mounted filesystem 1799a7eb-09df-4b80-8c57-0424de58e445 r/w with ordered data mode. Quota mode: none.
SIMBOOT: root mounted rw, running real mfp.afx with binder stub
[  155.297755] e1000: eth0 NIC Link is Up 1000 Mbps Full Duplex, Flow Control: RX
MFP_PID=448
--- POLL 1: N=1 ---
[Inferior 1 (process 448) detached]
--- POLL 2: N=11 ---
[  261.437709] random: crng init done
[Inferior 1 (process 448) detached]
--- POLL 3: N=11 ---
[Inferior 1 (process 448) detached]
--- POLL 4: N=11 ---
[Inferior 1 (process 448) detached]
--- BT@POLL4 ---
[New LWP 464]
[New LWP 465]
[New LWP 466]
[New LWP 467]
[New LWP 468]
[New LWP 469]
[New LWP 470]
[Inferior 1 (process 448) detached]
--- POLL 5: N=11 ---
[Inferior 1 (process 448) detached]
--- POLL 6: N=11 ---
[Inferior 1 (process 448) detached]
--- POLL 7: N=11 ---
[Inferior 1 (process 448) detached]
--- POLL 8: N=11 ---
[Inferior 1 (process 448) detached]
--- BT@POLL8 ---
[New LWP 464]
[New LWP 465]
[New LWP 466]
[New LWP 467]
[New LWP 468]
[New LWP 469]
[New LWP 470]
[Inferior 1 (process 448) detached]
--- POLL 9: N=11 ---
[Inferior 1 (process 448) detached]
--- POLL 10: N=11 ---
[Inferior 1 (process 448) detached]
--- POLL 11: N=11 ---
[Inferior 1 (process 448) detached]
--- POLL 12: N=11 ---
[Inferior 1 (process 448) detached]
--- BT@POLL12 ---
[New LWP 464]
[New LWP 465]
[New LWP 466]
[New LWP 467]
[New LWP 468]
[New LWP 469]
[New LWP 470]
[Inferior 1 (process 448) detached]
--- POLL 13: N=11 ---
[Inferior 1 (process 448) detached]
--- POLL 14: N=11 ---
[Inferior 1 (process 448) detached]
--- POLL 15: N=11 ---
[Inferior 1 (process 448) detached]
--- ALIVE ---
11
--- LISTEN TCP ---
  sl  local_address rem_address   st tx_queue rx_queue tr tm->when retrnsmt   uid  timeout inode                                                     
--- HANDLES(corrected) ---
[New LWP 464]
[New LWP 465]
[New LWP 466]
[New LWP 467]
[New LWP 468]
[New LWP 469]
[New LWP 470]
[Inferior 1 (process 448) detached]
--- MAIN BT ---
[New LWP 461]
[New LWP 462]
[New LWP 463]
[New LWP 464]
[New LWP 465]
[New LWP 466]
[New LWP 467]
[New LWP 468]
[New LWP 469]
[New LWP 470]
[Inferior 1 (process 448) detached]
--- FUNC DIST ---
BT=11
--- PORT913X THREADS ---
--- SERVER THREAD ---
--- LPD LOG ---
--- INJECT TEST (busybox nc) ---
ls: cannot access '/bin/nc': No such file or directory
ls: cannot access '/usr/bin/nc': No such file or directory
-rwsr-xr-x 1 root root 820672 Aug 14 10:17 /bin/busybox
telnet
READY FOR INJECT
