UEFI firmware (version edk2-stable202408-prebuilt.qemu.org built at 16:28:50 on Sep 12 2024)
ArmTrngLib could not be correctly initialized.
Error: Image at 0013FDB6000 start failed: 00000001
Error: Image at 0013FD6D000 start failed: Not Found
Error: Image at 0013FCBA000 start failed: Unsupported
Error: Image at 0013FB5E000 start failed: Aborted
Tpm2SubmitCommand - Tcg2 - Not Found
Tpm2GetCapabilityPcrs fail!
Tpm2SubmitCommand - Tcg2 - Not Found
Image type X64 can't be loaded on AARCH64 UEFI system.
[2J[01;01H[=3h[2J[01;01H[2J[01;01H[=3h[2J[01;01HEFI stub: Decompressing Linux Kernel...
EFI stub: Loaded initrd from LINUX_EFI_INITRD_MEDIA_GUID device path
EFI stub: Generating empty DTB
EFI stub: Exiting boot services...
[    0.000000] Booting Linux on physical CPU 0x0000000000 [0x414fd0b1]
[    0.000000] Linux version 6.12.103-0-virt (buildozer@build-3-21-aarch64) (gcc (Alpine 14.2.0) 14.2.0, GNU ld (GNU Binutils) 2.43.1) #1-Alpine SMP PREEMPT_DYNAMIC 2026-08-10 14:25:03
[    0.000000] efi: EFI v2.7 by EDK II
[    0.000000] efi: SMBIOS 3.0=0x13fed0000 MEMATTR=0x13e176018 ACPI 2.0=0x13cb43018 INITRD=0x13cb40f18 MEMRESERVE=0x13cb40f98 
[    0.000000] ACPI: Early table checksum verification disabled
[    0.000000] ACPI: RSDP 0x000000013CB43018 000024 (v02 BOCHS )
[    0.000000] ACPI: XSDT 0x000000013CB43F18 000064 (v01 BOCHS  BXPC     00000001      01000013)
[    0.000000] ACPI: FACP 0x000000013CB43B18 000114 (v06 BOCHS  BXPC     00000001 BXPC 00000001)
[    0.000000] ACPI: DSDT 0x000000013CB41018 001506 (v02 BOCHS  BXPC     00000001 BXPC 00000001)
[    0.000000] ACPI: APIC 0x000000013CB43C98 0000FC (v04 BOCHS  BXPC     00000001 BXPC 00000001)
[    0.000000] ACPI: PPTT 0x000000013CB43E18 000074 (v02 BOCHS  BXPC     00000001 BXPC 00000001)
[    0.000000] ACPI: GTDT 0x000000013CB43098 000068 (v03 BOCHS  BXPC     00000001 BXPC 00000001)
[    0.000000] ACPI: MCFG 0x000000013CB43A98 00003C (v01 BOCHS  BXPC     00000001 BXPC 00000001)
[    0.000000] ACPI: SPCR 0x000000013CB43818 000050 (v02 BOCHS  BXPC     00000001 BXPC 00000001)
[    0.000000] ACPI: DBG2 0x000000013CB43A18 000057 (v00 BOCHS  BXPC     00000001 BXPC 00000001)
[    0.000000] ACPI: IORT 0x000000013CB43898 000054 (v05 BOCHS  BXPC     00000001 BXPC 00000001)
[    0.000000] ACPI: SPCR: console: pl011,mmio32,0x9000000,9600
[    0.000000] ACPI: Use ACPI SPCR as default console: Yes
[    0.000000] NUMA: Faking a node at [mem 0x0000000040000000-0x000000013fffffff]
[    0.000000] NODE_DATA(0) allocated [mem 0x13f453b80-0x13f455fff]
[    0.000000] Zone ranges:
[    0.000000]   DMA      [mem 0x0000000040000000-0x00000000ffffffff]
[    0.000000]   DMA32    empty
[    0.000000]   Normal   [mem 0x0000000100000000-0x000000013fffffff]
[    0.000000] Movable zone start for each node
[    0.000000] Early memory node ranges
[    0.000000]   node   0: [mem 0x0000000040000000-0x000000013c76ffff]
[    0.000000]   node   0: [mem 0x000000013c770000-0x000000013cb3ffff]
[    0.000000]   node   0: [mem 0x000000013cb40000-0x000000013fe1ffff]
[    0.000000]   node   0: [mem 0x000000013fe20000-0x000000013feaffff]
[    0.000000]   node   0: [mem 0x000000013feb0000-0x000000013febffff]
[    0.000000]   node   0: [mem 0x000000013fec0000-0x000000013ffdffff]
[    0.000000]   node   0: [mem 0x000000013ffe0000-0x000000013fffffff]
[    0.000000] Initmem setup node 0 [mem 0x0000000040000000-0x000000013fffffff]
[    0.000000] psci: probing for conduit method from ACPI.
[    0.000000] psci: PSCIv1.1 detected in firmware.
[    0.000000] psci: Using standard PSCI v0.2 function IDs
[    0.000000] psci: Trusted OS migration not required
[    0.000000] psci: SMC Calling Convention v1.0
[    0.000000] percpu: Embedded 33 pages/cpu s96984 r8192 d29992 u135168
[    0.000000] Detected PIPT I-cache on CPU0
[    0.000000] CPU features: detected: Spectre-v4
[    0.000000] CPU features: detected: Spectre-BHB
[    0.000000] CPU features: detected: Broken broadcast TLBI completion
[    0.000000] CPU features: detected: SSBS not fully self-synchronizing
[    0.000000] alternatives: applying boot alternatives
[    0.000000] Kernel command line: root=/dev/vda rw console=ttyAMA0 initrd=initrd
[    0.000000] Dentry cache hash table entries: 524288 (order: 10, 4194304 bytes, linear)
[    0.000000] Inode-cache hash table entries: 262144 (order: 9, 2097152 bytes, linear)
[    0.000000] Fallback order for Node 0: 0 
[    0.000000] Built 1 zonelists, mobility grouping on.  Total pages: 1048576
[    0.000000] Policy zone: Normal
[    0.000000] mem auto-init: stack:all(zero), heap alloc:on, heap free:off
[    0.000000] software IO TLB: area num 2.
[    0.000000] software IO TLB: mapped [mem 0x00000000fbfff000-0x00000000fffff000] (64MB)
[    0.000000] SLUB: HWalign=64, Order=0-3, MinObjects=0, CPUs=2, Nodes=1
[    0.000000] Dynamic Preempt: none
[    0.000000] rcu: Preemptible hierarchical RCU implementation.
[    0.000000] rcu: 	RCU restricting CPUs from NR_CPUS=4096 to nr_cpu_ids=2.
[    0.000000] 	Trampoline variant of Tasks RCU enabled.
[    0.000000] 	Tracing variant of Tasks RCU enabled.
[    0.000000] rcu: RCU calculated value of scheduler-enlistment delay is 10 jiffies.
[    0.000000] rcu: Adjusting geometry for rcu_fanout_leaf=16, nr_cpu_ids=2
[    0.000000] RCU Tasks: Setting shift to 1 and lim to 1 rcu_task_cb_adjust=1 rcu_task_cpu_ids=2.
[    0.000000] RCU Tasks Trace: Setting shift to 1 and lim to 1 rcu_task_cb_adjust=1 rcu_task_cpu_ids=2.
[    0.000000] NR_IRQS: 64, nr_irqs: 64, preallocated irqs: 0
[    0.000000] Root IRQ handler: gic_handle_irq
[    0.000000] GICv2m: ACPI overriding V2M MSI_TYPER (base:80, num:64)
[    0.000000] GICv2m: range[mem 0x08020000-0x08020fff], SPI[80:143]
[    0.000000] rcu: srcu_init: Setting srcu_struct sizes based on contention.
[    0.000000] clocksource: jiffies: mask: 0xffffffff max_cycles: 0xffffffff, max_idle_ns: 19112604462750000 ns
[    0.000000] arch_timer: cp15 timer(s) running at 62.50MHz (virt).
[    0.000000] clocksource: arch_sys_counter: mask: 0x1ffffffffffffff max_cycles: 0x1cd42e208c, max_idle_ns: 881590405314 ns
[    0.000676] sched_clock: 57 bits at 63MHz, resolution 16ns, wraps every 4398046511096ns
[    0.071721] kfence: initialized - using 2097152 bytes for 255 objects at 0x(____ptrval____)-0x(____ptrval____)
[    0.211287] Console: colour dummy device 80x25
[    0.334389] ACPI: Core revision 20240827
[    0.421161] Calibrating delay loop (skipped), value calculated using timer frequency.. 125.00 BogoMIPS (lpj=625000)
[    0.422524] pid_max: default: 32768 minimum: 301
[    0.533571] LSM: initializing lsm=lockdown,capability,landlock
[    0.680671] landlock: Up and running.
[    0.804758] Mount-cache hash table entries: 8192 (order: 4, 65536 bytes, linear)
[    0.805934] Mountpoint-cache hash table entries: 8192 (order: 4, 65536 bytes, linear)
[    2.953523] rcu: Hierarchical SRCU implementation.
[    2.954276] rcu: 	Max phase no-delay instances is 1000.
[    3.027836] Timer migration: 1 hierarchy levels; 8 children per group; 1 crossnode level
[    3.252297] Remapping and enabling EFI services.
[    3.378278] smp: Bringing up secondary CPUs ...
[    3.440300] Detected PIPT I-cache on CPU1
[    3.468876] CPU1: Booted secondary processor 0x0000000001 [0x414fd0b1]
[    3.557686] smp: Brought up 1 node, 2 CPUs
[    3.558098] SMP: Total of 2 processors activated.
[    3.558490] CPU: All CPU(s) started at EL1
[    3.560665] CPU features: detected: 32-bit EL0 Support
[    3.561978] CPU features: detected: Data cache clean to the PoU not required for I/D coherence
[    3.562456] CPU features: detected: Common not Private translations
[    3.562520] CPU features: detected: CRC32 instructions
[    3.564474] CPU features: detected: RCpc load-acquire (LDAPR)
[    3.564858] CPU features: detected: LSE atomic instructions
[    3.564982] CPU features: detected: Privileged Access Never
[    3.565025] CPU features: detected: RAS Extension Support
[    3.565396] CPU features: detected: Speculative Store Bypassing Safe (SSBS)
[    3.779054] alternatives: applying system-wide alternatives
[    3.936642] CPU features: detected: Hardware dirty bit management on CPU0-1
[    4.253316] Memory: 3995976K/4194304K available (12608K kernel code, 1950K rwdata, 7812K rodata, 1920K init, 9305K bss, 193644K reserved, 0K cma-reserved)
[    4.907288] devtmpfs: initialized
[    5.267053] futex hash table entries: 512 (order: 3, 32768 bytes, linear)
[    5.280439] 24304 pages in range for non-PLT usage
[    5.281389] 515824 pages in range for PLT usage
[    5.363534] pinctrl core: initialized pinctrl subsystem
[    5.455338] SMBIOS 3.0.0 present.
[    5.461611] DMI: QEMU QEMU Virtual Machine, BIOS edk2-stable202408-prebuilt.qemu.org 08/13/2024
[    5.476704] DMI: Memory slots populated: 1/1
[    5.751857] NET: Registered PF_NETLINK/PF_ROUTE protocol family
[    5.822252] DMA: preallocated 512 KiB GFP_KERNEL pool for atomic allocations
[    5.837256] DMA: preallocated 512 KiB GFP_KERNEL|GFP_DMA pool for atomic allocations
[    5.846306] DMA: preallocated 512 KiB GFP_KERNEL|GFP_DMA32 pool for atomic allocations
[    5.852761] audit: initializing netlink subsys (disabled)
[    5.877441] audit: type=2000 audit(2.520:1): state=initialized audit_enabled=0 res=1
[    5.925702] thermal_sys: Registered thermal governor 'step_wise'
[    5.947287] cpuidle: using governor ladder
[    5.952171] cpuidle: using governor menu
[    5.978394] hw-breakpoint: found 6 breakpoint and 4 watchpoint registers.
[    5.987746] ASID allocator initialised with 65536 entries
[    5.995486] acpiphp: ACPI Hot Plug PCI Controller Driver version: 0.5
[    6.016982] Serial: AMBA PL011 UART driver
[    6.143438] HugeTLB: registered 1.00 GiB page size, pre-allocated 0 pages
[    6.143654] HugeTLB: 0 KiB vmemmap can be freed for a 1.00 GiB page
[    6.143786] HugeTLB: registered 32.0 MiB page size, pre-allocated 0 pages
[    6.143840] HugeTLB: 0 KiB vmemmap can be freed for a 32.0 MiB page
[    6.143906] HugeTLB: registered 2.00 MiB page size, pre-allocated 0 pages
[    6.143954] HugeTLB: 0 KiB vmemmap can be freed for a 2.00 MiB page
[    6.144024] HugeTLB: registered 64.0 KiB page size, pre-allocated 0 pages
[    6.144069] HugeTLB: 0 KiB vmemmap can be freed for a 64.0 KiB page
[    6.525620] ACPI: Added _OSI(Module Device)
[    6.526054] ACPI: Added _OSI(Processor Device)
[    6.526137] ACPI: Added _OSI(Processor Aggregator Device)
[    7.391403] ACPI: 1 ACPI AML tables successfully acquired and loaded
[    7.717242] ACPI: Interpreter enabled
[    7.717565] ACPI: Using GIC for interrupt routing
[    7.749872] ACPI: MCFG table detected, 1 entries
[    8.373303] ACPI: CPU0 has been hot-added
[    8.386844] ACPI: CPU1 has been hot-added
[    8.699791] ARMH0011:00: ttyAMA0 at MMIO 0x9000000 (irq = 12, base_baud = 0) is a SBSA
[    8.733144] printk: legacy console [ttyAMA0] enabled
[    9.361770] ACPI: PCI: Interrupt link L000 configured for IRQ 35
[    9.364597] ACPI: PCI: Interrupt link L001 configured for IRQ 36
[    9.366033] ACPI: PCI: Interrupt link L002 configured for IRQ 37
[    9.367741] ACPI: PCI: Interrupt link L003 configured for IRQ 38
[    9.376680] ACPI: PCI Root Bridge [PCI0] (domain 0000 [bus 00-ff])
[    9.398601] acpi PNP0A08:00: _OSC: OS supports [ExtendedConfig ASPM ClockPM Segments MSI HPX-Type3]
[    9.470627] acpi PNP0A08:00: _OSC: platform does not support [LTR]
[    9.483805] acpi PNP0A08:00: _OSC: OS now controls [PCIeHotplug PME PCIeCapability]
[    9.519423] acpi PNP0A08:00: ECAM area [mem 0x4010000000-0x401fffffff] reserved by PNP0C02:00
[    9.526023] acpi PNP0A08:00: ECAM at [mem 0x4010000000-0x401fffffff] for [bus 00-ff]
[    9.538713] ACPI: Remapped I/O 0x000000003eff0000 to [io  0x0000-0xffff window]
[    9.593175] PCI host bridge to bus 0000:00
[    9.598687] pci_bus 0000:00: root bus resource [mem 0x10000000-0x3efeffff window]
[    9.600958] pci_bus 0000:00: root bus resource [io  0x0000-0xffff window]
[    9.602889] pci_bus 0000:00: root bus resource [mem 0x8000000000-0xffffffffff window]
[    9.606245] pci_bus 0000:00: root bus resource [bus 00-ff]
[    9.626583] pci 0000:00:00.0: [1b36:0008] type 00 class 0x060000 conventional PCI endpoint
[    9.685223] pci 0000:00:01.0: [8086:100e] type 00 class 0x020000 conventional PCI endpoint
[    9.692945] pci 0000:00:01.0: BAR 0 [mem 0x10040000-0x1005ffff]
[    9.695510] pci 0000:00:01.0: BAR 1 [io  0x0080-0x00bf]
[    9.697948] pci 0000:00:01.0: ROM [mem 0xfffc0000-0xffffffff pref]
[    9.706356] pci 0000:00:02.0: [1af4:1001] type 00 class 0x010000 conventional PCI endpoint
[    9.707843] pci 0000:00:02.0: BAR 0 [io  0x0000-0x007f]
[    9.708883] pci 0000:00:02.0: BAR 1 [mem 0x10060000-0x10060fff]
[    9.712917] pci 0000:00:02.0: BAR 4 [mem 0x8000000000-0x8000003fff 64bit pref]
[    9.734303] pci 0000:00:01.0: ROM [mem 0x10000000-0x1003ffff pref]: assigned
[    9.736432] pci 0000:00:01.0: BAR 0 [mem 0x10040000-0x1005ffff]: assigned
[    9.738258] pci 0000:00:02.0: BAR 4 [mem 0x8000000000-0x8000003fff 64bit pref]: assigned
[    9.740022] pci 0000:00:02.0: BAR 1 [mem 0x10060000-0x10060fff]: assigned
[    9.741075] pci 0000:00:02.0: BAR 0 [io  0x1000-0x107f]: assigned
[    9.742244] pci 0000:00:01.0: BAR 1 [io  0x1080-0x10bf]: assigned
[    9.745484] pci_bus 0000:00: resource 4 [mem 0x10000000-0x3efeffff window]
[    9.749583] pci_bus 0000:00: resource 5 [io  0x0000-0xffff window]
[    9.751213] pci_bus 0000:00: resource 6 [mem 0x8000000000-0xffffffffff window]
[    9.788744] iommu: Default domain type: Translated
[    9.790328] iommu: DMA domain TLB invalidation policy: lazy mode
[    9.869955] efivars: Registered efivars operations
[   10.024438] clocksource: Switched to clocksource arch_sys_counter
[   10.093857] VFS: Disk quotas dquot_6.6.0
[   10.098381] VFS: Dquot-cache hash table entries: 512 (order 0, 4096 bytes)
[   10.144696] pnp: PnP ACPI init
[   10.178374] system 00:00: [mem 0x4010000000-0x401fffffff window] could not be reserved
[   10.181620] pnp: PnP ACPI: found 1 devices
[   10.503138] NET: Registered PF_INET protocol family
[   10.521720] IP idents hash table entries: 65536 (order: 7, 524288 bytes, linear)
[   10.957148] tcp_listen_portaddr_hash hash table entries: 2048 (order: 3, 32768 bytes, linear)
[   10.965091] Table-perturb hash table entries: 65536 (order: 6, 262144 bytes, linear)
[   10.967417] TCP established hash table entries: 32768 (order: 6, 262144 bytes, linear)
[   10.973325] TCP bind hash table entries: 32768 (order: 8, 1048576 bytes, linear)
[   10.981427] TCP: Hash tables configured (established 32768 bind 32768)
[   10.996875] MPTCP token hash table entries: 4096 (order: 5, 98304 bytes, linear)
[   11.002639] UDP hash table entries: 2048 (order: 4, 65536 bytes, linear)
[   11.005706] UDP-Lite hash table entries: 2048 (order: 4, 65536 bytes, linear)
[   11.035930] NET: Registered PF_UNIX/PF_LOCAL protocol family
[   11.044029] NET: Registered PF_XDP protocol family
[   11.047006] PCI: CLS 0 bytes, default 64
[   11.065843] kvm [1]: HYP mode not available
[   11.107822] Unpacking initramfs...
[   11.119228] Initialise system trusted keyrings
[   11.175512] workingset: timestamp_bits=44 max_order=20 bucket_order=0
[   11.891216] Key type asymmetric registered
[   11.895016] Asymmetric key parser 'x509' registered
[   11.903803] Block layer SCSI generic (bsg) driver version 0.4 loaded (major 249)
[   11.917352] io scheduler mq-deadline registered
[   11.923714] io scheduler kyber registered
[   11.928804] io scheduler bfq registered
[   12.249656] ACPI: \_SB_.L002: Enabled at IRQ 37
[   12.271819] virtio-pci 0000:00:02.0: enabling device (0000 -> 0003)
[   12.390640] Serial: 8250/16550 driver, 4 ports, IRQ sharing enabled
[   12.951149] hv_vmbus: registering driver hyperv_keyboard
[   13.389516] rtc-efi rtc-efi.0: registered as rtc0
[   13.423044] rtc-efi rtc-efi.0: setting system clock to 2026-09-03T05:26:12 UTC (1788413172)
[   13.497937] NET: Registered PF_INET6 protocol family
[   13.803986] Segment Routing with IPv6
[   13.813743] In-situ OAM (IOAM) with IPv6
[   14.396624] registered taskstats version 1
[   14.499021] Loading compiled-in X.509 certificates
[   15.231110] Freeing initrd memory: 5268K
[   16.923270] Loaded X.509 cert 'alpinelinux.org: Alpine Linux kernel key: 87fa969a47f3e2a6aa35859eb932a17c95abcd82'
[   17.126725] Demotion targets for Node 0: null
[   17.143503] Key type .fscrypt registered
[   17.145997] Key type fscrypt-provisioning registered
[   17.425492] clk: Disabling unused clocks
[   17.429317] PM: genpd: Disabling unused power domains
[   17.860318] Freeing unused kernel memory: 1920K
[   17.877848] Run /init as init process
[   20.422353] Alpine Init 3.11.1-r0
Alpine Init 3.11.1-r0
[   20.503385] Loading boot drivers...
 * Loading boot drivers: [   20.870596] Loading boot drivers: ok.
ok.
SIMBOOT: kernel=6.12.103-0-virt
[   21.307806] Invalid ELF header magic: != ELF
[   21.521873] virtio_blk virtio0: 2/0/0 default/read/poll queues
[   21.667195] virtio_blk virtio0: [vda] 1411072 512-byte logical blocks (722 MB/689 MiB)
[   21.899766] Invalid ELF header magic: != ELF
[   22.012885] Invalid ELF header magic: != ELF
[   22.117628] Invalid ELF header magic: != ELF
[   22.244678] Invalid ELF header magic: != ELF
[   22.640109] Invalid ELF header magic: != ELF
[   24.075697] Invalid ELF header magic: != ELF
[   24.328128] e1000: Intel(R) PRO/1000 Network Driver
[   24.329229] e1000: Copyright (c) 1999-2006 Intel Corporation.
[   24.340123] ACPI: \_SB_.L001: Enabled at IRQ 36
[   24.342805] e1000 0000:00:01.0: enabling device (0000 -> 0003)
[   25.572621] e1000 0000:00:01.0 eth0: (PCI:33MHz:32-bit) 52:54:00:12:34:56
[   25.615284] e1000 0000:00:01.0 eth0: Intel(R) PRO/1000 Network Connection
Module                  Size  Used by    Not tainted
e1000                 163840  0 
ext4                  929792  0 
jbd2                  172032  1 ext4
mbcache                20480  1 ext4
crc32c_generic         12288  0 
crc16                  12288  1 ext4
virtio_blk             24576  0 
[   27.525344] EXT4-fs (vda): mounted filesystem 1799a7eb-09df-4b80-8c57-0424de58e445 r/w with ordered data mode. Quota mode: none.
SIMBOOT: root mounted rw, running real mfp.afx with binder stub
[   48.859875] e1000: eth0 NIC Link is Up 1000 Mbps Full Duplex, Flow Control: RX
=== VHAL: fetch toolchain ===
VHAL_WGET_TC_RC=0
-rw-r--r-- 1 root root 239206400 Sep  3 05:28 /tmp/musl-native.tar
VHAL_WGET_SRC_RC=0
-rw-r--r-- 1 root root 13902 Sep  3 05:28 /tmp/virtual_hal.c
=== VHAL: extract ===
VHAL_TAR_RC=0
-rwxr-xr-x 3 1000 1000 1428240 Nov 22  2021 /tmp/aarch64-linux-musl-native/bin/aarch64-linux-musl-gcc
=== VHAL: compile ===
VHAL_GCC_RC=0
-rwxr-xr-x 1 root root 17056 Sep  3 05:28 /lib/virtual_hal.so
=== VHAL: done ===
MFP_PID=475
--- POLL 1: N=11 ---
POLL: early init (N=11), wait before gdb patch
[ 1374.120758] rcu: INFO: rcu_preempt detected stalls on CPUs/tasks:
[ 1374.624562] watchdog: BUG: soft lockup - CPU#0 stuck for 1103s! [mfp.afx:482]
[ 1375.014768] rcu: 	(detected by 1, t=118336 jiffies, g=6201, q=82 ncpus=2)
[ 1375.435044] Modules linked in:
[ 1375.445170] rcu: All QSes seen, last rcu_preempt kthread activity 118336 (4295074069-4294955733), jiffies_till_next_fqs=1, root ->qsmask 0x0
[ 1375.548968]  e1000 ext4 jbd2 mbcache crc32c_generic crc16 virtio_blk
[ 1375.913425] CPU: 0 UID: 0 PID: 482 Comm: mfp.afx Not tainted 6.12.103-0-virt #1-Alpine
[ 1375.915316] Hardware name: QEMU QEMU Virtual Machine, BIOS edk2-stable202408-prebuilt.qemu.org 08/13/2024
[ 1375.917269] rcu: rcu_preempt kthread starved for 118336 jiffies! g6201 f0x2 RCU_GP_WAIT_FQS(5) ->state=0x0 ->cpu=0
[ 1376.014397] pstate: 80400005 (Nzcv daif +PAN -UAO -TCO -DIT -SSBS BTYPE=--)
[ 1376.265447] pc : el0_svc+0x30/0x1a0
[ 1376.401334] lr : el0_svc+0x28/0x1a0
[ 1376.797454] sp : ffff80008284be80
[ 1376.797811] x29: ffff80008284be80 x28: ffff0000c03d0000 x27: 0000000000000000
[ 1376.798778] x26: 0000000000000000 x25: 0000000000000000 x24: 0000000000000000
[ 1376.798916] x23: 0000000080001000 x22: 0000ffff8cca61a8 x21: 00000000ffffffff
[ 1376.799055] x20: ffff80007de93000 x19: ffff80008284beb0 x18: 0000000000000000
[ 1376.799292] x17: 0000000000000000 x16: 0000000000000000 x15: 0000000000000000
[ 1376.799497] x14: 0000000000000000 x13: 0000000000000000 x12: 0000000000000000
[ 1376.799627] x11: 0000000000000000 x10: 0000000000000000 x9 : 0000000000000000
[ 1376.923889] x8 : 0000000000000000 x7 : 0000000000000000 x6 : 0000000000000000
[ 1376.924081] x5 : 0000000000000000 x4 : 0000000000000000 x3 : 0000000000000000
[ 1376.924261] x2 : 0000000000000000 x1 : 0000000000000000 x0 : 0000000000000000
[ 1376.927191] Call trace:
[ 1376.927447]  el0_svc+0x30/0x1a0
[ 1377.154626]  el0t_64_sync_handler+0xe0/0x100
[ 1377.154946]  el0t_64_sync+0x190/0x194
[ 1378.407692] random: crng init done
[ 1378.490744] rcu: 	Unless rcu_preempt kthread gets sufficient CPU time, OOM is now expected behavior.
[ 1378.491050] rcu: RCU grace-period kthread stack dump:
[ 1378.547228] task:rcu_preempt     state:R  running task     stack:0     pid:18    tgid:18    ppid:2      flags:0x00000008
[ 1378.712204] Call trace:
[ 1378.748527]  __switch_to+0xe8/0x160
[ 1378.771415]  __schedule+0x394/0x1808
[ 1378.773336]  schedule+0x34/0x120
[ 1378.774180]  schedule_timeout+0x94/0x1b8
[ 1378.810726]  rcu_gp_fqs_loop+0x120/0x524
[ 1378.859660]  rcu_gp_kthread+0x144/0x18c
[ 1378.862625]  kthread+0x110/0x114
[ 1378.863506]  ret_from_fork+0x10/0x20
[ 1378.917230] rcu: Stack dump where RCU GP kthread last ran:
[ 1379.188432] Sending NMI from CPU 1 to CPUs 0:
[ 1379.224131] NMI backtrace for cpu 0
[ 1379.226086] CPU: 0 UID: 0 PID: 477 Comm: pub_client Tainted: G             L     6.12.103-0-virt #1-Alpine
[ 1379.226384] Tainted: [L]=SOFTLOCKUP
[ 1379.226431] Hardware name: QEMU QEMU Virtual Machine, BIOS edk2-stable202408-prebuilt.qemu.org 08/13/2024
[ 1379.226469] pstate: 60400005 (nZCv daif +PAN -UAO -TCO -DIT -SSBS BTYPE=--)
[ 1379.226533] pc : _raw_spin_unlock_irqrestore+0x20/0x60
[ 1379.226637] lr : skb_dequeue+0x90/0xb8
[ 1379.226693] sp : ffff80008282bbd0
[ 1379.226715] x29: ffff80008282bbd0 x28: ffff0000c27fbe40 x27: 0000000000000000
[ 1379.226836] x26: 0000000000000003 x25: ffff0000c16f1400 x24: 0000000000000000
[ 1379.226936] x23: ffff0000c16f10a8 x22: ffff0000c16f1080 x21: ffff0000c16f10bc
[ 1379.227024] x20: ffff0000c16f10bc x19: 0000000000000000 x18: 0000000000000000
[ 1379.379807] x17: 0000000000000000 x16: 0000000000000000 x15: 0000000000000000
[ 1379.380658] x14: 0000000000000000 x13: 0000000000000000 x12: 0000000000000000
[ 1379.380715] x11: 0000000000000000 x10: 0000000000000000 x9 : 0000000000000000
[ 1379.380769] x8 : 0000000000000000 x7 : 0000000000000000 x6 : 0000000000000000
[ 1379.380818] x5 : ffff0000df138700 x4 : 0000000000000000 x3 : 0000000000000000
[ 1379.380871] x2 : 0000000000000000 x1 : 0000000000000000 x0 : ffff0000c16f10bc
[ 1379.380925] Call trace:
[ 1379.380965]  _raw_spin_unlock_irqrestore+0x20/0x60
[ 1379.381036]  skb_dequeue+0x90/0xb8
[ 1379.381066]  unix_release_sock+0x1d0/0x494
[ 1379.381104]  unix_release+0x3c/0x64
[ 1379.381131]  __sock_release+0x44/0xd8
[ 1379.381161]  sock_close+0x20/0x40
[ 1379.381186]  __fput+0xd0/0x308
[ 1379.381220]  __fput_sync+0x74/0xa0
[ 1379.381250]  __arm64_sys_close+0x3c/0x88
[ 1379.381276]  invoke_syscall+0x70/0x104
[ 1379.381316]  el0_svc_common.constprop.0+0x54/0x128
[ 1379.381350]  do_el0_svc+0x28/0x54
[ 1379.381380]  el0_svc+0x38/0x1a0
[ 1379.381413]  el0t_64_sync_handler+0xe0/0x100
[ 1379.381447]  el0t_64_sync+0x190/0x194
[ 1385.551248] hrtimer: interrupt took 93795504 ns
--- POLL 2: N=11 ---
POLL: early init (N=11), wait before gdb patch
--- POLL 3: N=11 ---
POLL: early init (N=11), wait before gdb patch
--- POLL 4: N=11 ---
POLL: early init (N=11), wait before gdb patch
--- POLL 5: N=24 ---
POLL: early init (N=24), wait before gdb patch
--- POLL 6: N=44 ---
[Thread debugging using libthread_db enabled]
Using host libthread_db library "/lib64/libthread_db.so.1".
0x0000ffff8bb21ae4 in clock_nanosleep () from /lib64/libc.so.6
B4: 5c=0 7c=0 80=0 82=0
AF: 5c=1 7c=1 80=1 82=1
[Inferior 1 (process 475) detached]
--- POLL 7: N=131 ---
POLL: passed print_info_status_init (N=131)
--- ALIVE ---
169
--- LISTEN TCP ---
  sl  local_address rem_address   st tx_queue rx_queue tr tm->when retrnsmt   uid  timeout inode                                                     
   0: 00000000:BB71 00000000:0000 0A 00000000:00000000 00:00000000 00000000     0        0 104450 1 000000003975b5bc 100 0 0 10 0                    
SIMBOOT_LPD_HEX=BB71
SIMBOOT_LPD_PORT=47985
--- HALD LOG ---
2147483648 hal_daemon process plog lib init 
--- PLOGD LOG ---
--- CMD REG TABLE ---
[New LWP 685]
[New LWP 686]
[New LWP 687]
[New LWP 688]
[New LWP 689]
[New LWP 690]
[New LWP 691]
[New LWP 692]
[New LWP 693]
[New LWP 694]
[New LWP 695]
[New LWP 696]
[New LWP 697]
[New LWP 698]
[New LWP 699]
[New LWP 700]
[New LWP 701]
[New LWP 702]
[New LWP 703]
[New LWP 704]
[New LWP 705]
[New LWP 706]
[New LWP 707]
[New LWP 708]
[Thread debugging using libthread_db enabled]
Using host libthread_db library "/lib64/libthread_db.so.1".
0x0000ffff8bb21ae0 in clock_nanosleep () from /lib64/libc.so.6
warning: could not convert '$h' from the host encoding (ANSI_X3.4-1968) to UTF-32.
This normally should not happen, please file a bug report.
node=0x22554d00 cmd=0xd cb=0x6b7570 arg=(nil)
node=0x22554a30 cmd=0x7 cb=0x6974e4 arg=(nil)
node=0x2255ee10 cmd=0xa cb=0x74fbcc arg=(nil)
node=0x2255ee40 cmd=0xe cb=0x74fb0c arg=(nil)
node=0x22561280 cmd=0 cb=0x73b71c arg=(nil)
node=0x225619f0 cmd=0xc cb=0x6b8588 arg=(nil)
node=0x22561060 cmd=0x6 cb=0x6cc6f8 arg=(nil)
node=0x22564070 cmd=0x11 cb=0x6a77cc arg=(nil)
node=0x22587f90 cmd=0xf cb=0x4b01f0 arg=(nil)
node=0x22587fc0 cmd=0x2 cb=0x4b03a8 arg=(nil)
node=0x22631510 cmd=0x3 cb=0x70aba0 arg=(nil)
node=0x2265b480 cmd=0x1 cb=0x722310 arg=(nil)
node=0x2266f680 cmd=0xb cb=0x678d20 arg=0x2265b6f0
node=0x2266f6b0 cmd=0x10 cb=0x679120 arg=0x2265b6f0
node=0x226c6070 cmd=0x4 cb=0x74105c arg=(nil)
node=0x910e20 cmd=0x1 cb=0x100000001 arg=0x30b00002
node=0x22554d00 cmd=0xd cb=0x6b7570 arg=(nil)
node=0x22554a30 cmd=0x7 cb=0x6974e4 arg=(nil)
node=0x2255ee10 cmd=0xa cb=0x74fbcc arg=(nil)
node=0x2255ee40 cmd=0xe cb=0x74fb0c arg=(nil)
node=0x22561280 cmd=0 cb=0x73b71c arg=(nil)
node=0x225619f0 cmd=0xc cb=0x6b8588 arg=(nil)
node=0x22561060 cmd=0x6 cb=0x6cc6f8 arg=(nil)
node=0x22564070 cmd=0x11 cb=0x6a77cc arg=(nil)
node=0x22587f90 cmd=0xf cb=0x4b01f0 arg=(nil)
node=0x22587fc0 cmd=0x2 cb=0x4b03a8 arg=(nil)
node=0x22631510 cmd=0x3 cb=0x70aba0 arg=(nil)
node=0x2265b480 cmd=0x1 cb=0x722310 arg=(nil)
node=0x2266f680 cmd=0xb cb=0x678d20 arg=0x2265b6f0
node=0x2266f6b0 cmd=0x10 cb=0x679120 arg=0x2265b6f0
node=0x226c6070 cmd=0x4 cb=0x74105c arg=(nil)
node=0x910e20 cmd=0x1 cb=0x100000001 arg=0x30b00002
node=0x22554d00 cmd=0xd cb=0x6b7570 arg=(nil)
node=0x22554a30 cmd=0x7 cb=0x6974e4 arg=(nil)
node=0x2255ee10 cmd=0xa cb=0x74fbcc arg=(nil)
node=0x2255ee40 cmd=0xe cb=0x74fb0c arg=(nil)
node=0x22561280 cmd=0 cb=0x73b71c arg=(nil)
node=0x225619f0 cmd=0xc cb=0x6b8588 arg=(nil)
node=0x22561060 cmd=0x6 cb=0x6cc6f8 arg=(nil)
node=0x22564070 cmd=0x11 cb=0x6a77cc arg=(nil)
node=0x22587f90 cmd=0xf cb=0x4b01f0 arg=(nil)
node=0x22587fc0 cmd=0x2 cb=0x4b03a8 arg=(nil)
node=0x22631510 cmd=0x3 cb=0x70aba0 arg=(nil)
node=0x2265b480 cmd=0x1 cb=0x722310 arg=(nil)
node=0x2266f680 cmd=0xb cb=0x678d20 arg=0x2265b6f0
node=0x2266f6b0 cmd=0x10 cb=0x679120 arg=0x2265b6f0
node=0x226c6070 cmd=0x4 cb=0x74105c arg=(nil)
node=0x910e20 cmd=0x1 cb=0x100000001 arg=0x30b00002
node=0x22554d00 cmd=0xd cb=0x6b7570 arg=(nil)
node=0x22554a30 cmd=0x7 cb=0x6974e4 arg=(nil)
node=0x2255ee10 cmd=0xa cb=0x74fbcc arg=(nil)
node=0x2255ee40 cmd=0xe cb=0x74fb0c arg=(nil)
node=0x22561280 cmd=0 cb=0x73b71c arg=(nil)
node=0x225619f0 cmd=0xc cb=0x6b8588 arg=(nil)
node=0x22561060 cmd=0x6 cb=0x6cc6f8 arg=(nil)
node=0x22564070 cmd=0x11 cb=0x6a77cc arg=(nil)
node=0x22587f90 cmd=0xf cb=0x4b01f0 arg=(nil)
node=0x22587fc0 cmd=0x2 cb=0x4b03a8 arg=(nil)
node=0x22631510 cmd=0x3 cb=0x70aba0 arg=(nil)
node=0x2265b480 cmd=0x1 cb=0x722310 arg=(nil)
[Inferior 1 (process 475) detached]
--- LPD ENABLE ---
[Thread debugging using libthread_db enabled]
Using host libthread_db library "/lib64/libthread_db.so.1".
0x0000ffff8bb21ae0 in clock_nanosleep () from /lib64/libc.so.6
warning: could not convert '$h' from the host encoding (ANSI_X3.4-1968) to UTF-32.
This normally should not happen, please file a bug report.
HANDLE=0x2265b6f0
CTX=0x226a2360 SW_B4=0
SW_AF=1
SETSWITCH_RC=0
LPD_PROLOG_RC=0
WIRED_RC=1
[Inferior 1 (process 475) detached]
--- LPD PORTS AFTER ---
PORTS_T+10
local_address st
00000000:BB71 0A
PORTS_T+20
local_address st
00000000:BB71 0A
PORTS_T+30
local_address st
00000000:BB71 0A
PORTS_T+40
local_address st
00000000:BB71 0A
PORTS_T+50
local_address st
00000000:BB71 0A
PORTS_T+60
local_address st
00000000:BB71 0A
PORTS_T+70
local_address st
00000000:BB71 0A
PORTS_T+80
local_address st
00000000:BB71 0A
PORTS_T+90
local_address st
00000000:BB71 0A
PORTS_T+100
local_address st
00000000:BB71 0A
PORTS_T+110
local_address st
00000000:BB71 0A
PORTS_T+120
local_address st
00000000:BB71 0A
PORTS_T+130
local_address st
00000000:BB71 0A
PORTS_T+140
local_address st
00000000:BB71 0A
PORTS_T+150
local_address st
00000000:BB71 0A
PORTS_T+160
local_address st
00000000:BB71 0A
PORTS_T+170
local_address st
00000000:BB71 0A
PORTS_T+180
local_address st
00000000:BB71 0A
PORTS_T+190
local_address st
00000000:BB71 0A
PORTS_T+200
local_address st
00000000:BB71 0A
PORTS_T+210
local_address st
00000000:BB71 0A
PORTS_T+220
local_address st
00000000:BB71 0A
PORTS_T+230
local_address st
00000000:BB71 0A
PORTS_T+240
local_address st
00000000:BB71 0A
--- PORTS ALL ---
local_address st
00000000:BB71 0A
TRACE GDB STARTED
READY FOR INJECT
--- MID PORTS ---
local_address st
00000000:BB71 0A
0F02000A:BB71 08
--- GDB TRACE ---
[New LWP 697]
[New LWP 698]
[New LWP 699]
[New LWP 700]
[New LWP 701]
[New LWP 702]
[New LWP 703]
[New LWP 704]
[New LWP 705]
[New LWP 706]
[New LWP 707]
[New LWP 708]
[New LWP 733]
[Thread debugging using libthread_db enabled]
Using host libthread_db library "/lib64/libthread_db.so.1".
0x0000ffff8bb21ae0 in clock_nanosleep () from /lib64/libc.so.6
Breakpoint 1 at 0x683e0c: file net/lpd/lpd.c, line 560.
Breakpoint 2 at 0x68365c: file net/lpd/lpd.c, line 421.
Breakpoint 3 at 0x6830a4: file net/lpd/lpd.c, line 340.
Breakpoint 4 at 0x68236c: file net/lpd/lpd.c, line 221.
Breakpoint 5 at 0x6831e8: file net/lpd/lpd.c, line 360.
Breakpoint 6 at 0x74c960: file pedk_manager/pedk_mgr.c, line 357.
Breakpoint 7 at 0x74c38c: file pedk_manager/pedk_mgr.c, line 205.
Breakpoint 8 at 0x6b7570: file system_manager/job_pedkapi.c, line 591.
Breakpoint 9 at 0x6b6adc: file system_manager/job_pedkapi.c, line 272.
Breakpoint 10 at 0x6b6b64: file system_manager/job_pedkapi.c, line 300.
Breakpoint 11 at 0x6b7060: file system_manager/job_pedkapi.c, line 449.
Breakpoint 12 at 0x6b740c: file system_manager/job_pedkapi.c, line 551.
Breakpoint 13 at 0x6b7500: file system_manager/job_pedkapi.c, line 578.
Breakpoint 14 at 0x6b7158: file system_manager/job_pedkapi.c, line 476.
--- MFP LOG SIZE ---
88403358 /tmp/mfp.log
--- MFP LOG RAW tail ---
--- VHAL LOG ---
220406 /tmp/vhal.log
[vhal] gpio_get id=: 0x00000087
 -> : 0x00000000
[vhal] gpio_get id=: 0x00000087
 -> : 0x00000000
[vhal] gpio_get id=: 0x00000087
 -> : 0x00000000
[vhal] gpio_get id=: 0x00000087
 -> : 0x00000000
[vhal] gpio_get id=: 0x00000087
 -> : 0x00000000
[vhal] gpio_get id=: 0x00000087
 -> : 0x00000000
[vhal] gpio_get id=: 0x00000087
 -> : 0x00000000
[vhal] gpio_get id=: 0x00000087
 -> : 0x00000000
[vhal] gpio_get id=: 0x00000087
 -> : 0x00000000
[vhal] gpio_get id=: 0x00000087
 -> : 0x00000000
[vhal] gpio_get id=: 0x00000087
 -> : 0x00000000
[vhal] gpio_get id=: 0x00000087
 -> : 0x00000000
[vhal] gpio_get id=: 0x00000087
 -> : 0x00000000
[vhal] gpio_get id=: 0x00000087
 -> : 0x00000000
[vhal] gpio_get id=: 0x00000087
 -> : 0x00000000
[vhal] gpio_get id=: 0x00000087
 -> : 0x00000000
[vhal] gpio_get id=: 0x00000087
 -> : 0x00000000
[vhal] gpio_get id=: 0x00000087
 -> : 0x00000000
[vhal] gpio_get id=: 0x00000087
 -> : 0x00000000
[vhal] gpio_get id=: 0x00000087
 -> : 0x00000000
[vhal] gpio_get id=: 0x00000087
 -> : 0x00000000
[vhal] gpio_get id=: 0x00000087
 -> : 0x00000000
[vhal] gpio_get id=: 0x00000087
 -> : 0x00000000
[vhal] gpio_get id=: 0x00000087
 -> : 0x00000000
[vhal] gpio_get id=: 0x00000087
 -> : 0x00000000
[vhal] gpio_get id=: 0x00000087
 -> : 0x00000000
[vhal] gpio_get id=: 0x00000087
 -> : 0x00000000
[vhal] gpio_get id=: 0x00000087
 -> : 0x00000000
[vhal] gpio_get id=: 0x00000087
 -> : 0x00000000
[vhal] gpio_get id=: 0x00000087
 -> : 0x00000000
[vhal] gpio_get id=: 0x00000087
 -> : 0x00000000
[vhal] gpio_get id=: 0x00000087
 -> : 0x00000000
[vhal] gpio_get id=: 0x00000087
 -> : 0x00000000
[vhal] gpio_get id=: 0x00000087
 -> : 0x00000000
[vhal] gpio_get id=: 0x00000087
 -> : 0x00000000
[vhal] gpio_get id=: 0x00000087
 -> : 0x00000000
[vhal] gpio_get id=: 0x00000087
 -> : 0x00000000
[vhal] gpio_get id=: 0x00000087
 -> : 0x00000000
[vhal] gpio_get id=: 0x00000087
 -> : 0x00000000
[vhal] gpio_get id=: 0x00000087
 -> : 0x00000000
[vhal] gpio_get id=: 0x00000087
 -> : 0x00000000
[vhal] gpio_get id=: 0x00000087
 -> : 0x00000000
[vhal] gpio_get id=: 0x00000087
 -> : 0x00000000
[vhal] gpio_get id=: 0x00000087
 -> : 0x00000000
[vhal] gpio_get id=: 0x00000087
 -> : 0x00000000
[vhal] gpio_get id=: 0x00000087
 -> : 0x00000000
[vhal] gpio_get id=: 0x00000087
 -> : 0x00000000
[vhal] gpio_get id=: 0x00000087
 -> : 0x00000000
[vhal] gpio_get id=: 0x00000087
 -> : 0x00000000
[vhal] gpio_get id=: 0x00000087
 -> : 0x00000000
[vhal] gpio_get id=: 0x00000087
 -> : 0x00000000
[vhal] gpio_get id=: 0x00000087
 -> : 0x00000000
[vhal] gpio_get id=: 0x00000087
 -> : 0x00000000
[vhal] gpio_get id=: 0x00000087
 -> : 0x00000000
[vhal] gpio_get id=: 0x00000087
 -> : 0x00000000
[vhal] gpio_get id=: 0x00000087
 -> : 0x00000000
[vhal] gpio_get id=: 0x00000087
 -> : 0x00000000
[vhal] gpio_get id=: 0x00000087
 -> : 0x00000000
[vhal] gpio_get id=: 0x00000087
 -> : 0x00000000
[vhal] gpio_get id=: 0x00000087
 -> : 0x00000000
[vhal] gpio_get id=: 0x00000087
 -> : 0x00000000
[vhal] gpio_get id=: 0x00000087
 -> : 0x00000000
[vhal] gpio_get id=: 0x00000087
 -> : 0x00000000
[vhal] gpio_get id=: 0x00000087
 -> : 0x00000000
[vhal] gpio_get id=: 0x00000087
 -> : 0x00000000
[vhal] gpio_get id=: 0x00000087
 -> : 0x00000000
[vhal] gpio_get id=: 0x00000087
 -> : 0x00000000
[vhal] gpio_get id=: 0x00000087
 -> : 0x00000000
[vhal] gpio_get id=: 0x00000087
 -> : 0x00000000
[vhal] gpio_get id=: 0x00000087
 -> : 0x00000000
[vhal] gpio_get id=: 0x00000087
 -> : 0x00000000
[vhal] gpio_get id=: 0x00000087
 -> : 0x00000000
[vhal] gpio_get id=: 0x00000087
 -> : 0x00000000
[vhal] gpio_get id=: 0x00000087
 -> : 0x00000000
[vhal] gpio_get id=: 0x00000087
 -> : 0x00000000
--- VHAL UPLOAD ---
VHAL_UPLOAD_RC=0
[ 3571.126103] mfp.afx invoked oom-killer: gfp_mask=0x140cca(GFP_HIGHUSER_MOVABLE|__GFP_COMP), order=0, oom_score_adj=0
[ 3571.140933] CPU: 0 UID: 0 PID: 627 Comm: mfp.afx Tainted: G             L     6.12.103-0-virt #1-Alpine
[ 3571.142334] Tainted: [L]=SOFTLOCKUP
[ 3571.142552] Hardware name: QEMU QEMU Virtual Machine, BIOS edk2-stable202408-prebuilt.qemu.org 08/13/2024
[ 3571.142610] Call trace:
[ 3571.142652]  dump_backtrace+0xf0/0x140
[ 3571.146485]  show_stack+0x28/0x4c
[ 3571.146516]  dump_stack_lvl+0x60/0x94
[ 3571.146606]  dump_stack+0x18/0x30
[ 3571.146628]  dump_header+0x40/0x1a0
[ 3571.146661]  oom_kill_process+0x2cc/0x348
[ 3571.147214]  out_of_memory+0xec/0x5c8
[ 3571.147240]  __alloc_pages_noprof+0xa7c/0xf60
[ 3571.147681]  alloc_pages_mpol_noprof+0x94/0x24c
[ 3571.147717]  alloc_pages_noprof+0x5c/0xf4
[ 3571.147741]  folio_alloc_noprof+0x24/0xa0
[ 3571.147761]  filemap_alloc_folio_noprof+0x154/0x160
[ 3571.147803]  __filemap_get_folio+0x224/0x3cc
[ 3571.147820]  filemap_fault+0x118/0x89c
[ 3571.147836]  __do_fault+0x3c/0x140
[ 3571.147872]  __handle_mm_fault+0xaec/0x17e0
[ 3571.147959]  handle_mm_fault+0xc8/0x320
[ 3571.147990]  do_page_fault+0x134/0x600
[ 3571.148409]  do_translation_fault+0x100/0x140
[ 3571.148434]  do_mem_abort+0x4c/0xc0
[ 3571.148736]  el0_ia+0x68/0x184
[ 3571.148758]  el0t_64_sync_handler+0xc0/0x100
[ 3571.148780]  el0t_64_sync+0x190/0x194
[ 3571.154098] Mem-Info:
[ 3571.154489] active_anon:25661 inactive_anon:950882 isolated_anon:0
[ 3571.154489]  active_file:9 inactive_file:10 isolated_file:0
[ 3571.154489]  unevictable:2911 dirty:0 writeback:0
[ 3571.154489]  slab_reclaimable:1193 slab_unreclaimable:3030
[ 3571.154489]  mapped:319 shmem:152856 pagetables:1905
[ 3571.154489]  sec_pagetables:0 bounce:0
[ 3571.154489]  kernel_misc_reclaimable:0
[ 3571.154489]  free:12086 free_pcp:0 free_cma:0
[ 3571.157136] Node 0 active_anon:3803528kB inactive_anon:102644kB active_file:36kB inactive_file:40kB unevictable:11644kB isolated(anon):0kB isolated(file):0kB mapped:1276kB dirty:0kB writeback:0kB shmem:611424kB shmem_thp:0kB shmem_pmdmapped:0kB anon_thp:274432kB writeback_tmp:0kB kernel_stack:4176kB pagetables:7620kB sec_pagetables:0kB all_unreclaimable? no
[ 3571.158299] Node 0 DMA free:37796kB boost:0kB min:34308kB low:42884kB high:51460kB reserved_highatomic:0KB active_anon:19656kB inactive_anon:2982788kB active_file:492kB inactive_file:428kB unevictable:0kB writepending:0kB present:3145728kB managed:3048256kB mlocked:0kB bounce:0kB free_pcp:0kB local_pcp:0kB free_cma:0kB
[ 3571.159914] lowmem_reserve[]: 0 0 931 931
[ 3571.162754] Node 0 Normal free:10548kB boost:0kB min:10744kB low:13428kB high:16112kB reserved_highatomic:0KB active_anon:82988kB inactive_anon:820740kB active_file:0kB inactive_file:228kB unevictable:11644kB writepending:0kB present:1048576kB managed:959592kB mlocked:0kB bounce:0kB free_pcp:0kB local_pcp:0kB free_cma:0kB
[ 3571.164306] lowmem_reserve[]: 0 0 0 0
[ 3571.164792] Node 0 DMA: 250*4kB (UM) 189*8kB (UME) 144*16kB (UME) 69*32kB (UME) 27*64kB (UME) 20*128kB (UME) 13*256kB (UME) 11*512kB (UE) 6*1024kB (UM) 2*2048kB (ME) 2*4096kB (UM) = 38704kB
[ 3571.166256] Node 0 Normal: 165*4kB (UME) 54*8kB (UME) 54*16kB (UME) 26*32kB (UME) 16*64kB (UME) 5*128kB (UME) 8*256kB (ME) 7*512kB (UME) 1*1024kB (M) 0*2048kB 0*4096kB = 11108kB
[ 3571.167107] Node 0 hugepages_total=0 hugepages_free=0 hugepages_surp=0 hugepages_size=1048576kB
[ 3571.167440] Node 0 hugepages_total=0 hugepages_free=0 hugepages_surp=0 hugepages_size=32768kB
[ 3571.167710] Node 0 hugepages_total=0 hugepages_free=0 hugepages_surp=0 hugepages_size=2048kB
[ 3571.167972] Node 0 hugepages_total=0 hugepages_free=0 hugepages_surp=0 hugepages_size=64kB
[ 3571.168294] 155854 total pagecache pages
[ 3571.168445] 0 pages in swap cache
[ 3571.168566] Free swap  = 0kB
[ 3571.168674] Total swap = 0kB
[ 3571.168850] 1048576 pages RAM
[ 3571.168961] 0 pages HighMem/MovableOnly
[ 3571.169094] 46614 pages reserved
[ 3571.169257] Tasks state (memory values in pages):
[ 3571.169428] [  pid  ]   uid  tgid total_vm      rss rss_anon rss_file rss_shmem pgtables_bytes swapents oom_score_adj name
[ 3571.169965] [    419]     0   419     1021      162      128       34         0    40960        0             0 sh
[ 3571.170590] [    454]     0   454     5926      282      256       26         0    61440        0             0 hal_daemon
[ 3571.170960] [    475]     0   475  1193289   776745   776714       31         0  7118848        0             0 mfp.afx
[ 3571.171304] [    812]     0   812    59028    23695    23652       43         0   274432        0             0 gdb
[ 3571.171647] [    833]     0   833    23455    22759    22737       22         0   225280        0             0 wget
[ 3571.172232] oom-kill:constraint=CONSTRAINT_NONE,nodemask=(null),cpuset=/,mems_allowed=0,global_oom,task_memcg=/,task=mfp.afx,pid=475,uid=0
[ 3571.183176] Out of memory: Killed process 475 (mfp.afx) total-vm:4773156kB, anon-rss:3106856kB, file-rss:124kB, shmem-rss:0kB, UID:0 pgtables:6952kB oom_score_adj:0
MFP_UPLOAD_RC=0
KEEPING MFP ALIVE (pid 475)
SIMBOOT: mfp run finished, keeping shell
/bin/sh: can't access tty; job control turned off
~ # [6n[ 3574.213335] oom_reaper: reaped process 475 (mfp.afx), now anon-rss:88kB, file-rss:0kB, shmem-rss:0kB
