UEFI firmware (version edk2-stable202408-prebuilt.qemu.org built at 16:28:50 on Sep 12 2024)
ArmTrngLib could not be correctly initialized.
Error: Image at 000BFDB6000 start failed: 00000001
Error: Image at 000BFD6D000 start failed: Not Found
Error: Image at 000BFCBA000 start failed: Unsupported
Error: Image at 000BFB5E000 start failed: Aborted
Tpm2SubmitCommand - Tcg2 - Not Found
Tpm2GetCapabilityPcrs fail!
Tpm2SubmitCommand - Tcg2 - Not Found
Image type X64 can't be loaded on AARCH64 UEFI system.
[2J[01;01H[=3h[2J[01;01H[2J[01;01H[=3h[2J[01;01HEFI stub: Decompressing Linux Kernel...
EFI stub: Loaded initrd from LINUX_EFI_INITRD_MEDIA_GUID device path
EFI stub: Generating empty DTB
EFI stub: Exiting boot services...
[    0.000000] Booting Linux on physical CPU 0x0000000000 [0x414fd0b1]
[    0.000000] Linux version 6.12.103-0-virt (buildozer@build-3-21-aarch64) (gcc (Alpine 14.2.0) 14.2.0, GNU ld (GNU Binutils) 2.43.1) #1-Alpine SMP PREEMPT_DYNAMIC 2026-08-10 14:25:03
[    0.000000] efi: EFI v2.7 by EDK II
[    0.000000] efi: SMBIOS 3.0=0xbfed0000 MEMATTR=0xbe18a018 ACPI 2.0=0xbcb43018 INITRD=0xbcb40f18 MEMRESERVE=0xbcb40f98 
[    0.000000] ACPI: Early table checksum verification disabled
[    0.000000] ACPI: RSDP 0x00000000BCB43018 000024 (v02 BOCHS )
[    0.000000] ACPI: XSDT 0x00000000BCB43F18 000064 (v01 BOCHS  BXPC     00000001      01000013)
[    0.000000] ACPI: FACP 0x00000000BCB43B18 000114 (v06 BOCHS  BXPC     00000001 BXPC 00000001)
[    0.000000] ACPI: DSDT 0x00000000BCB41018 001506 (v02 BOCHS  BXPC     00000001 BXPC 00000001)
[    0.000000] ACPI: APIC 0x00000000BCB43C98 0000FC (v04 BOCHS  BXPC     00000001 BXPC 00000001)
[    0.000000] ACPI: PPTT 0x00000000BCB43E18 000074 (v02 BOCHS  BXPC     00000001 BXPC 00000001)
[    0.000000] ACPI: GTDT 0x00000000BCB43098 000068 (v03 BOCHS  BXPC     00000001 BXPC 00000001)
[    0.000000] ACPI: MCFG 0x00000000BCB43A98 00003C (v01 BOCHS  BXPC     00000001 BXPC 00000001)
[    0.000000] ACPI: SPCR 0x00000000BCB43818 000050 (v02 BOCHS  BXPC     00000001 BXPC 00000001)
[    0.000000] ACPI: DBG2 0x00000000BCB43A18 000057 (v00 BOCHS  BXPC     00000001 BXPC 00000001)
[    0.000000] ACPI: IORT 0x00000000BCB43898 000054 (v05 BOCHS  BXPC     00000001 BXPC 00000001)
[    0.000000] ACPI: SPCR: console: pl011,mmio32,0x9000000,9600
[    0.000000] ACPI: Use ACPI SPCR as default console: Yes
[    0.000000] NUMA: Faking a node at [mem 0x0000000040000000-0x00000000bfffffff]
[    0.000000] NODE_DATA(0) allocated [mem 0xbf855b80-0xbf857fff]
[    0.000000] Zone ranges:
[    0.000000]   DMA      [mem 0x0000000040000000-0x00000000bfffffff]
[    0.000000]   DMA32    empty
[    0.000000]   Normal   empty
[    0.000000] Movable zone start for each node
[    0.000000] Early memory node ranges
[    0.000000]   node   0: [mem 0x0000000040000000-0x00000000bc76ffff]
[    0.000000]   node   0: [mem 0x00000000bc770000-0x00000000bcb3ffff]
[    0.000000]   node   0: [mem 0x00000000bcb40000-0x00000000bfe1ffff]
[    0.000000]   node   0: [mem 0x00000000bfe20000-0x00000000bfeaffff]
[    0.000000]   node   0: [mem 0x00000000bfeb0000-0x00000000bfebffff]
[    0.000000]   node   0: [mem 0x00000000bfec0000-0x00000000bffdffff]
[    0.000000]   node   0: [mem 0x00000000bffe0000-0x00000000bfffffff]
[    0.000000] Initmem setup node 0 [mem 0x0000000040000000-0x00000000bfffffff]
[    0.000000] psci: probing for conduit method from ACPI.
[    0.000000] psci: PSCIv1.1 detected in firmware.
[    0.000000] psci: Using standard PSCI v0.2 function IDs
[    0.000000] psci: Trusted OS migration not required
[    0.000000] psci: SMC Calling Convention v1.0
[    0.000000] percpu: Embedded 33 pages/cpu s96984 r8192 d29992 u135168
[    0.000000] Detected PIPT I-cache on CPU0
[    0.000000] CPU features: detected: Spectre-v4
[    0.000000] CPU features: detected: Spectre-BHB
[    0.000000] CPU features: detected: Broken broadcast TLBI completion
[    0.000000] CPU features: detected: SSBS not fully self-synchronizing
[    0.000000] alternatives: applying boot alternatives
[    0.000000] Kernel command line: root=/dev/vda rw console=ttyAMA0 initrd=initrd
[    0.000000] Dentry cache hash table entries: 262144 (order: 9, 2097152 bytes, linear)
[    0.000000] Inode-cache hash table entries: 131072 (order: 8, 1048576 bytes, linear)
[    0.000000] Fallback order for Node 0: 0 
[    0.000000] Built 1 zonelists, mobility grouping on.  Total pages: 524288
[    0.000000] Policy zone: DMA
[    0.000000] mem auto-init: stack:all(zero), heap alloc:on, heap free:off
[    0.000000] software IO TLB: SWIOTLB bounce buffer size adjusted to 2MB
[    0.000000] software IO TLB: area num 2.
[    0.000000] software IO TLB: mapped [mem 0x00000000bf2b4000-0x00000000bf4b4000] (2MB)
[    0.000000] SLUB: HWalign=64, Order=0-3, MinObjects=0, CPUs=2, Nodes=1
[    0.000000] Dynamic Preempt: none
[    0.000000] rcu: Preemptible hierarchical RCU implementation.
[    0.000000] rcu: 	RCU restricting CPUs from NR_CPUS=4096 to nr_cpu_ids=2.
[    0.000000] 	Trampoline variant of Tasks RCU enabled.
[    0.000000] 	Tracing variant of Tasks RCU enabled.
[    0.000000] rcu: RCU calculated value of scheduler-enlistment delay is 10 jiffies.
[    0.000000] rcu: Adjusting geometry for rcu_fanout_leaf=16, nr_cpu_ids=2
[    0.000000] RCU Tasks: Setting shift to 1 and lim to 1 rcu_task_cb_adjust=1 rcu_task_cpu_ids=2.
[    0.000000] RCU Tasks Trace: Setting shift to 1 and lim to 1 rcu_task_cb_adjust=1 rcu_task_cpu_ids=2.
[    0.000000] NR_IRQS: 64, nr_irqs: 64, preallocated irqs: 0
[    0.000000] Root IRQ handler: gic_handle_irq
[    0.000000] GICv2m: ACPI overriding V2M MSI_TYPER (base:80, num:64)
[    0.000000] GICv2m: range[mem 0x08020000-0x08020fff], SPI[80:143]
[    0.000000] rcu: srcu_init: Setting srcu_struct sizes based on contention.
[    0.000000] clocksource: jiffies: mask: 0xffffffff max_cycles: 0xffffffff, max_idle_ns: 19112604462750000 ns
[    0.000000] arch_timer: cp15 timer(s) running at 62.50MHz (virt).
[    0.000000] clocksource: arch_sys_counter: mask: 0x1ffffffffffffff max_cycles: 0x1cd42e208c, max_idle_ns: 881590405314 ns
[    0.000134] sched_clock: 57 bits at 63MHz, resolution 16ns, wraps every 4398046511096ns
[    0.022390] kfence: initialized - using 2097152 bytes for 255 objects at 0x(____ptrval____)-0x(____ptrval____)
[    0.122161] Console: colour dummy device 80x25
[    0.136087] ACPI: Core revision 20240827
[    0.161484] Calibrating delay loop (skipped), value calculated using timer frequency.. 125.00 BogoMIPS (lpj=625000)
[    0.161801] pid_max: default: 32768 minimum: 301
[    0.179194] LSM: initializing lsm=lockdown,capability,landlock
[    0.186715] landlock: Up and running.
[    0.193100] Mount-cache hash table entries: 4096 (order: 3, 32768 bytes, linear)
[    0.193386] Mountpoint-cache hash table entries: 4096 (order: 3, 32768 bytes, linear)
[    0.329209] rcu: Hierarchical SRCU implementation.
[    0.331927] rcu: 	Max phase no-delay instances is 1000.
[    0.337310] Timer migration: 1 hierarchy levels; 8 children per group; 1 crossnode level
[    0.345316] Remapping and enabling EFI services.
[    0.358410] smp: Bringing up secondary CPUs ...
[    0.372706] Detected PIPT I-cache on CPU1
[    0.374826] CPU1: Booted secondary processor 0x0000000001 [0x414fd0b1]
[    0.386648] smp: Brought up 1 node, 2 CPUs
[    0.386735] SMP: Total of 2 processors activated.
[    0.386790] CPU: All CPU(s) started at EL1
[    0.387168] CPU features: detected: 32-bit EL0 Support
[    0.387264] CPU features: detected: Data cache clean to the PoU not required for I/D coherence
[    0.387350] CPU features: detected: Common not Private translations
[    0.387362] CPU features: detected: CRC32 instructions
[    0.387759] CPU features: detected: RCpc load-acquire (LDAPR)
[    0.387837] CPU features: detected: LSE atomic instructions
[    0.387850] CPU features: detected: Privileged Access Never
[    0.387857] CPU features: detected: RAS Extension Support
[    0.387929] CPU features: detected: Speculative Store Bypassing Safe (SSBS)
[    0.423679] alternatives: applying system-wide alternatives
[    0.475079] CPU features: detected: Hardware dirty bit management on CPU0-1
[    0.520619] Memory: 2003216K/2097152K available (12608K kernel code, 1950K rwdata, 7812K rodata, 1920K init, 9305K bss, 89380K reserved, 0K cma-reserved)
[    0.595844] devtmpfs: initialized
[    0.653779] futex hash table entries: 512 (order: 3, 32768 bytes, linear)
[    0.655393] 24304 pages in range for non-PLT usage
[    0.655520] 515824 pages in range for PLT usage
[    0.666618] pinctrl core: initialized pinctrl subsystem
[    0.682874] SMBIOS 3.0.0 present.
[    0.683578] DMI: QEMU QEMU Virtual Machine, BIOS edk2-stable202408-prebuilt.qemu.org 08/13/2024
[    0.684325] DMI: Memory slots populated: 1/1
[    0.737046] NET: Registered PF_NETLINK/PF_ROUTE protocol family
[    0.750420] DMA: preallocated 256 KiB GFP_KERNEL pool for atomic allocations
[    0.751513] DMA: preallocated 256 KiB GFP_KERNEL|GFP_DMA pool for atomic allocations
[    0.752427] DMA: preallocated 256 KiB GFP_KERNEL|GFP_DMA32 pool for atomic allocations
[    0.753316] audit: initializing netlink subsys (disabled)
[    0.759045] audit: type=2000 audit(0.510:1): state=initialized audit_enabled=0 res=1
[    0.770440] thermal_sys: Registered thermal governor 'step_wise'
[    0.774505] cpuidle: using governor ladder
[    0.776140] cpuidle: using governor menu
[    0.782920] hw-breakpoint: found 6 breakpoint and 4 watchpoint registers.
[    0.784665] ASID allocator initialised with 65536 entries
[    0.785994] acpiphp: ACPI Hot Plug PCI Controller Driver version: 0.5
[    0.793110] Serial: AMBA PL011 UART driver
[    0.827773] HugeTLB: registered 1.00 GiB page size, pre-allocated 0 pages
[    0.827847] HugeTLB: 0 KiB vmemmap can be freed for a 1.00 GiB page
[    0.827874] HugeTLB: registered 32.0 MiB page size, pre-allocated 0 pages
[    0.827883] HugeTLB: 0 KiB vmemmap can be freed for a 32.0 MiB page
[    0.827896] HugeTLB: registered 2.00 MiB page size, pre-allocated 0 pages
[    0.827906] HugeTLB: 0 KiB vmemmap can be freed for a 2.00 MiB page
[    0.827919] HugeTLB: registered 64.0 KiB page size, pre-allocated 0 pages
[    0.827928] HugeTLB: 0 KiB vmemmap can be freed for a 64.0 KiB page
[    0.877590] ACPI: Added _OSI(Module Device)
[    0.877683] ACPI: Added _OSI(Processor Device)
[    0.877697] ACPI: Added _OSI(Processor Aggregator Device)
[    0.937758] ACPI: 1 ACPI AML tables successfully acquired and loaded
[    0.973240] ACPI: Interpreter enabled
[    0.973324] ACPI: Using GIC for interrupt routing
[    0.974316] ACPI: MCFG table detected, 1 entries
[    1.071953] ACPI: CPU0 has been hot-added
[    1.073828] ACPI: CPU1 has been hot-added
[    1.107742] ARMH0011:00: ttyAMA0 at MMIO 0x9000000 (irq = 12, base_baud = 0) is a SBSA
[    1.110270] printk: legacy console [ttyAMA0] enabled
[    1.212383] ACPI: PCI: Interrupt link L000 configured for IRQ 35
[    1.215704] ACPI: PCI: Interrupt link L001 configured for IRQ 36
[    1.216374] ACPI: PCI: Interrupt link L002 configured for IRQ 37
[    1.216730] ACPI: PCI: Interrupt link L003 configured for IRQ 38
[    1.218182] ACPI: PCI Root Bridge [PCI0] (domain 0000 [bus 00-ff])
[    1.221628] acpi PNP0A08:00: _OSC: OS supports [ExtendedConfig ASPM ClockPM Segments MSI HPX-Type3]
[    1.234920] acpi PNP0A08:00: _OSC: platform does not support [LTR]
[    1.237189] acpi PNP0A08:00: _OSC: OS now controls [PCIeHotplug PME PCIeCapability]
[    1.244136] acpi PNP0A08:00: ECAM area [mem 0x4010000000-0x401fffffff] reserved by PNP0C02:00
[    1.245504] acpi PNP0A08:00: ECAM at [mem 0x4010000000-0x401fffffff] for [bus 00-ff]
[    1.249964] ACPI: Remapped I/O 0x000000003eff0000 to [io  0x0000-0xffff window]
[    1.259485] PCI host bridge to bus 0000:00
[    1.260740] pci_bus 0000:00: root bus resource [mem 0x10000000-0x3efeffff window]
[    1.261250] pci_bus 0000:00: root bus resource [io  0x0000-0xffff window]
[    1.261606] pci_bus 0000:00: root bus resource [mem 0x8000000000-0xffffffffff window]
[    1.262223] pci_bus 0000:00: root bus resource [bus 00-ff]
[    1.270190] pci 0000:00:00.0: [1b36:0008] type 00 class 0x060000 conventional PCI endpoint
[    1.288761] pci 0000:00:01.0: [1af4:1000] type 00 class 0x020000 conventional PCI endpoint
[    1.289768] pci 0000:00:01.0: BAR 0 [io  0x0080-0x009f]
[    1.290152] pci 0000:00:01.0: BAR 1 [mem 0x10041000-0x10041fff]
[    1.290552] pci 0000:00:01.0: BAR 4 [mem 0x8000000000-0x8000003fff 64bit pref]
[    1.291129] pci 0000:00:01.0: ROM [mem 0xfffc0000-0xffffffff pref]
[    1.294126] pci 0000:00:02.0: [1af4:1001] type 00 class 0x010000 conventional PCI endpoint
[    1.294735] pci 0000:00:02.0: BAR 0 [io  0x0000-0x007f]
[    1.295054] pci 0000:00:02.0: BAR 1 [mem 0x10040000-0x10040fff]
[    1.295453] pci 0000:00:02.0: BAR 4 [mem 0x8000004000-0x8000007fff 64bit pref]
[    1.304827] pci 0000:00:01.0: ROM [mem 0x10000000-0x1003ffff pref]: assigned
[    1.305969] pci 0000:00:01.0: BAR 4 [mem 0x8000000000-0x8000003fff 64bit pref]: assigned
[    1.306580] pci 0000:00:02.0: BAR 4 [mem 0x8000004000-0x8000007fff 64bit pref]: assigned
[    1.306867] pci 0000:00:01.0: BAR 1 [mem 0x10040000-0x10040fff]: assigned
[    1.307163] pci 0000:00:02.0: BAR 1 [mem 0x10041000-0x10041fff]: assigned
[    1.307543] pci 0000:00:02.0: BAR 0 [io  0x1000-0x107f]: assigned
[    1.307917] pci 0000:00:01.0: BAR 0 [io  0x1080-0x109f]: assigned
[    1.308537] pci_bus 0000:00: resource 4 [mem 0x10000000-0x3efeffff window]
[    1.308789] pci_bus 0000:00: resource 5 [io  0x0000-0xffff window]
[    1.308998] pci_bus 0000:00: resource 6 [mem 0x8000000000-0xffffffffff window]
[    1.321319] iommu: Default domain type: Translated
[    1.322146] iommu: DMA domain TLB invalidation policy: lazy mode
[    1.340980] efivars: Registered efivars operations
[    1.387695] clocksource: Switched to clocksource arch_sys_counter
[    1.408186] VFS: Disk quotas dquot_6.6.0
[    1.409022] VFS: Dquot-cache hash table entries: 512 (order 0, 4096 bytes)
[    1.428545] pnp: PnP ACPI init
[    1.440902] system 00:00: [mem 0x4010000000-0x401fffffff window] could not be reserved
[    1.442182] pnp: PnP ACPI: found 1 devices
[    1.554384] NET: Registered PF_INET protocol family
[    1.558496] IP idents hash table entries: 32768 (order: 6, 262144 bytes, linear)
[    1.704066] tcp_listen_portaddr_hash hash table entries: 1024 (order: 2, 16384 bytes, linear)
[    1.704670] Table-perturb hash table entries: 65536 (order: 6, 262144 bytes, linear)
[    1.705110] TCP established hash table entries: 16384 (order: 5, 131072 bytes, linear)
[    1.706551] TCP bind hash table entries: 16384 (order: 7, 524288 bytes, linear)
[    1.707586] TCP: Hash tables configured (established 16384 bind 16384)
[    1.711449] MPTCP token hash table entries: 2048 (order: 4, 49152 bytes, linear)
[    1.712463] UDP hash table entries: 1024 (order: 3, 32768 bytes, linear)
[    1.717323] UDP-Lite hash table entries: 1024 (order: 3, 32768 bytes, linear)
[    1.722927] NET: Registered PF_UNIX/PF_LOCAL protocol family
[    1.724289] NET: Registered PF_XDP protocol family
[    1.725212] PCI: CLS 0 bytes, default 64
[    1.733321] kvm [1]: HYP mode not available
[    1.742524] Initialise system trusted keyrings
[    1.756254] Unpacking initramfs...
[    1.756554] workingset: timestamp_bits=44 max_order=19 bucket_order=0
[    1.883789] Key type asymmetric registered
[    1.884595] Asymmetric key parser 'x509' registered
[    1.885975] Block layer SCSI generic (bsg) driver version 0.4 loaded (major 249)
[    1.887744] io scheduler mq-deadline registered
[    1.888406] io scheduler kyber registered
[    1.889921] io scheduler bfq registered
[    1.932390] ACPI: \_SB_.L001: Enabled at IRQ 36
[    1.934956] virtio-pci 0000:00:01.0: enabling device (0000 -> 0003)
[    1.945030] ACPI: \_SB_.L002: Enabled at IRQ 37
[    1.945598] virtio-pci 0000:00:02.0: enabling device (0000 -> 0003)
[    1.958431] Serial: 8250/16550 driver, 4 ports, IRQ sharing enabled
[    1.990804] hv_vmbus: registering driver hyperv_keyboard
[    2.004857] rtc-efi rtc-efi.0: registered as rtc0
[    2.007052] rtc-efi rtc-efi.0: setting system clock to 2026-08-24T02:27:21 UTC (1787538441)
[    2.013387] NET: Registered PF_INET6 protocol family
[    2.044256] Segment Routing with IPv6
[    2.045129] In-situ OAM (IOAM) with IPv6
[    2.153173] registered taskstats version 1
[    2.160710] Loading compiled-in X.509 certificates
[    2.224272] Freeing initrd memory: 5184K
[    2.476231] Loaded X.509 cert 'alpinelinux.org: Alpine Linux kernel key: 87fa969a47f3e2a6aa35859eb932a17c95abcd82'
[    2.507556] Demotion targets for Node 0: null
[    2.509513] Key type .fscrypt registered
[    2.509704] Key type fscrypt-provisioning registered
[    2.545143] clk: Disabling unused clocks
[    2.549014] PM: genpd: Disabling unused power domains
[    2.624652] Freeing unused kernel memory: 1920K
[    2.627047] Run /init as init process
[    2.843157] Alpine Init 3.11.1-r0
Alpine Init 3.11.1-r0
[    2.853815] Loading boot drivers...
 * Loading boot drivers: [    2.906874] Loading boot drivers: ok.
ok.
SIMBOOT: kernel=6.12.103-0-virt
[    2.970134] Invalid ELF header magic: != ELF
[    3.004803] virtio_blk virtio1: 2/0/0 default/read/poll queues
[    3.026921] virtio_blk virtio1: [vda] 1411072 512-byte logical blocks (722 MB/689 MiB)
[    3.068023] Invalid ELF header magic: != ELF
[    3.090018] Invalid ELF header magic: != ELF
[    3.110746] Invalid ELF header magic: != ELF
[    3.136045] Invalid ELF header magic: != ELF
[    3.204072] Invalid ELF header magic: != ELF
[    4.512456] EXT4-fs (vda): mounted filesystem 1799a7eb-09df-4b80-8c57-0424de58e445 r/w with ordered data mode. Quota mode: none.
SIMBOOT: root mounted rw, running real mfp.afx with binder stub
STUB_LS: -rw-r--r-- 1 root root 1068 Aug 24 02:27 /lib/libbinder_stub.so
STUB_TEST: Mon Aug 24 02:27:29 UTC 2026
rc=0
MFP_PID=434
=== MFP TASKS ===
4
=== MFP STATUS ===
Name:	mfp.afx
Umask:	0022
State:	S (sleeping)
Tgid:	434
Ngid:	0
Pid:	434
PPid:	407
TracerPid:	0
Uid:	0	0	0	0
Gid:	0	0	0	0
=== MFP WCHAN ===
434: futex_wait_queue
436: pipe_write
437: futex_wait_queue
438: 0
=== MFP PLOG ===
=== MFP LOG head ===
1 mfp process plog lib init 
mfp publisher client thread tid 436 start 
pntp socket client init 
=== GDB BT ===
=== SOCK ===
ls: cannot access '/tmp/.pntp_service': No such file or directory
srwxr-xr-x 1 root root 0 Aug 24 02:27 /tmp/.logserver
done
SIMBOOT: mfp run finished, keeping shell
/bin/sh: can't access tty; job control turned off
~ # [6n[  406.219764] hrtimer: interrupt took 20183712 ns
