UEFI firmware (version edk2-stable202408-prebuilt.qemu.org built at 16:28:50 on Sep 12 2024)
ArmTrngLib could not be correctly initialized.
Error: Image at 0013FDB6000 start failed: 00000001
Error: Image at 0013FD6D000 start failed: Not Found
Error: Image at 0013FCBA000 start failed: Unsupported
Error: Image at 0013FB5E000 start failed: Aborted
Tpm2SubmitCommand - Tcg2 - Not Found
Tpm2GetCapabilityPcrs fail!
Tpm2SubmitCommand - Tcg2 - Not Found
Image type X64 can't be loaded on AARCH64 UEFI system.
[2J[01;01H[=3h[2J[01;01H[2J[01;01H[=3h[2J[01;01HEFI stub: Decompressing Linux Kernel...
EFI stub: Loaded initrd from LINUX_EFI_INITRD_MEDIA_GUID device path
EFI stub: Generating empty DTB
EFI stub: Exiting boot services...
[    0.000000] Booting Linux on physical CPU 0x0000000000 [0x414fd0b1]
[    0.000000] Linux version 6.12.103-0-virt (buildozer@build-3-21-aarch64) (gcc (Alpine 14.2.0) 14.2.0, GNU ld (GNU Binutils) 2.43.1) #1-Alpine SMP PREEMPT_DYNAMIC 2026-08-10 14:25:03
[    0.000000] efi: EFI v2.7 by EDK II
[    0.000000] efi: SMBIOS 3.0=0x13fed0000 MEMATTR=0x13e176018 ACPI 2.0=0x13cb43018 INITRD=0x13cb40f18 MEMRESERVE=0x13cb40f98 
[    0.000000] ACPI: Early table checksum verification disabled
[    0.000000] ACPI: RSDP 0x000000013CB43018 000024 (v02 BOCHS )
[    0.000000] ACPI: XSDT 0x000000013CB43F18 000064 (v01 BOCHS  BXPC     00000001      01000013)
[    0.000000] ACPI: FACP 0x000000013CB43B18 000114 (v06 BOCHS  BXPC     00000001 BXPC 00000001)
[    0.000000] ACPI: DSDT 0x000000013CB41018 001506 (v02 BOCHS  BXPC     00000001 BXPC 00000001)
[    0.000000] ACPI: APIC 0x000000013CB43C98 0000FC (v04 BOCHS  BXPC     00000001 BXPC 00000001)
[    0.000000] ACPI: PPTT 0x000000013CB43E18 000074 (v02 BOCHS  BXPC     00000001 BXPC 00000001)
[    0.000000] ACPI: GTDT 0x000000013CB43098 000068 (v03 BOCHS  BXPC     00000001 BXPC 00000001)
[    0.000000] ACPI: MCFG 0x000000013CB43A98 00003C (v01 BOCHS  BXPC     00000001 BXPC 00000001)
[    0.000000] ACPI: SPCR 0x000000013CB43818 000050 (v02 BOCHS  BXPC     00000001 BXPC 00000001)
[    0.000000] ACPI: DBG2 0x000000013CB43A18 000057 (v00 BOCHS  BXPC     00000001 BXPC 00000001)
[    0.000000] ACPI: IORT 0x000000013CB43898 000054 (v05 BOCHS  BXPC     00000001 BXPC 00000001)
[    0.000000] ACPI: SPCR: console: pl011,mmio32,0x9000000,9600
[    0.000000] ACPI: Use ACPI SPCR as default console: Yes
[    0.000000] NUMA: Faking a node at [mem 0x0000000040000000-0x000000013fffffff]
[    0.000000] NODE_DATA(0) allocated [mem 0x13f453b80-0x13f455fff]
[    0.000000] Zone ranges:
[    0.000000]   DMA      [mem 0x0000000040000000-0x00000000ffffffff]
[    0.000000]   DMA32    empty
[    0.000000]   Normal   [mem 0x0000000100000000-0x000000013fffffff]
[    0.000000] Movable zone start for each node
[    0.000000] Early memory node ranges
[    0.000000]   node   0: [mem 0x0000000040000000-0x000000013c76ffff]
[    0.000000]   node   0: [mem 0x000000013c770000-0x000000013cb3ffff]
[    0.000000]   node   0: [mem 0x000000013cb40000-0x000000013fe1ffff]
[    0.000000]   node   0: [mem 0x000000013fe20000-0x000000013feaffff]
[    0.000000]   node   0: [mem 0x000000013feb0000-0x000000013febffff]
[    0.000000]   node   0: [mem 0x000000013fec0000-0x000000013ffdffff]
[    0.000000]   node   0: [mem 0x000000013ffe0000-0x000000013fffffff]
[    0.000000] Initmem setup node 0 [mem 0x0000000040000000-0x000000013fffffff]
[    0.000000] psci: probing for conduit method from ACPI.
[    0.000000] psci: PSCIv1.1 detected in firmware.
[    0.000000] psci: Using standard PSCI v0.2 function IDs
[    0.000000] psci: Trusted OS migration not required
[    0.000000] psci: SMC Calling Convention v1.0
[    0.000000] percpu: Embedded 33 pages/cpu s96984 r8192 d29992 u135168
[    0.000000] Detected PIPT I-cache on CPU0
[    0.000000] CPU features: detected: Spectre-v4
[    0.000000] CPU features: detected: Spectre-BHB
[    0.000000] CPU features: detected: Broken broadcast TLBI completion
[    0.000000] CPU features: detected: SSBS not fully self-synchronizing
[    0.000000] alternatives: applying boot alternatives
[    0.000000] Kernel command line: root=/dev/vda rw console=ttyAMA0 initrd=initrd
[    0.000000] Dentry cache hash table entries: 524288 (order: 10, 4194304 bytes, linear)
[    0.000000] Inode-cache hash table entries: 262144 (order: 9, 2097152 bytes, linear)
[    0.000000] Fallback order for Node 0: 0 
[    0.000000] Built 1 zonelists, mobility grouping on.  Total pages: 1048576
[    0.000000] Policy zone: Normal
[    0.000000] mem auto-init: stack:all(zero), heap alloc:on, heap free:off
[    0.000000] software IO TLB: area num 2.
[    0.000000] software IO TLB: mapped [mem 0x00000000fbfff000-0x00000000fffff000] (64MB)
[    0.000000] SLUB: HWalign=64, Order=0-3, MinObjects=0, CPUs=2, Nodes=1
[    0.000000] Dynamic Preempt: none
[    0.000000] rcu: Preemptible hierarchical RCU implementation.
[    0.000000] rcu: 	RCU restricting CPUs from NR_CPUS=4096 to nr_cpu_ids=2.
[    0.000000] 	Trampoline variant of Tasks RCU enabled.
[    0.000000] 	Tracing variant of Tasks RCU enabled.
[    0.000000] rcu: RCU calculated value of scheduler-enlistment delay is 10 jiffies.
[    0.000000] rcu: Adjusting geometry for rcu_fanout_leaf=16, nr_cpu_ids=2
[    0.000000] RCU Tasks: Setting shift to 1 and lim to 1 rcu_task_cb_adjust=1 rcu_task_cpu_ids=2.
[    0.000000] RCU Tasks Trace: Setting shift to 1 and lim to 1 rcu_task_cb_adjust=1 rcu_task_cpu_ids=2.
[    0.000000] NR_IRQS: 64, nr_irqs: 64, preallocated irqs: 0
[    0.000000] Root IRQ handler: gic_handle_irq
[    0.000000] GICv2m: ACPI overriding V2M MSI_TYPER (base:80, num:64)
[    0.000000] GICv2m: range[mem 0x08020000-0x08020fff], SPI[80:143]
[    0.000000] rcu: srcu_init: Setting srcu_struct sizes based on contention.
[    0.000000] clocksource: jiffies: mask: 0xffffffff max_cycles: 0xffffffff, max_idle_ns: 19112604462750000 ns
[    0.000000] arch_timer: cp15 timer(s) running at 62.50MHz (virt).
[    0.000000] clocksource: arch_sys_counter: mask: 0x1ffffffffffffff max_cycles: 0x1cd42e208c, max_idle_ns: 881590405314 ns
[    0.000136] sched_clock: 57 bits at 63MHz, resolution 16ns, wraps every 4398046511096ns
[    0.074988] kfence: initialized - using 2097152 bytes for 255 objects at 0x(____ptrval____)-0x(____ptrval____)
[    0.202452] Console: colour dummy device 80x25
[    1.165702] ACPI: Core revision 20240827
[    1.302719] Calibrating delay loop (skipped), value calculated using timer frequency.. 125.00 BogoMIPS (lpj=625000)
[    1.303754] pid_max: default: 32768 minimum: 301
[    1.418474] LSM: initializing lsm=lockdown,capability,landlock
[    1.464719] landlock: Up and running.
[    1.500819] Mount-cache hash table entries: 8192 (order: 4, 65536 bytes, linear)
[    1.501030] Mountpoint-cache hash table entries: 8192 (order: 4, 65536 bytes, linear)
[    2.569605] rcu: Hierarchical SRCU implementation.
[    2.569753] rcu: 	Max phase no-delay instances is 1000.
[    2.632973] Timer migration: 1 hierarchy levels; 8 children per group; 1 crossnode level
[    2.801072] Remapping and enabling EFI services.
[    3.067570] smp: Bringing up secondary CPUs ...
[    3.217659] Detected PIPT I-cache on CPU1
[    3.219569] CPU1: Booted secondary processor 0x0000000001 [0x414fd0b1]
[    3.330373] smp: Brought up 1 node, 2 CPUs
[    3.330513] SMP: Total of 2 processors activated.
[    3.330604] CPU: All CPU(s) started at EL1
[    3.331077] CPU features: detected: 32-bit EL0 Support
[    3.331196] CPU features: detected: Data cache clean to the PoU not required for I/D coherence
[    3.331293] CPU features: detected: Common not Private translations
[    3.331331] CPU features: detected: CRC32 instructions
[    3.331766] CPU features: detected: RCpc load-acquire (LDAPR)
[    3.331853] CPU features: detected: LSE atomic instructions
[    3.331867] CPU features: detected: Privileged Access Never
[    3.331877] CPU features: detected: RAS Extension Support
[    3.331964] CPU features: detected: Speculative Store Bypassing Safe (SSBS)
[    4.069189] alternatives: applying system-wide alternatives
[    5.627348] CPU features: detected: Hardware dirty bit management on CPU0-1
[    6.084141] Memory: 3995976K/4194304K available (12608K kernel code, 1950K rwdata, 7812K rodata, 1920K init, 9305K bss, 193644K reserved, 0K cma-reserved)
[    6.529972] devtmpfs: initialized
[    6.736155] futex hash table entries: 512 (order: 3, 32768 bytes, linear)
[    6.746223] 24304 pages in range for non-PLT usage
[    6.746413] 515824 pages in range for PLT usage
[    6.780740] pinctrl core: initialized pinctrl subsystem
[    6.819277] SMBIOS 3.0.0 present.
[    6.820248] DMI: QEMU QEMU Virtual Machine, BIOS edk2-stable202408-prebuilt.qemu.org 08/13/2024
[    6.842362] DMI: Memory slots populated: 1/1
[    7.065446] NET: Registered PF_NETLINK/PF_ROUTE protocol family
[    7.165383] DMA: preallocated 512 KiB GFP_KERNEL pool for atomic allocations
[    7.168806] DMA: preallocated 512 KiB GFP_KERNEL|GFP_DMA pool for atomic allocations
[    7.201693] DMA: preallocated 512 KiB GFP_KERNEL|GFP_DMA32 pool for atomic allocations
[    7.202754] audit: initializing netlink subsys (disabled)
[    7.276763] audit: type=2000 audit(1.370:1): state=initialized audit_enabled=0 res=1
[    7.315219] thermal_sys: Registered thermal governor 'step_wise'
[    7.319621] cpuidle: using governor ladder
[    7.320467] cpuidle: using governor menu
[    7.361835] hw-breakpoint: found 6 breakpoint and 4 watchpoint registers.
[    7.363583] ASID allocator initialised with 65536 entries
[    7.366239] acpiphp: ACPI Hot Plug PCI Controller Driver version: 0.5
[    7.369858] Serial: AMBA PL011 UART driver
[    7.483243] HugeTLB: registered 1.00 GiB page size, pre-allocated 0 pages
[    7.483332] HugeTLB: 0 KiB vmemmap can be freed for a 1.00 GiB page
[    7.483362] HugeTLB: registered 32.0 MiB page size, pre-allocated 0 pages
[    7.483372] HugeTLB: 0 KiB vmemmap can be freed for a 32.0 MiB page
[    7.483383] HugeTLB: registered 2.00 MiB page size, pre-allocated 0 pages
[    7.483390] HugeTLB: 0 KiB vmemmap can be freed for a 2.00 MiB page
[    7.483402] HugeTLB: registered 64.0 KiB page size, pre-allocated 0 pages
[    7.483410] HugeTLB: 0 KiB vmemmap can be freed for a 64.0 KiB page
[    7.699132] ACPI: Added _OSI(Module Device)
[    7.699806] ACPI: Added _OSI(Processor Device)
[    7.699836] ACPI: Added _OSI(Processor Aggregator Device)
[    7.902772] ACPI: 1 ACPI AML tables successfully acquired and loaded
[    9.387032] ACPI: Interpreter enabled
[    9.387144] ACPI: Using GIC for interrupt routing
[    9.411802] ACPI: MCFG table detected, 1 entries
[   11.429665] ACPI: CPU0 has been hot-added
[   11.434988] ACPI: CPU1 has been hot-added
[   11.615789] ARMH0011:00: ttyAMA0 at MMIO 0x9000000 (irq = 12, base_baud = 0) is a SBSA
[   11.618710] printk: legacy console [ttyAMA0] enabled
[   13.498615] ACPI: PCI: Interrupt link L000 configured for IRQ 35
[   13.499669] ACPI: PCI: Interrupt link L001 configured for IRQ 36
[   13.500257] ACPI: PCI: Interrupt link L002 configured for IRQ 37
[   13.500783] ACPI: PCI: Interrupt link L003 configured for IRQ 38
[   13.501990] ACPI: PCI Root Bridge [PCI0] (domain 0000 [bus 00-ff])
[   13.552974] acpi PNP0A08:00: _OSC: OS supports [ExtendedConfig ASPM ClockPM Segments MSI HPX-Type3]
[   13.693821] acpi PNP0A08:00: _OSC: platform does not support [LTR]
[   13.749640] acpi PNP0A08:00: _OSC: OS now controls [PCIeHotplug PME PCIeCapability]
[   13.784736] acpi PNP0A08:00: ECAM area [mem 0x4010000000-0x401fffffff] reserved by PNP0C02:00
[   13.786934] acpi PNP0A08:00: ECAM at [mem 0x4010000000-0x401fffffff] for [bus 00-ff]
[   13.832418] ACPI: Remapped I/O 0x000000003eff0000 to [io  0x0000-0xffff window]
[   13.864380] PCI host bridge to bus 0000:00
[   13.865721] pci_bus 0000:00: root bus resource [mem 0x10000000-0x3efeffff window]
[   13.866319] pci_bus 0000:00: root bus resource [io  0x0000-0xffff window]
[   13.866698] pci_bus 0000:00: root bus resource [mem 0x8000000000-0xffffffffff window]
[   13.867348] pci_bus 0000:00: root bus resource [bus 00-ff]
[   13.892320] pci 0000:00:00.0: [1b36:0008] type 00 class 0x060000 conventional PCI endpoint
[   13.946109] pci 0000:00:01.0: [8086:100e] type 00 class 0x020000 conventional PCI endpoint
[   13.947909] pci 0000:00:01.0: BAR 0 [mem 0x10040000-0x1005ffff]
[   13.950325] pci 0000:00:01.0: BAR 1 [io  0x0080-0x00bf]
[   13.951037] pci 0000:00:01.0: ROM [mem 0xfffc0000-0xffffffff pref]
[   13.953670] pci 0000:00:02.0: [1af4:1001] type 00 class 0x010000 conventional PCI endpoint
[   13.983392] pci 0000:00:02.0: BAR 0 [io  0x0000-0x007f]
[   13.986264] pci 0000:00:02.0: BAR 1 [mem 0x10060000-0x10060fff]
[   13.997988] pci 0000:00:02.0: BAR 4 [mem 0x8000000000-0x8000003fff 64bit pref]
[   14.034020] pci 0000:00:01.0: ROM [mem 0x10000000-0x1003ffff pref]: assigned
[   14.035677] pci 0000:00:01.0: BAR 0 [mem 0x10040000-0x1005ffff]: assigned
[   14.036559] pci 0000:00:02.0: BAR 4 [mem 0x8000000000-0x8000003fff 64bit pref]: assigned
[   14.050709] pci 0000:00:02.0: BAR 1 [mem 0x10060000-0x10060fff]: assigned
[   14.068108] pci 0000:00:02.0: BAR 0 [io  0x1000-0x107f]: assigned
[   14.079943] pci 0000:00:01.0: BAR 1 [io  0x1080-0x10bf]: assigned
[   14.081635] pci_bus 0000:00: resource 4 [mem 0x10000000-0x3efeffff window]
[   14.082098] pci_bus 0000:00: resource 5 [io  0x0000-0xffff window]
[   14.082438] pci_bus 0000:00: resource 6 [mem 0x8000000000-0xffffffffff window]
[   14.119260] iommu: Default domain type: Translated
[   14.119687] iommu: DMA domain TLB invalidation policy: lazy mode
[   14.301703] efivars: Registered efivars operations
[   14.549583] clocksource: Switched to clocksource arch_sys_counter
[   14.670272] VFS: Disk quotas dquot_6.6.0
[   14.693773] VFS: Dquot-cache hash table entries: 512 (order 0, 4096 bytes)
[   14.761138] pnp: PnP ACPI init
[   14.769253] system 00:00: [mem 0x4010000000-0x401fffffff window] could not be reserved
[   14.797527] pnp: PnP ACPI: found 1 devices
[   15.450220] NET: Registered PF_INET protocol family
[   15.485820] IP idents hash table entries: 65536 (order: 7, 524288 bytes, linear)
[   18.079513] tcp_listen_portaddr_hash hash table entries: 2048 (order: 3, 32768 bytes, linear)
[   18.086807] Table-perturb hash table entries: 65536 (order: 6, 262144 bytes, linear)
[   18.169593] TCP established hash table entries: 32768 (order: 6, 262144 bytes, linear)
[   18.348244] TCP bind hash table entries: 32768 (order: 8, 1048576 bytes, linear)
[   18.351442] TCP: Hash tables configured (established 32768 bind 32768)
[   18.497834] MPTCP token hash table entries: 4096 (order: 5, 98304 bytes, linear)
[   18.499823] UDP hash table entries: 2048 (order: 4, 65536 bytes, linear)
[   18.501251] UDP-Lite hash table entries: 2048 (order: 4, 65536 bytes, linear)
[   18.565328] NET: Registered PF_UNIX/PF_LOCAL protocol family
[   18.568360] NET: Registered PF_XDP protocol family
[   18.569978] PCI: CLS 0 bytes, default 64
[   18.799461] kvm [1]: HYP mode not available
[   18.826306] Unpacking initramfs...
[   18.836157] Initialise system trusted keyrings
[   18.986299] workingset: timestamp_bits=44 max_order=20 bucket_order=0
[   19.586214] Key type asymmetric registered
[   19.586866] Asymmetric key parser 'x509' registered
[   19.615601] Block layer SCSI generic (bsg) driver version 0.4 loaded (major 249)
[   19.618508] io scheduler mq-deadline registered
[   19.619055] io scheduler kyber registered
[   19.620053] io scheduler bfq registered
[   19.848695] ACPI: \_SB_.L002: Enabled at IRQ 37
[   19.851759] virtio-pci 0000:00:02.0: enabling device (0000 -> 0003)
[   19.916971] Serial: 8250/16550 driver, 4 ports, IRQ sharing enabled
[   22.501042] hv_vmbus: registering driver hyperv_keyboard
[   22.563960] rtc-efi rtc-efi.0: registered as rtc0
[   22.568233] rtc-efi rtc-efi.0: setting system clock to 2026-08-27T08:22:09 UTC (1787818929)
[   22.653124] NET: Registered PF_INET6 protocol family
[   22.884451] Segment Routing with IPv6
[   22.896531] In-situ OAM (IOAM) with IPv6
[   23.748382] registered taskstats version 1
[   23.884716] Loading compiled-in X.509 certificates
[   26.252018] Freeing initrd memory: 5268K
[   27.701794] Loaded X.509 cert 'alpinelinux.org: Alpine Linux kernel key: 87fa969a47f3e2a6aa35859eb932a17c95abcd82'
[   27.928642] Demotion targets for Node 0: null
[   27.983656] Key type .fscrypt registered
[   27.984120] Key type fscrypt-provisioning registered
[   28.136192] clk: Disabling unused clocks
[   28.149077] PM: genpd: Disabling unused power domains
[   29.628334] Freeing unused kernel memory: 1920K
[   29.665266] Run /init as init process
[   34.002265] Alpine Init 3.11.1-r0
Alpine Init 3.11.1-r0
[   34.080060] Loading boot drivers...
 * Loading boot drivers: [   35.313154] Loading boot drivers: ok.
ok.
SIMBOOT: kernel=6.12.103-0-virt
[   38.715813] Invalid ELF header magic: != ELF
[   39.052563] virtio_blk virtio0: 2/0/0 default/read/poll queues
[   39.334921] virtio_blk virtio0: [vda] 1411072 512-byte logical blocks (722 MB/689 MiB)
[   39.668678] Invalid ELF header magic: != ELF
[   39.852965] Invalid ELF header magic: != ELF
[   40.083072] Invalid ELF header magic: != ELF
[   41.418297] Invalid ELF header magic: != ELF
[   42.449427] Invalid ELF header magic: != ELF
[   45.835624] Invalid ELF header magic: != ELF
[   46.499715] e1000: Intel(R) PRO/1000 Network Driver
[   46.500289] e1000: Copyright (c) 1999-2006 Intel Corporation.
[   46.597024] ACPI: \_SB_.L001: Enabled at IRQ 36
[   46.598059] e1000 0000:00:01.0: enabling device (0000 -> 0003)
[   49.186296] e1000 0000:00:01.0 eth0: (PCI:33MHz:32-bit) 52:54:00:12:34:56
[   49.248622] e1000 0000:00:01.0 eth0: Intel(R) PRO/1000 Network Connection
Module                  Size  Used by    Not tainted
e1000                 163840  0 
ext4                  929792  0 
jbd2                  172032  1 ext4
mbcache                20480  1 ext4
crc32c_generic         12288  0 
crc16                  12288  1 ext4
virtio_blk             24576  0 
[   53.313694] EXT4-fs (vda): mounted filesystem 1799a7eb-09df-4b80-8c57-0424de58e445 r/w with ordered data mode. Quota mode: none.
SIMBOOT: root mounted rw, running real mfp.afx with binder stub
[   83.513776] hrtimer: interrupt took 283498992 ns
[   85.602101] e1000: eth0 NIC Link is Up 1000 Mbps Full Duplex, Flow Control: RX
MFP_PID=463
--- POLL 1: N=11 ---
[  101.139068] random: mfp.afx: uninitialized urandom read (44 bytes read)
[Inferior 1 (process 463) detached]
[  115.479470] random: crng init done
--- POLL 2: N=11 ---
[Inferior 1 (process 463) detached]
--- POLL 3: N=11 ---
[Inferior 1 (process 463) detached]
--- POLL 4: N=11 ---
[Inferior 1 (process 463) detached]
--- BT@POLL4 ---
[New LWP 465]
[New LWP 466]
[New LWP 467]
[New LWP 468]
[New LWP 469]
[New LWP 470]
[New LWP 471]
[New LWP 472]
[New LWP 473]
[New LWP 474]
[Inferior 1 (process 463) detached]
--- POLL 5: N=11 ---
[Inferior 1 (process 463) detached]
--- POLL 6: N=11 ---
[Inferior 1 (process 463) detached]
--- POLL 7: N=11 ---
[Inferior 1 (process 463) detached]
--- POLL 8: N=11 ---
[Inferior 1 (process 463) detached]
--- BT@POLL8 ---
#0  0x0000ffffb3dbc1f8 in fsync () from /lib64/libc.so.6
#0  0x0000ffffb3dbc1f8 in fsync () from /lib64/libc.so.6
#1  0x0000ffffb463a034 in ?? () from /lib64/libsqlite3mc.so.0
#2  0x0000ffffb46a2f6c in ?? () from /lib64/libsqlite3mc.so.0
#3  0x0000ffffb46a446c in ?? () from /lib64/libsqlite3mc.so.0
#4  0x0000ffffb46a6824 in ?? () from /lib64/libsqlite3mc.so.0
#5  0x0000ffffb46f26bc in ?? () from /lib64/libsqlite3mc.so.0
#6  0x0000ffffb46f33c8 in sqlite3_step () from /lib64/libsqlite3mc.so.0
#7  0x0000ffffb3e92b04 in _modify_info (db=warning: could not convert 'sqlite3' from the host encoding (ANSI_X3.4-1968) to UTF-32.
This normally should not happen, please file a bug report.
0x37abbbb8, ot=ot@entry=INSERT, table_type=<optimized out>, id=<optimized out>, value=0xffffec6483c4, size=<optimized out>) at sql.c:288
[Inferior 1 (process 463) detached]
--- POLL 9: N=11 ---
[Inferior 1 (process 463) detached]
--- POLL 10: N=11 ---
[Inferior 1 (process 463) detached]
--- POLL 11: N=11 ---
[Inferior 1 (process 463) detached]
--- POLL 12: N=11 ---
[Inferior 1 (process 463) detached]
--- BT@POLL12 ---
#0  0x0000ffffb3dbc1f8 in fsync () from /lib64/libc.so.6
#0  0x0000ffffb3dbc1f8 in fsync () from /lib64/libc.so.6
#1  0x0000ffffb463a034 in ?? () from /lib64/libsqlite3mc.so.0
#2  0x0000ffffb46a2f6c in ?? () from /lib64/libsqlite3mc.so.0
#3  0x0000ffffb46a446c in ?? () from /lib64/libsqlite3mc.so.0
#4  0x0000ffffb46a6824 in ?? () from /lib64/libsqlite3mc.so.0
#5  0x0000ffffb46f26bc in ?? () from /lib64/libsqlite3mc.so.0
#6  0x0000ffffb46f33c8 in sqlite3_step () from /lib64/libsqlite3mc.so.0
#7  0x0000ffffb3e92b04 in _modify_info (db=warning: could not convert 'sqlite3' from the host encoding (ANSI_X3.4-1968) to UTF-32.
This normally should not happen, please file a bug report.
0x37abbbb8, ot=ot@entry=INSERT, table_type=<optimized out>, id=<optimized out>, value=0xffffec6483c4, size=<optimized out>) at sql.c:288
[Inferior 1 (process 463) detached]
--- POLL 13: N=11 ---
[Inferior 1 (process 463) detached]
--- POLL 14: N=11 ---
[Inferior 1 (process 463) detached]
--- POLL 15: N=11 ---
[Inferior 1 (process 463) detached]
--- POLL 16: N=11 ---
[Inferior 1 (process 463) detached]
--- BT@POLL16 ---
#0  0x0000ffffb3dbc1f8 in fsync () from /lib64/libc.so.6
#0  0x0000ffffb3dbc1f8 in fsync () from /lib64/libc.so.6
#1  0x0000ffffb463a034 in ?? () from /lib64/libsqlite3mc.so.0
#2  0x0000ffffb46a2f6c in ?? () from /lib64/libsqlite3mc.so.0
#3  0x0000ffffb46a446c in ?? () from /lib64/libsqlite3mc.so.0
#4  0x0000ffffb46a6824 in ?? () from /lib64/libsqlite3mc.so.0
#5  0x0000ffffb46f26bc in ?? () from /lib64/libsqlite3mc.so.0
#6  0x0000ffffb46f33c8 in sqlite3_step () from /lib64/libsqlite3mc.so.0
#7  0x0000ffffb3e92b04 in _modify_info (db=warning: could not convert 'sqlite3' from the host encoding (ANSI_X3.4-1968) to UTF-32.
This normally should not happen, please file a bug report.
0x37abbbb8, ot=ot@entry=INSERT, table_type=<optimized out>, id=<optimized out>, value=0xffffec6483c4, size=<optimized out>) at sql.c:288
[Inferior 1 (process 463) detached]
--- POLL 17: N=11 ---
[Inferior 1 (process 463) detached]
--- POLL 18: N=11 ---
[Inferior 1 (process 463) detached]
--- POLL 19: N=11 ---
[Inferior 1 (process 463) detached]
--- POLL 20: N=11 ---
[Inferior 1 (process 463) detached]
--- BT@POLL20 ---
#0  0x0000ffffb3dbc1f8 in fsync () from /lib64/libc.so.6
#0  0x0000ffffb3dbc1f8 in fsync () from /lib64/libc.so.6
#1  0x0000ffffb463a034 in ?? () from /lib64/libsqlite3mc.so.0
#2  0x0000ffffb46a2f6c in ?? () from /lib64/libsqlite3mc.so.0
#3  0x0000ffffb46a446c in ?? () from /lib64/libsqlite3mc.so.0
#4  0x0000ffffb46a6824 in ?? () from /lib64/libsqlite3mc.so.0
#5  0x0000ffffb46f26bc in ?? () from /lib64/libsqlite3mc.so.0
#6  0x0000ffffb46f33c8 in sqlite3_step () from /lib64/libsqlite3mc.so.0
#7  0x0000ffffb3e92b04 in _modify_info (db=warning: could not convert 'sqlite3' from the host encoding (ANSI_X3.4-1968) to UTF-32.
This normally should not happen, please file a bug report.
0x37abbbb8, ot=ot@entry=INSERT, table_type=<optimized out>, id=<optimized out>, value=0xffffec6483c4, size=<optimized out>) at sql.c:288
[Inferior 1 (process 463) detached]
--- POLL 21: N=11 ---
[Inferior 1 (process 463) detached]
--- POLL 22: N=11 ---
[Inferior 1 (process 463) detached]
--- POLL 23: N=11 ---
[Inferior 1 (process 463) detached]
--- POLL 24: N=11 ---
[Inferior 1 (process 463) detached]
--- BT@POLL24 ---
#0  0x0000ffffb3dbc1f8 in fsync () from /lib64/libc.so.6
#0  0x0000ffffb3dbc1f8 in fsync () from /lib64/libc.so.6
#1  0x0000ffffb463a034 in ?? () from /lib64/libsqlite3mc.so.0
#2  0x0000ffffb46a2f6c in ?? () from /lib64/libsqlite3mc.so.0
#3  0x0000ffffb46a446c in ?? () from /lib64/libsqlite3mc.so.0
#4  0x0000ffffb46a6824 in ?? () from /lib64/libsqlite3mc.so.0
#5  0x0000ffffb46f26bc in ?? () from /lib64/libsqlite3mc.so.0
#6  0x0000ffffb46f33c8 in sqlite3_step () from /lib64/libsqlite3mc.so.0
#7  0x0000ffffb3e92b04 in _modify_info (db=warning: could not convert 'sqlite3' from the host encoding (ANSI_X3.4-1968) to UTF-32.
This normally should not happen, please file a bug report.
0x37abbbb8, ot=ot@entry=INSERT, table_type=<optimized out>, id=<optimized out>, value=0xffffec6483c4, size=<optimized out>) at sql.c:288
[Inferior 1 (process 463) detached]
--- POLL 25: N=11 ---
[Inferior 1 (process 463) detached]
--- POLL 26: N=11 ---
[Inferior 1 (process 463) detached]
--- POLL 27: N=11 ---
[Inferior 1 (process 463) detached]
--- POLL 28: N=11 ---
[Inferior 1 (process 463) detached]
--- BT@POLL28 ---
#0  0x0000ffffb3dbc1f8 in fsync () from /lib64/libc.so.6
#0  0x0000ffffb3dbc1f8 in fsync () from /lib64/libc.so.6
#1  0x0000ffffb463a034 in ?? () from /lib64/libsqlite3mc.so.0
#2  0x0000ffffb46a2f6c in ?? () from /lib64/libsqlite3mc.so.0
#3  0x0000ffffb46a446c in ?? () from /lib64/libsqlite3mc.so.0
#4  0x0000ffffb46a6824 in ?? () from /lib64/libsqlite3mc.so.0
#5  0x0000ffffb46f26bc in ?? () from /lib64/libsqlite3mc.so.0
#6  0x0000ffffb46f33c8 in sqlite3_step () from /lib64/libsqlite3mc.so.0
#7  0x0000ffffb3e92b04 in _modify_info (db=warning: could not convert 'sqlite3' from the host encoding (ANSI_X3.4-1968) to UTF-32.
This normally should not happen, please file a bug report.
0x37abbbb8, ot=ot@entry=INSERT, table_type=<optimized out>, id=<optimized out>, value=0xffffec6483c4, size=<optimized out>) at sql.c:288
[Inferior 1 (process 463) detached]
--- POLL 29: N=11 ---
[Inferior 1 (process 463) detached]
--- POLL 30: N=11 ---
[Inferior 1 (process 463) detached]
--- POLL 31: N=11 ---
[Inferior 1 (process 463) detached]
--- POLL 32: N=11 ---
[Inferior 1 (process 463) detached]
--- BT@POLL32 ---
#0  0x0000ffffb3dbc1f8 in fsync () from /lib64/libc.so.6
#0  0x0000ffffb3dbc1f8 in fsync () from /lib64/libc.so.6
#1  0x0000ffffb463a034 in ?? () from /lib64/libsqlite3mc.so.0
#2  0x0000ffffb46a2f6c in ?? () from /lib64/libsqlite3mc.so.0
#3  0x0000ffffb46a446c in ?? () from /lib64/libsqlite3mc.so.0
#4  0x0000ffffb46a6824 in ?? () from /lib64/libsqlite3mc.so.0
#5  0x0000ffffb46f26bc in ?? () from /lib64/libsqlite3mc.so.0
#6  0x0000ffffb46f33c8 in sqlite3_step () from /lib64/libsqlite3mc.so.0
#7  0x0000ffffb3e92b04 in _modify_info (db=warning: could not convert 'sqlite3' from the host encoding (ANSI_X3.4-1968) to UTF-32.
This normally should not happen, please file a bug report.
0x37abbbb8, ot=ot@entry=INSERT, table_type=<optimized out>, id=<optimized out>, value=0xffffec6483c4, size=<optimized out>) at sql.c:288
[Inferior 1 (process 463) detached]
--- POLL 33: N=11 ---
[Inferior 1 (process 463) detached]
--- POLL 34: N=11 ---
[Inferior 1 (process 463) detached]
--- POLL 35: N=11 ---
[Inferior 1 (process 463) detached]
--- POLL 36: N=11 ---
[Inferior 1 (process 463) detached]
--- BT@POLL36 ---
#0  0x0000ffffb3dbc1f8 in fsync () from /lib64/libc.so.6
#0  0x0000ffffb3dbc1f8 in fsync () from /lib64/libc.so.6
#1  0x0000ffffb463a034 in ?? () from /lib64/libsqlite3mc.so.0
#2  0x0000ffffb46a2f6c in ?? () from /lib64/libsqlite3mc.so.0
#3  0x0000ffffb46a446c in ?? () from /lib64/libsqlite3mc.so.0
#4  0x0000ffffb46a6824 in ?? () from /lib64/libsqlite3mc.so.0
#5  0x0000ffffb46f26bc in ?? () from /lib64/libsqlite3mc.so.0
#6  0x0000ffffb46f33c8 in sqlite3_step () from /lib64/libsqlite3mc.so.0
#7  0x0000ffffb3e92b04 in _modify_info (db=warning: could not convert 'sqlite3' from the host encoding (ANSI_X3.4-1968) to UTF-32.
This normally should not happen, please file a bug report.
0x37abbbb8, ot=ot@entry=INSERT, table_type=<optimized out>, id=<optimized out>, value=0xffffec6483c4, size=<optimized out>) at sql.c:288
[Inferior 1 (process 463) detached]
--- POLL 37: N=11 ---
[Inferior 1 (process 463) detached]
--- POLL 38: N=11 ---
[Inferior 1 (process 463) detached]
--- POLL 39: N=11 ---
[Inferior 1 (process 463) detached]
--- POLL 40: N=11 ---
[Inferior 1 (process 463) detached]
--- BT@POLL40 ---
#0  0x0000ffffb3dbc1f8 in fsync () from /lib64/libc.so.6
#0  0x0000ffffb3dbc1f8 in fsync () from /lib64/libc.so.6
#1  0x0000ffffb463a034 in ?? () from /lib64/libsqlite3mc.so.0
#2  0x0000ffffb46a2f6c in ?? () from /lib64/libsqlite3mc.so.0
#3  0x0000ffffb46a446c in ?? () from /lib64/libsqlite3mc.so.0
#4  0x0000ffffb46a6824 in ?? () from /lib64/libsqlite3mc.so.0
#5  0x0000ffffb46f26bc in ?? () from /lib64/libsqlite3mc.so.0
#6  0x0000ffffb46f33c8 in sqlite3_step () from /lib64/libsqlite3mc.so.0
#7  0x0000ffffb3e92b04 in _modify_info (db=warning: could not convert 'sqlite3' from the host encoding (ANSI_X3.4-1968) to UTF-32.
This normally should not happen, please file a bug report.
0x37abbbb8, ot=ot@entry=INSERT, table_type=<optimized out>, id=<optimized out>, value=0xffffec6483c4, size=<optimized out>) at sql.c:288
[Inferior 1 (process 463) detached]
--- POLL 41: N=11 ---
[Inferior 1 (process 463) detached]
--- POLL 42: N=11 ---
[Inferior 1 (process 463) detached]
--- POLL 43: N=11 ---
[Inferior 1 (process 463) detached]
--- POLL 44: N=11 ---
[Inferior 1 (process 463) detached]
--- BT@POLL44 ---
#0  0x0000ffffb3dbc1f8 in fsync () from /lib64/libc.so.6
#0  0x0000ffffb3dbc1f8 in fsync () from /lib64/libc.so.6
#1  0x0000ffffb463a034 in ?? () from /lib64/libsqlite3mc.so.0
#2  0x0000ffffb46a2f6c in ?? () from /lib64/libsqlite3mc.so.0
#3  0x0000ffffb46a446c in ?? () from /lib64/libsqlite3mc.so.0
#4  0x0000ffffb46a6824 in ?? () from /lib64/libsqlite3mc.so.0
#5  0x0000ffffb46f26bc in ?? () from /lib64/libsqlite3mc.so.0
#6  0x0000ffffb46f33c8 in sqlite3_step () from /lib64/libsqlite3mc.so.0
#7  0x0000ffffb3e92b04 in _modify_info (db=warning: could not convert 'sqlite3' from the host encoding (ANSI_X3.4-1968) to UTF-32.
This normally should not happen, please file a bug report.
0x37abbbb8, ot=ot@entry=INSERT, table_type=<optimized out>, id=<optimized out>, value=0xffffec6483c4, size=<optimized out>) at sql.c:288
[Inferior 1 (process 463) detached]
--- POLL 45: N=11 ---
[Inferior 1 (process 463) detached]
--- ALIVE ---
11
--- LISTEN TCP ---
  sl  local_address rem_address   st tx_queue rx_queue tr tm->when retrnsmt   uid  timeout inode                                                     
SIMBOOT_LPD_HEX=
SIMBOOT_LPD_PORT=NONE
--- CMD REG TABLE ---
[New LWP 465]
[New LWP 466]
[New LWP 467]
[New LWP 468]
[New LWP 469]
[New LWP 470]
[New LWP 471]
[New LWP 472]
[New LWP 473]
[New LWP 474]
[Thread debugging using libthread_db enabled]
Using host libthread_db library "/lib64/libthread_db.so.1".
0x0000ffffb3dbc1f8 in fsync () from /lib64/libc.so.6
warning: could not convert '$h' from the host encoding (ANSI_X3.4-1968) to UTF-32.
This normally should not happen, please file a bug report.
node=0x910e20 cmd=0x1 cb=0x100000001 arg=0x30b00002
node=0x910e20 cmd=0x1 cb=0x100000001 arg=0x30b00002
node=0x910e20 cmd=0x1 cb=0x100000001 arg=0x30b00002
node=0x910e20 cmd=0x1 cb=0x100000001 arg=0x30b00002
node=0x910e20 cmd=0x1 cb=0x100000001 arg=0x30b00002
node=0x910e20 cmd=0x1 cb=0x100000001 arg=0x30b00002
node=0x910e20 cmd=0x1 cb=0x100000001 arg=0x30b00002
node=0x910e20 cmd=0x1 cb=0x100000001 arg=0x30b00002
node=0x910e20 cmd=0x1 cb=0x100000001 arg=0x30b00002
node=0x910e20 cmd=0x1 cb=0x100000001 arg=0x30b00002
node=0x910e20 cmd=0x1 cb=0x100000001 arg=0x30b00002
node=0x910e20 cmd=0x1 cb=0x100000001 arg=0x30b00002
node=0x910e20 cmd=0x1 cb=0x100000001 arg=0x30b00002
node=0x910e20 cmd=0x1 cb=0x100000001 arg=0x30b00002
node=0x910e20 cmd=0x1 cb=0x100000001 arg=0x30b00002
node=0x910e20 cmd=0x1 cb=0x100000001 arg=0x30b00002
node=0x910e20 cmd=0x1 cb=0x100000001 arg=0x30b00002
node=0x910e20 cmd=0x1 cb=0x100000001 arg=0x30b00002
node=0x910e20 cmd=0x1 cb=0x100000001 arg=0x30b00002
node=0x910e20 cmd=0x1 cb=0x100000001 arg=0x30b00002
node=0x910e20 cmd=0x1 cb=0x100000001 arg=0x30b00002
node=0x910e20 cmd=0x1 cb=0x100000001 arg=0x30b00002
node=0x910e20 cmd=0x1 cb=0x100000001 arg=0x30b00002
node=0x910e20 cmd=0x1 cb=0x100000001 arg=0x30b00002
node=0x910e20 cmd=0x1 cb=0x100000001 arg=0x30b00002
node=0x910e20 cmd=0x1 cb=0x100000001 arg=0x30b00002
node=0x910e20 cmd=0x1 cb=0x100000001 arg=0x30b00002
node=0x910e20 cmd=0x1 cb=0x100000001 arg=0x30b00002
node=0x910e20 cmd=0x1 cb=0x100000001 arg=0x30b00002
node=0x910e20 cmd=0x1 cb=0x100000001 arg=0x30b00002
node=0x910e20 cmd=0x1 cb=0x100000001 arg=0x30b00002
node=0x910e20 cmd=0x1 cb=0x100000001 arg=0x30b00002
node=0x910e20 cmd=0x1 cb=0x100000001 arg=0x30b00002
node=0x910e20 cmd=0x1 cb=0x100000001 arg=0x30b00002
node=0x910e20 cmd=0x1 cb=0x100000001 arg=0x30b00002
node=0x910e20 cmd=0x1 cb=0x100000001 arg=0x30b00002
node=0x910e20 cmd=0x1 cb=0x100000001 arg=0x30b00002
node=0x910e20 cmd=0x1 cb=0x100000001 arg=0x30b00002
node=0x910e20 cmd=0x1 cb=0x100000001 arg=0x30b00002
node=0x910e20 cmd=0x1 cb=0x100000001 arg=0x30b00002
node=0x910e20 cmd=0x1 cb=0x100000001 arg=0x30b00002
node=0x910e20 cmd=0x1 cb=0x100000001 arg=0x30b00002
node=0x910e20 cmd=0x1 cb=0x100000001 arg=0x30b00002
node=0x910e20 cmd=0x1 cb=0x100000001 arg=0x30b00002
node=0x910e20 cmd=0x1 cb=0x100000001 arg=0x30b00002
node=0x910e20 cmd=0x1 cb=0x100000001 arg=0x30b00002
node=0x910e20 cmd=0x1 cb=0x100000001 arg=0x30b00002
node=0x910e20 cmd=0x1 cb=0x100000001 arg=0x30b00002
node=0x910e20 cmd=0x1 cb=0x100000001 arg=0x30b00002
node=0x910e20 cmd=0x1 cb=0x100000001 arg=0x30b00002
node=0x910e20 cmd=0x1 cb=0x100000001 arg=0x30b00002
node=0x910e20 cmd=0x1 cb=0x100000001 arg=0x30b00002
node=0x910e20 cmd=0x1 cb=0x100000001 arg=0x30b00002
node=0x910e20 cmd=0x1 cb=0x100000001 arg=0x30b00002
node=0x910e20 cmd=0x1 cb=0x100000001 arg=0x30b00002
node=0x910e20 cmd=0x1 cb=0x100000001 arg=0x30b00002
node=0x910e20 cmd=0x1 cb=0x100000001 arg=0x30b00002
node=0x910e20 cmd=0x1 cb=0x100000001 arg=0x30b00002
node=0x910e20 cmd=0x1 cb=0x100000001 arg=0x30b00002
node=0x910e20 cmd=0x1 cb=0x100000001 arg=0x30b00002
[Inferior 1 (process 463) detached]
--- PORTS ALL ---
local_address st
READY FOR INJECT
