UEFI firmware (version edk2-stable202408-prebuilt.qemu.org built at 16:28:50 on Sep 12 2024)
ArmTrngLib could not be correctly initialized.
Error: Image at 0013FDB6000 start failed: 00000001
Error: Image at 0013FD6D000 start failed: Not Found
Error: Image at 0013FCBA000 start failed: Unsupported
Error: Image at 0013FB5E000 start failed: Aborted
Tpm2SubmitCommand - Tcg2 - Not Found
Tpm2GetCapabilityPcrs fail!
Tpm2SubmitCommand - Tcg2 - Not Found
Image type X64 can't be loaded on AARCH64 UEFI system.
[2J[01;01H[=3h[2J[01;01H[2J[01;01H[=3h[2J[01;01HEFI stub: Decompressing Linux Kernel...
EFI stub: Loaded initrd from LINUX_EFI_INITRD_MEDIA_GUID device path
EFI stub: Generating empty DTB
EFI stub: Exiting boot services...
[    0.000000] Booting Linux on physical CPU 0x0000000000 [0x414fd0b1]
[    0.000000] Linux version 6.12.103-0-virt (buildozer@build-3-21-aarch64) (gcc (Alpine 14.2.0) 14.2.0, GNU ld (GNU Binutils) 2.43.1) #1-Alpine SMP PREEMPT_DYNAMIC 2026-08-10 14:25:03
[    0.000000] efi: EFI v2.7 by EDK II
[    0.000000] efi: SMBIOS 3.0=0x13fed0000 MEMATTR=0x13e176018 ACPI 2.0=0x13cb43018 INITRD=0x13cb40f18 MEMRESERVE=0x13cb40f98 
[    0.000000] ACPI: Early table checksum verification disabled
[    0.000000] ACPI: RSDP 0x000000013CB43018 000024 (v02 BOCHS )
[    0.000000] ACPI: XSDT 0x000000013CB43F18 000064 (v01 BOCHS  BXPC     00000001      01000013)
[    0.000000] ACPI: FACP 0x000000013CB43B18 000114 (v06 BOCHS  BXPC     00000001 BXPC 00000001)
[    0.000000] ACPI: DSDT 0x000000013CB41018 001506 (v02 BOCHS  BXPC     00000001 BXPC 00000001)
[    0.000000] ACPI: APIC 0x000000013CB43C98 0000FC (v04 BOCHS  BXPC     00000001 BXPC 00000001)
[    0.000000] ACPI: PPTT 0x000000013CB43E18 000074 (v02 BOCHS  BXPC     00000001 BXPC 00000001)
[    0.000000] ACPI: GTDT 0x000000013CB43098 000068 (v03 BOCHS  BXPC     00000001 BXPC 00000001)
[    0.000000] ACPI: MCFG 0x000000013CB43A98 00003C (v01 BOCHS  BXPC     00000001 BXPC 00000001)
[    0.000000] ACPI: SPCR 0x000000013CB43818 000050 (v02 BOCHS  BXPC     00000001 BXPC 00000001)
[    0.000000] ACPI: DBG2 0x000000013CB43A18 000057 (v00 BOCHS  BXPC     00000001 BXPC 00000001)
[    0.000000] ACPI: IORT 0x000000013CB43898 000054 (v05 BOCHS  BXPC     00000001 BXPC 00000001)
[    0.000000] ACPI: SPCR: console: pl011,mmio32,0x9000000,9600
[    0.000000] ACPI: Use ACPI SPCR as default console: Yes
[    0.000000] NUMA: Faking a node at [mem 0x0000000040000000-0x000000013fffffff]
[    0.000000] NODE_DATA(0) allocated [mem 0x13f453b80-0x13f455fff]
[    0.000000] Zone ranges:
[    0.000000]   DMA      [mem 0x0000000040000000-0x00000000ffffffff]
[    0.000000]   DMA32    empty
[    0.000000]   Normal   [mem 0x0000000100000000-0x000000013fffffff]
[    0.000000] Movable zone start for each node
[    0.000000] Early memory node ranges
[    0.000000]   node   0: [mem 0x0000000040000000-0x000000013c76ffff]
[    0.000000]   node   0: [mem 0x000000013c770000-0x000000013cb3ffff]
[    0.000000]   node   0: [mem 0x000000013cb40000-0x000000013fe1ffff]
[    0.000000]   node   0: [mem 0x000000013fe20000-0x000000013feaffff]
[    0.000000]   node   0: [mem 0x000000013feb0000-0x000000013febffff]
[    0.000000]   node   0: [mem 0x000000013fec0000-0x000000013ffdffff]
[    0.000000]   node   0: [mem 0x000000013ffe0000-0x000000013fffffff]
[    0.000000] Initmem setup node 0 [mem 0x0000000040000000-0x000000013fffffff]
[    0.000000] psci: probing for conduit method from ACPI.
[    0.000000] psci: PSCIv1.1 detected in firmware.
[    0.000000] psci: Using standard PSCI v0.2 function IDs
[    0.000000] psci: Trusted OS migration not required
[    0.000000] psci: SMC Calling Convention v1.0
[    0.000000] percpu: Embedded 33 pages/cpu s96984 r8192 d29992 u135168
[    0.000000] Detected PIPT I-cache on CPU0
[    0.000000] CPU features: detected: Spectre-v4
[    0.000000] CPU features: detected: Spectre-BHB
[    0.000000] CPU features: detected: Broken broadcast TLBI completion
[    0.000000] CPU features: detected: SSBS not fully self-synchronizing
[    0.000000] alternatives: applying boot alternatives
[    0.000000] Kernel command line: root=/dev/vda rw console=ttyAMA0 initrd=initrd
[    0.000000] Dentry cache hash table entries: 524288 (order: 10, 4194304 bytes, linear)
[    0.000000] Inode-cache hash table entries: 262144 (order: 9, 2097152 bytes, linear)
[    0.000000] Fallback order for Node 0: 0 
[    0.000000] Built 1 zonelists, mobility grouping on.  Total pages: 1048576
[    0.000000] Policy zone: Normal
[    0.000000] mem auto-init: stack:all(zero), heap alloc:on, heap free:off
[    0.000000] software IO TLB: area num 2.
[    0.000000] software IO TLB: mapped [mem 0x00000000fbfff000-0x00000000fffff000] (64MB)
[    0.000000] SLUB: HWalign=64, Order=0-3, MinObjects=0, CPUs=2, Nodes=1
[    0.000000] Dynamic Preempt: none
[    0.000000] rcu: Preemptible hierarchical RCU implementation.
[    0.000000] rcu: 	RCU restricting CPUs from NR_CPUS=4096 to nr_cpu_ids=2.
[    0.000000] 	Trampoline variant of Tasks RCU enabled.
[    0.000000] 	Tracing variant of Tasks RCU enabled.
[    0.000000] rcu: RCU calculated value of scheduler-enlistment delay is 10 jiffies.
[    0.000000] rcu: Adjusting geometry for rcu_fanout_leaf=16, nr_cpu_ids=2
[    0.000000] RCU Tasks: Setting shift to 1 and lim to 1 rcu_task_cb_adjust=1 rcu_task_cpu_ids=2.
[    0.000000] RCU Tasks Trace: Setting shift to 1 and lim to 1 rcu_task_cb_adjust=1 rcu_task_cpu_ids=2.
[    0.000000] NR_IRQS: 64, nr_irqs: 64, preallocated irqs: 0
[    0.000000] Root IRQ handler: gic_handle_irq
[    0.000000] GICv2m: ACPI overriding V2M MSI_TYPER (base:80, num:64)
[    0.000000] GICv2m: range[mem 0x08020000-0x08020fff], SPI[80:143]
[    0.000000] rcu: srcu_init: Setting srcu_struct sizes based on contention.
[    0.000000] clocksource: jiffies: mask: 0xffffffff max_cycles: 0xffffffff, max_idle_ns: 19112604462750000 ns
[    0.000000] arch_timer: cp15 timer(s) running at 62.50MHz (virt).
[    0.000000] clocksource: arch_sys_counter: mask: 0x1ffffffffffffff max_cycles: 0x1cd42e208c, max_idle_ns: 881590405314 ns
[    0.000139] sched_clock: 57 bits at 63MHz, resolution 16ns, wraps every 4398046511096ns
[    0.017979] kfence: initialized - using 2097152 bytes for 255 objects at 0x(____ptrval____)-0x(____ptrval____)
[    0.045026] Console: colour dummy device 80x25
[    0.060003] ACPI: Core revision 20240827
[    0.074669] Calibrating delay loop (skipped), value calculated using timer frequency.. 125.00 BogoMIPS (lpj=625000)
[    0.075044] pid_max: default: 32768 minimum: 301
[    0.096879] LSM: initializing lsm=lockdown,capability,landlock
[    0.102374] landlock: Up and running.
[    0.114600] Mount-cache hash table entries: 8192 (order: 4, 65536 bytes, linear)
[    0.114808] Mountpoint-cache hash table entries: 8192 (order: 4, 65536 bytes, linear)
[    0.345176] rcu: Hierarchical SRCU implementation.
[    0.345336] rcu: 	Max phase no-delay instances is 1000.
[    0.365604] Timer migration: 1 hierarchy levels; 8 children per group; 1 crossnode level
[    0.432369] Remapping and enabling EFI services.
[    0.474711] smp: Bringing up secondary CPUs ...
[    0.515735] Detected PIPT I-cache on CPU1
[    0.518405] CPU1: Booted secondary processor 0x0000000001 [0x414fd0b1]
[    0.542829] smp: Brought up 1 node, 2 CPUs
[    0.542952] SMP: Total of 2 processors activated.
[    0.543092] CPU: All CPU(s) started at EL1
[    0.543602] CPU features: detected: 32-bit EL0 Support
[    0.543723] CPU features: detected: Data cache clean to the PoU not required for I/D coherence
[    0.543824] CPU features: detected: Common not Private translations
[    0.543839] CPU features: detected: CRC32 instructions
[    0.548888] CPU features: detected: RCpc load-acquire (LDAPR)
[    0.549018] CPU features: detected: LSE atomic instructions
[    0.549032] CPU features: detected: Privileged Access Never
[    0.549042] CPU features: detected: RAS Extension Support
[    0.549133] CPU features: detected: Speculative Store Bypassing Safe (SSBS)
[    0.660795] alternatives: applying system-wide alternatives
[    0.730996] CPU features: detected: Hardware dirty bit management on CPU0-1
[    0.801295] Memory: 3995976K/4194304K available (12608K kernel code, 1950K rwdata, 7812K rodata, 1920K init, 9305K bss, 193644K reserved, 0K cma-reserved)
[    0.951913] devtmpfs: initialized
[    1.039766] futex hash table entries: 512 (order: 3, 32768 bytes, linear)
[    1.046262] 24304 pages in range for non-PLT usage
[    1.046656] 515824 pages in range for PLT usage
[    1.067384] pinctrl core: initialized pinctrl subsystem
[    1.098081] SMBIOS 3.0.0 present.
[    1.098693] DMI: QEMU QEMU Virtual Machine, BIOS edk2-stable202408-prebuilt.qemu.org 08/13/2024
[    1.099334] DMI: Memory slots populated: 1/1
[    1.164734] NET: Registered PF_NETLINK/PF_ROUTE protocol family
[    1.179367] DMA: preallocated 512 KiB GFP_KERNEL pool for atomic allocations
[    1.183474] DMA: preallocated 512 KiB GFP_KERNEL|GFP_DMA pool for atomic allocations
[    1.184728] DMA: preallocated 512 KiB GFP_KERNEL|GFP_DMA32 pool for atomic allocations
[    1.185486] audit: initializing netlink subsys (disabled)
[    1.197254] audit: type=2000 audit(0.570:1): state=initialized audit_enabled=0 res=1
[    1.209298] thermal_sys: Registered thermal governor 'step_wise'
[    1.216680] cpuidle: using governor ladder
[    1.217428] cpuidle: using governor menu
[    1.228541] hw-breakpoint: found 6 breakpoint and 4 watchpoint registers.
[    1.230889] ASID allocator initialised with 65536 entries
[    1.232305] acpiphp: ACPI Hot Plug PCI Controller Driver version: 0.5
[    1.236034] Serial: AMBA PL011 UART driver
[    1.281002] HugeTLB: registered 1.00 GiB page size, pre-allocated 0 pages
[    1.281074] HugeTLB: 0 KiB vmemmap can be freed for a 1.00 GiB page
[    1.281100] HugeTLB: registered 32.0 MiB page size, pre-allocated 0 pages
[    1.281108] HugeTLB: 0 KiB vmemmap can be freed for a 32.0 MiB page
[    1.281120] HugeTLB: registered 2.00 MiB page size, pre-allocated 0 pages
[    1.281130] HugeTLB: 0 KiB vmemmap can be freed for a 2.00 MiB page
[    1.281143] HugeTLB: registered 64.0 KiB page size, pre-allocated 0 pages
[    1.281152] HugeTLB: 0 KiB vmemmap can be freed for a 64.0 KiB page
[    1.365558] ACPI: Added _OSI(Module Device)
[    1.365663] ACPI: Added _OSI(Processor Device)
[    1.365678] ACPI: Added _OSI(Processor Aggregator Device)
[    1.424167] ACPI: 1 ACPI AML tables successfully acquired and loaded
[    1.485285] ACPI: Interpreter enabled
[    1.485376] ACPI: Using GIC for interrupt routing
[    1.492012] ACPI: MCFG table detected, 1 entries
[    1.631301] ACPI: CPU0 has been hot-added
[    1.633300] ACPI: CPU1 has been hot-added
[    1.694544] ARMH0011:00: ttyAMA0 at MMIO 0x9000000 (irq = 12, base_baud = 0) is a SBSA
[    1.698339] printk: legacy console [ttyAMA0] enabled
[    1.843776] ACPI: PCI: Interrupt link L000 configured for IRQ 35
[    1.844810] ACPI: PCI: Interrupt link L001 configured for IRQ 36
[    1.845272] ACPI: PCI: Interrupt link L002 configured for IRQ 37
[    1.845692] ACPI: PCI: Interrupt link L003 configured for IRQ 38
[    1.847130] ACPI: PCI Root Bridge [PCI0] (domain 0000 [bus 00-ff])
[    1.851561] acpi PNP0A08:00: _OSC: OS supports [ExtendedConfig ASPM ClockPM Segments MSI HPX-Type3]
[    1.868765] acpi PNP0A08:00: _OSC: platform does not support [LTR]
[    1.874568] acpi PNP0A08:00: _OSC: OS now controls [PCIeHotplug PME PCIeCapability]
[    1.880585] acpi PNP0A08:00: ECAM area [mem 0x4010000000-0x401fffffff] reserved by PNP0C02:00
[    1.881982] acpi PNP0A08:00: ECAM at [mem 0x4010000000-0x401fffffff] for [bus 00-ff]
[    1.883977] ACPI: Remapped I/O 0x000000003eff0000 to [io  0x0000-0xffff window]
[    1.895057] PCI host bridge to bus 0000:00
[    1.895851] pci_bus 0000:00: root bus resource [mem 0x10000000-0x3efeffff window]
[    1.896174] pci_bus 0000:00: root bus resource [io  0x0000-0xffff window]
[    1.896402] pci_bus 0000:00: root bus resource [mem 0x8000000000-0xffffffffff window]
[    1.896790] pci_bus 0000:00: root bus resource [bus 00-ff]
[    1.898883] pci 0000:00:00.0: [1b36:0008] type 00 class 0x060000 conventional PCI endpoint
[    1.912753] pci 0000:00:01.0: [8086:100e] type 00 class 0x020000 conventional PCI endpoint
[    1.913417] pci 0000:00:01.0: BAR 0 [mem 0x10040000-0x1005ffff]
[    1.913707] pci 0000:00:01.0: BAR 1 [io  0x0080-0x00bf]
[    1.913966] pci 0000:00:01.0: ROM [mem 0xfffc0000-0xffffffff pref]
[    1.915313] pci 0000:00:02.0: [1af4:1001] type 00 class 0x010000 conventional PCI endpoint
[    1.915648] pci 0000:00:02.0: BAR 0 [io  0x0000-0x007f]
[    1.915834] pci 0000:00:02.0: BAR 1 [mem 0x10060000-0x10060fff]
[    1.916098] pci 0000:00:02.0: BAR 4 [mem 0x8000000000-0x8000003fff 64bit pref]
[    1.923346] pci 0000:00:01.0: ROM [mem 0x10000000-0x1003ffff pref]: assigned
[    1.924750] pci 0000:00:01.0: BAR 0 [mem 0x10040000-0x1005ffff]: assigned
[    1.925478] pci 0000:00:02.0: BAR 4 [mem 0x8000000000-0x8000003fff 64bit pref]: assigned
[    1.926147] pci 0000:00:02.0: BAR 1 [mem 0x10060000-0x10060fff]: assigned
[    1.926550] pci 0000:00:02.0: BAR 0 [io  0x1000-0x107f]: assigned
[    1.926976] pci 0000:00:01.0: BAR 1 [io  0x1080-0x10bf]: assigned
[    1.927960] pci_bus 0000:00: resource 4 [mem 0x10000000-0x3efeffff window]
[    1.928243] pci_bus 0000:00: resource 5 [io  0x0000-0xffff window]
[    1.928467] pci_bus 0000:00: resource 6 [mem 0x8000000000-0xffffffffff window]
[    1.936019] iommu: Default domain type: Translated
[    1.939764] iommu: DMA domain TLB invalidation policy: lazy mode
[    1.960597] efivars: Registered efivars operations
[    1.985048] clocksource: Switched to clocksource arch_sys_counter
[    2.000836] VFS: Disk quotas dquot_6.6.0
[    2.001852] VFS: Dquot-cache hash table entries: 512 (order 0, 4096 bytes)
[    2.025431] pnp: PnP ACPI init
[    2.035671] system 00:00: [mem 0x4010000000-0x401fffffff window] could not be reserved
[    2.045894] pnp: PnP ACPI: found 1 devices
[    2.663810] NET: Registered PF_INET protocol family
[    2.673616] IP idents hash table entries: 65536 (order: 7, 524288 bytes, linear)
[    2.790666] tcp_listen_portaddr_hash hash table entries: 2048 (order: 3, 32768 bytes, linear)
[    2.791769] Table-perturb hash table entries: 65536 (order: 6, 262144 bytes, linear)
[    2.792780] TCP established hash table entries: 32768 (order: 6, 262144 bytes, linear)
[    2.796676] TCP bind hash table entries: 32768 (order: 8, 1048576 bytes, linear)
[    2.797464] TCP: Hash tables configured (established 32768 bind 32768)
[    2.800374] MPTCP token hash table entries: 4096 (order: 5, 98304 bytes, linear)
[    2.801517] UDP hash table entries: 2048 (order: 4, 65536 bytes, linear)
[    2.802206] UDP-Lite hash table entries: 2048 (order: 4, 65536 bytes, linear)
[    2.809225] NET: Registered PF_UNIX/PF_LOCAL protocol family
[    2.810460] NET: Registered PF_XDP protocol family
[    2.811393] PCI: CLS 0 bytes, default 64
[    2.814528] kvm [1]: HYP mode not available
[    2.818646] Unpacking initramfs...
[    2.819241] Initialise system trusted keyrings
[    2.829645] workingset: timestamp_bits=44 max_order=20 bucket_order=0
[    2.930985] Key type asymmetric registered
[    2.931390] Asymmetric key parser 'x509' registered
[    2.932231] Block layer SCSI generic (bsg) driver version 0.4 loaded (major 249)
[    2.933760] io scheduler mq-deadline registered
[    2.934068] io scheduler kyber registered
[    2.934651] io scheduler bfq registered
[    2.966762] ACPI: \_SB_.L002: Enabled at IRQ 37
[    2.968086] virtio-pci 0000:00:02.0: enabling device (0000 -> 0003)
[    2.982070] Serial: 8250/16550 driver, 4 ports, IRQ sharing enabled
[    3.014752] hv_vmbus: registering driver hyperv_keyboard
[    3.024977] rtc-efi rtc-efi.0: registered as rtc0
[    3.028480] rtc-efi rtc-efi.0: setting system clock to 2026-09-03T02:44:11 UTC (1788403451)
[    3.033458] NET: Registered PF_INET6 protocol family
[    3.059949] Segment Routing with IPv6
[    3.060880] In-situ OAM (IOAM) with IPv6
[    3.133288] registered taskstats version 1
[    3.147190] Loading compiled-in X.509 certificates
[    3.196235] Freeing initrd memory: 5268K
[    3.418644] Loaded X.509 cert 'alpinelinux.org: Alpine Linux kernel key: 87fa969a47f3e2a6aa35859eb932a17c95abcd82'
[    3.450853] Demotion targets for Node 0: null
[    3.458817] Key type .fscrypt registered
[    3.459194] Key type fscrypt-provisioning registered
[    3.499501] clk: Disabling unused clocks
[    3.500591] PM: genpd: Disabling unused power domains
[    3.584058] Freeing unused kernel memory: 1920K
[    3.589824] Run /init as init process
[    3.828831] Alpine Init 3.11.1-r0
Alpine Init 3.11.1-r0
[    3.835557] Loading boot drivers...
 * Loading boot drivers: [    3.881142] Loading boot drivers: ok.
ok.
SIMBOOT: kernel=6.12.103-0-virt
[    3.947954] Invalid ELF header magic: != ELF
[    3.982348] virtio_blk virtio0: 2/0/0 default/read/poll queues
[    4.012425] virtio_blk virtio0: [vda] 1411072 512-byte logical blocks (722 MB/689 MiB)
[    4.061067] Invalid ELF header magic: != ELF
[    4.092408] Invalid ELF header magic: != ELF
[    4.112482] Invalid ELF header magic: != ELF
[    4.132571] Invalid ELF header magic: != ELF
[    4.212717] Invalid ELF header magic: != ELF
[    4.678547] Invalid ELF header magic: != ELF
[    4.730223] e1000: Intel(R) PRO/1000 Network Driver
[    4.730547] e1000: Copyright (c) 1999-2006 Intel Corporation.
[    4.732128] ACPI: \_SB_.L001: Enabled at IRQ 36
[    4.732647] e1000 0000:00:01.0: enabling device (0000 -> 0003)
[    5.181567] e1000 0000:00:01.0 eth0: (PCI:33MHz:32-bit) 52:54:00:12:34:56
[    5.182427] e1000 0000:00:01.0 eth0: Intel(R) PRO/1000 Network Connection
Module                  Size  Used by    Not tainted
e1000                 163840  0 
ext4                  929792  0 
jbd2                  172032  1 ext4
mbcache                20480  1 ext4
crc32c_generic         12288  0 
crc16                  12288  1 ext4
virtio_blk             24576  0 
[    6.395615] EXT4-fs (vda): mounted filesystem 1799a7eb-09df-4b80-8c57-0424de58e445 r/w with ordered data mode. Quota mode: none.
SIMBOOT: root mounted rw, running real mfp.afx with binder stub
[   20.118259] e1000: eth0 NIC Link is Up 1000 Mbps Full Duplex, Flow Control: RX
=== VHAL: fetch toolchain ===
VHAL_WGET_TC_RC=0
-rw-r--r-- 1 root root 239206400 Sep  3 02:44 /tmp/musl-native.tar
VHAL_WGET_SRC_RC=0
-rw-r--r-- 1 root root 13902 Sep  3 02:44 /tmp/virtual_hal.c
=== VHAL: extract ===
VHAL_TAR_RC=0
-rwxr-xr-x 3 1000 1000 1428240 Nov 22  2021 /tmp/aarch64-linux-musl-native/bin/aarch64-linux-musl-gcc
=== VHAL: compile ===
VHAL_GCC_RC=0
-rwxr-xr-x 1 root root 17056 Sep  3 02:45 /lib/virtual_hal.so
=== VHAL: done ===
MFP_PID=470
--- POLL 1: N=1 ---
POLL: early init (N=1), wait before gdb patch
[   88.126619] random: crng init done
--- POLL 2: N=11 ---
POLL: early init (N=11), wait before gdb patch
--- POLL 3: N=11 ---
POLL: early init (N=11), wait before gdb patch
--- POLL 4: N=11 ---
POLL: early init (N=11), wait before gdb patch
--- POLL 5: N=11 ---
POLL: early init (N=11), wait before gdb patch
--- POLL 6: N=22 ---
POLL: early init (N=22), wait before gdb patch
--- POLL 7: N=44 ---
[Thread debugging using libthread_db enabled]
Using host libthread_db library "/lib64/libthread_db.so.1".
0x0000ffffb7721ae4 in clock_nanosleep () from /lib64/libc.so.6
B4: 5c=0 7c=0 80=0 82=0
AF: 5c=1 7c=1 80=1 82=1
[Inferior 1 (process 470) detached]
--- POLL 8: N=62 ---
[Thread debugging using libthread_db enabled]
Using host libthread_db library "/lib64/libthread_db.so.1".
0x0000ffffb7721ae4 in clock_nanosleep () from /lib64/libc.so.6
B4: 5c=0 7c=0 80=0 82=0
AF: 5c=1 7c=1 80=1 82=1
[Inferior 1 (process 470) detached]
--- POLL 9: N=128 ---
POLL: passed print_info_status_init (N=128)
--- ALIVE ---
128
--- LISTEN TCP ---
  sl  local_address rem_address   st tx_queue rx_queue tr tm->when retrnsmt   uid  timeout inode                                                     
   0: 00000000:B7B7 00000000:0000 0A 00000000:00000000 00:00000000 00000000     0        0 47526 1 00000000d126dfcf 100 0 0 10 0                     
SIMBOOT_LPD_HEX=B7B7
SIMBOOT_LPD_PORT=47031
--- HALD LOG ---
2147483648 hal_daemon process plog lib init 
--- PLOGD LOG ---
--- CMD REG TABLE ---
[New LWP 696]
[New LWP 697]
[New LWP 698]
[New LWP 699]
[New LWP 700]
[New LWP 701]
[New LWP 702]
[New LWP 703]
[New LWP 704]
[New LWP 705]
[New LWP 706]
[New LWP 707]
[New LWP 708]
[New LWP 709]
[New LWP 710]
[New LWP 711]
[New LWP 712]
[New LWP 713]
[New LWP 714]
[New LWP 715]
[New LWP 716]
[New LWP 717]
[New LWP 718]
[New LWP 720]
[Thread debugging using libthread_db enabled]
Using host libthread_db library "/lib64/libthread_db.so.1".
0x0000ffffb7721ae4 in clock_nanosleep () from /lib64/libc.so.6
warning: could not convert '$h' from the host encoding (ANSI_X3.4-1968) to UTF-32.
This normally should not happen, please file a bug report.
node=0x3daa2d00 cmd=0xd cb=0x6b7570 arg=(nil)
node=0x3daa2a30 cmd=0x7 cb=0x6974e4 arg=(nil)
node=0x3daace10 cmd=0xa cb=0x74fbcc arg=(nil)
node=0x3daace40 cmd=0xe cb=0x74fb0c arg=(nil)
node=0x3daaf110 cmd=0 cb=0x73b71c arg=(nil)
node=0x3daaf8c0 cmd=0xc cb=0x6b8588 arg=(nil)
node=0x3dab0ff0 cmd=0x6 cb=0x6cc6f8 arg=(nil)
node=0x3dab19a0 cmd=0x11 cb=0x6a77cc arg=(nil)
node=0x3dad5c90 cmd=0xf cb=0x4b01f0 arg=(nil)
node=0x3daaf0a0 cmd=0x2 cb=0x4b03a8 arg=(nil)
node=0x3db7f500 cmd=0x3 cb=0x70aba0 arg=(nil)
node=0x3dba9470 cmd=0x1 cb=0x722310 arg=(nil)
node=0x3dbbd670 cmd=0xb cb=0x678d20 arg=0x3dba96e0
node=0x3dbbd6a0 cmd=0x10 cb=0x679120 arg=0x3dba96e0
node=0x3dc14060 cmd=0x4 cb=0x74105c arg=(nil)
node=0x910e20 cmd=0x1 cb=0x100000001 arg=0x30b00002
node=0x3daa2d00 cmd=0xd cb=0x6b7570 arg=(nil)
node=0x3daa2a30 cmd=0x7 cb=0x6974e4 arg=(nil)
node=0x3daace10 cmd=0xa cb=0x74fbcc arg=(nil)
node=0x3daace40 cmd=0xe cb=0x74fb0c arg=(nil)
node=0x3daaf110 cmd=0 cb=0x73b71c arg=(nil)
node=0x3daaf8c0 cmd=0xc cb=0x6b8588 arg=(nil)
node=0x3dab0ff0 cmd=0x6 cb=0x6cc6f8 arg=(nil)
node=0x3dab19a0 cmd=0x11 cb=0x6a77cc arg=(nil)
node=0x3dad5c90 cmd=0xf cb=0x4b01f0 arg=(nil)
node=0x3daaf0a0 cmd=0x2 cb=0x4b03a8 arg=(nil)
node=0x3db7f500 cmd=0x3 cb=0x70aba0 arg=(nil)
node=0x3dba9470 cmd=0x1 cb=0x722310 arg=(nil)
node=0x3dbbd670 cmd=0xb cb=0x678d20 arg=0x3dba96e0
node=0x3dbbd6a0 cmd=0x10 cb=0x679120 arg=0x3dba96e0
node=0x3dc14060 cmd=0x4 cb=0x74105c arg=(nil)
node=0x910e20 cmd=0x1 cb=0x100000001 arg=0x30b00002
node=0x3daa2d00 cmd=0xd cb=0x6b7570 arg=(nil)
node=0x3daa2a30 cmd=0x7 cb=0x6974e4 arg=(nil)
node=0x3daace10 cmd=0xa cb=0x74fbcc arg=(nil)
node=0x3daace40 cmd=0xe cb=0x74fb0c arg=(nil)
node=0x3daaf110 cmd=0 cb=0x73b71c arg=(nil)
node=0x3daaf8c0 cmd=0xc cb=0x6b8588 arg=(nil)
node=0x3dab0ff0 cmd=0x6 cb=0x6cc6f8 arg=(nil)
node=0x3dab19a0 cmd=0x11 cb=0x6a77cc arg=(nil)
node=0x3dad5c90 cmd=0xf cb=0x4b01f0 arg=(nil)
node=0x3daaf0a0 cmd=0x2 cb=0x4b03a8 arg=(nil)
node=0x3db7f500 cmd=0x3 cb=0x70aba0 arg=(nil)
node=0x3dba9470 cmd=0x1 cb=0x722310 arg=(nil)
node=0x3dbbd670 cmd=0xb cb=0x678d20 arg=0x3dba96e0
node=0x3dbbd6a0 cmd=0x10 cb=0x679120 arg=0x3dba96e0
node=0x3dc14060 cmd=0x4 cb=0x74105c arg=(nil)
node=0x910e20 cmd=0x1 cb=0x100000001 arg=0x30b00002
node=0x3daa2d00 cmd=0xd cb=0x6b7570 arg=(nil)
node=0x3daa2a30 cmd=0x7 cb=0x6974e4 arg=(nil)
node=0x3daace10 cmd=0xa cb=0x74fbcc arg=(nil)
node=0x3daace40 cmd=0xe cb=0x74fb0c arg=(nil)
node=0x3daaf110 cmd=0 cb=0x73b71c arg=(nil)
node=0x3daaf8c0 cmd=0xc cb=0x6b8588 arg=(nil)
node=0x3dab0ff0 cmd=0x6 cb=0x6cc6f8 arg=(nil)
node=0x3dab19a0 cmd=0x11 cb=0x6a77cc arg=(nil)
node=0x3dad5c90 cmd=0xf cb=0x4b01f0 arg=(nil)
node=0x3daaf0a0 cmd=0x2 cb=0x4b03a8 arg=(nil)
node=0x3db7f500 cmd=0x3 cb=0x70aba0 arg=(nil)
node=0x3dba9470 cmd=0x1 cb=0x722310 arg=(nil)
[Inferior 1 (process 470) detached]
--- LPD ENABLE ---
[Thread debugging using libthread_db enabled]
Using host libthread_db library "/lib64/libthread_db.so.1".
0x0000ffffb7721ae0 in clock_nanosleep () from /lib64/libc.so.6
warning: could not convert '$h' from the host encoding (ANSI_X3.4-1968) to UTF-32.
This normally should not happen, please file a bug report.
HANDLE=0x3dba96e0
CTX=0x3dbf0350 SW_B4=0
SW_AF=1
LPD_PROLOG_RC=0
[Inferior 1 (process 470) detached]
--- LPD PORTS AFTER ---
local_address st
00000000:B7B7 0A
--- PORTS ALL ---
local_address st
00000000:B7B7 0A
TRACE GDB STARTED
READY FOR INJECT
[  671.425766] hrtimer: interrupt took 38784400 ns
--- MID PORTS ---
local_address st
00000000:B7B7 0A
0F02000A:B7B7 08
0F02000A:B7B7 08
0F02000A:B7B7 08
0F02000A:B7B7 08
0F02000A:B7B7 08
--- GDB TRACE ---
[New LWP 702]
[New LWP 703]
[New LWP 704]
[New LWP 705]
[New LWP 706]
[New LWP 707]
[New LWP 708]
[New LWP 709]
[New LWP 710]
[New LWP 711]
[New LWP 712]
[New LWP 713]
[New LWP 714]
[New LWP 715]
[New LWP 716]
[New LWP 717]
[New LWP 718]
[New LWP 720]
[Thread debugging using libthread_db enabled]
Using host libthread_db library "/lib64/libthread_db.so.1".
0x0000ffffb7721ae0 in clock_nanosleep () from /lib64/libc.so.6
Breakpoint 1 at 0x74c960: file pedk_manager/pedk_mgr.c, line 357.
Breakpoint 2 at 0x74c38c: file pedk_manager/pedk_mgr.c, line 205.
Breakpoint 3 at 0x6b7570: file system_manager/job_pedkapi.c, line 591.
Breakpoint 4 at 0x6b6adc: file system_manager/job_pedkapi.c, line 272.
Breakpoint 5 at 0x6b6b64: file system_manager/job_pedkapi.c, line 300.
Breakpoint 6 at 0x6b7060: file system_manager/job_pedkapi.c, line 449.
Breakpoint 7 at 0x6b740c: file system_manager/job_pedkapi.c, line 551.
Breakpoint 8 at 0x6b7500: file system_manager/job_pedkapi.c, line 578.
Breakpoint 9 at 0x6b7158: file system_manager/job_pedkapi.c, line 476.
--- MFP LOG SIZE ---
84036219 /tmp/mfp.log
--- MFP LOG RAW tail ---
--- VHAL LOG ---
205608 /tmp/vhal.log
[vhal] gpio_get id=: 0x00000087
 -> : 0x00000000
[vhal] gpio_get id=: 0x00000087
 -> : 0x00000000
[vhal] gpio_get id=: 0x00000087
 -> : 0x00000000
[vhal] gpio_get id=: 0x00000087
 -> : 0x00000000
[vhal] gpio_get id=: 0x00000087
 -> : 0x00000000
[vhal] gpio_get id=: 0x00000087
 -> : 0x00000000
[vhal] gpio_get id=: 0x00000087
 -> : 0x00000000
[vhal] gpio_get id=: 0x00000087
 -> : 0x00000000
[vhal] gpio_get id=: 0x00000087
 -> : 0x00000000
[vhal] gpio_get id=: 0x00000087
 -> : 0x00000000
[vhal] gpio_get id=: 0x00000087
 -> : 0x00000000
[vhal] gpio_get id=: 0x00000087
 -> : 0x00000000
[vhal] gpio_get id=: 0x00000087
 -> : 0x00000000
[vhal] gpio_get id=: 0x00000087
 -> : 0x00000000
[vhal] gpio_get id=: 0x00000087
 -> : 0x00000000
[vhal] gpio_get id=: 0x00000087
 -> : 0x00000000
[vhal] gpio_get id=: 0x00000087
 -> : 0x00000000
[vhal] gpio_get id=: 0x00000087
 -> : 0x00000000
[vhal] gpio_get id=: 0x00000087
 -> : 0x00000000
[vhal] gpio_get id=: 0x00000087
 -> : 0x00000000
[vhal] gpio_get id=: 0x00000087
 -> : 0x00000000
[vhal] gpio_get id=: 0x00000087
 -> : 0x00000000
[vhal] gpio_get id=: 0x00000087
 -> : 0x00000000
[vhal] gpio_get id=: 0x00000087
 -> : 0x00000000
[vhal] gpio_get id=: 0x00000087
 -> : 0x00000000
[vhal] gpio_get id=: 0x00000087
 -> : 0x00000000
[vhal] gpio_get id=: 0x00000087
 -> : 0x00000000
[vhal] gpio_get id=: 0x00000087
 -> : 0x00000000
[vhal] gpio_get id=: 0x00000087
 -> : 0x00000000
[vhal] gpio_get id=: 0x00000087
 -> : 0x00000000
[vhal] gpio_get id=: 0x00000087
 -> : 0x00000000
[vhal] gpio_get id=: 0x00000087
 -> : 0x00000000
[vhal] gpio_get id=: 0x00000087
 -> : 0x00000000
[vhal] gpio_get id=: 0x00000087
 -> : 0x00000000
[vhal] gpio_get id=: 0x00000087
 -> : 0x00000000
[vhal] gpio_get id=: 0x00000087
 -> : 0x00000000
[vhal] gpio_get id=: 0x00000087
 -> : 0x00000000
[vhal] gpio_get id=: 0x00000087
 -> : 0x00000000
[vhal] gpio_get id=: 0x00000087
 -> : 0x00000000
[vhal] gpio_get id=: 0x00000087
 -> : 0x00000000
[vhal] gpio_get id=: 0x00000087
 -> : 0x00000000
[vhal] gpio_get id=: 0x00000087
 -> : 0x00000000
[vhal] gpio_get id=: 0x00000087
 -> : 0x00000000
[vhal] gpio_get id=: 0x00000087
 -> : 0x00000000
[vhal] gpio_get id=: 0x00000087
 -> : 0x00000000
[vhal] gpio_get id=: 0x00000087
 -> : 0x00000000
[vhal] gpio_get id=: 0x00000087
 -> : 0x00000000
[vhal] gpio_get id=: 0x00000087
 -> : 0x00000000
[vhal] gpio_get id=: 0x00000087
 -> : 0x00000000
[vhal] gpio_get id=: 0x00000087
 -> : 0x00000000
[vhal] gpio_get id=: 0x00000087
 -> : 0x00000000
[vhal] gpio_get id=: 0x00000087
 -> : 0x00000000
[vhal] gpio_get id=: 0x00000087
 -> : 0x00000000
[vhal] gpio_get id=: 0x00000087
 -> : 0x00000000
[vhal] gpio_get id=: 0x00000087
 -> : 0x00000000
[vhal] gpio_get id=: 0x00000087
 -> : 0x00000000
[vhal] gpio_get id=: 0x00000087
 -> : 0x00000000
[vhal] gpio_get id=: 0x00000087
 -> : 0x00000000
[vhal] gpio_get id=: 0x00000087
 -> : 0x00000000
[vhal] gpio_get id=: 0x00000087
 -> : 0x00000000
[vhal] gpio_get id=: 0x00000087
 -> : 0x00000000
[vhal] gpio_get id=: 0x00000087
 -> : 0x00000000
[vhal] gpio_get id=: 0x00000087
 -> : 0x00000000
[vhal] gpio_get id=: 0x00000087
 -> : 0x00000000
[vhal] gpio_get id=: 0x00000087
 -> : 0x00000000
[vhal] gpio_get id=: 0x00000087
 -> : 0x00000000
[vhal] gpio_get id=: 0x00000087
 -> : 0x00000000
[vhal] gpio_get id=: 0x00000087
 -> : 0x00000000
[vhal] gpio_get id=: 0x00000087
 -> : 0x00000000
[vhal] gpio_get id=: 0x00000087
 -> : 0x00000000
[vhal] gpio_get id=: 0x00000087
 -> : 0x00000000
[vhal] gpio_get id=: 0x00000087
 -> : 0x00000000
[vhal] gpio_get id=: 0x00000087
 -> : 0x00000000
[vhal] gpio_get id=: 0x00000087
 -> : 0x00000000
[vhal] gpio_get id=: 0x00000087
 -> : 0x00000000
--- VHAL UPLOAD ---
VHAL_UPLOAD_RC=0
MFP_UPLOAD_RC=0
KEEPING MFP ALIVE (pid 470)
SIMBOOT: mfp run finished, keeping shell
/bin/sh: can't access tty; job control turned off
~ # [6n[ 1840.467486] mfp.afx invoked oom-killer: gfp_mask=0x140cca(GFP_HIGHUSER_MOVABLE|__GFP_COMP), order=0, oom_score_adj=0
[ 1840.476538] CPU: 0 UID: 0 PID: 478 Comm: mfp.afx Not tainted 6.12.103-0-virt #1-Alpine
[ 1840.479373] Hardware name: QEMU QEMU Virtual Machine, BIOS edk2-stable202408-prebuilt.qemu.org 08/13/2024
[ 1840.480366] Call trace:
[ 1840.480484]  dump_backtrace+0xf0/0x140
[ 1840.483929]  show_stack+0x28/0x4c
[ 1840.483946]  dump_stack_lvl+0x60/0x94
[ 1840.484310]  dump_stack+0x18/0x30
[ 1840.484386]  dump_header+0x40/0x1a0
[ 1840.484410]  oom_kill_process+0x2cc/0x348
[ 1840.484474]  out_of_memory+0xec/0x5c8
[ 1840.484498]  __alloc_pages_noprof+0xa7c/0xf60
[ 1840.486816]  alloc_pages_mpol_noprof+0x94/0x24c
[ 1840.486927]  alloc_pages_noprof+0x5c/0xf4
[ 1840.486955]  folio_alloc_noprof+0x24/0xa0
[ 1840.486975]  filemap_alloc_folio_noprof+0x154/0x160
[ 1840.487008]  __filemap_get_folio+0x224/0x3cc
[ 1840.487024]  filemap_fault+0x118/0x89c
[ 1840.487040]  __do_fault+0x3c/0x140
[ 1840.487066]  __handle_mm_fault+0xaec/0x17e0
[ 1840.487086]  handle_mm_fault+0xc8/0x320
[ 1840.487104]  do_page_fault+0x134/0x600
[ 1840.487169]  do_translation_fault+0x100/0x140
[ 1840.487190]  do_mem_abort+0x4c/0xc0
[ 1840.487590]  el0_ia+0x68/0x184
[ 1840.487611]  el0t_64_sync_handler+0xc0/0x100
[ 1840.487631]  el0t_64_sync+0x190/0x194
[ 1840.492206] Mem-Info:
[ 1840.492576] active_anon:757677 inactive_anon:218985 isolated_anon:0
[ 1840.492576]  active_file:0 inactive_file:8 isolated_file:0
[ 1840.492576]  unevictable:2911 dirty:0 writeback:0
[ 1840.492576]  slab_reclaimable:1205 slab_unreclaimable:3092
[ 1840.492576]  mapped:243 shmem:153226 pagetables:1882
[ 1840.492576]  sec_pagetables:0 bounce:0
[ 1840.492576]  kernel_misc_reclaimable:0
[ 1840.492576]  free:12125 free_pcp:0 free_cma:0
[ 1840.493995] Node 0 active_anon:3030708kB inactive_anon:875940kB active_file:0kB inactive_file:32kB unevictable:11644kB isolated(anon):0kB isolated(file):0kB mapped:972kB dirty:0kB writeback:0kB shmem:612904kB shmem_thp:0kB shmem_pmdmapped:0kB anon_thp:200704kB writeback_tmp:0kB kernel_stack:4144kB pagetables:7528kB sec_pagetables:0kB all_unreclaimable? yes
[ 1840.495077] Node 0 DMA free:37968kB boost:0kB min:34308kB low:42884kB high:51460kB reserved_highatomic:0KB active_anon:2747488kB inactive_anon:255672kB active_file:0kB inactive_file:136kB unevictable:0kB writepending:0kB present:3145728kB managed:3048256kB mlocked:0kB bounce:0kB free_pcp:0kB local_pcp:0kB free_cma:0kB
[ 1840.497077] lowmem_reserve[]: 0 0 931 931
[ 1840.497312] Node 0 Normal free:10532kB boost:0kB min:10744kB low:13428kB high:16112kB reserved_highatomic:0KB active_anon:283220kB inactive_anon:620268kB active_file:0kB inactive_file:168kB unevictable:11644kB writepending:0kB present:1048576kB managed:959592kB mlocked:0kB bounce:0kB free_pcp:0kB local_pcp:0kB free_cma:0kB
[ 1840.499623] lowmem_reserve[]: 0 0 0 0
[ 1840.500129] Node 0 DMA: 166*4kB (UM) 121*8kB (UME) 68*16kB (UME) 37*32kB (UME) 11*64kB (UME) 17*128kB (UME) 8*256kB (UM) 7*512kB (U) 5*1024kB (UME) 8*2048kB (UME) 1*4096kB (M) = 38016kB
[ 1840.501239] Node 0 Normal: 183*4kB (UME) 91*8kB (UME) 45*16kB (UME) 20*32kB (UME) 14*64kB (UM) 10*128kB (UME) 3*256kB (UM) 3*512kB (UM) 4*1024kB (UM) 0*2048kB 0*4096kB = 11396kB
[ 1840.505201] Node 0 hugepages_total=0 hugepages_free=0 hugepages_surp=0 hugepages_size=1048576kB
[ 1840.505952] Node 0 hugepages_total=0 hugepages_free=0 hugepages_surp=0 hugepages_size=32768kB
[ 1840.506473] Node 0 hugepages_total=0 hugepages_free=0 hugepages_surp=0 hugepages_size=2048kB
[ 1840.506919] Node 0 hugepages_total=0 hugepages_free=0 hugepages_surp=0 hugepages_size=64kB
[ 1840.507485] 156179 total pagecache pages
[ 1840.507742] 0 pages in swap cache
[ 1840.507961] Free swap  = 0kB
[ 1840.508151] Total swap = 0kB
[ 1840.508474] 1048576 pages RAM
[ 1840.508695] 0 pages HighMem/MovableOnly
[ 1840.508942] 46614 pages reserved
[ 1840.509233] Tasks state (memory values in pages):
[ 1840.509510] [  pid  ]   uid  tgid total_vm      rss rss_anon rss_file rss_shmem pgtables_bytes swapents oom_score_adj name
[ 1840.510444] [    449]     0   449     5926      260      256        4         0    61440        0             0 hal_daemon
[ 1840.511160] [    470]     0   470  1209673   799328   799319        9         0  7299072        0             0 mfp.afx
[ 1840.511754] [    751]     0   751    59061    23762    23746       16         0   266240        0             0 gdb
[ 1840.512401] oom-kill:constraint=CONSTRAINT_NONE,nodemask=(null),cpuset=/,mems_allowed=0,global_oom,task_memcg=/,task=mfp.afx,pid=470,uid=0
[ 1840.517557] Out of memory: Killed process 470 (mfp.afx) total-vm:4838692kB, anon-rss:3197276kB, file-rss:36kB, shmem-rss:0kB, UID:0 pgtables:7128kB oom_score_adj:0
[ 1842.698204] oom_reaper: reaped process 470 (mfp.afx), now anon-rss:0kB, file-rss:36kB, shmem-rss:0kB
