UEFI firmware (version edk2-stable202408-prebuilt.qemu.org built at 16:28:50 on Sep 12 2024)
ArmTrngLib could not be correctly initialized.
Error: Image at 000BFDB6000 start failed: 00000001
Error: Image at 000BFD6D000 start failed: Not Found
Error: Image at 000BFCBA000 start failed: Unsupported
Error: Image at 000BFB5E000 start failed: Aborted
Tpm2SubmitCommand - Tcg2 - Not Found
Tpm2GetCapabilityPcrs fail!
Tpm2SubmitCommand - Tcg2 - Not Found
Image type X64 can't be loaded on AARCH64 UEFI system.
[2J[01;01H[=3h[2J[01;01H[2J[01;01H[=3h[2J[01;01HEFI stub: Decompressing Linux Kernel...
EFI stub: Loaded initrd from LINUX_EFI_INITRD_MEDIA_GUID device path
EFI stub: Generating empty DTB
EFI stub: Exiting boot services...
[    0.000000] Booting Linux on physical CPU 0x0000000000 [0x414fd0b1]
[    0.000000] Linux version 6.12.103-0-virt (buildozer@build-3-21-aarch64) (gcc (Alpine 14.2.0) 14.2.0, GNU ld (GNU Binutils) 2.43.1) #1-Alpine SMP PREEMPT_DYNAMIC 2026-08-10 14:25:03
[    0.000000] efi: EFI v2.7 by EDK II
[    0.000000] efi: SMBIOS 3.0=0xbfed0000 MEMATTR=0xbe18b018 ACPI 2.0=0xbcb43018 INITRD=0xbcb40f18 MEMRESERVE=0xbcb40f98 
[    0.000000] ACPI: Early table checksum verification disabled
[    0.000000] ACPI: RSDP 0x00000000BCB43018 000024 (v02 BOCHS )
[    0.000000] ACPI: XSDT 0x00000000BCB43F18 000064 (v01 BOCHS  BXPC     00000001      01000013)
[    0.000000] ACPI: FACP 0x00000000BCB43B18 000114 (v06 BOCHS  BXPC     00000001 BXPC 00000001)
[    0.000000] ACPI: DSDT 0x00000000BCB41018 001506 (v02 BOCHS  BXPC     00000001 BXPC 00000001)
[    0.000000] ACPI: APIC 0x00000000BCB43C98 0000FC (v04 BOCHS  BXPC     00000001 BXPC 00000001)
[    0.000000] ACPI: PPTT 0x00000000BCB43E18 000074 (v02 BOCHS  BXPC     00000001 BXPC 00000001)
[    0.000000] ACPI: GTDT 0x00000000BCB43098 000068 (v03 BOCHS  BXPC     00000001 BXPC 00000001)
[    0.000000] ACPI: MCFG 0x00000000BCB43A98 00003C (v01 BOCHS  BXPC     00000001 BXPC 00000001)
[    0.000000] ACPI: SPCR 0x00000000BCB43818 000050 (v02 BOCHS  BXPC     00000001 BXPC 00000001)
[    0.000000] ACPI: DBG2 0x00000000BCB43A18 000057 (v00 BOCHS  BXPC     00000001 BXPC 00000001)
[    0.000000] ACPI: IORT 0x00000000BCB43898 000054 (v05 BOCHS  BXPC     00000001 BXPC 00000001)
[    0.000000] ACPI: SPCR: console: pl011,mmio32,0x9000000,9600
[    0.000000] ACPI: Use ACPI SPCR as default console: Yes
[    0.000000] NUMA: Faking a node at [mem 0x0000000040000000-0x00000000bfffffff]
[    0.000000] NODE_DATA(0) allocated [mem 0xbf855b80-0xbf857fff]
[    0.000000] Zone ranges:
[    0.000000]   DMA      [mem 0x0000000040000000-0x00000000bfffffff]
[    0.000000]   DMA32    empty
[    0.000000]   Normal   empty
[    0.000000] Movable zone start for each node
[    0.000000] Early memory node ranges
[    0.000000]   node   0: [mem 0x0000000040000000-0x00000000bc76ffff]
[    0.000000]   node   0: [mem 0x00000000bc770000-0x00000000bcb3ffff]
[    0.000000]   node   0: [mem 0x00000000bcb40000-0x00000000bfe1ffff]
[    0.000000]   node   0: [mem 0x00000000bfe20000-0x00000000bfeaffff]
[    0.000000]   node   0: [mem 0x00000000bfeb0000-0x00000000bfebffff]
[    0.000000]   node   0: [mem 0x00000000bfec0000-0x00000000bffdffff]
[    0.000000]   node   0: [mem 0x00000000bffe0000-0x00000000bfffffff]
[    0.000000] Initmem setup node 0 [mem 0x0000000040000000-0x00000000bfffffff]
[    0.000000] psci: probing for conduit method from ACPI.
[    0.000000] psci: PSCIv1.1 detected in firmware.
[    0.000000] psci: Using standard PSCI v0.2 function IDs
[    0.000000] psci: Trusted OS migration not required
[    0.000000] psci: SMC Calling Convention v1.0
[    0.000000] percpu: Embedded 33 pages/cpu s96984 r8192 d29992 u135168
[    0.000000] Detected PIPT I-cache on CPU0
[    0.000000] CPU features: detected: Spectre-v4
[    0.000000] CPU features: detected: Spectre-BHB
[    0.000000] CPU features: detected: Broken broadcast TLBI completion
[    0.000000] CPU features: detected: SSBS not fully self-synchronizing
[    0.000000] alternatives: applying boot alternatives
[    0.000000] Kernel command line: root=/dev/vda rw console=ttyAMA0 initrd=initrd
[    0.000000] Dentry cache hash table entries: 262144 (order: 9, 2097152 bytes, linear)
[    0.000000] Inode-cache hash table entries: 131072 (order: 8, 1048576 bytes, linear)
[    0.000000] Fallback order for Node 0: 0 
[    0.000000] Built 1 zonelists, mobility grouping on.  Total pages: 524288
[    0.000000] Policy zone: DMA
[    0.000000] mem auto-init: stack:all(zero), heap alloc:on, heap free:off
[    0.000000] software IO TLB: SWIOTLB bounce buffer size adjusted to 2MB
[    0.000000] software IO TLB: area num 2.
[    0.000000] software IO TLB: mapped [mem 0x00000000bf2b4000-0x00000000bf4b4000] (2MB)
[    0.000000] SLUB: HWalign=64, Order=0-3, MinObjects=0, CPUs=2, Nodes=1
[    0.000000] Dynamic Preempt: none
[    0.000000] rcu: Preemptible hierarchical RCU implementation.
[    0.000000] rcu: 	RCU restricting CPUs from NR_CPUS=4096 to nr_cpu_ids=2.
[    0.000000] 	Trampoline variant of Tasks RCU enabled.
[    0.000000] 	Tracing variant of Tasks RCU enabled.
[    0.000000] rcu: RCU calculated value of scheduler-enlistment delay is 10 jiffies.
[    0.000000] rcu: Adjusting geometry for rcu_fanout_leaf=16, nr_cpu_ids=2
[    0.000000] RCU Tasks: Setting shift to 1 and lim to 1 rcu_task_cb_adjust=1 rcu_task_cpu_ids=2.
[    0.000000] RCU Tasks Trace: Setting shift to 1 and lim to 1 rcu_task_cb_adjust=1 rcu_task_cpu_ids=2.
[    0.000000] NR_IRQS: 64, nr_irqs: 64, preallocated irqs: 0
[    0.000000] Root IRQ handler: gic_handle_irq
[    0.000000] GICv2m: ACPI overriding V2M MSI_TYPER (base:80, num:64)
[    0.000000] GICv2m: range[mem 0x08020000-0x08020fff], SPI[80:143]
[    0.000000] rcu: srcu_init: Setting srcu_struct sizes based on contention.
[    0.000000] clocksource: jiffies: mask: 0xffffffff max_cycles: 0xffffffff, max_idle_ns: 19112604462750000 ns
[    0.000000] arch_timer: cp15 timer(s) running at 62.50MHz (virt).
[    0.000000] clocksource: arch_sys_counter: mask: 0x1ffffffffffffff max_cycles: 0x1cd42e208c, max_idle_ns: 881590405314 ns
[    0.000795] sched_clock: 57 bits at 63MHz, resolution 16ns, wraps every 4398046511096ns
[    0.126427] kfence: initialized - using 2097152 bytes for 255 objects at 0x(____ptrval____)-0x(____ptrval____)
[    0.309271] Console: colour dummy device 80x25
[    0.402452] ACPI: Core revision 20240827
[    0.513909] Calibrating delay loop (skipped), value calculated using timer frequency.. 125.00 BogoMIPS (lpj=625000)
[    0.515111] pid_max: default: 32768 minimum: 301
[    0.644142] LSM: initializing lsm=lockdown,capability,landlock
[    0.715719] landlock: Up and running.
[    0.788950] Mount-cache hash table entries: 4096 (order: 3, 32768 bytes, linear)
[    0.789592] Mountpoint-cache hash table entries: 4096 (order: 3, 32768 bytes, linear)
[    2.217938] rcu: Hierarchical SRCU implementation.
[    2.218465] rcu: 	Max phase no-delay instances is 1000.
[    2.288306] Timer migration: 1 hierarchy levels; 8 children per group; 1 crossnode level
[    2.456280] Remapping and enabling EFI services.
[    2.641926] smp: Bringing up secondary CPUs ...
[    2.739746] Detected PIPT I-cache on CPU1
[    2.747479] CPU1: Booted secondary processor 0x0000000001 [0x414fd0b1]
[    2.895140] smp: Brought up 1 node, 2 CPUs
[    2.895480] SMP: Total of 2 processors activated.
[    2.895828] CPU: All CPU(s) started at EL1
[    2.898924] CPU features: detected: 32-bit EL0 Support
[    2.904382] CPU features: detected: Data cache clean to the PoU not required for I/D coherence
[    2.905773] CPU features: detected: Common not Private translations
[    2.905916] CPU features: detected: CRC32 instructions
[    2.907775] CPU features: detected: RCpc load-acquire (LDAPR)
[    2.908092] CPU features: detected: LSE atomic instructions
[    2.908132] CPU features: detected: Privileged Access Never
[    2.908162] CPU features: detected: RAS Extension Support
[    2.908453] CPU features: detected: Speculative Store Bypassing Safe (SSBS)
[    3.224997] alternatives: applying system-wide alternatives
[    3.547757] CPU features: detected: Hardware dirty bit management on CPU0-1
[    4.232886] Memory: 2003220K/2097152K available (12608K kernel code, 1950K rwdata, 7812K rodata, 1920K init, 9305K bss, 89376K reserved, 0K cma-reserved)
[    5.269705] devtmpfs: initialized
[    6.203389] futex hash table entries: 512 (order: 3, 32768 bytes, linear)
[    6.209014] 24304 pages in range for non-PLT usage
[    6.212323] 515824 pages in range for PLT usage
[    6.338644] pinctrl core: initialized pinctrl subsystem
[    6.516964] SMBIOS 3.0.0 present.
[    6.519150] DMI: QEMU QEMU Virtual Machine, BIOS edk2-stable202408-prebuilt.qemu.org 08/13/2024
[    6.522898] DMI: Memory slots populated: 1/1
[    6.906774] NET: Registered PF_NETLINK/PF_ROUTE protocol family
[    7.057850] DMA: preallocated 256 KiB GFP_KERNEL pool for atomic allocations
[    7.065226] DMA: preallocated 256 KiB GFP_KERNEL|GFP_DMA pool for atomic allocations
[    7.111371] DMA: preallocated 256 KiB GFP_KERNEL|GFP_DMA32 pool for atomic allocations
[    7.116052] audit: initializing netlink subsys (disabled)
[    7.181604] audit: type=2000 audit(2.820:1): state=initialized audit_enabled=0 res=1
[    7.312967] thermal_sys: Registered thermal governor 'step_wise'
[    7.330232] cpuidle: using governor ladder
[    7.332291] cpuidle: using governor menu
[    7.395574] hw-breakpoint: found 6 breakpoint and 4 watchpoint registers.
[    7.468646] ASID allocator initialised with 65536 entries
[    7.473597] acpiphp: ACPI Hot Plug PCI Controller Driver version: 0.5
[    7.513928] Serial: AMBA PL011 UART driver
[    7.836851] HugeTLB: registered 1.00 GiB page size, pre-allocated 0 pages
[    7.837130] HugeTLB: 0 KiB vmemmap can be freed for a 1.00 GiB page
[    7.837216] HugeTLB: registered 32.0 MiB page size, pre-allocated 0 pages
[    7.837251] HugeTLB: 0 KiB vmemmap can be freed for a 32.0 MiB page
[    7.837295] HugeTLB: registered 2.00 MiB page size, pre-allocated 0 pages
[    7.837423] HugeTLB: 0 KiB vmemmap can be freed for a 2.00 MiB page
[    7.838217] HugeTLB: registered 64.0 KiB page size, pre-allocated 0 pages
[    7.838281] HugeTLB: 0 KiB vmemmap can be freed for a 64.0 KiB page
[    8.327445] ACPI: Added _OSI(Module Device)
[    8.328102] ACPI: Added _OSI(Processor Device)
[    8.328182] ACPI: Added _OSI(Processor Aggregator Device)
[    8.768873] ACPI: 1 ACPI AML tables successfully acquired and loaded
[    9.065617] ACPI: Interpreter enabled
[    9.065866] ACPI: Using GIC for interrupt routing
[    9.071020] ACPI: MCFG table detected, 1 entries
[   10.305060] ACPI: CPU0 has been hot-added
[   10.314173] ACPI: CPU1 has been hot-added
[   10.799389] ARMH0011:00: ttyAMA0 at MMIO 0x9000000 (irq = 12, base_baud = 0) is a SBSA
[   10.810258] printk: legacy console [ttyAMA0] enabled
[   13.035041] ACPI: PCI: Interrupt link L000 configured for IRQ 35
[   13.040350] ACPI: PCI: Interrupt link L001 configured for IRQ 36
[   13.072441] ACPI: PCI: Interrupt link L002 configured for IRQ 37
[   13.074758] ACPI: PCI: Interrupt link L003 configured for IRQ 38
[   13.156218] ACPI: PCI Root Bridge [PCI0] (domain 0000 [bus 00-ff])
[   13.203488] acpi PNP0A08:00: _OSC: OS supports [ExtendedConfig ASPM ClockPM Segments MSI HPX-Type3]
[   13.381638] acpi PNP0A08:00: _OSC: platform does not support [LTR]
[   13.416798] acpi PNP0A08:00: _OSC: OS now controls [PCIeHotplug PME PCIeCapability]
[   13.494535] acpi PNP0A08:00: ECAM area [mem 0x4010000000-0x401fffffff] reserved by PNP0C02:00
[   13.536567] acpi PNP0A08:00: ECAM at [mem 0x4010000000-0x401fffffff] for [bus 00-ff]
[   13.567160] ACPI: Remapped I/O 0x000000003eff0000 to [io  0x0000-0xffff window]
[   13.748574] PCI host bridge to bus 0000:00
[   13.765246] pci_bus 0000:00: root bus resource [mem 0x10000000-0x3efeffff window]
[   13.770018] pci_bus 0000:00: root bus resource [io  0x0000-0xffff window]
[   13.775078] pci_bus 0000:00: root bus resource [mem 0x8000000000-0xffffffffff window]
[   13.813348] pci_bus 0000:00: root bus resource [bus 00-ff]
[   13.887300] pci 0000:00:00.0: [1b36:0008] type 00 class 0x060000 conventional PCI endpoint
[   14.119130] pci 0000:00:01.0: [1af4:1000] type 00 class 0x020000 conventional PCI endpoint
[   14.134323] pci 0000:00:01.0: BAR 0 [io  0x0080-0x009f]
[   14.160506] pci 0000:00:01.0: BAR 1 [mem 0x10041000-0x10041fff]
[   14.162003] pci 0000:00:01.0: BAR 4 [mem 0x8000000000-0x8000003fff 64bit pref]
[   14.164729] pci 0000:00:01.0: ROM [mem 0xfffc0000-0xffffffff pref]
[   14.173917] pci 0000:00:02.0: [1af4:1001] type 00 class 0x010000 conventional PCI endpoint
[   14.249396] pci 0000:00:02.0: BAR 0 [io  0x0000-0x007f]
[   14.292345] pci 0000:00:02.0: BAR 1 [mem 0x10040000-0x10040fff]
[   14.294270] pci 0000:00:02.0: BAR 4 [mem 0x8000004000-0x8000007fff 64bit pref]
[   14.370204] pci 0000:00:01.0: ROM [mem 0x10000000-0x1003ffff pref]: assigned
[   14.373388] pci 0000:00:01.0: BAR 4 [mem 0x8000000000-0x8000003fff 64bit pref]: assigned
[   14.377965] pci 0000:00:02.0: BAR 4 [mem 0x8000004000-0x8000007fff 64bit pref]: assigned
[   14.380124] pci 0000:00:01.0: BAR 1 [mem 0x10040000-0x10040fff]: assigned
[   14.381611] pci 0000:00:02.0: BAR 1 [mem 0x10041000-0x10041fff]: assigned
[   14.382984] pci 0000:00:02.0: BAR 0 [io  0x1000-0x107f]: assigned
[   14.384268] pci 0000:00:01.0: BAR 0 [io  0x1080-0x109f]: assigned
[   14.402507] pci_bus 0000:00: resource 4 [mem 0x10000000-0x3efeffff window]
[   14.404126] pci_bus 0000:00: resource 5 [io  0x0000-0xffff window]
[   14.405381] pci_bus 0000:00: resource 6 [mem 0x8000000000-0xffffffffff window]
[   14.477919] iommu: Default domain type: Translated
[   14.479227] iommu: DMA domain TLB invalidation policy: lazy mode
[   14.695910] efivars: Registered efivars operations
[   15.131462] clocksource: Switched to clocksource arch_sys_counter
[   15.383556] VFS: Disk quotas dquot_6.6.0
[   15.386283] VFS: Dquot-cache hash table entries: 512 (order 0, 4096 bytes)
[   15.491232] pnp: PnP ACPI init
[   15.560050] system 00:00: [mem 0x4010000000-0x401fffffff window] could not be reserved
[   15.579350] pnp: PnP ACPI: found 1 devices
[   16.836904] NET: Registered PF_INET protocol family
[   16.884722] IP idents hash table entries: 32768 (order: 6, 262144 bytes, linear)
[   17.528473] hrtimer: interrupt took 35556704 ns
[   18.633540] tcp_listen_portaddr_hash hash table entries: 1024 (order: 2, 16384 bytes, linear)
[   18.656059] Table-perturb hash table entries: 65536 (order: 6, 262144 bytes, linear)
[   18.660197] TCP established hash table entries: 16384 (order: 5, 131072 bytes, linear)
[   18.665767] TCP bind hash table entries: 16384 (order: 7, 524288 bytes, linear)
[   18.696720] TCP: Hash tables configured (established 16384 bind 16384)
[   18.735843] MPTCP token hash table entries: 2048 (order: 4, 49152 bytes, linear)
[   18.783147] UDP hash table entries: 1024 (order: 3, 32768 bytes, linear)
[   18.843304] UDP-Lite hash table entries: 1024 (order: 3, 32768 bytes, linear)
[   18.917161] NET: Registered PF_UNIX/PF_LOCAL protocol family
[   18.940640] NET: Registered PF_XDP protocol family
[   18.944107] PCI: CLS 0 bytes, default 64
[   19.039753] kvm [1]: HYP mode not available
[   19.110960] Unpacking initramfs...
[   19.192271] Initialise system trusted keyrings
[   19.423245] workingset: timestamp_bits=44 max_order=19 bucket_order=0
[   20.574741] Key type asymmetric registered
[   20.576816] Asymmetric key parser 'x509' registered
[   20.583822] Block layer SCSI generic (bsg) driver version 0.4 loaded (major 249)
[   20.671089] io scheduler mq-deadline registered
[   20.672925] io scheduler kyber registered
[   20.704334] io scheduler bfq registered
[   21.434842] ACPI: \_SB_.L001: Enabled at IRQ 36
[   21.443341] virtio-pci 0000:00:01.0: enabling device (0000 -> 0003)
[   21.641586] ACPI: \_SB_.L002: Enabled at IRQ 37
[   21.643167] virtio-pci 0000:00:02.0: enabling device (0000 -> 0003)
[   21.706329] Serial: 8250/16550 driver, 4 ports, IRQ sharing enabled
[   22.107136] hv_vmbus: registering driver hyperv_keyboard
[   22.231511] rtc-efi rtc-efi.0: registered as rtc0
[   22.273214] rtc-efi rtc-efi.0: setting system clock to 2026-08-22T06:37:30 UTC (1787380650)
[   22.323987] NET: Registered PF_INET6 protocol family
[   22.735678] Segment Routing with IPv6
[   22.763473] In-situ OAM (IOAM) with IPv6
[   24.001886] registered taskstats version 1
[   24.111334] Loading compiled-in X.509 certificates
[   26.847013] Freeing initrd memory: 5180K
[   32.069405] Loaded X.509 cert 'alpinelinux.org: Alpine Linux kernel key: 87fa969a47f3e2a6aa35859eb932a17c95abcd82'
[   32.918682] Demotion targets for Node 0: null
[   32.950840] Key type .fscrypt registered
[   32.952022] Key type fscrypt-provisioning registered
[   34.139593] clk: Disabling unused clocks
[   34.144514] PM: genpd: Disabling unused power domains
[   35.914074] Freeing unused kernel memory: 1920K
[   35.980370] Run /init as init process
[   41.580984] Alpine Init 3.11.1-r0
Alpine Init 3.11.1-r0
[   41.774708] Loading boot drivers...
 * Loading boot drivers: [   43.989550] Loading boot drivers: ok.
ok.
SIMBOOT: kernel=6.12.103-0-virt
[   47.421552] Invalid ELF header magic: != ELF
[   48.378996] virtio_blk virtio1: 2/0/0 default/read/poll queues
[   49.704110] virtio_blk virtio1: [vda] 1411072 512-byte logical blocks (722 MB/689 MiB)
[   50.706719] Invalid ELF header magic: != ELF
[   51.168572] Invalid ELF header magic: != ELF
[   51.904121] Invalid ELF header magic: != ELF
[   52.665107] Invalid ELF header magic: != ELF
[   54.057983] Invalid ELF header magic: != ELF
[   61.823651] EXT4-fs (vda): mounted filesystem 1799a7eb-09df-4b80-8c57-0424de58e445 r/w with ordered data mode. Quota mode: none.
SIMBOOT: root mounted rw, running real mfp.afx
MFP_PID=408
[  106.100369] random: crng init done
=== PLOG DIR ===
/tmp/.plog:
total 20
drwxr--r-- 2 root root 4096 Aug 22 06:38 .
drwxrwxrwt 3 root root 4096 Aug 22 06:38 ..
-rw------- 1 root root 9698 Aug 22 06:38 mfp_2rk3588_master_local_0.log
=== PLOG FILE TAIL ===
--- /tmp/.plog/mfp_2rk3588_master_local_0.log ---
[2026-08-22 06:38:44.106 ] pcie_init:110 ULOG WARN open /dev/pantumpci-main failed , No such file or directory
[2026-08-22 06:38:44.253 ] pcie_init:110 ULOG WARN open /dev/pantumpci-main-video failed , No such file or directory
[06:38:44.297][mr-408]<init_fd:138>:open /dev/dma_heap/system failed: No such file or directory
[06:38:44.353][mr-408]<pi_imagemem_init:67>:imagemem init failed
---------------------msg_router-------init------------

---------------------cmd-------init------------

---------------------nvram-------init------------

[35m[osal/pol/os/Linux/pol_linux.c:55]tid(419) statck size(0x00004000) name(cmd process thread)[0m
[2026-08-22 06:38:45.180 ] pcie_init:110 ULOG WARN open /dev/pantumpci-main failed , No such file or directory
[2026-08-22 06:38:45.271 ] pcie_init:110 ULOG WARN open /dev/pantumpci-main-video failed , No such file or directory
[2026-08-22 06:38:46.190 ] pcie_init:110 ULOG WARN open /dev/pantumpci-main failed , No such file or directory
[2026-08-22 06:38:46.386 ] pcie_init:110 ULOG WARN open /dev/pantumpci-main-video failed , No such file or directory
[2026-08-22 06:38:47.262 ] pcie_init:110 ULOG WARN open /dev/pantumpci-main failed , No such file or directory
[2026-08-22 06:38:47.413 ] pcie_init:110 ULOG WARN open /dev/pantumpci-main-video failed , No such file or directory
[2026-08-22 06:38:48.422 ] pcie_init:110 ULOG WARN open /dev/pantumpci-main failed , No such file or directory
[2026-08-22 06:38:48.424 ] pcie_init:110 ULOG WARN open /dev/pantumpci-main-video failed , No such file or directory
[2026-08-22 06:38:49.431 ] pcie_init:110 ULOG WARN open /dev/pantumpci-main-video failed , No such file or directory
[2026-08-22 06:38:49.547 ] pcie_init:110 ULOG WARN open /dev/pantumpci-main failed , No such file or directory
[2026-08-22 06:38:50.534 ] pcie_init:110 ULOG WARN open /dev/pantumpci-main-video failed , No such file or directory
[2026-08-22 06:38:50.596 ] pcie_init:110 ULOG WARN open /dev/pantumpci-main failed , No such file or directory
[2026-08-22 06:38:51.592 ] pcie_init:110 ULOG WARN open /dev/pantumpci-main-video failed , No such file or directory
[2026-08-22 06:38:51.679 ] pcie_init:110 ULOG WARN open /dev/pantumpci-main failed , No such file or directory
[2026-08-22 06:38:52.596 ] pcie_init:110 ULOG WARN open /dev/pantumpci-main-video failed , No such file or directory
[2026-08-22 06:38:52.712 ] pcie_init:110 ULOG WARN open /dev/pantumpci-main failed , No such file or directory
[2026-08-22 06:38:53.611 ] pcie_init:110 ULOG WARN open /dev/pantumpci-main-video failed , No such file or directory
[2026-08-22 06:38:53.719 ] pcie_init:110 ULOG WARN open /dev/pantumpci-main failed , No such file or directory
[2026-08-22 06:38:54.624 ] pcie_init:110 ULOG WARN open /dev/pantumpci-main-video failed , No such file or directory
[2026-08-22 06:38:54.797 ] pcie_init:110 ULOG WARN open /dev/pantumpci-main failed , No such file or directory
[2026-08-22 06:38:55.684 ] pcie_init:110 ULOG WARN open /dev/pantumpci-main-video failed , No such file or directory
[2026-08-22 06:38:55.813 ] pcie_init:110 ULOG WARN open /dev/pantumpci-main failed , No such file or directory
2026-08-22 06:38:55.946 408 281473475721568 _table_check:96L- sqlite3_step error:no more rows available
[2026-08-22 06:38:56.686 ] pcie_init:110 ULOG WARN open /dev/pantumpci-main-video failed , No such file or directory
[2026-08-22 06:38:56.835 ] pcie_init:110 ULOG WARN open /dev/pantumpci-main failed , No such file or directory
2026-08-22 06:38:56.965 408 281473475721568 sql_init:545L- create table:int success
2026-08-22 06:38:57.046 408 281473475721568 _table_check:96L- sqlite3_step error:no more rows available
2026-08-22 06:38:57.276 408 281473475721568 sql_init:545L- create table:uint success
2026-08-22 06:38:57.304 408 281473475721568 _table_check:96L- sqlite3_step error:no more rows available
2026-08-22 06:38:57.629 408 281473475721568 sql_init:545L- create table:string success
2026-08-22 06:38:57.665 408 281473475721568 _table_check:96L- sqlite3_step error:no more rows available
[2026-08-22 06:38:57.700 ] pcie_init:110 ULOG WARN open /dev/pantumpci-main-video failed , No such file or directory
2026-08-22 06:38:57.803 408 281473475721568 sql_init:545L- create table:struct success
2026-08-22 06:38:57.804 408 281473475721568 sql_init:554L-  == insert default value == 
[2026-08-22 06:38:57.843 ] pcie_init:110 ULOG WARN open /dev/pantumpci-main failed , No such file or directory
[2026-08-22 06:38:58.785 ] pcie_init:110 ULOG WARN open /dev/pantumpci-main-video failed , No such file or directory
[2026-08-22 06:38:58.860 ] pcie_init:110 ULOG WARN open /dev/pantumpci-main failed , No such file or directory
[2026-08-22 06:38:59.797 ] pcie_init:110 ULOG WARN open /dev/pantumpci-main-video failed , No such file or directory
[2026-08-22 06:38:59.879 ] pcie_init:110 ULOG WARN open /dev/pantumpci-main failed , No such file or directory
=== STDOUT LOG TAIL ===
1 mfp process plog lib init 
pntp socket client init 
done
SIMBOOT: mfp run finished, keeping shell
/bin/sh: can't access tty; job control turned off
~ # [6n