UEFI firmware (version edk2-stable202408-prebuilt.qemu.org built at 16:28:50 on Sep 12 2024)
ArmTrngLib could not be correctly initialized.
Error: Image at 0013FDB6000 start failed: 00000001
Error: Image at 0013FD6D000 start failed: Not Found
Error: Image at 0013FCBA000 start failed: Unsupported
Error: Image at 0013FB5E000 start failed: Aborted
Tpm2SubmitCommand - Tcg2 - Not Found
Tpm2GetCapabilityPcrs fail!
Tpm2SubmitCommand - Tcg2 - Not Found
Image type X64 can't be loaded on AARCH64 UEFI system.
[2J[01;01H[=3h[2J[01;01H[2J[01;01H[=3h[2J[01;01HEFI stub: Decompressing Linux Kernel...
EFI stub: Loaded initrd from LINUX_EFI_INITRD_MEDIA_GUID device path
EFI stub: Generating empty DTB
EFI stub: Exiting boot services...
[    0.000000] Booting Linux on physical CPU 0x0000000000 [0x414fd0b1]
[    0.000000] Linux version 6.12.103-0-virt (buildozer@build-3-21-aarch64) (gcc (Alpine 14.2.0) 14.2.0, GNU ld (GNU Binutils) 2.43.1) #1-Alpine SMP PREEMPT_DYNAMIC 2026-08-10 14:25:03
[    0.000000] efi: EFI v2.7 by EDK II
[    0.000000] efi: SMBIOS 3.0=0x13fed0000 MEMATTR=0x13e176018 ACPI 2.0=0x13cb43018 INITRD=0x13cb40f18 MEMRESERVE=0x13cb40f98 
[    0.000000] ACPI: Early table checksum verification disabled
[    0.000000] ACPI: RSDP 0x000000013CB43018 000024 (v02 BOCHS )
[    0.000000] ACPI: XSDT 0x000000013CB43F18 000064 (v01 BOCHS  BXPC     00000001      01000013)
[    0.000000] ACPI: FACP 0x000000013CB43B18 000114 (v06 BOCHS  BXPC     00000001 BXPC 00000001)
[    0.000000] ACPI: DSDT 0x000000013CB41018 001506 (v02 BOCHS  BXPC     00000001 BXPC 00000001)
[    0.000000] ACPI: APIC 0x000000013CB43C98 0000FC (v04 BOCHS  BXPC     00000001 BXPC 00000001)
[    0.000000] ACPI: PPTT 0x000000013CB43E18 000074 (v02 BOCHS  BXPC     00000001 BXPC 00000001)
[    0.000000] ACPI: GTDT 0x000000013CB43098 000068 (v03 BOCHS  BXPC     00000001 BXPC 00000001)
[    0.000000] ACPI: MCFG 0x000000013CB43A98 00003C (v01 BOCHS  BXPC     00000001 BXPC 00000001)
[    0.000000] ACPI: SPCR 0x000000013CB43818 000050 (v02 BOCHS  BXPC     00000001 BXPC 00000001)
[    0.000000] ACPI: DBG2 0x000000013CB43A18 000057 (v00 BOCHS  BXPC     00000001 BXPC 00000001)
[    0.000000] ACPI: IORT 0x000000013CB43898 000054 (v05 BOCHS  BXPC     00000001 BXPC 00000001)
[    0.000000] ACPI: SPCR: console: pl011,mmio32,0x9000000,9600
[    0.000000] ACPI: Use ACPI SPCR as default console: Yes
[    0.000000] NUMA: Faking a node at [mem 0x0000000040000000-0x000000013fffffff]
[    0.000000] NODE_DATA(0) allocated [mem 0x13f453b80-0x13f455fff]
[    0.000000] Zone ranges:
[    0.000000]   DMA      [mem 0x0000000040000000-0x00000000ffffffff]
[    0.000000]   DMA32    empty
[    0.000000]   Normal   [mem 0x0000000100000000-0x000000013fffffff]
[    0.000000] Movable zone start for each node
[    0.000000] Early memory node ranges
[    0.000000]   node   0: [mem 0x0000000040000000-0x000000013c76ffff]
[    0.000000]   node   0: [mem 0x000000013c770000-0x000000013cb3ffff]
[    0.000000]   node   0: [mem 0x000000013cb40000-0x000000013fe1ffff]
[    0.000000]   node   0: [mem 0x000000013fe20000-0x000000013feaffff]
[    0.000000]   node   0: [mem 0x000000013feb0000-0x000000013febffff]
[    0.000000]   node   0: [mem 0x000000013fec0000-0x000000013ffdffff]
[    0.000000]   node   0: [mem 0x000000013ffe0000-0x000000013fffffff]
[    0.000000] Initmem setup node 0 [mem 0x0000000040000000-0x000000013fffffff]
[    0.000000] psci: probing for conduit method from ACPI.
[    0.000000] psci: PSCIv1.1 detected in firmware.
[    0.000000] psci: Using standard PSCI v0.2 function IDs
[    0.000000] psci: Trusted OS migration not required
[    0.000000] psci: SMC Calling Convention v1.0
[    0.000000] percpu: Embedded 33 pages/cpu s96984 r8192 d29992 u135168
[    0.000000] Detected PIPT I-cache on CPU0
[    0.000000] CPU features: detected: Spectre-v4
[    0.000000] CPU features: detected: Spectre-BHB
[    0.000000] CPU features: detected: Broken broadcast TLBI completion
[    0.000000] CPU features: detected: SSBS not fully self-synchronizing
[    0.000000] alternatives: applying boot alternatives
[    0.000000] Kernel command line: root=/dev/vda rw console=ttyAMA0 initrd=initrd
[    0.000000] Dentry cache hash table entries: 524288 (order: 10, 4194304 bytes, linear)
[    0.000000] Inode-cache hash table entries: 262144 (order: 9, 2097152 bytes, linear)
[    0.000000] Fallback order for Node 0: 0 
[    0.000000] Built 1 zonelists, mobility grouping on.  Total pages: 1048576
[    0.000000] Policy zone: Normal
[    0.000000] mem auto-init: stack:all(zero), heap alloc:on, heap free:off
[    0.000000] software IO TLB: area num 2.
[    0.000000] software IO TLB: mapped [mem 0x00000000fbfff000-0x00000000fffff000] (64MB)
[    0.000000] SLUB: HWalign=64, Order=0-3, MinObjects=0, CPUs=2, Nodes=1
[    0.000000] Dynamic Preempt: none
[    0.000000] rcu: Preemptible hierarchical RCU implementation.
[    0.000000] rcu: 	RCU restricting CPUs from NR_CPUS=4096 to nr_cpu_ids=2.
[    0.000000] 	Trampoline variant of Tasks RCU enabled.
[    0.000000] 	Tracing variant of Tasks RCU enabled.
[    0.000000] rcu: RCU calculated value of scheduler-enlistment delay is 10 jiffies.
[    0.000000] rcu: Adjusting geometry for rcu_fanout_leaf=16, nr_cpu_ids=2
[    0.000000] RCU Tasks: Setting shift to 1 and lim to 1 rcu_task_cb_adjust=1 rcu_task_cpu_ids=2.
[    0.000000] RCU Tasks Trace: Setting shift to 1 and lim to 1 rcu_task_cb_adjust=1 rcu_task_cpu_ids=2.
[    0.000000] NR_IRQS: 64, nr_irqs: 64, preallocated irqs: 0
[    0.000000] Root IRQ handler: gic_handle_irq
[    0.000000] GICv2m: ACPI overriding V2M MSI_TYPER (base:80, num:64)
[    0.000000] GICv2m: range[mem 0x08020000-0x08020fff], SPI[80:143]
[    0.000000] rcu: srcu_init: Setting srcu_struct sizes based on contention.
[    0.000000] clocksource: jiffies: mask: 0xffffffff max_cycles: 0xffffffff, max_idle_ns: 19112604462750000 ns
[    0.000000] arch_timer: cp15 timer(s) running at 62.50MHz (virt).
[    0.000000] clocksource: arch_sys_counter: mask: 0x1ffffffffffffff max_cycles: 0x1cd42e208c, max_idle_ns: 881590405314 ns
[    0.001520] sched_clock: 57 bits at 63MHz, resolution 16ns, wraps every 4398046511096ns
[    0.024764] kfence: initialized - using 2097152 bytes for 255 objects at 0x(____ptrval____)-0x(____ptrval____)
[    0.069452] Console: colour dummy device 80x25
[    0.085313] ACPI: Core revision 20240827
[    0.100760] Calibrating delay loop (skipped), value calculated using timer frequency.. 125.00 BogoMIPS (lpj=625000)
[    0.101525] pid_max: default: 32768 minimum: 301
[    0.122120] LSM: initializing lsm=lockdown,capability,landlock
[    0.134493] landlock: Up and running.
[    0.148433] Mount-cache hash table entries: 8192 (order: 4, 65536 bytes, linear)
[    0.148667] Mountpoint-cache hash table entries: 8192 (order: 4, 65536 bytes, linear)
[    0.548836] rcu: Hierarchical SRCU implementation.
[    0.548990] rcu: 	Max phase no-delay instances is 1000.
[    0.563311] Timer migration: 1 hierarchy levels; 8 children per group; 1 crossnode level
[    0.614079] Remapping and enabling EFI services.
[    0.651777] smp: Bringing up secondary CPUs ...
[    0.715364] Detected PIPT I-cache on CPU1
[    0.721025] CPU1: Booted secondary processor 0x0000000001 [0x414fd0b1]
[    0.755057] smp: Brought up 1 node, 2 CPUs
[    0.755180] SMP: Total of 2 processors activated.
[    0.755270] CPU: All CPU(s) started at EL1
[    0.755734] CPU features: detected: 32-bit EL0 Support
[    0.755834] CPU features: detected: Data cache clean to the PoU not required for I/D coherence
[    0.755916] CPU features: detected: Common not Private translations
[    0.755927] CPU features: detected: CRC32 instructions
[    0.756290] CPU features: detected: RCpc load-acquire (LDAPR)
[    0.756365] CPU features: detected: LSE atomic instructions
[    0.756375] CPU features: detected: Privileged Access Never
[    0.756382] CPU features: detected: RAS Extension Support
[    0.756454] CPU features: detected: Speculative Store Bypassing Safe (SSBS)
[    0.848424] alternatives: applying system-wide alternatives
[    0.920693] CPU features: detected: Hardware dirty bit management on CPU0-1
[    1.033242] Memory: 3995976K/4194304K available (12608K kernel code, 1950K rwdata, 7812K rodata, 1920K init, 9305K bss, 193644K reserved, 0K cma-reserved)
[    1.150062] devtmpfs: initialized
[    1.223980] futex hash table entries: 512 (order: 3, 32768 bytes, linear)
[    1.229054] 24304 pages in range for non-PLT usage
[    1.229180] 515824 pages in range for PLT usage
[    1.246936] pinctrl core: initialized pinctrl subsystem
[    1.270781] SMBIOS 3.0.0 present.
[    1.271405] DMI: QEMU QEMU Virtual Machine, BIOS edk2-stable202408-prebuilt.qemu.org 08/13/2024
[    1.272095] DMI: Memory slots populated: 1/1
[    1.337347] NET: Registered PF_NETLINK/PF_ROUTE protocol family
[    1.355659] DMA: preallocated 512 KiB GFP_KERNEL pool for atomic allocations
[    1.358416] DMA: preallocated 512 KiB GFP_KERNEL|GFP_DMA pool for atomic allocations
[    1.364098] DMA: preallocated 512 KiB GFP_KERNEL|GFP_DMA32 pool for atomic allocations
[    1.365312] audit: initializing netlink subsys (disabled)
[    1.371202] audit: type=2000 audit(0.650:1): state=initialized audit_enabled=0 res=1
[    1.382718] thermal_sys: Registered thermal governor 'step_wise'
[    1.388113] cpuidle: using governor ladder
[    1.388780] cpuidle: using governor menu
[    1.397240] hw-breakpoint: found 6 breakpoint and 4 watchpoint registers.
[    1.399069] ASID allocator initialised with 65536 entries
[    1.400785] acpiphp: ACPI Hot Plug PCI Controller Driver version: 0.5
[    1.404986] Serial: AMBA PL011 UART driver
[    1.456361] HugeTLB: registered 1.00 GiB page size, pre-allocated 0 pages
[    1.456426] HugeTLB: 0 KiB vmemmap can be freed for a 1.00 GiB page
[    1.456457] HugeTLB: registered 32.0 MiB page size, pre-allocated 0 pages
[    1.456468] HugeTLB: 0 KiB vmemmap can be freed for a 32.0 MiB page
[    1.456480] HugeTLB: registered 2.00 MiB page size, pre-allocated 0 pages
[    1.456488] HugeTLB: 0 KiB vmemmap can be freed for a 2.00 MiB page
[    1.456500] HugeTLB: registered 64.0 KiB page size, pre-allocated 0 pages
[    1.456509] HugeTLB: 0 KiB vmemmap can be freed for a 64.0 KiB page
[    1.564589] ACPI: Added _OSI(Module Device)
[    1.564913] ACPI: Added _OSI(Processor Device)
[    1.564987] ACPI: Added _OSI(Processor Aggregator Device)
[    1.648622] ACPI: 1 ACPI AML tables successfully acquired and loaded
[    1.723730] ACPI: Interpreter enabled
[    1.723820] ACPI: Using GIC for interrupt routing
[    1.725040] ACPI: MCFG table detected, 1 entries
[    1.854675] ACPI: CPU0 has been hot-added
[    1.857229] ACPI: CPU1 has been hot-added
[    1.913958] ARMH0011:00: ttyAMA0 at MMIO 0x9000000 (irq = 12, base_baud = 0) is a SBSA
[    1.919965] printk: legacy console [ttyAMA0] enabled
[    2.106784] ACPI: PCI: Interrupt link L000 configured for IRQ 35
[    2.107576] ACPI: PCI: Interrupt link L001 configured for IRQ 36
[    2.108024] ACPI: PCI: Interrupt link L002 configured for IRQ 37
[    2.108420] ACPI: PCI: Interrupt link L003 configured for IRQ 38
[    2.114754] ACPI: PCI Root Bridge [PCI0] (domain 0000 [bus 00-ff])
[    2.121288] acpi PNP0A08:00: _OSC: OS supports [ExtendedConfig ASPM ClockPM Segments MSI HPX-Type3]
[    2.139378] acpi PNP0A08:00: _OSC: platform does not support [LTR]
[    2.149950] acpi PNP0A08:00: _OSC: OS now controls [PCIeHotplug PME PCIeCapability]
[    2.155927] acpi PNP0A08:00: ECAM area [mem 0x4010000000-0x401fffffff] reserved by PNP0C02:00
[    2.158097] acpi PNP0A08:00: ECAM at [mem 0x4010000000-0x401fffffff] for [bus 00-ff]
[    2.162285] ACPI: Remapped I/O 0x000000003eff0000 to [io  0x0000-0xffff window]
[    2.186607] PCI host bridge to bus 0000:00
[    2.187987] pci_bus 0000:00: root bus resource [mem 0x10000000-0x3efeffff window]
[    2.188529] pci_bus 0000:00: root bus resource [io  0x0000-0xffff window]
[    2.188895] pci_bus 0000:00: root bus resource [mem 0x8000000000-0xffffffffff window]
[    2.189861] pci_bus 0000:00: root bus resource [bus 00-ff]
[    2.196285] pci 0000:00:00.0: [1b36:0008] type 00 class 0x060000 conventional PCI endpoint
[    2.222476] pci 0000:00:01.0: [8086:100e] type 00 class 0x020000 conventional PCI endpoint
[    2.223474] pci 0000:00:01.0: BAR 0 [mem 0x10040000-0x1005ffff]
[    2.223945] pci 0000:00:01.0: BAR 1 [io  0x0080-0x00bf]
[    2.224633] pci 0000:00:01.0: ROM [mem 0xfffc0000-0xffffffff pref]
[    2.239682] pci 0000:00:02.0: [1af4:1001] type 00 class 0x010000 conventional PCI endpoint
[    2.240625] pci 0000:00:02.0: BAR 0 [io  0x0000-0x007f]
[    2.241182] pci 0000:00:02.0: BAR 1 [mem 0x10060000-0x10060fff]
[    2.249792] pci 0000:00:02.0: BAR 4 [mem 0x8000000000-0x8000003fff 64bit pref]
[    2.272126] pci 0000:00:01.0: ROM [mem 0x10000000-0x1003ffff pref]: assigned
[    2.278276] pci 0000:00:01.0: BAR 0 [mem 0x10040000-0x1005ffff]: assigned
[    2.279162] pci 0000:00:02.0: BAR 4 [mem 0x8000000000-0x8000003fff 64bit pref]: assigned
[    2.282928] pci 0000:00:02.0: BAR 1 [mem 0x10060000-0x10060fff]: assigned
[    2.283481] pci 0000:00:02.0: BAR 0 [io  0x1000-0x107f]: assigned
[    2.283884] pci 0000:00:01.0: BAR 1 [io  0x1080-0x10bf]: assigned
[    2.284750] pci_bus 0000:00: resource 4 [mem 0x10000000-0x3efeffff window]
[    2.286658] pci_bus 0000:00: resource 5 [io  0x0000-0xffff window]
[    2.287759] pci_bus 0000:00: resource 6 [mem 0x8000000000-0xffffffffff window]
[    2.305731] iommu: Default domain type: Translated
[    2.306210] iommu: DMA domain TLB invalidation policy: lazy mode
[    2.348517] efivars: Registered efivars operations
[    2.400690] clocksource: Switched to clocksource arch_sys_counter
[    2.427634] VFS: Disk quotas dquot_6.6.0
[    2.430671] VFS: Dquot-cache hash table entries: 512 (order 0, 4096 bytes)
[    2.449673] pnp: PnP ACPI init
[    2.458318] system 00:00: [mem 0x4010000000-0x401fffffff window] could not be reserved
[    2.463864] pnp: PnP ACPI: found 1 devices
[    2.590422] NET: Registered PF_INET protocol family
[    2.597232] IP idents hash table entries: 65536 (order: 7, 524288 bytes, linear)
[    2.757958] tcp_listen_portaddr_hash hash table entries: 2048 (order: 3, 32768 bytes, linear)
[    2.765950] Table-perturb hash table entries: 65536 (order: 6, 262144 bytes, linear)
[    2.767057] TCP established hash table entries: 32768 (order: 6, 262144 bytes, linear)
[    2.771337] TCP bind hash table entries: 32768 (order: 8, 1048576 bytes, linear)
[    2.773005] TCP: Hash tables configured (established 32768 bind 32768)
[    2.785842] MPTCP token hash table entries: 4096 (order: 5, 98304 bytes, linear)
[    2.787899] UDP hash table entries: 2048 (order: 4, 65536 bytes, linear)
[    2.789092] UDP-Lite hash table entries: 2048 (order: 4, 65536 bytes, linear)
[    2.798274] NET: Registered PF_UNIX/PF_LOCAL protocol family
[    2.802903] NET: Registered PF_XDP protocol family
[    2.804339] PCI: CLS 0 bytes, default 64
[    2.819320] kvm [1]: HYP mode not available
[    2.821498] Unpacking initramfs...
[    2.838681] Initialise system trusted keyrings
[    2.855543] workingset: timestamp_bits=44 max_order=20 bucket_order=0
[    3.023220] Key type asymmetric registered
[    3.024510] Asymmetric key parser 'x509' registered
[    3.030433] Block layer SCSI generic (bsg) driver version 0.4 loaded (major 249)
[    3.032661] io scheduler mq-deadline registered
[    3.033217] io scheduler kyber registered
[    3.034768] io scheduler bfq registered
[    3.096593] ACPI: \_SB_.L002: Enabled at IRQ 37
[    3.102126] virtio-pci 0000:00:02.0: enabling device (0000 -> 0003)
[    3.115825] Serial: 8250/16550 driver, 4 ports, IRQ sharing enabled
[    3.155572] hv_vmbus: registering driver hyperv_keyboard
[    3.180356] rtc-efi rtc-efi.0: registered as rtc0
[    3.186312] rtc-efi rtc-efi.0: setting system clock to 2026-08-27T09:59:08 UTC (1787824748)
[    3.204470] NET: Registered PF_INET6 protocol family
[    3.238088] Segment Routing with IPv6
[    3.239396] In-situ OAM (IOAM) with IPv6
[    3.356620] registered taskstats version 1
[    3.365114] Loading compiled-in X.509 certificates
[    3.411820] Freeing initrd memory: 5268K
[    3.755869] Loaded X.509 cert 'alpinelinux.org: Alpine Linux kernel key: 87fa969a47f3e2a6aa35859eb932a17c95abcd82'
[    3.794388] Demotion targets for Node 0: null
[    3.801394] Key type .fscrypt registered
[    3.801634] Key type fscrypt-provisioning registered
[    3.868506] clk: Disabling unused clocks
[    3.869996] PM: genpd: Disabling unused power domains
[    4.003209] Freeing unused kernel memory: 1920K
[    4.006999] Run /init as init process
[    5.823495] Alpine Init 3.11.1-r0
Alpine Init 3.11.1-r0
[    5.851325] Loading boot drivers...
 * Loading boot drivers: [    5.988582] Loading boot drivers: ok.
ok.
SIMBOOT: kernel=6.12.103-0-virt
[    6.220535] Invalid ELF header magic: != ELF
[    6.374460] virtio_blk virtio0: 2/0/0 default/read/poll queues
[    6.456204] virtio_blk virtio0: [vda] 1411072 512-byte logical blocks (722 MB/689 MiB)
[    6.655193] Invalid ELF header magic: != ELF
[    6.703677] Invalid ELF header magic: != ELF
[    6.839282] Invalid ELF header magic: != ELF
[    7.074195] Invalid ELF header magic: != ELF
[    7.941587] Invalid ELF header magic: != ELF
[    8.641748] Invalid ELF header magic: != ELF
[    8.824592] e1000: Intel(R) PRO/1000 Network Driver
[    8.824914] e1000: Copyright (c) 1999-2006 Intel Corporation.
[    8.839739] ACPI: \_SB_.L001: Enabled at IRQ 36
[    8.840365] e1000 0000:00:01.0: enabling device (0000 -> 0003)
[   10.557957] e1000 0000:00:01.0 eth0: (PCI:33MHz:32-bit) 52:54:00:12:34:56
[   10.568713] e1000 0000:00:01.0 eth0: Intel(R) PRO/1000 Network Connection
Module                  Size  Used by    Not tainted
e1000                 163840  0 
ext4                  929792  0 
jbd2                  172032  1 ext4
mbcache                20480  1 ext4
crc32c_generic         12288  0 
crc16                  12288  1 ext4
virtio_blk             24576  0 
[   11.935821] EXT4-fs (vda): mounted filesystem 1799a7eb-09df-4b80-8c57-0424de58e445 r/w with ordered data mode. Quota mode: none.
SIMBOOT: root mounted rw, running real mfp.afx with binder stub
[   27.289552] e1000: eth0 NIC Link is Up 1000 Mbps Full Duplex, Flow Control: RX
MFP_PID=457
[   39.738368] random: crng init done
--- POLL 1: N=11 ---
[New LWP 464]
[New LWP 465]
[New LWP 466]
[New LWP 467]
[New LWP 468]
[Inferior 1 (process 457) detached]
--- POLL 2: N=11 ---
[Thread debugging using libthread_db enabled]
Using host libthread_db library "/lib64/libthread_db.so.1".
0x0000ffff85d4e1f8 in fsync () from /lib64/libc.so.6
B4: 5c=0 7c=0 80=0 82=0
AF: 5c=1 7c=1 80=1 82=1
[Inferior 1 (process 457) detached]
--- POLL 3: N=11 ---
[Thread debugging using libthread_db enabled]
Using host libthread_db library "/lib64/libthread_db.so.1".
0x0000ffff85d4e1f8 in fsync () from /lib64/libc.so.6
B4: 5c=1 7c=1 80=1 82=1
AF: 5c=1 7c=1 80=1 82=1
[Inferior 1 (process 457) detached]
--- POLL 4: N=11 ---
[New LWP 464]
[New LWP 465]
[New LWP 466]
[New LWP 467]
[New LWP 468]
[Inferior 1 (process 457) detached]
--- POLL 5: N=11 ---
[Thread debugging using libthread_db enabled]
Using host libthread_db library "/lib64/libthread_db.so.1".
0x0000ffff85d4e1f8 in fsync () from /lib64/libc.so.6
B4: 5c=1 7c=1 80=1 82=1
AF: 5c=1 7c=1 80=1 82=1
[Inferior 1 (process 457) detached]
--- POLL 6: N=11 ---
[Thread debugging using libthread_db enabled]
Using host libthread_db library "/lib64/libthread_db.so.1".
0x0000ffff85d4e1f8 in fsync () from /lib64/libc.so.6
B4: 5c=1 7c=1 80=1 82=1
AF: 5c=1 7c=1 80=1 82=1
[Inferior 1 (process 457) detached]
--- POLL 7: N=11 ---
[Thread debugging using libthread_db enabled]
Using host libthread_db library "/lib64/libthread_db.so.1".
0x0000ffff85d4e1f8 in fsync () from /lib64/libc.so.6
B4: 5c=1 7c=1 80=1 82=1
AF: 5c=1 7c=1 80=1 82=1
[Inferior 1 (process 457) detached]
--- POLL 8: N=11 ---
[Thread debugging using libthread_db enabled]
Using host libthread_db library "/lib64/libthread_db.so.1".
0x0000ffff85d4e1f8 in fsync () from /lib64/libc.so.6
B4: 5c=1 7c=1 80=1 82=1
AF: 5c=1 7c=1 80=1 82=1
[Inferior 1 (process 457) detached]
--- POLL 9: N=11 ---
[Thread debugging using libthread_db enabled]
Using host libthread_db library "/lib64/libthread_db.so.1".
0x0000ffff85d4e1f8 in fsync () from /lib64/libc.so.6
B4: 5c=1 7c=1 80=1 82=1
AF: 5c=1 7c=1 80=1 82=1
[Inferior 1 (process 457) detached]
--- BT@POLL9 ---
0x0000ffff85d4e1f8 in fsync () from /lib64/libc.so.6
[Switching to thread 1 (Thread 0xffff840b1960 (LWP 457))]
#0  0x0000ffff85d4e1f8 in fsync () from /lib64/libc.so.6
#0  0x0000ffff85d4e1f8 in fsync () from /lib64/libc.so.6
#1  0x0000ffff868b7034 in ?? () from /lib64/libsqlite3mc.so.0
#2  0x0000ffff86913b34 in ?? () from /lib64/libsqlite3mc.so.0
#3  0x0000ffff8691ff0c in ?? () from /lib64/libsqlite3mc.so.0
#4  0x0000ffff8692146c in ?? () from /lib64/libsqlite3mc.so.0
#5  0x0000ffff86923824 in ?? () from /lib64/libsqlite3mc.so.0
#6  0x0000ffff8696f6bc in ?? () from /lib64/libsqlite3mc.so.0
#7  0x0000ffff869703c8 in sqlite3_step () from /lib64/libsqlite3mc.so.0
[Inferior 1 (process 457) detached]
--- POLL 10: N=11 ---
[Thread debugging using libthread_db enabled]
Using host libthread_db library "/lib64/libthread_db.so.1".
0x0000ffff85d4e1f8 in fsync () from /lib64/libc.so.6
B4: 5c=1 7c=1 80=1 82=1
AF: 5c=1 7c=1 80=1 82=1
[Inferior 1 (process 457) detached]
--- POLL 11: N=11 ---
[  293.885617] hrtimer: interrupt took 110947488 ns
[New LWP 464]
[New LWP 465]
[New LWP 466]
[New LWP 467]
[New LWP 468]
[Inferior 1 (process 457) detached]
--- POLL 12: N=11 ---
[Thread debugging using libthread_db enabled]
Using host libthread_db library "/lib64/libthread_db.so.1".
0x0000ffff85d4e1f8 in fsync () from /lib64/libc.so.6
B4: 5c=1 7c=1 80=1 82=1
AF: 5c=1 7c=1 80=1 82=1
[Inferior 1 (process 457) detached]
--- POLL 13: N=11 ---
[Thread debugging using libthread_db enabled]
Using host libthread_db library "/lib64/libthread_db.so.1".
0x0000ffff85d4e1f8 in fsync () from /lib64/libc.so.6
B4: 5c=1 7c=1 80=1 82=1
AF: 5c=1 7c=1 80=1 82=1
[Inferior 1 (process 457) detached]
--- POLL 14: N=11 ---
[New LWP 464]
[New LWP 465]
[New LWP 466]
[New LWP 467]
[New LWP 468]
[Inferior 1 (process 457) detached]
--- POLL 15: N=11 ---
[Thread debugging using libthread_db enabled]
Using host libthread_db library "/lib64/libthread_db.so.1".
0x0000ffff85d4e1f8 in fsync () from /lib64/libc.so.6
B4: 5c=1 7c=1 80=1 82=1
AF: 5c=1 7c=1 80=1 82=1
[Inferior 1 (process 457) detached]
--- POLL 16: N=11 ---
[Thread debugging using libthread_db enabled]
Using host libthread_db library "/lib64/libthread_db.so.1".
0x0000ffff85d4e1f8 in fsync () from /lib64/libc.so.6
B4: 5c=1 7c=1 80=1 82=1
AF: 5c=1 7c=1 80=1 82=1
[Inferior 1 (process 457) detached]
--- POLL 17: N=11 ---
[Thread debugging using libthread_db enabled]
Using host libthread_db library "/lib64/libthread_db.so.1".
0x0000ffff85d4e1f8 in fsync () from /lib64/libc.so.6
B4: 5c=1 7c=1 80=1 82=1
AF: 5c=1 7c=1 80=1 82=1
[Inferior 1 (process 457) detached]
--- POLL 18: N=11 ---
[Thread debugging using libthread_db enabled]
Using host libthread_db library "/lib64/libthread_db.so.1".
0x0000ffff85d4e1f8 in fsync () from /lib64/libc.so.6
B4: 5c=1 7c=1 80=1 82=1
AF: 5c=1 7c=1 80=1 82=1
[Inferior 1 (process 457) detached]
--- BT@POLL18 ---
0x0000ffff85d4e1f8 in fsync () from /lib64/libc.so.6
[Switching to thread 1 (Thread 0xffff840b1960 (LWP 457))]
#0  0x0000ffff85d4e1f8 in fsync () from /lib64/libc.so.6
#0  0x0000ffff85d4e1f8 in fsync () from /lib64/libc.so.6
#1  0x0000ffff868b7034 in ?? () from /lib64/libsqlite3mc.so.0
#2  0x0000ffff86913b34 in ?? () from /lib64/libsqlite3mc.so.0
#3  0x0000ffff8691ff0c in ?? () from /lib64/libsqlite3mc.so.0
#4  0x0000ffff8692146c in ?? () from /lib64/libsqlite3mc.so.0
#5  0x0000ffff86923824 in ?? () from /lib64/libsqlite3mc.so.0
#6  0x0000ffff8696f6bc in ?? () from /lib64/libsqlite3mc.so.0
#7  0x0000ffff869703c8 in sqlite3_step () from /lib64/libsqlite3mc.so.0
[Inferior 1 (process 457) detached]
--- POLL 19: N=11 ---
[Thread debugging using libthread_db enabled]
Using host libthread_db library "/lib64/libthread_db.so.1".
0x0000ffff85d4e1f8 in fsync () from /lib64/libc.so.6
B4: 5c=1 7c=1 80=1 82=1
AF: 5c=1 7c=1 80=1 82=1
[Inferior 1 (process 457) detached]
--- POLL 20: N=11 ---
[Thread debugging using libthread_db enabled]
Using host libthread_db library "/lib64/libthread_db.so.1".
0x0000ffff85d4e1f8 in fsync () from /lib64/libc.so.6
B4: 5c=1 7c=1 80=1 82=1
AF: 5c=1 7c=1 80=1 82=1
[Inferior 1 (process 457) detached]
--- POLL 21: N=11 ---
[Thread debugging using libthread_db enabled]
Using host libthread_db library "/lib64/libthread_db.so.1".
0x0000ffff85d4e1f8 in fsync () from /lib64/libc.so.6
B4: 5c=1 7c=1 80=1 82=1
AF: 5c=1 7c=1 80=1 82=1
[Inferior 1 (process 457) detached]
--- POLL 22: N=11 ---
[Thread debugging using libthread_db enabled]
Using host libthread_db library "/lib64/libthread_db.so.1".
0x0000ffff85d4e1f8 in fsync () from /lib64/libc.so.6
B4: 5c=1 7c=1 80=1 82=1
AF: 5c=1 7c=1 80=1 82=1
[Inferior 1 (process 457) detached]
--- POLL 23: N=11 ---
[Thread debugging using libthread_db enabled]
Using host libthread_db library "/lib64/libthread_db.so.1".
0x0000ffff85d4e1f8 in fsync () from /lib64/libc.so.6
B4: 5c=1 7c=1 80=1 82=1
AF: 5c=1 7c=1 80=1 82=1
[Inferior 1 (process 457) detached]
--- POLL 24: N=11 ---
[Thread debugging using libthread_db enabled]
Using host libthread_db library "/lib64/libthread_db.so.1".
0x0000ffff85d4e1f8 in fsync () from /lib64/libc.so.6
B4: 5c=1 7c=1 80=1 82=1
AF: 5c=1 7c=1 80=1 82=1
[Inferior 1 (process 457) detached]
--- POLL 25: N=11 ---
[Thread debugging using libthread_db enabled]
Using host libthread_db library "/lib64/libthread_db.so.1".
0x0000ffff85d4e1f8 in fsync () from /lib64/libc.so.6
B4: 5c=1 7c=1 80=1 82=1
AF: 5c=1 7c=1 80=1 82=1
[Inferior 1 (process 457) detached]
--- POLL 26: N=11 ---
[Thread debugging using libthread_db enabled]
Using host libthread_db library "/lib64/libthread_db.so.1".
0x0000ffff85d4e1f8 in fsync () from /lib64/libc.so.6
B4: 5c=1 7c=1 80=1 82=1
AF: 5c=1 7c=1 80=1 82=1
[Inferior 1 (process 457) detached]
--- POLL 27: N=11 ---
[Thread debugging using libthread_db enabled]
Using host libthread_db library "/lib64/libthread_db.so.1".
0x0000ffff85d4e1f8 in fsync () from /lib64/libc.so.6
B4: 5c=1 7c=1 80=1 82=1
AF: 5c=1 7c=1 80=1 82=1
[Inferior 1 (process 457) detached]
--- BT@POLL27 ---
0x0000ffff85d4e1f8 in fsync () from /lib64/libc.so.6
[Switching to thread 1 (Thread 0xffff840b1960 (LWP 457))]
#0  0x0000ffff85d4e1f8 in fsync () from /lib64/libc.so.6
#0  0x0000ffff85d4e1f8 in fsync () from /lib64/libc.so.6
#1  0x0000ffff868b7034 in ?? () from /lib64/libsqlite3mc.so.0
#2  0x0000ffff86913b34 in ?? () from /lib64/libsqlite3mc.so.0
#3  0x0000ffff8691ff0c in ?? () from /lib64/libsqlite3mc.so.0
#4  0x0000ffff8692146c in ?? () from /lib64/libsqlite3mc.so.0
#5  0x0000ffff86923824 in ?? () from /lib64/libsqlite3mc.so.0
#6  0x0000ffff8696f6bc in ?? () from /lib64/libsqlite3mc.so.0
#7  0x0000ffff869703c8 in sqlite3_step () from /lib64/libsqlite3mc.so.0
[Inferior 1 (process 457) detached]
--- POLL 28: N=11 ---
[Thread debugging using libthread_db enabled]
Using host libthread_db library "/lib64/libthread_db.so.1".
0x0000ffff85d4e1f8 in fsync () from /lib64/libc.so.6
B4: 5c=1 7c=1 80=1 82=1
AF: 5c=1 7c=1 80=1 82=1
[Inferior 1 (process 457) detached]
--- POLL 29: N=11 ---
[Thread debugging using libthread_db enabled]
Using host libthread_db library "/lib64/libthread_db.so.1".
0x0000ffff85d4e1f8 in fsync () from /lib64/libc.so.6
B4: 5c=1 7c=1 80=1 82=1
AF: 5c=1 7c=1 80=1 82=1
[Inferior 1 (process 457) detached]
--- POLL 30: N=11 ---
[Thread debugging using libthread_db enabled]
Using host libthread_db library "/lib64/libthread_db.so.1".
0x0000ffff85d4e1f8 in fsync () from /lib64/libc.so.6
B4: 5c=1 7c=1 80=1 82=1
AF: 5c=1 7c=1 80=1 82=1
[Inferior 1 (process 457) detached]
--- POLL 31: N=11 ---
[Thread debugging using libthread_db enabled]
Using host libthread_db library "/lib64/libthread_db.so.1".
0x0000ffff85d4e1f8 in fsync () from /lib64/libc.so.6
B4: 5c=1 7c=1 80=1 82=1
AF: 5c=1 7c=1 80=1 82=1
[Inferior 1 (process 457) detached]
--- POLL 32: N=11 ---
[Thread debugging using libthread_db enabled]
Using host libthread_db library "/lib64/libthread_db.so.1".
0x0000ffff85d4e1f8 in fsync () from /lib64/libc.so.6
B4: 5c=1 7c=1 80=1 82=1
AF: 5c=1 7c=1 80=1 82=1
[Inferior 1 (process 457) detached]
--- POLL 33: N=11 ---
[Thread debugging using libthread_db enabled]
Using host libthread_db library "/lib64/libthread_db.so.1".
0x0000ffff85d4e1f8 in fsync () from /lib64/libc.so.6
B4: 5c=1 7c=1 80=1 82=1
AF: 5c=1 7c=1 80=1 82=1
[Inferior 1 (process 457) detached]
--- POLL 34: N=11 ---
[Thread debugging using libthread_db enabled]
Using host libthread_db library "/lib64/libthread_db.so.1".
0x0000ffff85d4e1f8 in fsync () from /lib64/libc.so.6
B4: 5c=1 7c=1 80=1 82=1
AF: 5c=1 7c=1 80=1 82=1
[Inferior 1 (process 457) detached]
--- POLL 35: N=11 ---
[Thread debugging using libthread_db enabled]
Using host libthread_db library "/lib64/libthread_db.so.1".
0x0000ffff85d4e1f8 in fsync () from /lib64/libc.so.6
B4: 5c=1 7c=1 80=1 82=1
AF: 5c=1 7c=1 80=1 82=1
[Inferior 1 (process 457) detached]
--- POLL 36: N=11 ---
[Thread debugging using libthread_db enabled]
Using host libthread_db library "/lib64/libthread_db.so.1".
0x0000ffff85d4e1f8 in fsync () from /lib64/libc.so.6
B4: 5c=1 7c=1 80=1 82=1
AF: 5c=1 7c=1 80=1 82=1
[Inferior 1 (process 457) detached]
--- BT@POLL36 ---
0x0000ffff85d4e1f8 in fsync () from /lib64/libc.so.6
[Switching to thread 1 (Thread 0xffff840b1960 (LWP 457))]
#0  0x0000ffff85d4e1f8 in fsync () from /lib64/libc.so.6
#0  0x0000ffff85d4e1f8 in fsync () from /lib64/libc.so.6
#1  0x0000ffff868b7034 in ?? () from /lib64/libsqlite3mc.so.0
#2  0x0000ffff86913b34 in ?? () from /lib64/libsqlite3mc.so.0
#3  0x0000ffff8691ff0c in ?? () from /lib64/libsqlite3mc.so.0
#4  0x0000ffff8692146c in ?? () from /lib64/libsqlite3mc.so.0
#5  0x0000ffff86923824 in ?? () from /lib64/libsqlite3mc.so.0
#6  0x0000ffff8696f6bc in ?? () from /lib64/libsqlite3mc.so.0
#7  0x0000ffff869703c8 in sqlite3_step () from /lib64/libsqlite3mc.so.0
[Inferior 1 (process 457) detached]
--- POLL 37: N=11 ---
[Thread debugging using libthread_db enabled]
Using host libthread_db library "/lib64/libthread_db.so.1".
0x0000ffff85d4e1f8 in fsync () from /lib64/libc.so.6
B4: 5c=1 7c=1 80=1 82=1
AF: 5c=1 7c=1 80=1 82=1
[Inferior 1 (process 457) detached]
--- POLL 38: N=11 ---
[Thread debugging using libthread_db enabled]
Using host libthread_db library "/lib64/libthread_db.so.1".
0x0000ffff85d4e1f8 in fsync () from /lib64/libc.so.6
B4: 5c=1 7c=1 80=1 82=1
AF: 5c=1 7c=1 80=1 82=1
[Inferior 1 (process 457) detached]
--- POLL 39: N=11 ---
