UEFI firmware (version edk2-stable202408-prebuilt.qemu.org built at 16:28:50 on Sep 12 2024)
ArmTrngLib could not be correctly initialized.
Error: Image at 000BFDB6000 start failed: 00000001
Error: Image at 000BFD6D000 start failed: Not Found
Error: Image at 000BFCBA000 start failed: Unsupported
Error: Image at 000BFB5E000 start failed: Aborted
Tpm2SubmitCommand - Tcg2 - Not Found
Tpm2GetCapabilityPcrs fail!
Tpm2SubmitCommand - Tcg2 - Not Found
Image type X64 can't be loaded on AARCH64 UEFI system.
[2J[01;01H[=3h[2J[01;01H[2J[01;01H[=3h[2J[01;01HEFI stub: Decompressing Linux Kernel...
EFI stub: Loaded initrd from LINUX_EFI_INITRD_MEDIA_GUID device path
EFI stub: Generating empty DTB
EFI stub: Exiting boot services...
[    0.000000] Booting Linux on physical CPU 0x0000000000 [0x414fd0b1]
[    0.000000] Linux version 6.12.103-0-virt (buildozer@build-3-21-aarch64) (gcc (Alpine 14.2.0) 14.2.0, GNU ld (GNU Binutils) 2.43.1) #1-Alpine SMP PREEMPT_DYNAMIC 2026-08-10 14:25:03
[    0.000000] efi: EFI v2.7 by EDK II
[    0.000000] efi: SMBIOS 3.0=0xbfed0000 MEMATTR=0xbe176018 ACPI 2.0=0xbcb43018 INITRD=0xbcb40f18 MEMRESERVE=0xbcb40f98 
[    0.000000] ACPI: Early table checksum verification disabled
[    0.000000] ACPI: RSDP 0x00000000BCB43018 000024 (v02 BOCHS )
[    0.000000] ACPI: XSDT 0x00000000BCB43F18 000064 (v01 BOCHS  BXPC     00000001      01000013)
[    0.000000] ACPI: FACP 0x00000000BCB43B18 000114 (v06 BOCHS  BXPC     00000001 BXPC 00000001)
[    0.000000] ACPI: DSDT 0x00000000BCB41018 001506 (v02 BOCHS  BXPC     00000001 BXPC 00000001)
[    0.000000] ACPI: APIC 0x00000000BCB43C98 0000FC (v04 BOCHS  BXPC     00000001 BXPC 00000001)
[    0.000000] ACPI: PPTT 0x00000000BCB43E18 000074 (v02 BOCHS  BXPC     00000001 BXPC 00000001)
[    0.000000] ACPI: GTDT 0x00000000BCB43098 000068 (v03 BOCHS  BXPC     00000001 BXPC 00000001)
[    0.000000] ACPI: MCFG 0x00000000BCB43A98 00003C (v01 BOCHS  BXPC     00000001 BXPC 00000001)
[    0.000000] ACPI: SPCR 0x00000000BCB43818 000050 (v02 BOCHS  BXPC     00000001 BXPC 00000001)
[    0.000000] ACPI: DBG2 0x00000000BCB43A18 000057 (v00 BOCHS  BXPC     00000001 BXPC 00000001)
[    0.000000] ACPI: IORT 0x00000000BCB43898 000054 (v05 BOCHS  BXPC     00000001 BXPC 00000001)
[    0.000000] ACPI: SPCR: console: pl011,mmio32,0x9000000,9600
[    0.000000] ACPI: Use ACPI SPCR as default console: Yes
[    0.000000] NUMA: Faking a node at [mem 0x0000000040000000-0x00000000bfffffff]
[    0.000000] NODE_DATA(0) allocated [mem 0xbf855b80-0xbf857fff]
[    0.000000] Zone ranges:
[    0.000000]   DMA      [mem 0x0000000040000000-0x00000000bfffffff]
[    0.000000]   DMA32    empty
[    0.000000]   Normal   empty
[    0.000000] Movable zone start for each node
[    0.000000] Early memory node ranges
[    0.000000]   node   0: [mem 0x0000000040000000-0x00000000bc76ffff]
[    0.000000]   node   0: [mem 0x00000000bc770000-0x00000000bcb3ffff]
[    0.000000]   node   0: [mem 0x00000000bcb40000-0x00000000bfe1ffff]
[    0.000000]   node   0: [mem 0x00000000bfe20000-0x00000000bfeaffff]
[    0.000000]   node   0: [mem 0x00000000bfeb0000-0x00000000bfebffff]
[    0.000000]   node   0: [mem 0x00000000bfec0000-0x00000000bffdffff]
[    0.000000]   node   0: [mem 0x00000000bffe0000-0x00000000bfffffff]
[    0.000000] Initmem setup node 0 [mem 0x0000000040000000-0x00000000bfffffff]
[    0.000000] psci: probing for conduit method from ACPI.
[    0.000000] psci: PSCIv1.1 detected in firmware.
[    0.000000] psci: Using standard PSCI v0.2 function IDs
[    0.000000] psci: Trusted OS migration not required
[    0.000000] psci: SMC Calling Convention v1.0
[    0.000000] percpu: Embedded 33 pages/cpu s96984 r8192 d29992 u135168
[    0.000000] Detected PIPT I-cache on CPU0
[    0.000000] CPU features: detected: Spectre-v4
[    0.000000] CPU features: detected: Spectre-BHB
[    0.000000] CPU features: detected: Broken broadcast TLBI completion
[    0.000000] CPU features: detected: SSBS not fully self-synchronizing
[    0.000000] alternatives: applying boot alternatives
[    0.000000] Kernel command line: root=/dev/vda rw console=ttyAMA0 initrd=initrd
[    0.000000] Dentry cache hash table entries: 262144 (order: 9, 2097152 bytes, linear)
[    0.000000] Inode-cache hash table entries: 131072 (order: 8, 1048576 bytes, linear)
[    0.000000] Fallback order for Node 0: 0 
[    0.000000] Built 1 zonelists, mobility grouping on.  Total pages: 524288
[    0.000000] Policy zone: DMA
[    0.000000] mem auto-init: stack:all(zero), heap alloc:on, heap free:off
[    0.000000] software IO TLB: SWIOTLB bounce buffer size adjusted to 2MB
[    0.000000] software IO TLB: area num 2.
[    0.000000] software IO TLB: mapped [mem 0x00000000bf2b4000-0x00000000bf4b4000] (2MB)
[    0.000000] SLUB: HWalign=64, Order=0-3, MinObjects=0, CPUs=2, Nodes=1
[    0.000000] Dynamic Preempt: none
[    0.000000] rcu: Preemptible hierarchical RCU implementation.
[    0.000000] rcu: 	RCU restricting CPUs from NR_CPUS=4096 to nr_cpu_ids=2.
[    0.000000] 	Trampoline variant of Tasks RCU enabled.
[    0.000000] 	Tracing variant of Tasks RCU enabled.
[    0.000000] rcu: RCU calculated value of scheduler-enlistment delay is 10 jiffies.
[    0.000000] rcu: Adjusting geometry for rcu_fanout_leaf=16, nr_cpu_ids=2
[    0.000000] RCU Tasks: Setting shift to 1 and lim to 1 rcu_task_cb_adjust=1 rcu_task_cpu_ids=2.
[    0.000000] RCU Tasks Trace: Setting shift to 1 and lim to 1 rcu_task_cb_adjust=1 rcu_task_cpu_ids=2.
[    0.000000] NR_IRQS: 64, nr_irqs: 64, preallocated irqs: 0
[    0.000000] Root IRQ handler: gic_handle_irq
[    0.000000] GICv2m: ACPI overriding V2M MSI_TYPER (base:80, num:64)
[    0.000000] GICv2m: range[mem 0x08020000-0x08020fff], SPI[80:143]
[    0.000000] rcu: srcu_init: Setting srcu_struct sizes based on contention.
[    0.000000] clocksource: jiffies: mask: 0xffffffff max_cycles: 0xffffffff, max_idle_ns: 19112604462750000 ns
[    0.000000] arch_timer: cp15 timer(s) running at 62.50MHz (virt).
[    0.000000] clocksource: arch_sys_counter: mask: 0x1ffffffffffffff max_cycles: 0x1cd42e208c, max_idle_ns: 881590405314 ns
[    0.000937] sched_clock: 57 bits at 63MHz, resolution 16ns, wraps every 4398046511096ns
[    0.031015] kfence: initialized - using 2097152 bytes for 255 objects at 0x(____ptrval____)-0x(____ptrval____)
[    0.055386] Console: colour dummy device 80x25
[    0.081087] ACPI: Core revision 20240827
[    0.092580] Calibrating delay loop (skipped), value calculated using timer frequency.. 125.00 BogoMIPS (lpj=625000)
[    0.097364] pid_max: default: 32768 minimum: 301
[    0.117146] LSM: initializing lsm=lockdown,capability,landlock
[    0.124636] landlock: Up and running.
[    0.137072] Mount-cache hash table entries: 4096 (order: 3, 32768 bytes, linear)
[    0.137229] Mountpoint-cache hash table entries: 4096 (order: 3, 32768 bytes, linear)
[    0.342532] rcu: Hierarchical SRCU implementation.
[    0.342886] rcu: 	Max phase no-delay instances is 1000.
[    0.356093] Timer migration: 1 hierarchy levels; 8 children per group; 1 crossnode level
[    0.373093] Remapping and enabling EFI services.
[    0.387850] smp: Bringing up secondary CPUs ...
[    0.402173] Detected PIPT I-cache on CPU1
[    0.404174] CPU1: Booted secondary processor 0x0000000001 [0x414fd0b1]
[    0.418241] smp: Brought up 1 node, 2 CPUs
[    0.418374] SMP: Total of 2 processors activated.
[    0.418460] CPU: All CPU(s) started at EL1
[    0.418958] CPU features: detected: 32-bit EL0 Support
[    0.419099] CPU features: detected: Data cache clean to the PoU not required for I/D coherence
[    0.419193] CPU features: detected: Common not Private translations
[    0.419206] CPU features: detected: CRC32 instructions
[    0.419607] CPU features: detected: RCpc load-acquire (LDAPR)
[    0.419686] CPU features: detected: LSE atomic instructions
[    0.419697] CPU features: detected: Privileged Access Never
[    0.419706] CPU features: detected: RAS Extension Support
[    0.419784] CPU features: detected: Speculative Store Bypassing Safe (SSBS)
[    0.465406] alternatives: applying system-wide alternatives
[    0.498866] CPU features: detected: Hardware dirty bit management on CPU0-1
[    0.546288] Memory: 2003132K/2097152K available (12608K kernel code, 1950K rwdata, 7812K rodata, 1920K init, 9305K bss, 89464K reserved, 0K cma-reserved)
[    0.625168] devtmpfs: initialized
[    0.682268] futex hash table entries: 512 (order: 3, 32768 bytes, linear)
[    0.684034] 24304 pages in range for non-PLT usage
[    0.684163] 515824 pages in range for PLT usage
[    0.692638] pinctrl core: initialized pinctrl subsystem
[    0.707167] SMBIOS 3.0.0 present.
[    0.709202] DMI: QEMU QEMU Virtual Machine, BIOS edk2-stable202408-prebuilt.qemu.org 08/13/2024
[    0.713466] DMI: Memory slots populated: 1/1
[    0.771794] NET: Registered PF_NETLINK/PF_ROUTE protocol family
[    0.789735] DMA: preallocated 256 KiB GFP_KERNEL pool for atomic allocations
[    0.791022] DMA: preallocated 256 KiB GFP_KERNEL|GFP_DMA pool for atomic allocations
[    0.791925] DMA: preallocated 256 KiB GFP_KERNEL|GFP_DMA32 pool for atomic allocations
[    0.797350] audit: initializing netlink subsys (disabled)
[    0.805400] audit: type=2000 audit(0.590:1): state=initialized audit_enabled=0 res=1
[    0.816244] thermal_sys: Registered thermal governor 'step_wise'
[    0.822772] cpuidle: using governor ladder
[    0.823356] cpuidle: using governor menu
[    0.830674] hw-breakpoint: found 6 breakpoint and 4 watchpoint registers.
[    0.832233] ASID allocator initialised with 65536 entries
[    0.834182] acpiphp: ACPI Hot Plug PCI Controller Driver version: 0.5
[    0.837548] Serial: AMBA PL011 UART driver
[    0.867817] HugeTLB: registered 1.00 GiB page size, pre-allocated 0 pages
[    0.867882] HugeTLB: 0 KiB vmemmap can be freed for a 1.00 GiB page
[    0.867906] HugeTLB: registered 32.0 MiB page size, pre-allocated 0 pages
[    0.867915] HugeTLB: 0 KiB vmemmap can be freed for a 32.0 MiB page
[    0.867926] HugeTLB: registered 2.00 MiB page size, pre-allocated 0 pages
[    0.867935] HugeTLB: 0 KiB vmemmap can be freed for a 2.00 MiB page
[    0.867947] HugeTLB: registered 64.0 KiB page size, pre-allocated 0 pages
[    0.867955] HugeTLB: 0 KiB vmemmap can be freed for a 64.0 KiB page
[    0.908152] ACPI: Added _OSI(Module Device)
[    0.908360] ACPI: Added _OSI(Processor Device)
[    0.908387] ACPI: Added _OSI(Processor Aggregator Device)
[    0.950700] ACPI: 1 ACPI AML tables successfully acquired and loaded
[    0.991748] ACPI: Interpreter enabled
[    0.991831] ACPI: Using GIC for interrupt routing
[    0.992847] ACPI: MCFG table detected, 1 entries
[    1.090086] ACPI: CPU0 has been hot-added
[    1.092178] ACPI: CPU1 has been hot-added
[    1.132068] ARMH0011:00: ttyAMA0 at MMIO 0x9000000 (irq = 12, base_baud = 0) is a SBSA
[    1.134819] printk: legacy console [ttyAMA0] enabled
[    1.268411] ACPI: PCI: Interrupt link L000 configured for IRQ 35
[    1.268964] ACPI: PCI: Interrupt link L001 configured for IRQ 36
[    1.270478] ACPI: PCI: Interrupt link L002 configured for IRQ 37
[    1.271151] ACPI: PCI: Interrupt link L003 configured for IRQ 38
[    1.272325] ACPI: PCI Root Bridge [PCI0] (domain 0000 [bus 00-ff])
[    1.279823] acpi PNP0A08:00: _OSC: OS supports [ExtendedConfig ASPM ClockPM Segments MSI HPX-Type3]
[    1.291450] acpi PNP0A08:00: _OSC: platform does not support [LTR]
[    1.297895] acpi PNP0A08:00: _OSC: OS now controls [PCIeHotplug PME PCIeCapability]
[    1.307711] acpi PNP0A08:00: ECAM area [mem 0x4010000000-0x401fffffff] reserved by PNP0C02:00
[    1.308960] acpi PNP0A08:00: ECAM at [mem 0x4010000000-0x401fffffff] for [bus 00-ff]
[    1.313409] ACPI: Remapped I/O 0x000000003eff0000 to [io  0x0000-0xffff window]
[    1.323590] PCI host bridge to bus 0000:00
[    1.325462] pci_bus 0000:00: root bus resource [mem 0x10000000-0x3efeffff window]
[    1.325981] pci_bus 0000:00: root bus resource [io  0x0000-0xffff window]
[    1.326331] pci_bus 0000:00: root bus resource [mem 0x8000000000-0xffffffffff window]
[    1.329421] pci_bus 0000:00: root bus resource [bus 00-ff]
[    1.333518] pci 0000:00:00.0: [1b36:0008] type 00 class 0x060000 conventional PCI endpoint
[    1.348051] pci 0000:00:01.0: [8086:100e] type 00 class 0x020000 conventional PCI endpoint
[    1.349799] pci 0000:00:01.0: BAR 0 [mem 0x10040000-0x1005ffff]
[    1.350381] pci 0000:00:01.0: BAR 1 [io  0x0080-0x00bf]
[    1.350818] pci 0000:00:01.0: ROM [mem 0xfffc0000-0xffffffff pref]
[    1.353479] pci 0000:00:02.0: [1af4:1001] type 00 class 0x010000 conventional PCI endpoint
[    1.354039] pci 0000:00:02.0: BAR 0 [io  0x0000-0x007f]
[    1.354398] pci 0000:00:02.0: BAR 1 [mem 0x10060000-0x10060fff]
[    1.354843] pci 0000:00:02.0: BAR 4 [mem 0x8000000000-0x8000003fff 64bit pref]
[    1.362798] pci 0000:00:01.0: ROM [mem 0x10000000-0x1003ffff pref]: assigned
[    1.364644] pci 0000:00:01.0: BAR 0 [mem 0x10040000-0x1005ffff]: assigned
[    1.365387] pci 0000:00:02.0: BAR 4 [mem 0x8000000000-0x8000003fff 64bit pref]: assigned
[    1.366017] pci 0000:00:02.0: BAR 1 [mem 0x10060000-0x10060fff]: assigned
[    1.366408] pci 0000:00:02.0: BAR 0 [io  0x1000-0x107f]: assigned
[    1.366794] pci 0000:00:01.0: BAR 1 [io  0x1080-0x10bf]: assigned
[    1.367908] pci_bus 0000:00: resource 4 [mem 0x10000000-0x3efeffff window]
[    1.368333] pci_bus 0000:00: resource 5 [io  0x0000-0xffff window]
[    1.368632] pci_bus 0000:00: resource 6 [mem 0x8000000000-0xffffffffff window]
[    1.376002] iommu: Default domain type: Translated
[    1.381175] iommu: DMA domain TLB invalidation policy: lazy mode
[    1.402373] efivars: Registered efivars operations
[    1.440278] clocksource: Switched to clocksource arch_sys_counter
[    1.465245] VFS: Disk quotas dquot_6.6.0
[    1.466096] VFS: Dquot-cache hash table entries: 512 (order 0, 4096 bytes)
[    1.473526] pnp: PnP ACPI init
[    1.483977] system 00:00: [mem 0x4010000000-0x401fffffff window] could not be reserved
[    1.485306] pnp: PnP ACPI: found 1 devices
[    1.568465] NET: Registered PF_INET protocol family
[    1.574762] IP idents hash table entries: 32768 (order: 6, 262144 bytes, linear)
[    1.757368] tcp_listen_portaddr_hash hash table entries: 1024 (order: 2, 16384 bytes, linear)
[    1.758439] Table-perturb hash table entries: 65536 (order: 6, 262144 bytes, linear)
[    1.759209] TCP established hash table entries: 16384 (order: 5, 131072 bytes, linear)
[    1.765602] TCP bind hash table entries: 16384 (order: 7, 524288 bytes, linear)
[    1.766729] TCP: Hash tables configured (established 16384 bind 16384)
[    1.774498] MPTCP token hash table entries: 2048 (order: 4, 49152 bytes, linear)
[    1.776289] UDP hash table entries: 1024 (order: 3, 32768 bytes, linear)
[    1.782330] UDP-Lite hash table entries: 1024 (order: 3, 32768 bytes, linear)
[    1.797294] NET: Registered PF_UNIX/PF_LOCAL protocol family
[    1.798779] NET: Registered PF_XDP protocol family
[    1.800114] PCI: CLS 0 bytes, default 64
[    1.815769] kvm [1]: HYP mode not available
[    1.816327] Unpacking initramfs...
[    1.826222] Initialise system trusted keyrings
[    1.854138] workingset: timestamp_bits=44 max_order=19 bucket_order=0
[    2.048926] Key type asymmetric registered
[    2.049600] Asymmetric key parser 'x509' registered
[    2.051838] Block layer SCSI generic (bsg) driver version 0.4 loaded (major 249)
[    2.054066] io scheduler mq-deadline registered
[    2.054567] io scheduler kyber registered
[    2.055484] io scheduler bfq registered
[    2.117909] ACPI: \_SB_.L002: Enabled at IRQ 37
[    2.120010] virtio-pci 0000:00:02.0: enabling device (0000 -> 0003)
[    2.147536] Serial: 8250/16550 driver, 4 ports, IRQ sharing enabled
[    2.219299] hv_vmbus: registering driver hyperv_keyboard
[    2.237784] rtc-efi rtc-efi.0: registered as rtc0
[    2.241661] rtc-efi rtc-efi.0: setting system clock to 2026-08-24T09:34:37 UTC (1787564077)
[    2.254248] NET: Registered PF_INET6 protocol family
[    2.286642] Segment Routing with IPv6
[    2.287418] In-situ OAM (IOAM) with IPv6
[    2.400092] registered taskstats version 1
[    2.407669] Loading compiled-in X.509 certificates
[    2.474668] Freeing initrd memory: 5268K
[    2.888567] Loaded X.509 cert 'alpinelinux.org: Alpine Linux kernel key: 87fa969a47f3e2a6aa35859eb932a17c95abcd82'
[    2.940581] Demotion targets for Node 0: null
[    2.948354] Key type .fscrypt registered
[    2.950251] Key type fscrypt-provisioning registered
[    3.018979] clk: Disabling unused clocks
[    3.020553] PM: genpd: Disabling unused power domains
[    3.155601] Freeing unused kernel memory: 1920K
[    3.159230] Run /init as init process
[    3.541633] Alpine Init 3.11.1-r0
Alpine Init 3.11.1-r0
[    3.554788] Loading boot drivers...
 * Loading boot drivers: [    3.639338] Loading boot drivers: ok.
ok.
SIMBOOT: kernel=6.12.103-0-virt
[    3.736590] Invalid ELF header magic: != ELF
[    3.798659] virtio_blk virtio0: 2/0/0 default/read/poll queues
[    3.837946] virtio_blk virtio0: [vda] 1411072 512-byte logical blocks (722 MB/689 MiB)
[    3.891738] Invalid ELF header magic: != ELF
[    3.923410] Invalid ELF header magic: != ELF
[    3.952902] Invalid ELF header magic: != ELF
[    3.987107] Invalid ELF header magic: != ELF
[    4.087380] Invalid ELF header magic: != ELF
[    4.438916] Invalid ELF header magic: != ELF
[    4.500048] e1000: Intel(R) PRO/1000 Network Driver
[    4.500360] e1000: Copyright (c) 1999-2006 Intel Corporation.
[    4.502813] ACPI: \_SB_.L001: Enabled at IRQ 36
[    4.503316] e1000 0000:00:01.0: enabling device (0000 -> 0003)
[    4.918905] e1000 0000:00:01.0 eth0: (PCI:33MHz:32-bit) 52:54:00:12:34:56
[    4.919978] e1000 0000:00:01.0 eth0: Intel(R) PRO/1000 Network Connection
Module                  Size  Used by    Not tainted
e1000                 163840  0 
ext4                  929792  0 
jbd2                  172032  1 ext4
mbcache                20480  1 ext4
crc32c_generic         12288  0 
crc16                  12288  1 ext4
virtio_blk             24576  0 
[    6.172642] EXT4-fs (vda): mounted filesystem 1799a7eb-09df-4b80-8c57-0424de58e445 r/w with ordered data mode. Quota mode: none.
SIMBOOT: root mounted rw, running real mfp.afx with binder stub
[   13.315295] e1000: eth0 NIC Link is Up 1000 Mbps Full Duplex, Flow Control: RX
STUB_LS: -rw-r--r-- 1 root root 1762 Aug 24 09:34 /lib/libbinder_stub.so
STUB_TEST: Mon Aug 24 09:34:48 UTC 2026
rc=0
MFP_PID=446
[   23.622312] random: crng init done
--- MFP STATE ---
Name:	mfp.afx
Umask:	0022
State:	S (sleeping)
Tgid:	446
Ngid:	0
--- MFP MAIN WCHAN ---
hrtimer_nanosleep--- THREADS ---
446 st=S wc=hrtimer_nanosleep
448 st=S wc=futex_wait_queue
449 st=S wc=0
450 st=S wc=do_epoll_wait
451 st=R wc=0
452 st=S wc=do_wait_intr_irq
453 st=S wc=do_epoll_wait
454 st=S wc=do_wait_intr_irq
455 st=S wc=do_wait_intr_irq
456 st=S wc=wait_for_partner
457 st=S wc=do_select
458 st=R wc=0
459 st=S wc=do_select
460 st=S wc=hrtimer_nanosleep
461 st=S wc=futex_wait_queue
462 st=S wc=futex_wait_queue
463 st=R wc=0
464 st=S wc=do_select
465 st=S wc=do_select
466 st=R wc=0
467 st=S wc=do_select
468 st=R wc=0
469 st=S wc=do_select
470 st=R wc=0
471 st=S wc=do_select
472 st=S wc=hrtimer_nanosleep
473 st=R wc=0
474 st=S wc=do_select
475 st=S wc=futex_wait_queue
476 st=R wc=0
477 st=R wc=0
478 st=S wc=do_select
479 st=S wc=futex_wait_queue
480 st=R wc=0
481 st=S wc=do_select
482 st=R wc=0
483 st=S wc=do_select
484 st=S wc=do_wait_intr_irq
485 st=R wc=0
486 st=S wc=do_select
487 st=R wc=hrtimer_nanosleep
488 st=R wc=0
489 st=S wc=do_select
490 st=S wc=hrtimer_nanosleep
491 st=R wc=0
492 st=S wc=do_select
493 st=S wc=do_select
494 st=R wc=0
495 st=S wc=do_select
496 st=R wc=0
497 st=S wc=do_select
498 st=S wc=hrtimer_nanosleep
499 st=R wc=0
500 st=S wc=futex_wait_queue
501 st=S wc=futex_wait_queue
502 st=S wc=futex_wait_queue
503 st=S wc=futex_wait_queue
504 st=S wc=futex_wait_queue
505 st=R wc=0
506 st=S wc=do_select
507 st=S wc=futex_wait_queue
--- IP ADDR ---
1: lo: <LOOPBACK> mtu 65536 qdisc noop state DOWN group default qlen 1000
    link/loopback 00:00:00:00:00:00 brd 00:00:00:00:00:00
2: eth0: <BROADCAST,MULTICAST,UP,LOWER_UP> mtu 1500 qdisc pfifo_fast state UP group default qlen 1000
    link/ether 52:54:00:12:34:56 brd ff:ff:ff:ff:ff:ff
    inet 10.0.2.15/24 scope global eth0
       valid_lft forever preferred_lft forever
    inet6 fec0::5054:ff:fe12:3456/64 scope site dynamic mngtmpaddr proto kernel_ra 
       valid_lft 86198sec preferred_lft 14198sec
    inet6 fe80::5054:ff:fe12:3456/64 scope link proto kernel_ll 
       valid_lft forever preferred_lft forever
--- INI FILES ---
-rw-r--r-- 1 root root 112 Aug 24 09:34 /root/en_machine_config.ini
-rw-r--r-- 1 root root 112 Aug 24 09:35 /tmp/machine_config.ini
--- INI DECODED ---
[DeviceInfo]
machine_tag=0x1
mfg_name=PANTUM
series_name=CM806ADN
product_name=CM806ADN
speed=30
country_code=0
--- LISTEN TCP ---
  sl  local_address rem_address   st tx_queue rx_queue tr tm->when retrnsmt   uid  timeout inode                                                     
--- NETSTAT TCP ---
Active Internet connections (only servers)
Proto Recv-Q Send-Q Local Address           Foreign Address         State       
--- MFP LOG HEAD 80 ---
plog lib mfp process init json config error 
pntp socket client init 
[2026-08-24 09:34:50.101 ] pcie_integrate_features:463 ULOG WARN vd:3 , send_offset:32768 , recv_offset:0
[2026-08-24 09:34:50.119 ] pcie_integrate_features:463 ULOG WARN vd:5 , send_offset:32768 , recv_offset:0
error:miss key;line:=
[09:35:55.306] hal_core_init                  - core/hal_core_init.c L29    [HAL][INFO]  -->  Enter and init hal lib
[09:35:56.023] cjson_get_dev_config           - core/hal_cjson_class.c L723   [HAL][INFO]  -->  Module touch do not have device config
[09:35:56.023] cjson_get_dev_config           - core/hal_cjson_class.c L723   [HAL][INFO]  -->  Module backlight do not have device config
[09:35:56.023] cjson_get_dev_config           - core/hal_cjson_class.c L723   [HAL][INFO]  -->  Module frambuffer do not have device config
[09:35:56.042] cjson_get_dev_config           - core/hal_cjson_class.c L723   [HAL][INFO]  -->  Module low_power do not have device config
[09:35:56.042] cjson_get_dev_config           - core/hal_cjson_class.c L723   [HAL][INFO]  -->  Module print_comm do not have device config
[09:35:56.042] cjson_get_dev_config           - core/hal_cjson_class.c L723   [HAL][INFO]  -->  Module scan_comm do not have device config
[09:35:56.042] cjson_get_dev_config           - core/hal_cjson_class.c L723   [HAL][INFO]  -->  Module beep do not have device config
[09:35:56.042] cjson_get_dev_config           - core/hal_cjson_class.c L723   [HAL][INFO]  -->  Module speaker do not have device config
[09:35:56.042] cjson_get_dev_config           - core/hal_cjson_class.c L723   [HAL][INFO]  -->  Module fan do not have device config
[09:35:56.042] cjson_get_dev_config           - core/hal_cjson_class.c L723   [HAL][INFO]  -->  Module usb_host do not have device config
[09:35:56.044] hal_core_init                  - core/hal_core_init.c L57    [HAL][DEBUG]  -->  Module node touch (id 2), do not need to call module init 
[09:35:56.044] hal_core_init                  - core/hal_core_init.c L57    [HAL][DEBUG]  -->  Module node backlight (id 3), do not need to call module init 
[09:35:56.044] hal_core_init                  - core/hal_core_init.c L57    [HAL][DEBUG]  -->  Module node fb (id 4), do not need to call module init 
[09:35:56.044] hal_core_init                  - core/hal_core_init.c L57    [HAL][DEBUG]  -->  Module node beep (id 11), do not need to call module init 
[09:35:56.044] hal_core_init                  - core/hal_core_init.c L57    [HAL][DEBUG]  -->  Module node speaker (id 12), do not need to call module init 
[09:35:56.044] hal_core_init                  - core/hal_core_init.c L57    [HAL][DEBUG]  -->  Module node fan (id 13), do not need to call module init 
[09:35:56.044] hal_core_init                  - core/hal_core_init.c L57    [HAL][DEBUG]  -->  Module node wifi (id 15), do not need to call module init 
[09:35:56.044] hal_core_init                  - core/hal_core_init.c L57    [HAL][DEBUG]  -->  Module node bt (id 16), do not need to call module init 
[09:35:56.045] storage_init                   - module/storage/storage_init/storage_init.c L23    [HAL][WARN]  -->  storage module has init
[09:35:56.063] hal_save_proc_info             - intf/hal_init.c      L67    [HAL][ERROR]  -->  attach hal lib process id: 00000446  name: mfp.afx 
[09:35:56.063] pi_hal_wifi_request            - intf/hal_wifi.c      L21    [HAL][ERROR]  -->  HAL interface pi_hal_wifi_request call failed
[2026-08-24 09:36:02.642 ] _wait_for_peer:747 IBC WARN 446:wait failed
[09:36:02.663] hal_common_ioctl               - core/hal_common_dev.c L128   [HAL][ERROR]  -->  ioctl error errno = No such file or directory
[09:36:02.663] boardinfo_interface_getinfo    - module/boardinfo/boardinfo_interface.c L151   [HAL][ERROR]  -->  Error to get info from device /dev/board_desc
[2026-08-24 09:36:02.764 ] _wait_for_peer:747 IBC WARN 446:wait failed
[2026-08-24 09:36:02.883 ] _wait_for_peer:747 IBC WARN 446:wait failed
[2026-08-24 09:36:02.994 ] _wait_for_peer:747 IBC WARN 446:wait failed
[09:36:03.006] rtc_interface_time_read        - module/rtc/rtc_interface.c L196   [HAL][INFO]  -->  Read rawtime: 1787564163
[09:36:03.007] rtc_interface_time_read        - module/rtc/rtc_interface.c L198   [HAL][INFO]  -->  Read RTC time is 2026-08-24 09:36:03.
[2026-08-24 09:36:03.088 ] _wait_for_peer:747 IBC WARN 446:wait failed
[2026-08-24 09:36:03.088 ] _wait_for_peer:747 IBC WARN 446:wait failed
[2026-08-24 09:36:03.203 ] _wait_for_peer:747 IBC WARN 446:wait failed
[2026-08-24 09:36:03.203 ] _wait_for_peer:747 IBC WARN 446:wait failed
[2026-08-24 09:36:03.203 ] _wait_for_peer:747 IBC WARN 446:wait failed
[2026-08-24 09:36:03.203 ] _wait_for_peer:747 IBC WARN 446:wait failed
[2026-08-24 09:36:03.203 ] _wait_for_peer:747 IBC WARN 446:wait failed
[2026-08-24 09:36:03.204 ] _wait_for_peer:747 IBC WARN 446:wait failed
[2026-08-24 09:36:03.204 ] _wait_for_peer:747 IBC WARN 446:wait failed
[2026-08-24 09:36:03.204 ] _wait_for_peer:747 IBC WARN 446:wait failed
[2026-08-24 09:36:03.204 ] _wait_for_peer:747 IBC WARN 446:wait failed
[2026-08-24 09:36:03.204 ] _wait_for_peer:747 IBC WARN 446:wait failed
[2026-08-24 09:36:03.204 ] _wait_for_peer:747 IBC WARN 446:wait failed
[2026-08-24 09:36:03.204 ] _wait_for_peer:747 IBC WARN 446:wait failed
[2026-08-24 09:36:03.204 ] _wait_for_peer:747 IBC WARN 446:wait failed
[2026-08-24 09:36:03.204 ] _wait_for_peer:747 IBC WARN 446:wait failed
[2026-08-24 09:36:03.204 ] _wait_for_peer:747 IBC WARN 446:wait failed
[2026-08-24 09:36:03.204 ] _wait_for_peer:747 IBC WARN 446:wait failed
[2026-08-24 09:36:03.204 ] _wait_for_peer:747 IBC WARN 446:wait failed
[2026-08-24 09:36:03.204 ] _wait_for_peer:747 IBC WARN 446:wait failed
[2026-08-24 09:36:03.204 ] _wait_for_peer:747 IBC WARN 446:wait failed
[2026-08-24 09:36:03.204 ] _wait_for_peer:747 IBC WARN 446:wait failed
[2026-08-24 09:36:03.205 ] _wait_for_peer:747 IBC WARN 446:wait failed
[2026-08-24 09:36:03.205 ] _wait_for_peer:747 IBC WARN 446:wait failed
[2026-08-24 09:36:03.205 ] _wait_for_peer:747 IBC WARN 446:wait failed
[2026-08-24 09:36:03.205 ] _wait_for_peer:747 IBC WARN 446:wait failed
[2026-08-24 09:36:03.205 ] _wait_for_peer:747 IBC WARN 446:wait failed
[2026-08-24 09:36:03.205 ] _wait_for_peer:747 IBC WARN 446:wait failed
[2026-08-24 09:36:03.205 ] _wait_for_peer:747 IBC WARN 446:wait failed
[2026-08-24 09:36:03.205 ] _wait_for_peer:747 IBC WARN 446:wait failed
[2026-08-24 09:36:03.205 ] _wait_for_peer:747 IBC WARN 446:wait failed
[2026-08-24 09:36:03.205 ] _wait_for_peer:747 IBC WARN 446:wait failed
[2026-08-24 09:36:03.205 ] _wait_for_peer:747 IBC WARN 446:wait failed
[2026-08-24 09:36:03.205 ] _wait_for_peer:747 IBC WARN 446:wait failed
[2026-08-24 09:36:03.205 ] _wait_for_peer:747 IBC WARN 446:wait failed
[2026-08-24 09:36:03.205 ] _wait_for_peer:747 IBC WARN 446:wait failed
[2026-08-24 09:36:03.205 ] _wait_for_peer:747 IBC WARN 446:wait failed
[2026-08-24 09:36:03.205 ] _wait_for_peer:747 IBC WARN 446:wait failed
[2026-08-24 09:36:03.205 ] _wait_for_peer:747 IBC WARN 446:wait failed
[2026-08-24 09:36:03.205 ] _wait_for_peer:747 IBC WARN 446:wait failed
[2026-08-24 09:36:03.206 ] _wait_for_peer:747 IBC WARN 446:wait failed
[2026-08-24 09:36:03.206 ] _wait_for_peer:747 IBC WARN 446:wait failed
[2026-08-24 09:36:03.206 ] _wait_for_peer:747 IBC WARN 446:wait failed
[2026-08-24 09:36:03.206 ] _wait_for_peer:747 IBC WARN 446:wait failed
[2026-08-24 09:36:03.206 ] _wait_for_peer:747 IBC WARN 446:wait failed
--- MFP LOG NET ---
--- MFP LOG TAIL FILTERED ---
IBC WARN 446:wait failed
--- PLOG CFG ---
{"log_state":1,"log_level":2,"log_path":"/tslog","log_size":5120,"machine_name":"RK3588","machine_id":0,"dev_id":0,"root_node":"root","default_topic":"PLOG_PUB","tcp_server_state":0,"upgrade_log_state":0,"ui_connect":0,"debug_mode":0,"slave_config":{"slave_dev_id":0},"topic_config":[{"topic_name":"PLOG_PUB","topic_id":0,"console":0,"log_level":2,"subscription":0,"cache_size":512,"auto_register":1,"abort_flag":0,"local_dump":0,"state":1}]}
--- DEV LIST ---
crw-r--r-- 1 root root 1, 5 Aug 24 09:34 /dev/board_desc
crw-r--r-- 1 root root 1, 5 Aug 24 09:34 /dev/netlog_dev
crw-r--r-- 1 root root 1, 5 Aug 24 09:34 /dev/pantumpci-main
crw-r--r-- 1 root root 1, 5 Aug 24 09:34 /dev/pantumpci-main-video
crw-r--r-- 1 root root 1, 5 Aug 24 09:34 /dev/pantumpci-plog
crw-r--r-- 1 root root 1, 5 Aug 24 09:34 /dev/pantumpci-scan
crw-r--r-- 1 root root 1, 5 Aug 24 09:34 /dev/pantumpci-transfer-cis
crw-r--r-- 1 root root 1, 5 Aug 24 09:34 /dev/pantumpci-transfer-video
crw-r--r-- 1 root root 1, 5 Aug 24 09:34 /dev/pantumpci-upgrade
--- HALD LOG ---
[09:34:43.547] cjson_get_dev_config           - core/hal_cjson_class.c L723   [HAL][INFO]  -->  Module speaker do not have device config
[09:34:43.547] cjson_get_dev_config           - core/hal_cjson_class.c L723   [HAL][INFO]  -->  Module fan do not have device config
[09:34:43.548] cjson_get_dev_config           - core/hal_cjson_class.c L723   [HAL][INFO]  -->  Module usb_host do not have device config
[09:34:43.550] hal_core_init                  - core/hal_core_init.c L57    [HAL][DEBUG]  -->  Module node touch (id 2), do not need to call module init 
[09:34:43.550] hal_core_init                  - core/hal_core_init.c L57    [HAL][DEBUG]  -->  Module node backlight (id 3), do not need to call module init 
[09:34:43.550] hal_core_init                  - core/hal_core_init.c L57    [HAL][DEBUG]  -->  Module node fb (id 4), do not need to call module init 
[09:34:43.551] hal_core_init                  - core/hal_core_init.c L57    [HAL][DEBUG]  -->  Module node beep (id 11), do not need to call module init 
[09:34:43.551] hal_core_init                  - core/hal_core_init.c L57    [HAL][DEBUG]  -->  Module node speaker (id 12), do not need to call module init 
[09:34:43.551] hal_core_init                  - core/hal_core_init.c L57    [HAL][DEBUG]  -->  Module node fan (id 13), do not need to call module init 
[09:34:43.551] hal_core_init                  - core/hal_core_init.c L57    [HAL][DEBUG]  -->  Module node wifi (id 15), do not need to call module init 
[09:34:43.551] hal_core_init                  - core/hal_core_init.c L57    [HAL][DEBUG]  -->  Module node bt (id 16), do not need to call module init 
[09:34:43.561] storage_init                   - module/storage/storage_init/storage_init.c L164   [HAL][INFO]  -->  storage module init succ
[09:34:43.564] cjson_module_config_read       - core/hal_cjson_class.c L109   [HAL][INFO]  -->  All the json module config has read
[09:34:43.574] rtc_interface_time_read        - module/rtc/rtc_interface.c L196   [HAL][INFO]  -->  Read rawtime: 1787564083
[09:34:43.574] rtc_interface_time_read        - module/rtc/rtc_interface.c L198   [HAL][INFO]  -->  Read RTC time is 2026-08-24 09:34:43.
--- DF ---
Filesystem      Size  Used Avail Use% Mounted on
/dev/vda        662M  555M   59M  91% /
devtmpfs        2.0M     0  2.0M   0% /dev
tmpfs           984M   17M  968M   2% /tmp
tmpfs           984M     0  984M   0% /tslog
done
SIMBOOT: mfp run finished, keeping shell
/bin/sh: can't access tty; job control turned off
~ # [6n