UEFI firmware (version edk2-stable202408-prebuilt.qemu.org built at 16:28:50 on Sep 12 2024)
ArmTrngLib could not be correctly initialized.
Error: Image at 000BFDB6000 start failed: 00000001
Error: Image at 000BFD6D000 start failed: Not Found
Error: Image at 000BFCBA000 start failed: Unsupported
Error: Image at 000BFB5E000 start failed: Aborted
Tpm2SubmitCommand - Tcg2 - Not Found
Tpm2GetCapabilityPcrs fail!
Tpm2SubmitCommand - Tcg2 - Not Found
Image type X64 can't be loaded on AARCH64 UEFI system.
[2J[01;01H[=3h[2J[01;01H[2J[01;01H[=3h[2J[01;01HEFI stub: Decompressing Linux Kernel...
EFI stub: Loaded initrd from LINUX_EFI_INITRD_MEDIA_GUID device path
EFI stub: Generating empty DTB
EFI stub: Exiting boot services...
[    0.000000] Booting Linux on physical CPU 0x0000000000 [0x414fd0b1]
[    0.000000] Linux version 6.12.103-0-virt (buildozer@build-3-21-aarch64) (gcc (Alpine 14.2.0) 14.2.0, GNU ld (GNU Binutils) 2.43.1) #1-Alpine SMP PREEMPT_DYNAMIC 2026-08-10 14:25:03
[    0.000000] efi: EFI v2.7 by EDK II
[    0.000000] efi: SMBIOS 3.0=0xbfed0000 MEMATTR=0xbe176018 ACPI 2.0=0xbcb43018 INITRD=0xbcb40f18 MEMRESERVE=0xbcb40f98 
[    0.000000] ACPI: Early table checksum verification disabled
[    0.000000] ACPI: RSDP 0x00000000BCB43018 000024 (v02 BOCHS )
[    0.000000] ACPI: XSDT 0x00000000BCB43F18 000064 (v01 BOCHS  BXPC     00000001      01000013)
[    0.000000] ACPI: FACP 0x00000000BCB43B18 000114 (v06 BOCHS  BXPC     00000001 BXPC 00000001)
[    0.000000] ACPI: DSDT 0x00000000BCB41018 001506 (v02 BOCHS  BXPC     00000001 BXPC 00000001)
[    0.000000] ACPI: APIC 0x00000000BCB43C98 0000FC (v04 BOCHS  BXPC     00000001 BXPC 00000001)
[    0.000000] ACPI: PPTT 0x00000000BCB43E18 000074 (v02 BOCHS  BXPC     00000001 BXPC 00000001)
[    0.000000] ACPI: GTDT 0x00000000BCB43098 000068 (v03 BOCHS  BXPC     00000001 BXPC 00000001)
[    0.000000] ACPI: MCFG 0x00000000BCB43A98 00003C (v01 BOCHS  BXPC     00000001 BXPC 00000001)
[    0.000000] ACPI: SPCR 0x00000000BCB43818 000050 (v02 BOCHS  BXPC     00000001 BXPC 00000001)
[    0.000000] ACPI: DBG2 0x00000000BCB43A18 000057 (v00 BOCHS  BXPC     00000001 BXPC 00000001)
[    0.000000] ACPI: IORT 0x00000000BCB43898 000054 (v05 BOCHS  BXPC     00000001 BXPC 00000001)
[    0.000000] ACPI: SPCR: console: pl011,mmio32,0x9000000,9600
[    0.000000] ACPI: Use ACPI SPCR as default console: Yes
[    0.000000] NUMA: Faking a node at [mem 0x0000000040000000-0x00000000bfffffff]
[    0.000000] NODE_DATA(0) allocated [mem 0xbf855b80-0xbf857fff]
[    0.000000] Zone ranges:
[    0.000000]   DMA      [mem 0x0000000040000000-0x00000000bfffffff]
[    0.000000]   DMA32    empty
[    0.000000]   Normal   empty
[    0.000000] Movable zone start for each node
[    0.000000] Early memory node ranges
[    0.000000]   node   0: [mem 0x0000000040000000-0x00000000bc76ffff]
[    0.000000]   node   0: [mem 0x00000000bc770000-0x00000000bcb3ffff]
[    0.000000]   node   0: [mem 0x00000000bcb40000-0x00000000bfe1ffff]
[    0.000000]   node   0: [mem 0x00000000bfe20000-0x00000000bfeaffff]
[    0.000000]   node   0: [mem 0x00000000bfeb0000-0x00000000bfebffff]
[    0.000000]   node   0: [mem 0x00000000bfec0000-0x00000000bffdffff]
[    0.000000]   node   0: [mem 0x00000000bffe0000-0x00000000bfffffff]
[    0.000000] Initmem setup node 0 [mem 0x0000000040000000-0x00000000bfffffff]
[    0.000000] psci: probing for conduit method from ACPI.
[    0.000000] psci: PSCIv1.1 detected in firmware.
[    0.000000] psci: Using standard PSCI v0.2 function IDs
[    0.000000] psci: Trusted OS migration not required
[    0.000000] psci: SMC Calling Convention v1.0
[    0.000000] percpu: Embedded 33 pages/cpu s96984 r8192 d29992 u135168
[    0.000000] Detected PIPT I-cache on CPU0
[    0.000000] CPU features: detected: Spectre-v4
[    0.000000] CPU features: detected: Spectre-BHB
[    0.000000] CPU features: detected: Broken broadcast TLBI completion
[    0.000000] CPU features: detected: SSBS not fully self-synchronizing
[    0.000000] alternatives: applying boot alternatives
[    0.000000] Kernel command line: root=/dev/vda rw console=ttyAMA0 initrd=initrd
[    0.000000] Dentry cache hash table entries: 262144 (order: 9, 2097152 bytes, linear)
[    0.000000] Inode-cache hash table entries: 131072 (order: 8, 1048576 bytes, linear)
[    0.000000] Fallback order for Node 0: 0 
[    0.000000] Built 1 zonelists, mobility grouping on.  Total pages: 524288
[    0.000000] Policy zone: DMA
[    0.000000] mem auto-init: stack:all(zero), heap alloc:on, heap free:off
[    0.000000] software IO TLB: SWIOTLB bounce buffer size adjusted to 2MB
[    0.000000] software IO TLB: area num 2.
[    0.000000] software IO TLB: mapped [mem 0x00000000bf2b4000-0x00000000bf4b4000] (2MB)
[    0.000000] SLUB: HWalign=64, Order=0-3, MinObjects=0, CPUs=2, Nodes=1
[    0.000000] Dynamic Preempt: none
[    0.000000] rcu: Preemptible hierarchical RCU implementation.
[    0.000000] rcu: 	RCU restricting CPUs from NR_CPUS=4096 to nr_cpu_ids=2.
[    0.000000] 	Trampoline variant of Tasks RCU enabled.
[    0.000000] 	Tracing variant of Tasks RCU enabled.
[    0.000000] rcu: RCU calculated value of scheduler-enlistment delay is 10 jiffies.
[    0.000000] rcu: Adjusting geometry for rcu_fanout_leaf=16, nr_cpu_ids=2
[    0.000000] RCU Tasks: Setting shift to 1 and lim to 1 rcu_task_cb_adjust=1 rcu_task_cpu_ids=2.
[    0.000000] RCU Tasks Trace: Setting shift to 1 and lim to 1 rcu_task_cb_adjust=1 rcu_task_cpu_ids=2.
[    0.000000] NR_IRQS: 64, nr_irqs: 64, preallocated irqs: 0
[    0.000000] Root IRQ handler: gic_handle_irq
[    0.000000] GICv2m: ACPI overriding V2M MSI_TYPER (base:80, num:64)
[    0.000000] GICv2m: range[mem 0x08020000-0x08020fff], SPI[80:143]
[    0.000000] rcu: srcu_init: Setting srcu_struct sizes based on contention.
[    0.000000] clocksource: jiffies: mask: 0xffffffff max_cycles: 0xffffffff, max_idle_ns: 19112604462750000 ns
[    0.000000] arch_timer: cp15 timer(s) running at 62.50MHz (virt).
[    0.000000] clocksource: arch_sys_counter: mask: 0x1ffffffffffffff max_cycles: 0x1cd42e208c, max_idle_ns: 881590405314 ns
[    0.000268] sched_clock: 57 bits at 63MHz, resolution 16ns, wraps every 4398046511096ns
[    0.028626] kfence: initialized - using 2097152 bytes for 255 objects at 0x(____ptrval____)-0x(____ptrval____)
[    0.051811] Console: colour dummy device 80x25
[    0.097567] ACPI: Core revision 20240827
[    0.115087] Calibrating delay loop (skipped), value calculated using timer frequency.. 125.00 BogoMIPS (lpj=625000)
[    0.115426] pid_max: default: 32768 minimum: 301
[    0.151145] LSM: initializing lsm=lockdown,capability,landlock
[    0.163131] landlock: Up and running.
[    0.175728] Mount-cache hash table entries: 4096 (order: 3, 32768 bytes, linear)
[    0.177681] Mountpoint-cache hash table entries: 4096 (order: 3, 32768 bytes, linear)
[    0.712839] rcu: Hierarchical SRCU implementation.
[    0.712981] rcu: 	Max phase no-delay instances is 1000.
[    0.723720] Timer migration: 1 hierarchy levels; 8 children per group; 1 crossnode level
[    0.747915] Remapping and enabling EFI services.
[    0.763984] smp: Bringing up secondary CPUs ...
[    0.780429] Detected PIPT I-cache on CPU1
[    0.783084] CPU1: Booted secondary processor 0x0000000001 [0x414fd0b1]
[    0.800681] smp: Brought up 1 node, 2 CPUs
[    0.800812] SMP: Total of 2 processors activated.
[    0.800900] CPU: All CPU(s) started at EL1
[    0.801422] CPU features: detected: 32-bit EL0 Support
[    0.801541] CPU features: detected: Data cache clean to the PoU not required for I/D coherence
[    0.801628] CPU features: detected: Common not Private translations
[    0.801638] CPU features: detected: CRC32 instructions
[    0.802076] CPU features: detected: RCpc load-acquire (LDAPR)
[    0.808736] CPU features: detected: LSE atomic instructions
[    0.808781] CPU features: detected: Privileged Access Never
[    0.808790] CPU features: detected: RAS Extension Support
[    0.808870] CPU features: detected: Speculative Store Bypassing Safe (SSBS)
[    0.849782] alternatives: applying system-wide alternatives
[    0.972150] CPU features: detected: Hardware dirty bit management on CPU0-1
[    1.224228] Memory: 2003132K/2097152K available (12608K kernel code, 1950K rwdata, 7812K rodata, 1920K init, 9305K bss, 89464K reserved, 0K cma-reserved)
[    1.757418] devtmpfs: initialized
[    1.817834] futex hash table entries: 512 (order: 3, 32768 bytes, linear)
[    1.823815] 24304 pages in range for non-PLT usage
[    1.823993] 515824 pages in range for PLT usage
[    1.839016] pinctrl core: initialized pinctrl subsystem
[    1.859720] SMBIOS 3.0.0 present.
[    1.860377] DMI: QEMU QEMU Virtual Machine, BIOS edk2-stable202408-prebuilt.qemu.org 08/13/2024
[    1.861111] DMI: Memory slots populated: 1/1
[    1.933065] NET: Registered PF_NETLINK/PF_ROUTE protocol family
[    1.958515] DMA: preallocated 256 KiB GFP_KERNEL pool for atomic allocations
[    1.960135] DMA: preallocated 256 KiB GFP_KERNEL|GFP_DMA pool for atomic allocations
[    1.961283] DMA: preallocated 256 KiB GFP_KERNEL|GFP_DMA32 pool for atomic allocations
[    1.962242] audit: initializing netlink subsys (disabled)
[    1.967773] audit: type=2000 audit(0.740:1): state=initialized audit_enabled=0 res=1
[    1.980361] thermal_sys: Registered thermal governor 'step_wise'
[    1.994602] cpuidle: using governor ladder
[    1.995711] cpuidle: using governor menu
[    2.000135] hw-breakpoint: found 6 breakpoint and 4 watchpoint registers.
[    2.006028] ASID allocator initialised with 65536 entries
[    2.008487] acpiphp: ACPI Hot Plug PCI Controller Driver version: 0.5
[    2.012503] Serial: AMBA PL011 UART driver
[    2.058217] HugeTLB: registered 1.00 GiB page size, pre-allocated 0 pages
[    2.058358] HugeTLB: 0 KiB vmemmap can be freed for a 1.00 GiB page
[    2.058537] HugeTLB: registered 32.0 MiB page size, pre-allocated 0 pages
[    2.058579] HugeTLB: 0 KiB vmemmap can be freed for a 32.0 MiB page
[    2.058596] HugeTLB: registered 2.00 MiB page size, pre-allocated 0 pages
[    2.058604] HugeTLB: 0 KiB vmemmap can be freed for a 2.00 MiB page
[    2.058617] HugeTLB: registered 64.0 KiB page size, pre-allocated 0 pages
[    2.058625] HugeTLB: 0 KiB vmemmap can be freed for a 64.0 KiB page
[    2.130711] ACPI: Added _OSI(Module Device)
[    2.130835] ACPI: Added _OSI(Processor Device)
[    2.130851] ACPI: Added _OSI(Processor Aggregator Device)
[    2.180594] ACPI: 1 ACPI AML tables successfully acquired and loaded
[    2.458211] ACPI: Interpreter enabled
[    2.458306] ACPI: Using GIC for interrupt routing
[    2.460280] ACPI: MCFG table detected, 1 entries
[    2.740259] ACPI: CPU0 has been hot-added
[    2.742414] ACPI: CPU1 has been hot-added
[    2.792533] ARMH0011:00: ttyAMA0 at MMIO 0x9000000 (irq = 12, base_baud = 0) is a SBSA
[    2.796045] printk: legacy console [ttyAMA0] enabled
[    3.055005] ACPI: PCI: Interrupt link L000 configured for IRQ 35
[    3.059629] ACPI: PCI: Interrupt link L001 configured for IRQ 36
[    3.060682] ACPI: PCI: Interrupt link L002 configured for IRQ 37
[    3.061190] ACPI: PCI: Interrupt link L003 configured for IRQ 38
[    3.063447] ACPI: PCI Root Bridge [PCI0] (domain 0000 [bus 00-ff])
[    3.067131] acpi PNP0A08:00: _OSC: OS supports [ExtendedConfig ASPM ClockPM Segments MSI HPX-Type3]
[    3.082377] acpi PNP0A08:00: _OSC: platform does not support [LTR]
[    3.084429] acpi PNP0A08:00: _OSC: OS now controls [PCIeHotplug PME PCIeCapability]
[    3.095847] acpi PNP0A08:00: ECAM area [mem 0x4010000000-0x401fffffff] reserved by PNP0C02:00
[    3.097696] acpi PNP0A08:00: ECAM at [mem 0x4010000000-0x401fffffff] for [bus 00-ff]
[    3.113661] ACPI: Remapped I/O 0x000000003eff0000 to [io  0x0000-0xffff window]
[    3.129688] PCI host bridge to bus 0000:00
[    3.131785] pci_bus 0000:00: root bus resource [mem 0x10000000-0x3efeffff window]
[    3.132347] pci_bus 0000:00: root bus resource [io  0x0000-0xffff window]
[    3.132746] pci_bus 0000:00: root bus resource [mem 0x8000000000-0xffffffffff window]
[    3.133403] pci_bus 0000:00: root bus resource [bus 00-ff]
[    3.168341] pci 0000:00:00.0: [1b36:0008] type 00 class 0x060000 conventional PCI endpoint
[    3.214154] pci 0000:00:01.0: [8086:100e] type 00 class 0x020000 conventional PCI endpoint
[    3.215140] pci 0000:00:01.0: BAR 0 [mem 0x10040000-0x1005ffff]
[    3.215819] pci 0000:00:01.0: BAR 1 [io  0x0080-0x00bf]
[    3.216602] pci 0000:00:01.0: ROM [mem 0xfffc0000-0xffffffff pref]
[    3.226105] pci 0000:00:02.0: [1af4:1001] type 00 class 0x010000 conventional PCI endpoint
[    3.227589] pci 0000:00:02.0: BAR 0 [io  0x0000-0x007f]
[    3.228440] pci 0000:00:02.0: BAR 1 [mem 0x10060000-0x10060fff]
[    3.229819] pci 0000:00:02.0: BAR 4 [mem 0x8000000000-0x8000003fff 64bit pref]
[    3.396705] pci 0000:00:01.0: ROM [mem 0x10000000-0x1003ffff pref]: assigned
[    3.398538] pci 0000:00:01.0: BAR 0 [mem 0x10040000-0x1005ffff]: assigned
[    3.399267] pci 0000:00:02.0: BAR 4 [mem 0x8000000000-0x8000003fff 64bit pref]: assigned
[    3.399981] pci 0000:00:02.0: BAR 1 [mem 0x10060000-0x10060fff]: assigned
[    3.400687] pci 0000:00:02.0: BAR 0 [io  0x1000-0x107f]: assigned
[    3.401089] pci 0000:00:01.0: BAR 1 [io  0x1080-0x10bf]: assigned
[    3.405316] pci_bus 0000:00: resource 4 [mem 0x10000000-0x3efeffff window]
[    3.406120] pci_bus 0000:00: resource 5 [io  0x0000-0xffff window]
[    3.406498] pci_bus 0000:00: resource 6 [mem 0x8000000000-0xffffffffff window]
[    3.497453] iommu: Default domain type: Translated
[    3.497940] iommu: DMA domain TLB invalidation policy: lazy mode
[    3.573601] efivars: Registered efivars operations
[    3.651411] clocksource: Switched to clocksource arch_sys_counter
[    3.725571] VFS: Disk quotas dquot_6.6.0
[    3.726431] VFS: Dquot-cache hash table entries: 512 (order 0, 4096 bytes)
[    3.735098] pnp: PnP ACPI init
[    3.743831] system 00:00: [mem 0x4010000000-0x401fffffff window] could not be reserved
[    3.745016] pnp: PnP ACPI: found 1 devices
[    3.876243] NET: Registered PF_INET protocol family
[    3.880032] IP idents hash table entries: 32768 (order: 6, 262144 bytes, linear)
[    4.064659] tcp_listen_portaddr_hash hash table entries: 1024 (order: 2, 16384 bytes, linear)
[    4.065755] Table-perturb hash table entries: 65536 (order: 6, 262144 bytes, linear)
[    4.066523] TCP established hash table entries: 16384 (order: 5, 131072 bytes, linear)
[    4.068015] TCP bind hash table entries: 16384 (order: 7, 524288 bytes, linear)
[    4.072884] TCP: Hash tables configured (established 16384 bind 16384)
[    4.079555] MPTCP token hash table entries: 2048 (order: 4, 49152 bytes, linear)
[    4.081288] UDP hash table entries: 1024 (order: 3, 32768 bytes, linear)
[    4.083814] UDP-Lite hash table entries: 1024 (order: 3, 32768 bytes, linear)
[    4.096818] NET: Registered PF_UNIX/PF_LOCAL protocol family
[    4.098775] NET: Registered PF_XDP protocol family
[    4.100054] PCI: CLS 0 bytes, default 64
[    4.111925] kvm [1]: HYP mode not available
[    4.141257] Initialise system trusted keyrings
[    4.158015] Unpacking initramfs...
[    4.160024] workingset: timestamp_bits=44 max_order=19 bucket_order=0
[    4.355486] Key type asymmetric registered
[    4.356337] Asymmetric key parser 'x509' registered
[    4.359285] Block layer SCSI generic (bsg) driver version 0.4 loaded (major 249)
[    4.378324] io scheduler mq-deadline registered
[    4.379141] io scheduler kyber registered
[    4.380972] io scheduler bfq registered
[    4.480580] ACPI: \_SB_.L002: Enabled at IRQ 37
[    4.483290] virtio-pci 0000:00:02.0: enabling device (0000 -> 0003)
[    4.501778] Serial: 8250/16550 driver, 4 ports, IRQ sharing enabled
[    4.562566] hv_vmbus: registering driver hyperv_keyboard
[    4.639976] rtc-efi rtc-efi.0: registered as rtc0
[    4.730111] rtc-efi rtc-efi.0: setting system clock to 2026-08-25T02:38:50 UTC (1787625530)
[    4.750954] NET: Registered PF_INET6 protocol family
[    4.784480] Segment Routing with IPv6
[    4.792783] In-situ OAM (IOAM) with IPv6
[    4.926491] registered taskstats version 1
[    4.933767] Loading compiled-in X.509 certificates
[    4.993101] Freeing initrd memory: 5268K
[    5.546786] Loaded X.509 cert 'alpinelinux.org: Alpine Linux kernel key: 87fa969a47f3e2a6aa35859eb932a17c95abcd82'
[    5.634604] Demotion targets for Node 0: null
[    5.643993] Key type .fscrypt registered
[    5.644339] Key type fscrypt-provisioning registered
[    5.726425] clk: Disabling unused clocks
[    5.727564] PM: genpd: Disabling unused power domains
[    5.862030] Freeing unused kernel memory: 1920K
[    5.865556] Run /init as init process
[    6.316147] Alpine Init 3.11.1-r0
Alpine Init 3.11.1-r0
[    6.331200] Loading boot drivers...
 * Loading boot drivers: [    6.449852] Loading boot drivers: ok.
ok.
SIMBOOT: kernel=6.12.103-0-virt
[    6.582450] Invalid ELF header magic: != ELF
[    6.660950] virtio_blk virtio0: 2/0/0 default/read/poll queues
[    6.708576] virtio_blk virtio0: [vda] 1411072 512-byte logical blocks (722 MB/689 MiB)
[    6.779261] Invalid ELF header magic: != ELF
[    6.815639] Invalid ELF header magic: != ELF
[    6.860160] Invalid ELF header magic: != ELF
[    6.898332] Invalid ELF header magic: != ELF
[    7.048852] Invalid ELF header magic: != ELF
[    7.444801] Invalid ELF header magic: != ELF
[    7.533712] e1000: Intel(R) PRO/1000 Network Driver
[    7.534189] e1000: Copyright (c) 1999-2006 Intel Corporation.
[    7.538608] ACPI: \_SB_.L001: Enabled at IRQ 36
[    7.539655] e1000 0000:00:01.0: enabling device (0000 -> 0003)
[    8.012997] e1000 0000:00:01.0 eth0: (PCI:33MHz:32-bit) 52:54:00:12:34:56
[    8.014775] e1000 0000:00:01.0 eth0: Intel(R) PRO/1000 Network Connection
Module                  Size  Used by    Not tainted
e1000                 163840  0 
ext4                  929792  0 
jbd2                  172032  1 ext4
mbcache                20480  1 ext4
crc32c_generic         12288  0 
crc16                  12288  1 ext4
virtio_blk             24576  0 
[    9.234177] EXT4-fs (vda): mounted filesystem 1799a7eb-09df-4b80-8c57-0424de58e445 r/w with ordered data mode. Quota mode: none.
SIMBOOT: root mounted rw, running real mfp.afx with binder stub
[   17.076863] e1000: eth0 NIC Link is Up 1000 Mbps Full Duplex, Flow Control: RX
MFP_PID=442
[   22.491923] random: crng init done
--- GDB PATCH ---
[Thread debugging using libthread_db enabled]
Using host libthread_db library "/lib64/libthread_db.so.1".
0x0000ffff88371ae0 in clock_nanosleep () from /lib64/libc.so.6
$1 = 0x0
$2 = 0x0
$3 = 0x0
$4 = 0x0
[Inferior 1 (process 442) detached]
--- CHECK ALIVE ---
195
--- NET GLOBALS ---
 00000001
--- LISTEN ---
  sl  local_address rem_address   st tx_queue rx_queue tr tm->when retrnsmt   uid  timeout inode                                                     
--- UNIX SOCK COUNT ---
48
--- SOCK FDS ---
lrwx------ 1 root root 64 Aug 25 02:40 23 -> socket:[54455]
lrwx------ 1 root root 64 Aug 25 02:40 25 -> socket:[54453]
lrwx------ 1 root root 64 Aug 25 02:40 26 -> socket:[54454]
lrwx------ 1 root root 64 Aug 25 02:40 27 -> socket:[54456]
lrwx------ 1 root root 64 Aug 25 02:40 29 -> socket:[62366]
lrwx------ 1 root root 64 Aug 25 02:40 30 -> socket:[54457]
lrwx------ 1 root root 64 Aug 25 02:40 31 -> socket:[54458]
lrwx------ 1 root root 64 Aug 25 02:40 33 -> socket:[62076]
lrwx------ 1 root root 64 Aug 25 02:40 34 -> socket:[62077]
lrwx------ 1 root root 64 Aug 25 02:40 35 -> socket:[62367]
lrwx------ 1 root root 64 Aug 25 02:40 37 -> socket:[62407]
lrwx------ 1 root root 64 Aug 25 02:40 38 -> socket:[62408]
lrwx------ 1 root root 64 Aug 25 02:40 39 -> socket:[63042]
lrwx------ 1 root root 64 Aug 25 02:40 40 -> socket:[62459]
lrwx------ 1 root root 64 Aug 25 02:40 41 -> socket:[62460]
lrwx------ 1 root root 64 Aug 25 02:40 42 -> socket:[62461]
lrwx------ 1 root root 64 Aug 25 02:40 43 -> socket:[62462]
lrwx------ 1 root root 64 Aug 25 02:40 44 -> socket:[63767]
lrwx------ 1 root root 64 Aug 25 02:40 45 -> socket:[63768]
lrwx------ 1 root root 64 Aug 25 02:40 46 -> socket:[63769]
lrwx------ 1 root root 64 Aug 25 02:40 47 -> socket:[63770]
lrwx------ 1 root root 64 Aug 25 02:40 48 -> socket:[63800]
lrwx------ 1 root root 64 Aug 25 02:40 49 -> socket:[63801]
lrwx------ 1 root root 64 Aug 25 02:40 50 -> socket:[66593]
lrwx------ 1 root root 64 Aug 25 02:40 51 -> socket:[66594]
--- BT DUMP ---
[  148.142762] hrtimer: interrupt took 38969488 ns
BT_LINES=1358
#0  0x0000ffff88de132c in binder_parse (bs=0x141cf9f0, bio=0x0, ptr=0xffff1ffdb0d8, size=0, func=0xffff88de175c <loop_handler>) at lib/cbinder/cbinder.c:507
#1  0x0000ffff88de19e8 in binder_thr (arg=0x141ceb40) at lib/cbinder/cbinder.c:699
#0  binder_thr (arg=0x141ce270) at lib/cbinder/cbinder.c:694
#3  0x0000ffff88de7be0 in pi_sem_wait_ent (sem=0xffff88dfcb30 <s_semaphore_pool+944>, caller=0x809980 <__func__.9> "port913x_handler_thread") at osal/pol/pol_threads/pol_semaphore.c:89
#3  0x0000ffff88de7be0 in pi_sem_wait_ent (sem=0xffff88dfcb28 <s_semaphore_pool+936>, caller=0x80d860 <__func__.10> "lpd_dispatch_thread") at osal/pol/pol_threads/pol_semaphore.c:89
#0  0x0000ffff88de132c in binder_parse (bs=0x1413a490, bio=0x0, ptr=0xffff22bd50d8, size=0, func=0xffff88de175c <loop_handler>) at lib/cbinder/cbinder.c:507
#1  0x0000ffff88de19e8 in binder_thr (arg=0x14176640) at lib/cbinder/cbinder.c:699
#3  0x0000ffff88de7be0 in pi_sem_wait_ent (sem=0xffff88dfcb10 <s_semaphore_pool+912>, caller=0x7fa8d0 <__func__.10> "netdata_thread") at osal/pol/pol_threads/pol_semaphore.c:89
#0  binder_parse (bs=0x1413a520, bio=0x0, ptr=0xffff26c130d8, size=0, func=0xffff88de175c <loop_handler>) at lib/cbinder/cbinder.c:404
#1  0x0000ffff88de19e8 in binder_thr (arg=0x14153fe0) at lib/cbinder/cbinder.c:699
#0  binder_parse (bs=0x1413a010, bio=0x0, ptr=0xffff279c10d8, size=0, func=0xffff88de175c <loop_handler>) at lib/cbinder/cbinder.c:404
#1  0x0000ffff88de19e8 in binder_thr (arg=0x1413a0a0) at lib/cbinder/cbinder.c:699
#1  0x0000ffff88de1964 in binder_thr (arg=0x14139c80) at lib/cbinder/cbinder.c:691
#0  binder_parse (bs=0x140a87d0, bio=0x0, ptr=0xffff29a9d0d8, size=0, func=0xffff88de175c <loop_handler>) at lib/cbinder/cbinder.c:394
#1  0x0000ffff88de19e8 in binder_thr (arg=0x14091020) at lib/cbinder/cbinder.c:699
#0  0x0000ffff88de0060 in binder_parse@plt () from /lib64/libosal.so
#1  0x0000ffff88de19e8 in binder_thr (arg=0xffff48000c00) at lib/cbinder/cbinder.c:699
#0  binder_parse (bs=0x1407dbc0, bio=0x0, ptr=0xffff518c60d8, size=0, func=0xffff88de175c <loop_handler>) at lib/cbinder/cbinder.c:394
#1  0x0000ffff88de19e8 in binder_thr (arg=0x1406c630) at lib/cbinder/cbinder.c:699
#0  0x0000ffff88de0060 in binder_parse@plt () from /lib64/libosal.so
#1  0x0000ffff88de19e8 in binder_thr (arg=0x1406bc90) at lib/cbinder/cbinder.c:699
#0  binder_thr (arg=0x14065ed0) at lib/cbinder/cbinder.c:704
#0  binder_parse (bs=0x1405a990, bio=0x0, ptr=0xffff54d640d8, size=0, func=0xffff88de175c <loop_handler>) at lib/cbinder/cbinder.c:404
#1  0x0000ffff88de19e8 in binder_thr (arg=0x14065f10) at lib/cbinder/cbinder.c:699
#0  binder_thr (arg=0x140678d0) at lib/cbinder/cbinder.c:678
#0  0x0000ffff88de19e8 in binder_thr (arg=0x14067210) at lib/cbinder/cbinder.c:699
#0  binder_thr (arg=0x1405adb0) at lib/cbinder/cbinder.c:691
#0  binder_parse (bs=0x140670e0, bio=0x0, ptr=0xffff6c5e00d8, size=0, func=0xffff88de175c <loop_handler>) at lib/cbinder/cbinder.c:394
#1  0x0000ffff88de19e8 in binder_thr (arg=0x1405aad0) at lib/cbinder/cbinder.c:699
#0  binder_thr (arg=0x1405c510) at lib/cbinder/cbinder.c:691
--- MFP LOG NET ---
--- FINAL ALIVE ---
196
--- FINAL LISTEN ---
  sl  local_address rem_address   st tx_queue rx_queue tr tm->when retrnsmt   uid  timeout inode                                                     
done
SIMBOOT: mfp run finished, keeping shell
/bin/sh: can't access tty; job control turned off
~ # [6n