UEFI firmware (version edk2-stable202408-prebuilt.qemu.org built at 16:28:50 on Sep 12 2024)
ArmTrngLib could not be correctly initialized.
Error: Image at 0013FDB6000 start failed: 00000001
Error: Image at 0013FD6D000 start failed: Not Found
Error: Image at 0013FCBA000 start failed: Unsupported
Error: Image at 0013FB5E000 start failed: Aborted
Tpm2SubmitCommand - Tcg2 - Not Found
Tpm2GetCapabilityPcrs fail!
Tpm2SubmitCommand - Tcg2 - Not Found
Image type X64 can't be loaded on AARCH64 UEFI system.
[2J[01;01H[=3h[2J[01;01H[2J[01;01H[=3h[2J[01;01HEFI stub: Decompressing Linux Kernel...
EFI stub: Loaded initrd from LINUX_EFI_INITRD_MEDIA_GUID device path
EFI stub: Generating empty DTB
EFI stub: Exiting boot services...
[    0.000000] Booting Linux on physical CPU 0x0000000000 [0x414fd0b1]
[    0.000000] Linux version 6.12.103-0-virt (buildozer@build-3-21-aarch64) (gcc (Alpine 14.2.0) 14.2.0, GNU ld (GNU Binutils) 2.43.1) #1-Alpine SMP PREEMPT_DYNAMIC 2026-08-10 14:25:03
[    0.000000] efi: EFI v2.7 by EDK II
[    0.000000] efi: SMBIOS 3.0=0x13fed0000 MEMATTR=0x13e176018 ACPI 2.0=0x13cb43018 INITRD=0x13cb40f18 MEMRESERVE=0x13cb40f98 
[    0.000000] ACPI: Early table checksum verification disabled
[    0.000000] ACPI: RSDP 0x000000013CB43018 000024 (v02 BOCHS )
[    0.000000] ACPI: XSDT 0x000000013CB43F18 000064 (v01 BOCHS  BXPC     00000001      01000013)
[    0.000000] ACPI: FACP 0x000000013CB43B18 000114 (v06 BOCHS  BXPC     00000001 BXPC 00000001)
[    0.000000] ACPI: DSDT 0x000000013CB41018 001506 (v02 BOCHS  BXPC     00000001 BXPC 00000001)
[    0.000000] ACPI: APIC 0x000000013CB43C98 0000FC (v04 BOCHS  BXPC     00000001 BXPC 00000001)
[    0.000000] ACPI: PPTT 0x000000013CB43E18 000074 (v02 BOCHS  BXPC     00000001 BXPC 00000001)
[    0.000000] ACPI: GTDT 0x000000013CB43098 000068 (v03 BOCHS  BXPC     00000001 BXPC 00000001)
[    0.000000] ACPI: MCFG 0x000000013CB43A98 00003C (v01 BOCHS  BXPC     00000001 BXPC 00000001)
[    0.000000] ACPI: SPCR 0x000000013CB43818 000050 (v02 BOCHS  BXPC     00000001 BXPC 00000001)
[    0.000000] ACPI: DBG2 0x000000013CB43A18 000057 (v00 BOCHS  BXPC     00000001 BXPC 00000001)
[    0.000000] ACPI: IORT 0x000000013CB43898 000054 (v05 BOCHS  BXPC     00000001 BXPC 00000001)
[    0.000000] ACPI: SPCR: console: pl011,mmio32,0x9000000,9600
[    0.000000] ACPI: Use ACPI SPCR as default console: Yes
[    0.000000] NUMA: Faking a node at [mem 0x0000000040000000-0x000000013fffffff]
[    0.000000] NODE_DATA(0) allocated [mem 0x13f453b80-0x13f455fff]
[    0.000000] Zone ranges:
[    0.000000]   DMA      [mem 0x0000000040000000-0x00000000ffffffff]
[    0.000000]   DMA32    empty
[    0.000000]   Normal   [mem 0x0000000100000000-0x000000013fffffff]
[    0.000000] Movable zone start for each node
[    0.000000] Early memory node ranges
[    0.000000]   node   0: [mem 0x0000000040000000-0x000000013c76ffff]
[    0.000000]   node   0: [mem 0x000000013c770000-0x000000013cb3ffff]
[    0.000000]   node   0: [mem 0x000000013cb40000-0x000000013fe1ffff]
[    0.000000]   node   0: [mem 0x000000013fe20000-0x000000013feaffff]
[    0.000000]   node   0: [mem 0x000000013feb0000-0x000000013febffff]
[    0.000000]   node   0: [mem 0x000000013fec0000-0x000000013ffdffff]
[    0.000000]   node   0: [mem 0x000000013ffe0000-0x000000013fffffff]
[    0.000000] Initmem setup node 0 [mem 0x0000000040000000-0x000000013fffffff]
[    0.000000] psci: probing for conduit method from ACPI.
[    0.000000] psci: PSCIv1.1 detected in firmware.
[    0.000000] psci: Using standard PSCI v0.2 function IDs
[    0.000000] psci: Trusted OS migration not required
[    0.000000] psci: SMC Calling Convention v1.0
[    0.000000] percpu: Embedded 33 pages/cpu s96984 r8192 d29992 u135168
[    0.000000] Detected PIPT I-cache on CPU0
[    0.000000] CPU features: detected: Spectre-v4
[    0.000000] CPU features: detected: Spectre-BHB
[    0.000000] CPU features: detected: Broken broadcast TLBI completion
[    0.000000] CPU features: detected: SSBS not fully self-synchronizing
[    0.000000] alternatives: applying boot alternatives
[    0.000000] Kernel command line: root=/dev/vda rw console=ttyAMA0 initrd=initrd
[    0.000000] Dentry cache hash table entries: 524288 (order: 10, 4194304 bytes, linear)
[    0.000000] Inode-cache hash table entries: 262144 (order: 9, 2097152 bytes, linear)
[    0.000000] Fallback order for Node 0: 0 
[    0.000000] Built 1 zonelists, mobility grouping on.  Total pages: 1048576
[    0.000000] Policy zone: Normal
[    0.000000] mem auto-init: stack:all(zero), heap alloc:on, heap free:off
[    0.000000] software IO TLB: area num 2.
[    0.000000] software IO TLB: mapped [mem 0x00000000fbfff000-0x00000000fffff000] (64MB)
[    0.000000] SLUB: HWalign=64, Order=0-3, MinObjects=0, CPUs=2, Nodes=1
[    0.000000] Dynamic Preempt: none
[    0.000000] rcu: Preemptible hierarchical RCU implementation.
[    0.000000] rcu: 	RCU restricting CPUs from NR_CPUS=4096 to nr_cpu_ids=2.
[    0.000000] 	Trampoline variant of Tasks RCU enabled.
[    0.000000] 	Tracing variant of Tasks RCU enabled.
[    0.000000] rcu: RCU calculated value of scheduler-enlistment delay is 10 jiffies.
[    0.000000] rcu: Adjusting geometry for rcu_fanout_leaf=16, nr_cpu_ids=2
[    0.000000] RCU Tasks: Setting shift to 1 and lim to 1 rcu_task_cb_adjust=1 rcu_task_cpu_ids=2.
[    0.000000] RCU Tasks Trace: Setting shift to 1 and lim to 1 rcu_task_cb_adjust=1 rcu_task_cpu_ids=2.
[    0.000000] NR_IRQS: 64, nr_irqs: 64, preallocated irqs: 0
[    0.000000] Root IRQ handler: gic_handle_irq
[    0.000000] GICv2m: ACPI overriding V2M MSI_TYPER (base:80, num:64)
[    0.000000] GICv2m: range[mem 0x08020000-0x08020fff], SPI[80:143]
[    0.000000] rcu: srcu_init: Setting srcu_struct sizes based on contention.
[    0.000000] clocksource: jiffies: mask: 0xffffffff max_cycles: 0xffffffff, max_idle_ns: 19112604462750000 ns
[    0.000000] arch_timer: cp15 timer(s) running at 62.50MHz (virt).
[    0.000000] clocksource: arch_sys_counter: mask: 0x1ffffffffffffff max_cycles: 0x1cd42e208c, max_idle_ns: 881590405314 ns
[    0.000156] sched_clock: 57 bits at 63MHz, resolution 16ns, wraps every 4398046511096ns
[    0.024829] kfence: initialized - using 2097152 bytes for 255 objects at 0x(____ptrval____)-0x(____ptrval____)
[    0.081342] Console: colour dummy device 80x25
[    0.108088] ACPI: Core revision 20240827
[    0.178463] Calibrating delay loop (skipped), value calculated using timer frequency.. 125.00 BogoMIPS (lpj=625000)
[    0.178770] pid_max: default: 32768 minimum: 301
[    0.274854] LSM: initializing lsm=lockdown,capability,landlock
[    0.313968] landlock: Up and running.
[    0.382083] Mount-cache hash table entries: 8192 (order: 4, 65536 bytes, linear)
[    0.382350] Mountpoint-cache hash table entries: 8192 (order: 4, 65536 bytes, linear)
[    0.838103] rcu: Hierarchical SRCU implementation.
[    0.838284] rcu: 	Max phase no-delay instances is 1000.
[    0.844055] Timer migration: 1 hierarchy levels; 8 children per group; 1 crossnode level
[    0.860210] Remapping and enabling EFI services.
[    0.876615] smp: Bringing up secondary CPUs ...
[    0.891986] Detected PIPT I-cache on CPU1
[    0.894527] CPU1: Booted secondary processor 0x0000000001 [0x414fd0b1]
[    0.907015] smp: Brought up 1 node, 2 CPUs
[    0.907138] SMP: Total of 2 processors activated.
[    0.907243] CPU: All CPU(s) started at EL1
[    0.907753] CPU features: detected: 32-bit EL0 Support
[    0.907898] CPU features: detected: Data cache clean to the PoU not required for I/D coherence
[    0.908000] CPU features: detected: Common not Private translations
[    0.908016] CPU features: detected: CRC32 instructions
[    0.908490] CPU features: detected: RCpc load-acquire (LDAPR)
[    0.908581] CPU features: detected: LSE atomic instructions
[    0.908605] CPU features: detected: Privileged Access Never
[    0.908616] CPU features: detected: RAS Extension Support
[    0.908703] CPU features: detected: Speculative Store Bypassing Safe (SSBS)
[    0.940193] alternatives: applying system-wide alternatives
[    0.986992] CPU features: detected: Hardware dirty bit management on CPU0-1
[    1.044192] Memory: 3995976K/4194304K available (12608K kernel code, 1950K rwdata, 7812K rodata, 1920K init, 9305K bss, 193644K reserved, 0K cma-reserved)
[    1.155640] devtmpfs: initialized
[    1.195962] futex hash table entries: 512 (order: 3, 32768 bytes, linear)
[    1.196969] 24304 pages in range for non-PLT usage
[    1.197058] 515824 pages in range for PLT usage
[    1.207121] pinctrl core: initialized pinctrl subsystem
[    1.222202] SMBIOS 3.0.0 present.
[    1.222944] DMI: QEMU QEMU Virtual Machine, BIOS edk2-stable202408-prebuilt.qemu.org 08/13/2024
[    1.223664] DMI: Memory slots populated: 1/1
[    1.262536] NET: Registered PF_NETLINK/PF_ROUTE protocol family
[    1.274454] DMA: preallocated 512 KiB GFP_KERNEL pool for atomic allocations
[    1.275590] DMA: preallocated 512 KiB GFP_KERNEL|GFP_DMA pool for atomic allocations
[    1.276354] DMA: preallocated 512 KiB GFP_KERNEL|GFP_DMA32 pool for atomic allocations
[    1.276888] audit: initializing netlink subsys (disabled)
[    1.280659] audit: type=2000 audit(0.560:1): state=initialized audit_enabled=0 res=1
[    1.291851] thermal_sys: Registered thermal governor 'step_wise'
[    1.295475] cpuidle: using governor ladder
[    1.296040] cpuidle: using governor menu
[    1.302827] hw-breakpoint: found 6 breakpoint and 4 watchpoint registers.
[    1.304149] ASID allocator initialised with 65536 entries
[    1.305225] acpiphp: ACPI Hot Plug PCI Controller Driver version: 0.5
[    1.307068] Serial: AMBA PL011 UART driver
[    1.333694] HugeTLB: registered 1.00 GiB page size, pre-allocated 0 pages
[    1.333745] HugeTLB: 0 KiB vmemmap can be freed for a 1.00 GiB page
[    1.333839] HugeTLB: registered 32.0 MiB page size, pre-allocated 0 pages
[    1.333850] HugeTLB: 0 KiB vmemmap can be freed for a 32.0 MiB page
[    1.333862] HugeTLB: registered 2.00 MiB page size, pre-allocated 0 pages
[    1.336666] HugeTLB: 0 KiB vmemmap can be freed for a 2.00 MiB page
[    1.336740] HugeTLB: registered 64.0 KiB page size, pre-allocated 0 pages
[    1.336752] HugeTLB: 0 KiB vmemmap can be freed for a 64.0 KiB page
[    1.410008] ACPI: Added _OSI(Module Device)
[    1.410064] ACPI: Added _OSI(Processor Device)
[    1.410074] ACPI: Added _OSI(Processor Aggregator Device)
[    1.606595] ACPI: 1 ACPI AML tables successfully acquired and loaded
[    1.659834] ACPI: Interpreter enabled
[    1.659920] ACPI: Using GIC for interrupt routing
[    1.660979] ACPI: MCFG table detected, 1 entries
[    1.774832] ACPI: CPU0 has been hot-added
[    1.776900] ACPI: CPU1 has been hot-added
[    1.823601] ARMH0011:00: ttyAMA0 at MMIO 0x9000000 (irq = 12, base_baud = 0) is a SBSA
[    1.826690] printk: legacy console [ttyAMA0] enabled
[    1.998545] ACPI: PCI: Interrupt link L000 configured for IRQ 35
[    1.999426] ACPI: PCI: Interrupt link L001 configured for IRQ 36
[    1.999920] ACPI: PCI: Interrupt link L002 configured for IRQ 37
[    2.004680] ACPI: PCI: Interrupt link L003 configured for IRQ 38
[    2.006243] ACPI: PCI Root Bridge [PCI0] (domain 0000 [bus 00-ff])
[    2.011506] acpi PNP0A08:00: _OSC: OS supports [ExtendedConfig ASPM ClockPM Segments MSI HPX-Type3]
[    2.027566] acpi PNP0A08:00: _OSC: platform does not support [LTR]
[    2.030624] acpi PNP0A08:00: _OSC: OS now controls [PCIeHotplug PME PCIeCapability]
[    2.042964] acpi PNP0A08:00: ECAM area [mem 0x4010000000-0x401fffffff] reserved by PNP0C02:00
[    2.044612] acpi PNP0A08:00: ECAM at [mem 0x4010000000-0x401fffffff] for [bus 00-ff]
[    2.046925] ACPI: Remapped I/O 0x000000003eff0000 to [io  0x0000-0xffff window]
[    2.067194] PCI host bridge to bus 0000:00
[    2.071374] pci_bus 0000:00: root bus resource [mem 0x10000000-0x3efeffff window]
[    2.072261] pci_bus 0000:00: root bus resource [io  0x0000-0xffff window]
[    2.073453] pci_bus 0000:00: root bus resource [mem 0x8000000000-0xffffffffff window]
[    2.074749] pci_bus 0000:00: root bus resource [bus 00-ff]
[    2.079700] pci 0000:00:00.0: [1b36:0008] type 00 class 0x060000 conventional PCI endpoint
[    2.097761] pci 0000:00:01.0: [8086:100e] type 00 class 0x020000 conventional PCI endpoint
[    2.098780] pci 0000:00:01.0: BAR 0 [mem 0x10040000-0x1005ffff]
[    2.099325] pci 0000:00:01.0: BAR 1 [io  0x0080-0x00bf]
[    2.099793] pci 0000:00:01.0: ROM [mem 0xfffc0000-0xffffffff pref]
[    2.105216] pci 0000:00:02.0: [1af4:1001] type 00 class 0x010000 conventional PCI endpoint
[    2.105864] pci 0000:00:02.0: BAR 0 [io  0x0000-0x007f]
[    2.106191] pci 0000:00:02.0: BAR 1 [mem 0x10060000-0x10060fff]
[    2.106884] pci 0000:00:02.0: BAR 4 [mem 0x8000000000-0x8000003fff 64bit pref]
[    2.112705] pci 0000:00:01.0: ROM [mem 0x10000000-0x1003ffff pref]: assigned
[    2.113612] pci 0000:00:01.0: BAR 0 [mem 0x10040000-0x1005ffff]: assigned
[    2.114396] pci 0000:00:02.0: BAR 4 [mem 0x8000000000-0x8000003fff 64bit pref]: assigned
[    2.115175] pci 0000:00:02.0: BAR 1 [mem 0x10060000-0x10060fff]: assigned
[    2.115666] pci 0000:00:02.0: BAR 0 [io  0x1000-0x107f]: assigned
[    2.116199] pci 0000:00:01.0: BAR 1 [io  0x1080-0x10bf]: assigned
[    2.117159] pci_bus 0000:00: resource 4 [mem 0x10000000-0x3efeffff window]
[    2.121125] pci_bus 0000:00: resource 5 [io  0x0000-0xffff window]
[    2.121517] pci_bus 0000:00: resource 6 [mem 0x8000000000-0xffffffffff window]
[    2.131398] iommu: Default domain type: Translated
[    2.131865] iommu: DMA domain TLB invalidation policy: lazy mode
[    2.153833] efivars: Registered efivars operations
[    2.197024] clocksource: Switched to clocksource arch_sys_counter
[    2.256508] VFS: Disk quotas dquot_6.6.0
[    2.257445] VFS: Dquot-cache hash table entries: 512 (order 0, 4096 bytes)
[    2.271780] pnp: PnP ACPI init
[    2.278630] system 00:00: [mem 0x4010000000-0x401fffffff window] could not be reserved
[    2.280024] pnp: PnP ACPI: found 1 devices
[    2.383618] NET: Registered PF_INET protocol family
[    2.389414] IP idents hash table entries: 65536 (order: 7, 524288 bytes, linear)
[    2.544531] tcp_listen_portaddr_hash hash table entries: 2048 (order: 3, 32768 bytes, linear)
[    2.554605] Table-perturb hash table entries: 65536 (order: 6, 262144 bytes, linear)
[    2.556162] TCP established hash table entries: 32768 (order: 6, 262144 bytes, linear)
[    2.559393] TCP bind hash table entries: 32768 (order: 8, 1048576 bytes, linear)
[    2.561810] TCP: Hash tables configured (established 32768 bind 32768)
[    2.571323] MPTCP token hash table entries: 4096 (order: 5, 98304 bytes, linear)
[    2.573192] UDP hash table entries: 2048 (order: 4, 65536 bytes, linear)
[    2.574498] UDP-Lite hash table entries: 2048 (order: 4, 65536 bytes, linear)
[    2.580585] NET: Registered PF_UNIX/PF_LOCAL protocol family
[    2.582803] NET: Registered PF_XDP protocol family
[    2.587973] PCI: CLS 0 bytes, default 64
[    2.595483] kvm [1]: HYP mode not available
[    2.606107] Unpacking initramfs...
[    2.609123] Initialise system trusted keyrings
[    2.628342] workingset: timestamp_bits=44 max_order=20 bucket_order=0
[    2.826845] Key type asymmetric registered
[    2.827704] Asymmetric key parser 'x509' registered
[    2.830790] Block layer SCSI generic (bsg) driver version 0.4 loaded (major 249)
[    2.839053] io scheduler mq-deadline registered
[    2.839700] io scheduler kyber registered
[    2.840766] io scheduler bfq registered
[    2.908683] ACPI: \_SB_.L002: Enabled at IRQ 37
[    2.911087] virtio-pci 0000:00:02.0: enabling device (0000 -> 0003)
[    2.941717] Serial: 8250/16550 driver, 4 ports, IRQ sharing enabled
[    2.997364] hv_vmbus: registering driver hyperv_keyboard
[    3.030909] rtc-efi rtc-efi.0: registered as rtc0
[    3.039763] rtc-efi rtc-efi.0: setting system clock to 2026-09-17T08:14:46 UTC (1789632886)
[    3.058568] NET: Registered PF_INET6 protocol family
[    3.113549] Segment Routing with IPv6
[    3.114488] In-situ OAM (IOAM) with IPv6
[    3.221639] registered taskstats version 1
[    3.232962] Loading compiled-in X.509 certificates
[    3.342115] Freeing initrd memory: 5268K
[    3.779378] Loaded X.509 cert 'alpinelinux.org: Alpine Linux kernel key: 87fa969a47f3e2a6aa35859eb932a17c95abcd82'
[    3.841891] Demotion targets for Node 0: null
[    3.845881] Key type .fscrypt registered
[    3.846313] Key type fscrypt-provisioning registered
[    3.925112] clk: Disabling unused clocks
[    3.929400] PM: genpd: Disabling unused power domains
[    4.099086] Freeing unused kernel memory: 1920K
[    4.104466] Run /init as init process
[    4.513271] Alpine Init 3.11.1-r0
Alpine Init 3.11.1-r0
[    4.528397] Loading boot drivers...
 * Loading boot drivers: [    4.744985] Loading boot drivers: ok.
ok.
SIMBOOT: kernel=6.12.103-0-virt
[    5.365158] Invalid ELF header magic: != ELF
[    5.602676] virtio_blk virtio0: 2/0/0 default/read/poll queues
[    5.681183] virtio_blk virtio0: [vda] 1411072 512-byte logical blocks (722 MB/689 MiB)
[    5.994841] Invalid ELF header magic: != ELF
[    6.091993] Invalid ELF header magic: != ELF
[    6.157840] Invalid ELF header magic: != ELF
[    6.198355] Invalid ELF header magic: != ELF
[    6.372237] Invalid ELF header magic: != ELF
[    7.493043] Invalid ELF header magic: != ELF
[    7.680714] e1000: Intel(R) PRO/1000 Network Driver
[    7.681618] e1000: Copyright (c) 1999-2006 Intel Corporation.
[    7.689538] ACPI: \_SB_.L001: Enabled at IRQ 36
[    7.690758] e1000 0000:00:01.0: enabling device (0000 -> 0003)
[    8.491055] e1000 0000:00:01.0 eth0: (PCI:33MHz:32-bit) 52:54:00:12:34:56
[    8.492586] e1000 0000:00:01.0 eth0: Intel(R) PRO/1000 Network Connection
Module                  Size  Used by    Not tainted
e1000                 163840  0 
ext4                  929792  0 
jbd2                  172032  1 ext4
mbcache                20480  1 ext4
crc32c_generic         12288  0 
crc16                  12288  1 ext4
virtio_blk             24576  0 
[    9.742477] EXT4-fs (vda): mounted filesystem 1799a7eb-09df-4b80-8c57-0424de58e445 r/w with ordered data mode. Quota mode: none.
SIMBOOT: baked netdata_get_lpd_switch->mov w0,#1;ret
SIMBOOT: root mounted rw, running real mfp.afx with binder stub
[   23.031360] e1000: eth0 NIC Link is Up 1000 Mbps Full Duplex, Flow Control: RX
=== VHAL: fetch toolchain ===
VHAL_WGET_TC_RC=0
-rw-r--r-- 1 root root 239206400 Sep 17 08:15 /tmp/musl-native.tar
VHAL_WGET_SRC_RC=0
-rw-r--r-- 1 root root 13902 Sep 17 08:15 /tmp/virtual_hal.c
=== VHAL: extract ===
VHAL_TAR_RC=0
-rwxr-xr-x 3 1000 1000 1428240 Nov 22  2021 /tmp/aarch64-linux-musl-native/bin/aarch64-linux-musl-gcc
=== VHAL: compile ===
VHAL_GCC_RC=0
-rwxr-xr-x 1 root root 17056 Sep 17 08:15 /lib/virtual_hal.so
=== VHAL: done ===
SIMBOOT_PREP_DONE
MFP_PID=484
[   87.475506] random: crng init done
POLL 5: N=11
POLL 10: N=22
--- GDBPATCH @POLL11 (N=44) try=1 ---
[Thread debugging using libthread_db enabled]
Using host libthread_db library "/lib64/libthread_db.so.1".
0x0000ffff8b321ae0 in clock_nanosleep () from /lib64/libc.so.6
B4: 5c=0 7c=0 80=0 82=0
AF: 5c=1 7c=1 80=1 82=1
[Inferior 1 (process 484) detached]
--- GDBPATCH @POLL12 (N=62) try=2 ---
[Thread debugging using libthread_db enabled]
Using host libthread_db library "/lib64/libthread_db.so.1".
0x0000ffff8b321ae0 in clock_nanosleep () from /lib64/libc.so.6
B4: 5c=0 7c=0 80=0 82=0
AF: 5c=1 7c=1 80=1 82=1
[Inferior 1 (process 484) detached]
POLL 13: passed print_info_status_init (N=116)
LPD_OWNED fd=36 ino=56281 decport=50699
LPD_SOCK_READY k=1
SIMBOOT_LPD_PORT=50699
SIMBOOT_LPD_PORTS=C60B
TRACE1 GDB STARTED pid=937
READY FOR INJECT
--- TRACE1 AFTER INJECT ---
202 /tmp/gdbtrace.out
[New LWP 673]
[New LWP 674]
[New LWP 675]
[New LWP 676]
[New LWP 677]
[New LWP 689]
[New LWP 690]
[New LWP 691]
[New LWP 692]
[New LWP 693]
[New LWP 694]
[New LWP 695]
[New LWP 696]
[New LWP 697]
[New LWP 699]
[New LWP 700]
[New LWP 701]
[New LWP 703]
[New LWP 704]
[New LWP 705]
[New LWP 706]
[New LWP 707]
[New LWP 708]
[New LWP 709]
[New LWP 710]
[New LWP 711]
[New LWP 712]
[New LWP 713]
[New LWP 714]
[New LWP 715]
[New LWP 716]
[New LWP 717]
[New LWP 718]
[New LWP 719]
[New LWP 720]
[New LWP 721]
[New LWP 722]
[New LWP 723]
[New LWP 724]
[New LWP 725]
[New LWP 726]
[New LWP 727]
[New LWP 728]
[New LWP 729]
[New LWP 730]
[New LWP 731]
[New LWP 732]
[New LWP 733]
[New LWP 734]
[New LWP 735]
[New LWP 736]
[New LWP 739]
[New LWP 740]
[New LWP 743]
[New LWP 744]
[New LWP 745]
[New LWP 748]
[New LWP 749]
[New LWP 750]
[New LWP 751]
[New LWP 752]
[New LWP 753]
[New LWP 756]
[New LWP 757]
[New LWP 758]
[New LWP 759]
[New LWP 760]
[New LWP 761]
[New LWP 762]
[New LWP 763]
[New LWP 764]
[New LWP 765]
[New LWP 872]
[Thread debugging using libthread_db enabled]
Using host libthread_db library "/lib64/libthread_db.so.1".
0x0000ffff8b321ae0 in clock_nanosleep () from /lib64/libc.so.6
Breakpoint 1 at 0x683e0c: file net/lpd/lpd.c, line 560.
Breakpoint 2 at 0x6831e8: file net/lpd/lpd.c, line 360.
Breakpoint 3 at 0x6830a4: file net/lpd/lpd.c, line 340.
Breakpoint 4 at 0x68236c: file net/lpd/lpd.c, line 221.
--- ALIVE ---
196
--- PORTS POST ---
  sl  local_address rem_address   st tx_queue rx_queue tr tm->when retrnsmt   uid  timeout inode                                                     
   0: 00000000:C60B 00000000:0000 0A 00000000:00000002 00:00000000 00000000     0        0 56281 3 0000000049ea6334 100 0 0 10 0                     
   1: 0F02000A:C60B 0202000A:E0B0 08 00000000:00000002 00:00000000 00000000     0        0 104167 1 00000000ed7bf1aa 174 4 28 10 -1                  
   2: 0F02000A:C60B 0202000A:DEC4 08 00000000:00000005 00:00000000 00000000     0        0 0 1 00000000e30891fa 174 4 28 10 -1                       
   3: 0F02000A:C60B 0202000A:FADC 08 00000000:00000005 00:00000000 00000000     0        0 0 1 0000000074577396 174 4 28 10 -1                       
--- LPD OWNED POST ---
LPD_OWNED fd=36 ino=56281 decport=50699
--- PLOG DIR ---
total 4
drwxrwxrwt  4 root root  120 Sep 17 08:14 .
drwxr-xr-x 33 root root 4096 Sep 17 08:15 ..
-rw-r--r--  1 root root    0 Sep 17 08:14 all_topic_0.log
drwxr--r--  2 root root   40 Sep 17 08:14 export
-rw-r--r--  1 root root    0 Sep 17 08:14 pol_log
drwxr--r--  2 root root   40 Sep 17 08:14 upgrade
PLOG_FILE /tslog/all_topic_0.log size=0
PLOG_FILE /tslog/export size=0
[  790.577061] hrtimer: interrupt took 92998400 ns
[ 1070.771941] watchdog: BUG: soft lockup - CPU#0 stuck for 23s! [khugepaged:36]
[ 1071.428479] Modules linked in: e1000 ext4 jbd2 mbcache crc32c_generic crc16 virtio_blk
[ 1073.404613] CPU: 0 UID: 0 PID: 36 Comm: khugepaged Not tainted 6.12.103-0-virt #1-Alpine
[ 1073.687596] Hardware name: QEMU QEMU Virtual Machine, BIOS edk2-stable202408-prebuilt.qemu.org 08/13/2024
[ 1074.459512] pstate: 00400005 (nzcv daif +PAN -UAO -TCO -DIT -SSBS BTYPE=--)
[ 1075.018618] pc : copy_page+0x2c/0xd0
[ 1077.248266] lr : copy_highpage+0x4c/0x10c
[ 1077.437823] sp : ffff8000825dbae0
[ 1077.486358] x29: ffff8000825dbae0 x28: ffff800080f98000 x27: fffffdffc0bc6f00
[ 1077.488694] x26: ffff800081610460 x25: 0000ffffbb3bc000 x24: ffff0000c28d2000
[ 1077.628210] x23: ffff0000c01cd998 x22: fffffdffc3947400 x21: ffff00002f1bc000
[ 1077.629113] x20: ffff0000e51d0000 x19: fffffdffc0bc6f00 x18: 0000000000000000
[ 1077.629320] x17: 0000000000000001 x16: 0000000000277bac x15: 000000002aca6c91
[ 1077.629507] x14: 000000002ac5c4f0 x13: 0000000000000000 x12: 0000000000000000
[ 1077.629692] x11: 0000000d00000002 x10: 0000000000015ade x9 : 00000000000001c8
[ 1077.708816] x8 : 00000000006c3b64 x7 : 0000000000000000 x6 : 000000002ac8c9d8
[ 1077.711202] x5 : 0000000000000009 x4 : 00000000002779e4 x3 : 000000002acbc74e
[ 1077.715019] x2 : 000000002ac5c4f0 x1 : ffff0000e51d0100 x0 : ffff00002f1bc180
[ 1077.969022] Call trace:
[ 1077.969332]  copy_page+0x2c/0xd0
[ 1077.969928]  copy_user_highpage+0x24/0x54
[ 1078.062611]  collapse_huge_page+0x7b0/0x1190
[ 1078.064200]  hpage_collapse_scan_pmd+0x5c4/0x698
[ 1078.064322]  khugepaged+0x6dc/0x844
[ 1078.064423]  kthread+0x110/0x114
[ 1078.427797]  ret_from_fork+0x10/0x20
PLOG_FILE /tslog/pol_log size=0
PLOG_FILE /tslog/upgrade size=0
--- PLOG JOB GREP ---
--- PLOG UPLOAD ---
PLOG_UP all_topic_0.log rc=0
PLOG_UP export rc=0
PLOG_UP pol_log rc=0
PLOG_UP upgrade rc=0
--- VHAL LOG ---
[vhal] gpio_get id=: 0x00000087
 -> : 0x00000000
[vhal] gpio_get id=: 0x00000087
 -> : 0x00000000
[vhal] gpio_get id=: 0x00000087
 -> : 0x00000000
[vhal] gpio_get id=: 0x00000087
 -> : 0x00000000
[vhal] gpio_get id=: 0x00000087
 -> : 0x00000000
[vhal] gpio_get id=: 0x00000087
 -> : 0x00000000
[vhal] gpio_get id=: 0x00000087
 -> : 0x00000000
[vhal] gpio_get id=: 0x00000087
 -> : 0x00000000
[vhal] gpio_get id=: 0x00000087
 -> : 0x00000000
[vhal] gpio_get id=: 0x00000087
 -> : 0x00000000
[vhal] gpio_get id=: 0x00000087
 -> : 0x00000000
[vhal] gpio_get id=: 0x00000087
 -> : 0x00000000
[vhal] gpio_get id=: 0x00000087
 -> : 0x00000000
[vhal] gpio_get id=: 0x00000087
 -> : 0x00000000
[vhal] gpio_get id=: 0x00000087
 -> : 0x00000000
[vhal] gpio_get id=: 0x00000087
 -> : 0x00000000
[vhal] gpio_get id=: 0x00000087
 -> : 0x00000000
[vhal] gpio_get id=: 0x00000087
 -> : 0x00000000
[vhal] gpio_get id=: 0x00000087
 -> : 0x00000000
[vhal] gpio_get id=: 0x00000087
 -> : 0x00000000
[vhal] gpio_get id=: 0x00000087
 -> : 0x00000000
[vhal] gpio_get id=: 0x00000087
 -> : 0x00000000
[vhal] gpio_get id=: 0x00000087
 -> : 0x00000000
[vhal] gpio_get id=: 0x00000087
 -> : 0x00000000
[vhal] gpio_get id=: 0x00000087
 -> : 0x00000000
[vhal] gpio_get id=: 0x00000087
 -> : 0x00000000
[vhal] gpio_get id=: 0x00000087
 -> : 0x00000000
[vhal] gpio_get id=: 0x00000087
 -> : 0x00000000
[vhal] gpio_get id=: 0x00000087
 -> : 0x00000000
[vhal] gpio_get id=: 0x00000087
 -> : 0x00000000
[vhal] gpio_get id=: 0x00000087
 -> : 0x00000000
[vhal] gpio_get id=: 0x00000087
 -> : 0x00000000
[vhal] gpio_get id=: 0x00000087
 -> : 0x00000000
[vhal] gpio_get id=: 0x00000087
 -> : 0x00000000
[vhal] gpio_get id=: 0x00000087
 -> : 0x00000000
[vhal] gpio_get id=: 0x00000087
 -> : 0x00000000
[vhal] gpio_get id=: 0x00000087
 -> : 0x00000000
[vhal] gpio_get id=: 0x00000087
 -> : 0x00000000
[vhal] gpio_get id=: 0x00000087
 -> : 0x00000000
[vhal] gpio_get id=: 0x00000087
 -> : 0x00000000
[vhal] gpio_get id=: 0x00000087
 -> : 0x00000000
[vhal] gpio_get id=: 0x00000087
 -> : 0x00000000
[vhal] gpio_get id=: 0x00000087
 -> : 0x00000000
[vhal] gpio_get id=: 0x00000087
 -> : 0x00000000
[vhal] gpio_get id=: 0x00000087
 -> : 0x00000000
[vhal] gpio_get id=: 0x00000087
 -> : 0x00000000
[vhal] gpio_get id=: 0x00000087
 -> : 0x00000000
[vhal] gpio_get id=: 0x00000087
 -> : 0x00000000
[vhal] gpio_get id=: 0x00000087
 -> : 0x00000000
[vhal] gpio_get id=: 0x00000087
 -> : 0x00000000
[vhal] gpio_get id=: 0x00000087
 -> : 0x00000000
[vhal] gpio_get id=: 0x00000087
 -> : 0x00000000
[vhal] gpio_get id=: 0x00000087
 -> : 0x00000000
[vhal] gpio_get id=: 0x00000087
 -> : 0x00000000
[vhal] gpio_get id=: 0x00000087
 -> : 0x00000000
[vhal] gpio_get id=: 0x00000087
 -> : 0x00000000
[vhal] gpio_get id=: 0x00000087
 -> : 0x00000000
[vhal] gpio_get id=: 0x00000087
 -> : 0x00000000
[vhal] gpio_get id=: 0x00000087
 -> : 0x00000000
[vhal] gpio_get id=: 0x00000087
 -> : 0x00000000
VHAL_UPLOAD_RC=0
--- AFTER TRACE1 KILL threads=196 ---
--- TRACE2 ---
0 /tmp/gdbtrace2.out
--- CMD REG TABLE (post) ---
ptrace: No such process.
/tmp/gdbcmd.txt:3: Error in sourced command file:
Cannot access memory at address 0x910e20
/tmp/simboot_payload.sh: line 175:   484 Trace/breakpoint trap   /usr/bin/mfp.afx > /dev/null 2>&1
--- HALD LOG ---
2147483648 hal_daemon process plog lib init 
--- PLOGD LOG ---
--- PLOG FINAL GREP ---
--- POST PORTS ---
  sl  local_address rem_address   st tx_queue rx_queue tr tm->when retrnsmt   uid  timeout inode                                                     
SIMBOOT: mfp pid 484 threads=0
KEEPING MFP ALIVE
SIMBOOT: mfp run finished, keeping shell
/bin/sh: can't access tty; job control turned off
~ # [6n