UEFI firmware (version edk2-stable202408-prebuilt.qemu.org built at 16:28:50 on Sep 12 2024)
ArmTrngLib could not be correctly initialized.
Error: Image at 000BFDB6000 start failed: 00000001
Error: Image at 000BFD6D000 start failed: Not Found
Error: Image at 000BFCBA000 start failed: Unsupported
Error: Image at 000BFB5E000 start failed: Aborted
Tpm2SubmitCommand - Tcg2 - Not Found
Tpm2GetCapabilityPcrs fail!
Tpm2SubmitCommand - Tcg2 - Not Found
Image type X64 can't be loaded on AARCH64 UEFI system.
[2J[01;01H[=3h[2J[01;01H[2J[01;01H[=3h[2J[01;01HEFI stub: Decompressing Linux Kernel...
EFI stub: Loaded initrd from LINUX_EFI_INITRD_MEDIA_GUID device path
EFI stub: Generating empty DTB
EFI stub: Exiting boot services...
[    0.000000] Booting Linux on physical CPU 0x0000000000 [0x414fd0b1]
[    0.000000] Linux version 6.12.103-0-virt (buildozer@build-3-21-aarch64) (gcc (Alpine 14.2.0) 14.2.0, GNU ld (GNU Binutils) 2.43.1) #1-Alpine SMP PREEMPT_DYNAMIC 2026-08-10 14:25:03
[    0.000000] efi: EFI v2.7 by EDK II
[    0.000000] efi: SMBIOS 3.0=0xbfed0000 MEMATTR=0xbe176018 ACPI 2.0=0xbcb43018 INITRD=0xbcb40f18 MEMRESERVE=0xbcb40f98 
[    0.000000] ACPI: Early table checksum verification disabled
[    0.000000] ACPI: RSDP 0x00000000BCB43018 000024 (v02 BOCHS )
[    0.000000] ACPI: XSDT 0x00000000BCB43F18 000064 (v01 BOCHS  BXPC     00000001      01000013)
[    0.000000] ACPI: FACP 0x00000000BCB43B18 000114 (v06 BOCHS  BXPC     00000001 BXPC 00000001)
[    0.000000] ACPI: DSDT 0x00000000BCB41018 001506 (v02 BOCHS  BXPC     00000001 BXPC 00000001)
[    0.000000] ACPI: APIC 0x00000000BCB43C98 0000FC (v04 BOCHS  BXPC     00000001 BXPC 00000001)
[    0.000000] ACPI: PPTT 0x00000000BCB43E18 000074 (v02 BOCHS  BXPC     00000001 BXPC 00000001)
[    0.000000] ACPI: GTDT 0x00000000BCB43098 000068 (v03 BOCHS  BXPC     00000001 BXPC 00000001)
[    0.000000] ACPI: MCFG 0x00000000BCB43A98 00003C (v01 BOCHS  BXPC     00000001 BXPC 00000001)
[    0.000000] ACPI: SPCR 0x00000000BCB43818 000050 (v02 BOCHS  BXPC     00000001 BXPC 00000001)
[    0.000000] ACPI: DBG2 0x00000000BCB43A18 000057 (v00 BOCHS  BXPC     00000001 BXPC 00000001)
[    0.000000] ACPI: IORT 0x00000000BCB43898 000054 (v05 BOCHS  BXPC     00000001 BXPC 00000001)
[    0.000000] ACPI: SPCR: console: pl011,mmio32,0x9000000,9600
[    0.000000] ACPI: Use ACPI SPCR as default console: Yes
[    0.000000] NUMA: Faking a node at [mem 0x0000000040000000-0x00000000bfffffff]
[    0.000000] NODE_DATA(0) allocated [mem 0xbf855b80-0xbf857fff]
[    0.000000] Zone ranges:
[    0.000000]   DMA      [mem 0x0000000040000000-0x00000000bfffffff]
[    0.000000]   DMA32    empty
[    0.000000]   Normal   empty
[    0.000000] Movable zone start for each node
[    0.000000] Early memory node ranges
[    0.000000]   node   0: [mem 0x0000000040000000-0x00000000bc76ffff]
[    0.000000]   node   0: [mem 0x00000000bc770000-0x00000000bcb3ffff]
[    0.000000]   node   0: [mem 0x00000000bcb40000-0x00000000bfe1ffff]
[    0.000000]   node   0: [mem 0x00000000bfe20000-0x00000000bfeaffff]
[    0.000000]   node   0: [mem 0x00000000bfeb0000-0x00000000bfebffff]
[    0.000000]   node   0: [mem 0x00000000bfec0000-0x00000000bffdffff]
[    0.000000]   node   0: [mem 0x00000000bffe0000-0x00000000bfffffff]
[    0.000000] Initmem setup node 0 [mem 0x0000000040000000-0x00000000bfffffff]
[    0.000000] psci: probing for conduit method from ACPI.
[    0.000000] psci: PSCIv1.1 detected in firmware.
[    0.000000] psci: Using standard PSCI v0.2 function IDs
[    0.000000] psci: Trusted OS migration not required
[    0.000000] psci: SMC Calling Convention v1.0
[    0.000000] percpu: Embedded 33 pages/cpu s96984 r8192 d29992 u135168
[    0.000000] Detected PIPT I-cache on CPU0
[    0.000000] CPU features: detected: Spectre-v4
[    0.000000] CPU features: detected: Spectre-BHB
[    0.000000] CPU features: detected: Broken broadcast TLBI completion
[    0.000000] CPU features: detected: SSBS not fully self-synchronizing
[    0.000000] alternatives: applying boot alternatives
[    0.000000] Kernel command line: root=/dev/vda rw console=ttyAMA0 initrd=initrd
[    0.000000] Dentry cache hash table entries: 262144 (order: 9, 2097152 bytes, linear)
[    0.000000] Inode-cache hash table entries: 131072 (order: 8, 1048576 bytes, linear)
[    0.000000] Fallback order for Node 0: 0 
[    0.000000] Built 1 zonelists, mobility grouping on.  Total pages: 524288
[    0.000000] Policy zone: DMA
[    0.000000] mem auto-init: stack:all(zero), heap alloc:on, heap free:off
[    0.000000] software IO TLB: SWIOTLB bounce buffer size adjusted to 2MB
[    0.000000] software IO TLB: area num 2.
[    0.000000] software IO TLB: mapped [mem 0x00000000bf2b4000-0x00000000bf4b4000] (2MB)
[    0.000000] SLUB: HWalign=64, Order=0-3, MinObjects=0, CPUs=2, Nodes=1
[    0.000000] Dynamic Preempt: none
[    0.000000] rcu: Preemptible hierarchical RCU implementation.
[    0.000000] rcu: 	RCU restricting CPUs from NR_CPUS=4096 to nr_cpu_ids=2.
[    0.000000] 	Trampoline variant of Tasks RCU enabled.
[    0.000000] 	Tracing variant of Tasks RCU enabled.
[    0.000000] rcu: RCU calculated value of scheduler-enlistment delay is 10 jiffies.
[    0.000000] rcu: Adjusting geometry for rcu_fanout_leaf=16, nr_cpu_ids=2
[    0.000000] RCU Tasks: Setting shift to 1 and lim to 1 rcu_task_cb_adjust=1 rcu_task_cpu_ids=2.
[    0.000000] RCU Tasks Trace: Setting shift to 1 and lim to 1 rcu_task_cb_adjust=1 rcu_task_cpu_ids=2.
[    0.000000] NR_IRQS: 64, nr_irqs: 64, preallocated irqs: 0
[    0.000000] Root IRQ handler: gic_handle_irq
[    0.000000] GICv2m: ACPI overriding V2M MSI_TYPER (base:80, num:64)
[    0.000000] GICv2m: range[mem 0x08020000-0x08020fff], SPI[80:143]
[    0.000000] rcu: srcu_init: Setting srcu_struct sizes based on contention.
[    0.000000] clocksource: jiffies: mask: 0xffffffff max_cycles: 0xffffffff, max_idle_ns: 19112604462750000 ns
[    0.000000] arch_timer: cp15 timer(s) running at 62.50MHz (virt).
[    0.000000] clocksource: arch_sys_counter: mask: 0x1ffffffffffffff max_cycles: 0x1cd42e208c, max_idle_ns: 881590405314 ns
[    0.000190] sched_clock: 57 bits at 63MHz, resolution 16ns, wraps every 4398046511096ns
[    0.017511] kfence: initialized - using 2097152 bytes for 255 objects at 0x(____ptrval____)-0x(____ptrval____)
[    0.061891] Console: colour dummy device 80x25
[    0.079081] ACPI: Core revision 20240827
[    0.096162] Calibrating delay loop (skipped), value calculated using timer frequency.. 125.00 BogoMIPS (lpj=625000)
[    0.096490] pid_max: default: 32768 minimum: 301
[    0.129614] LSM: initializing lsm=lockdown,capability,landlock
[    0.135966] landlock: Up and running.
[    0.150064] Mount-cache hash table entries: 4096 (order: 3, 32768 bytes, linear)
[    0.150257] Mountpoint-cache hash table entries: 4096 (order: 3, 32768 bytes, linear)
[    0.434191] rcu: Hierarchical SRCU implementation.
[    0.434353] rcu: 	Max phase no-delay instances is 1000.
[    0.449916] Timer migration: 1 hierarchy levels; 8 children per group; 1 crossnode level
[    0.481734] Remapping and enabling EFI services.
[    0.496969] smp: Bringing up secondary CPUs ...
[    0.516417] Detected PIPT I-cache on CPU1
[    0.518463] CPU1: Booted secondary processor 0x0000000001 [0x414fd0b1]
[    0.535034] smp: Brought up 1 node, 2 CPUs
[    0.535148] SMP: Total of 2 processors activated.
[    0.535235] CPU: All CPU(s) started at EL1
[    0.535693] CPU features: detected: 32-bit EL0 Support
[    0.535823] CPU features: detected: Data cache clean to the PoU not required for I/D coherence
[    0.535918] CPU features: detected: Common not Private translations
[    0.535929] CPU features: detected: CRC32 instructions
[    0.536370] CPU features: detected: RCpc load-acquire (LDAPR)
[    0.536448] CPU features: detected: LSE atomic instructions
[    0.536459] CPU features: detected: Privileged Access Never
[    0.536468] CPU features: detected: RAS Extension Support
[    0.536550] CPU features: detected: Speculative Store Bypassing Safe (SSBS)
[    0.587078] alternatives: applying system-wide alternatives
[    0.645422] CPU features: detected: Hardware dirty bit management on CPU0-1
[    0.714789] Memory: 2003132K/2097152K available (12608K kernel code, 1950K rwdata, 7812K rodata, 1920K init, 9305K bss, 89464K reserved, 0K cma-reserved)
[    0.915975] devtmpfs: initialized
[    1.016460] futex hash table entries: 512 (order: 3, 32768 bytes, linear)
[    1.018124] 24304 pages in range for non-PLT usage
[    1.018250] 515824 pages in range for PLT usage
[    1.035038] pinctrl core: initialized pinctrl subsystem
[    1.063901] SMBIOS 3.0.0 present.
[    1.064475] DMI: QEMU QEMU Virtual Machine, BIOS edk2-stable202408-prebuilt.qemu.org 08/13/2024
[    1.065174] DMI: Memory slots populated: 1/1
[    1.161680] NET: Registered PF_NETLINK/PF_ROUTE protocol family
[    1.183905] DMA: preallocated 256 KiB GFP_KERNEL pool for atomic allocations
[    1.185091] DMA: preallocated 256 KiB GFP_KERNEL|GFP_DMA pool for atomic allocations
[    1.186065] DMA: preallocated 256 KiB GFP_KERNEL|GFP_DMA32 pool for atomic allocations
[    1.186941] audit: initializing netlink subsys (disabled)
[    1.200216] audit: type=2000 audit(0.730:1): state=initialized audit_enabled=0 res=1
[    1.216158] thermal_sys: Registered thermal governor 'step_wise'
[    1.230327] cpuidle: using governor ladder
[    1.238137] cpuidle: using governor menu
[    1.283809] hw-breakpoint: found 6 breakpoint and 4 watchpoint registers.
[    1.287042] ASID allocator initialised with 65536 entries
[    1.296687] acpiphp: ACPI Hot Plug PCI Controller Driver version: 0.5
[    1.313232] Serial: AMBA PL011 UART driver
[    1.376239] HugeTLB: registered 1.00 GiB page size, pre-allocated 0 pages
[    1.376470] HugeTLB: 0 KiB vmemmap can be freed for a 1.00 GiB page
[    1.376568] HugeTLB: registered 32.0 MiB page size, pre-allocated 0 pages
[    1.376583] HugeTLB: 0 KiB vmemmap can be freed for a 32.0 MiB page
[    1.376817] HugeTLB: registered 2.00 MiB page size, pre-allocated 0 pages
[    1.376836] HugeTLB: 0 KiB vmemmap can be freed for a 2.00 MiB page
[    1.376856] HugeTLB: registered 64.0 KiB page size, pre-allocated 0 pages
[    1.376864] HugeTLB: 0 KiB vmemmap can be freed for a 64.0 KiB page
[    1.454318] ACPI: Added _OSI(Module Device)
[    1.454426] ACPI: Added _OSI(Processor Device)
[    1.454443] ACPI: Added _OSI(Processor Aggregator Device)
[    1.636322] ACPI: 1 ACPI AML tables successfully acquired and loaded
[    1.735792] ACPI: Interpreter enabled
[    1.735878] ACPI: Using GIC for interrupt routing
[    1.737782] ACPI: MCFG table detected, 1 entries
[    2.067634] ACPI: CPU0 has been hot-added
[    2.069592] ACPI: CPU1 has been hot-added
[    2.231224] ARMH0011:00: ttyAMA0 at MMIO 0x9000000 (irq = 12, base_baud = 0) is a SBSA
[    2.234280] printk: legacy console [ttyAMA0] enabled
[    2.416558] ACPI: PCI: Interrupt link L000 configured for IRQ 35
[    2.417486] ACPI: PCI: Interrupt link L001 configured for IRQ 36
[    2.418473] ACPI: PCI: Interrupt link L002 configured for IRQ 37
[    2.419031] ACPI: PCI: Interrupt link L003 configured for IRQ 38
[    2.420746] ACPI: PCI Root Bridge [PCI0] (domain 0000 [bus 00-ff])
[    2.431999] acpi PNP0A08:00: _OSC: OS supports [ExtendedConfig ASPM ClockPM Segments MSI HPX-Type3]
[    2.453937] acpi PNP0A08:00: _OSC: platform does not support [LTR]
[    2.466618] acpi PNP0A08:00: _OSC: OS now controls [PCIeHotplug PME PCIeCapability]
[    2.486553] acpi PNP0A08:00: ECAM area [mem 0x4010000000-0x401fffffff] reserved by PNP0C02:00
[    2.496567] acpi PNP0A08:00: ECAM at [mem 0x4010000000-0x401fffffff] for [bus 00-ff]
[    2.499522] ACPI: Remapped I/O 0x000000003eff0000 to [io  0x0000-0xffff window]
[    2.517696] PCI host bridge to bus 0000:00
[    2.519688] pci_bus 0000:00: root bus resource [mem 0x10000000-0x3efeffff window]
[    2.520485] pci_bus 0000:00: root bus resource [io  0x0000-0xffff window]
[    2.520879] pci_bus 0000:00: root bus resource [mem 0x8000000000-0xffffffffff window]
[    2.534331] pci_bus 0000:00: root bus resource [bus 00-ff]
[    2.548259] pci 0000:00:00.0: [1b36:0008] type 00 class 0x060000 conventional PCI endpoint
[    2.579872] pci 0000:00:01.0: [8086:100e] type 00 class 0x020000 conventional PCI endpoint
[    2.580956] pci 0000:00:01.0: BAR 0 [mem 0x10040000-0x1005ffff]
[    2.582794] pci 0000:00:01.0: BAR 1 [io  0x0080-0x00bf]
[    2.583425] pci 0000:00:01.0: ROM [mem 0xfffc0000-0xffffffff pref]
[    2.586141] pci 0000:00:02.0: [1af4:1001] type 00 class 0x010000 conventional PCI endpoint
[    2.586788] pci 0000:00:02.0: BAR 0 [io  0x0000-0x007f]
[    2.587210] pci 0000:00:02.0: BAR 1 [mem 0x10060000-0x10060fff]
[    2.587663] pci 0000:00:02.0: BAR 4 [mem 0x8000000000-0x8000003fff 64bit pref]
[    2.602157] pci 0000:00:01.0: ROM [mem 0x10000000-0x1003ffff pref]: assigned
[    2.603109] pci 0000:00:01.0: BAR 0 [mem 0x10040000-0x1005ffff]: assigned
[    2.604164] pci 0000:00:02.0: BAR 4 [mem 0x8000000000-0x8000003fff 64bit pref]: assigned
[    2.611185] pci 0000:00:02.0: BAR 1 [mem 0x10060000-0x10060fff]: assigned
[    2.612322] pci 0000:00:02.0: BAR 0 [io  0x1000-0x107f]: assigned
[    2.613129] pci 0000:00:01.0: BAR 1 [io  0x1080-0x10bf]: assigned
[    2.614088] pci_bus 0000:00: resource 4 [mem 0x10000000-0x3efeffff window]
[    2.614547] pci_bus 0000:00: resource 5 [io  0x0000-0xffff window]
[    2.614902] pci_bus 0000:00: resource 6 [mem 0x8000000000-0xffffffffff window]
[    2.632059] iommu: Default domain type: Translated
[    2.632525] iommu: DMA domain TLB invalidation policy: lazy mode
[    2.661426] efivars: Registered efivars operations
[    2.713851] clocksource: Switched to clocksource arch_sys_counter
[    2.747683] VFS: Disk quotas dquot_6.6.0
[    2.748664] VFS: Dquot-cache hash table entries: 512 (order 0, 4096 bytes)
[    2.764657] pnp: PnP ACPI init
[    2.778212] system 00:00: [mem 0x4010000000-0x401fffffff window] could not be reserved
[    2.779763] pnp: PnP ACPI: found 1 devices
[    2.913456] NET: Registered PF_INET protocol family
[    2.917183] IP idents hash table entries: 32768 (order: 6, 262144 bytes, linear)
[    3.101977] tcp_listen_portaddr_hash hash table entries: 1024 (order: 2, 16384 bytes, linear)
[    3.103672] Table-perturb hash table entries: 65536 (order: 6, 262144 bytes, linear)
[    3.109065] TCP established hash table entries: 16384 (order: 5, 131072 bytes, linear)
[    3.112235] TCP bind hash table entries: 16384 (order: 7, 524288 bytes, linear)
[    3.117779] TCP: Hash tables configured (established 16384 bind 16384)
[    3.129915] MPTCP token hash table entries: 2048 (order: 4, 49152 bytes, linear)
[    3.131581] UDP hash table entries: 1024 (order: 3, 32768 bytes, linear)
[    3.132716] UDP-Lite hash table entries: 1024 (order: 3, 32768 bytes, linear)
[    3.144497] NET: Registered PF_UNIX/PF_LOCAL protocol family
[    3.146312] NET: Registered PF_XDP protocol family
[    3.147611] PCI: CLS 0 bytes, default 64
[    3.165165] kvm [1]: HYP mode not available
[    3.168207] Unpacking initramfs...
[    3.181935] Initialise system trusted keyrings
[    3.203477] workingset: timestamp_bits=44 max_order=19 bucket_order=0
[    3.387951] Key type asymmetric registered
[    3.394584] Asymmetric key parser 'x509' registered
[    3.396132] Block layer SCSI generic (bsg) driver version 0.4 loaded (major 249)
[    3.400432] io scheduler mq-deadline registered
[    3.401013] io scheduler kyber registered
[    3.402121] io scheduler bfq registered
[    3.482575] ACPI: \_SB_.L002: Enabled at IRQ 37
[    3.485822] virtio-pci 0000:00:02.0: enabling device (0000 -> 0003)
[    3.510913] Serial: 8250/16550 driver, 4 ports, IRQ sharing enabled
[    3.568473] hv_vmbus: registering driver hyperv_keyboard
[    3.587158] rtc-efi rtc-efi.0: registered as rtc0
[    3.597825] rtc-efi rtc-efi.0: setting system clock to 2026-08-26T04:19:31 UTC (1787717971)
[    3.611723] NET: Registered PF_INET6 protocol family
[    3.648763] Segment Routing with IPv6
[    3.649692] In-situ OAM (IOAM) with IPv6
[    3.750219] registered taskstats version 1
[    3.764722] Loading compiled-in X.509 certificates
[    3.883651] Freeing initrd memory: 5268K
[    4.682626] Loaded X.509 cert 'alpinelinux.org: Alpine Linux kernel key: 87fa969a47f3e2a6aa35859eb932a17c95abcd82'
[    5.230706] Demotion targets for Node 0: null
[    5.234915] Key type .fscrypt registered
[    5.235278] Key type fscrypt-provisioning registered
[    5.348045] clk: Disabling unused clocks
[    5.349221] PM: genpd: Disabling unused power domains
[    5.532882] Freeing unused kernel memory: 1920K
[    5.537862] Run /init as init process
[    6.236937] Alpine Init 3.11.1-r0
Alpine Init 3.11.1-r0
[    6.267583] Loading boot drivers...
 * Loading boot drivers: [    6.429240] Loading boot drivers: ok.
ok.
SIMBOOT: kernel=6.12.103-0-virt
[    6.710403] Invalid ELF header magic: != ELF
[    6.794926] virtio_blk virtio0: 2/0/0 default/read/poll queues
[    6.953939] virtio_blk virtio0: [vda] 1411072 512-byte logical blocks (722 MB/689 MiB)
[    7.063685] Invalid ELF header magic: != ELF
[    7.120239] Invalid ELF header magic: != ELF
[    7.182228] Invalid ELF header magic: != ELF
[    7.248019] Invalid ELF header magic: != ELF
[    7.403376] Invalid ELF header magic: != ELF
[    8.198183] Invalid ELF header magic: != ELF
[    8.286062] e1000: Intel(R) PRO/1000 Network Driver
[    8.286514] e1000: Copyright (c) 1999-2006 Intel Corporation.
[    8.296500] ACPI: \_SB_.L001: Enabled at IRQ 36
[    8.297434] e1000 0000:00:01.0: enabling device (0000 -> 0003)
[    8.811455] e1000 0000:00:01.0 eth0: (PCI:33MHz:32-bit) 52:54:00:12:34:56
[    8.813526] e1000 0000:00:01.0 eth0: Intel(R) PRO/1000 Network Connection
Module                  Size  Used by    Not tainted
e1000                 163840  0 
ext4                  929792  0 
jbd2                  172032  1 ext4
mbcache                20480  1 ext4
crc32c_generic         12288  0 
crc16                  12288  1 ext4
virtio_blk             24576  0 
[   10.212152] EXT4-fs (vda): mounted filesystem 1799a7eb-09df-4b80-8c57-0424de58e445 r/w with ordered data mode. Quota mode: none.
SIMBOOT: root mounted rw, running real mfp.afx with binder stub
[   18.595035] e1000: eth0 NIC Link is Up 1000 Mbps Full Duplex, Flow Control: RX
MFP_PID=442
[   25.360898] random: crng init done
--- POLL 1: N=11 ---
[Inferior 1 (process 442) detached]
--- POLL 2: N=11 ---
[Inferior 1 (process 442) detached]
--- POLL 3: N=11 ---
[Inferior 1 (process 442) detached]
--- POLL 4: N=11 ---
[Inferior 1 (process 442) detached]
--- BT@POLL4 ---
#0  0x0000ffff801bc1f8 in fsync () from /lib64/libc.so.6
#0  0x0000ffff801bc1f8 in fsync () from /lib64/libc.so.6
#1  0x0000ffff80a5f034 in ?? () from /lib64/libsqlite3mc.so.0
#2  0x0000ffff80ac7f6c in ?? () from /lib64/libsqlite3mc.so.0
#3  0x0000ffff80ac946c in ?? () from /lib64/libsqlite3mc.so.0
#4  0x0000ffff80acb824 in ?? () from /lib64/libsqlite3mc.so.0
#5  0x0000ffff80b176bc in ?? () from /lib64/libsqlite3mc.so.0
[Inferior 1 (process 442) detached]
--- POLL 5: N=22 ---
[Inferior 1 (process 442) detached]
--- POLL 6: N=44 ---
[Inferior 1 (process 442) detached]
--- POLL 7: N=54 ---
[Inferior 1 (process 442) detached]
--- POLL 8: N=128 ---
POLL: passed print_info_status_init (N=128)
--- ALIVE ---
176
--- LISTEN TCP ---
  sl  local_address rem_address   st tx_queue rx_queue tr tm->when retrnsmt   uid  timeout inode                                                     
   0: 0100007F:C737 00000000:0000 0A 00000000:00000000 00:00000000 00000000     0        0 50458 1 00000000fb89e80c 100 0 0 10 0                     
--- HANDLES(corrected) ---
[New LWP 728]
[Thread debugging using libthread_db enabled]
Using host libthread_db library "/lib64/libthread_db.so.1".
0x0000ffff8018fae0 in clock_nanosleep () from /lib64/libc.so.6
$1 = 0xffff80e787e8
$2 = 0xffff80e787f8
$3 = 0x30998790
[Inferior 1 (process 442) detached]
--- MAIN BT ---
[New LWP 727]
[New LWP 728]
[Thread debugging using libthread_db enabled]
Using host libthread_db library "/lib64/libthread_db.so.1".
0x0000ffff8018fae0 in clock_nanosleep () from /lib64/libc.so.6
[Switching to thread 1 (Thread 0xffff7f92a960 (LWP 442))]
#0  0x0000ffff8018fae0 in clock_nanosleep () from /lib64/libc.so.6
#0  0x0000ffff8018fae0 in clock_nanosleep () from /lib64/libc.so.6
#1  0x0000ffff8019f89c in nanosleep () from /lib64/libc.so.6
#2  0x0000ffff801af174 in sleep () from /lib64/libc.so.6
#3  0x00000000006a8060 in main () at main/main.c:250
[Inferior 1 (process 442) detached]
--- FUNC DIST ---
BT=790
    115 ??
     30 select
     11 clock_nanosleep
      9 #0  binder_parse
      7 __lll_lock_wait_private
      5 binder_thr
      4 read
      3 #0  binder_thr
      2 ioctl@plt
      2 epoll_pwait
      2 binder_parse@plt
      1 socket
      1 msgrcv
      1 fstatat64
      1 binder_parse
      1 accept
      1 __kernel_gettimeofday
--- PORT913X THREADS ---
--- SERVER THREAD ---
#0  0x0000ffff801c4608 in accept () from /lib64/libc.so.6
--- LPD LOG ---
---------------------pedk_mgr_prolog-------int------------
[35m[osal/pol/os/Linux/pol_linux.c:55]tid(534) statck size(0x00004000) name(server_thread)[0m
strat bind
strat listen
[35m[osal/pol/os/Linux/pol_linux.c:55]tid(535) statck size(0x00004000) name(pedk_ibc_recv)[0m
 panel_pedk_init  
cmd register ok = panel - pedk
[DEBUG][IPC][scan_ipc_init]scan_ipc_init binder_start front start 
[DEBUG][IPC][scan_ipc_init]scan_ipc_init binder_start back start 
 copy_pedk_init  
port913x_prolog                  - [INFO ]913X module initialized successfully
[35m[osal/pol/os/Linux/pol_linux.c:55]tid(717) statck size(0x00080000) name(port913x_handler_thread)[0m
--- INJECT TEST (busybox nc) ---
ls: cannot access '/bin/nc': No such file or directory
ls: cannot access '/usr/bin/nc': No such file or directory
-rwsr-xr-x 1 root root 820672 Aug 14 10:17 /bin/busybox
telnet
READY FOR INJECT
