UEFI firmware (version edk2-stable202408-prebuilt.qemu.org built at 16:28:50 on Sep 12 2024)
ArmTrngLib could not be correctly initialized.
Error: Image at 000BFDB6000 start failed: 00000001
Error: Image at 000BFD6D000 start failed: Not Found
Error: Image at 000BFCBA000 start failed: Unsupported
Error: Image at 000BFB5E000 start failed: Aborted
Tpm2SubmitCommand - Tcg2 - Not Found
Tpm2GetCapabilityPcrs fail!
Tpm2SubmitCommand - Tcg2 - Not Found
Image type X64 can't be loaded on AARCH64 UEFI system.
[2J[01;01H[=3h[2J[01;01H[2J[01;01H[=3h[2J[01;01HEFI stub: Decompressing Linux Kernel...
EFI stub: Loaded initrd from LINUX_EFI_INITRD_MEDIA_GUID device path
EFI stub: Generating empty DTB
EFI stub: Exiting boot services...
[    0.000000] Booting Linux on physical CPU 0x0000000000 [0x414fd0b1]
[    0.000000] Linux version 6.12.103-0-virt (buildozer@build-3-21-aarch64) (gcc (Alpine 14.2.0) 14.2.0, GNU ld (GNU Binutils) 2.43.1) #1-Alpine SMP PREEMPT_DYNAMIC 2026-08-10 14:25:03
[    0.000000] efi: EFI v2.7 by EDK II
[    0.000000] efi: SMBIOS 3.0=0xbfed0000 MEMATTR=0xbe18a018 ACPI 2.0=0xbcb43018 INITRD=0xbcb40f18 MEMRESERVE=0xbcb40f98 
[    0.000000] ACPI: Early table checksum verification disabled
[    0.000000] ACPI: RSDP 0x00000000BCB43018 000024 (v02 BOCHS )
[    0.000000] ACPI: XSDT 0x00000000BCB43F18 000064 (v01 BOCHS  BXPC     00000001      01000013)
[    0.000000] ACPI: FACP 0x00000000BCB43B18 000114 (v06 BOCHS  BXPC     00000001 BXPC 00000001)
[    0.000000] ACPI: DSDT 0x00000000BCB41018 001506 (v02 BOCHS  BXPC     00000001 BXPC 00000001)
[    0.000000] ACPI: APIC 0x00000000BCB43C98 0000FC (v04 BOCHS  BXPC     00000001 BXPC 00000001)
[    0.000000] ACPI: PPTT 0x00000000BCB43E18 000074 (v02 BOCHS  BXPC     00000001 BXPC 00000001)
[    0.000000] ACPI: GTDT 0x00000000BCB43098 000068 (v03 BOCHS  BXPC     00000001 BXPC 00000001)
[    0.000000] ACPI: MCFG 0x00000000BCB43A98 00003C (v01 BOCHS  BXPC     00000001 BXPC 00000001)
[    0.000000] ACPI: SPCR 0x00000000BCB43818 000050 (v02 BOCHS  BXPC     00000001 BXPC 00000001)
[    0.000000] ACPI: DBG2 0x00000000BCB43A18 000057 (v00 BOCHS  BXPC     00000001 BXPC 00000001)
[    0.000000] ACPI: IORT 0x00000000BCB43898 000054 (v05 BOCHS  BXPC     00000001 BXPC 00000001)
[    0.000000] ACPI: SPCR: console: pl011,mmio32,0x9000000,9600
[    0.000000] ACPI: Use ACPI SPCR as default console: Yes
[    0.000000] NUMA: Faking a node at [mem 0x0000000040000000-0x00000000bfffffff]
[    0.000000] NODE_DATA(0) allocated [mem 0xbf855b80-0xbf857fff]
[    0.000000] Zone ranges:
[    0.000000]   DMA      [mem 0x0000000040000000-0x00000000bfffffff]
[    0.000000]   DMA32    empty
[    0.000000]   Normal   empty
[    0.000000] Movable zone start for each node
[    0.000000] Early memory node ranges
[    0.000000]   node   0: [mem 0x0000000040000000-0x00000000bc76ffff]
[    0.000000]   node   0: [mem 0x00000000bc770000-0x00000000bcb3ffff]
[    0.000000]   node   0: [mem 0x00000000bcb40000-0x00000000bfe1ffff]
[    0.000000]   node   0: [mem 0x00000000bfe20000-0x00000000bfeaffff]
[    0.000000]   node   0: [mem 0x00000000bfeb0000-0x00000000bfebffff]
[    0.000000]   node   0: [mem 0x00000000bfec0000-0x00000000bffdffff]
[    0.000000]   node   0: [mem 0x00000000bffe0000-0x00000000bfffffff]
[    0.000000] Initmem setup node 0 [mem 0x0000000040000000-0x00000000bfffffff]
[    0.000000] psci: probing for conduit method from ACPI.
[    0.000000] psci: PSCIv1.1 detected in firmware.
[    0.000000] psci: Using standard PSCI v0.2 function IDs
[    0.000000] psci: Trusted OS migration not required
[    0.000000] psci: SMC Calling Convention v1.0
[    0.000000] percpu: Embedded 33 pages/cpu s96984 r8192 d29992 u135168
[    0.000000] Detected PIPT I-cache on CPU0
[    0.000000] CPU features: detected: Spectre-v4
[    0.000000] CPU features: detected: Spectre-BHB
[    0.000000] CPU features: detected: Broken broadcast TLBI completion
[    0.000000] CPU features: detected: SSBS not fully self-synchronizing
[    0.000000] alternatives: applying boot alternatives
[    0.000000] Kernel command line: root=/dev/vda rw console=ttyAMA0 initrd=initrd
[    0.000000] Dentry cache hash table entries: 262144 (order: 9, 2097152 bytes, linear)
[    0.000000] Inode-cache hash table entries: 131072 (order: 8, 1048576 bytes, linear)
[    0.000000] Fallback order for Node 0: 0 
[    0.000000] Built 1 zonelists, mobility grouping on.  Total pages: 524288
[    0.000000] Policy zone: DMA
[    0.000000] mem auto-init: stack:all(zero), heap alloc:on, heap free:off
[    0.000000] software IO TLB: SWIOTLB bounce buffer size adjusted to 2MB
[    0.000000] software IO TLB: area num 2.
[    0.000000] software IO TLB: mapped [mem 0x00000000bf2b4000-0x00000000bf4b4000] (2MB)
[    0.000000] SLUB: HWalign=64, Order=0-3, MinObjects=0, CPUs=2, Nodes=1
[    0.000000] Dynamic Preempt: none
[    0.000000] rcu: Preemptible hierarchical RCU implementation.
[    0.000000] rcu: 	RCU restricting CPUs from NR_CPUS=4096 to nr_cpu_ids=2.
[    0.000000] 	Trampoline variant of Tasks RCU enabled.
[    0.000000] 	Tracing variant of Tasks RCU enabled.
[    0.000000] rcu: RCU calculated value of scheduler-enlistment delay is 10 jiffies.
[    0.000000] rcu: Adjusting geometry for rcu_fanout_leaf=16, nr_cpu_ids=2
[    0.000000] RCU Tasks: Setting shift to 1 and lim to 1 rcu_task_cb_adjust=1 rcu_task_cpu_ids=2.
[    0.000000] RCU Tasks Trace: Setting shift to 1 and lim to 1 rcu_task_cb_adjust=1 rcu_task_cpu_ids=2.
[    0.000000] NR_IRQS: 64, nr_irqs: 64, preallocated irqs: 0
[    0.000000] Root IRQ handler: gic_handle_irq
[    0.000000] GICv2m: ACPI overriding V2M MSI_TYPER (base:80, num:64)
[    0.000000] GICv2m: range[mem 0x08020000-0x08020fff], SPI[80:143]
[    0.000000] rcu: srcu_init: Setting srcu_struct sizes based on contention.
[    0.000000] clocksource: jiffies: mask: 0xffffffff max_cycles: 0xffffffff, max_idle_ns: 19112604462750000 ns
[    0.000000] arch_timer: cp15 timer(s) running at 62.50MHz (virt).
[    0.000000] clocksource: arch_sys_counter: mask: 0x1ffffffffffffff max_cycles: 0x1cd42e208c, max_idle_ns: 881590405314 ns
[    0.000874] sched_clock: 57 bits at 63MHz, resolution 16ns, wraps every 4398046511096ns
[    0.163635] kfence: initialized - using 2097152 bytes for 255 objects at 0x(____ptrval____)-0x(____ptrval____)
[    0.535229] Console: colour dummy device 80x25
[    0.665243] ACPI: Core revision 20240827
[    0.817960] Calibrating delay loop (skipped), value calculated using timer frequency.. 125.00 BogoMIPS (lpj=625000)
[    0.819345] pid_max: default: 32768 minimum: 301
[    1.045779] LSM: initializing lsm=lockdown,capability,landlock
[    1.135939] landlock: Up and running.
[    1.227685] Mount-cache hash table entries: 4096 (order: 3, 32768 bytes, linear)
[    1.228559] Mountpoint-cache hash table entries: 4096 (order: 3, 32768 bytes, linear)
[    4.797973] rcu: Hierarchical SRCU implementation.
[    4.798730] rcu: 	Max phase no-delay instances is 1000.
[    4.959650] Timer migration: 1 hierarchy levels; 8 children per group; 1 crossnode level
[    5.589666] Remapping and enabling EFI services.
[    5.925755] smp: Bringing up secondary CPUs ...
[    6.258742] Detected PIPT I-cache on CPU1
[    6.564712] CPU1: Booted secondary processor 0x0000000001 [0x414fd0b1]
[    6.805415] smp: Brought up 1 node, 2 CPUs
[    6.806119] SMP: Total of 2 processors activated.
[    6.806667] CPU: All CPU(s) started at EL1
[    6.809088] CPU features: detected: 32-bit EL0 Support
[    6.809668] CPU features: detected: Data cache clean to the PoU not required for I/D coherence
[    6.810141] CPU features: detected: Common not Private translations
[    6.810208] CPU features: detected: CRC32 instructions
[    6.876442] CPU features: detected: RCpc load-acquire (LDAPR)
[    6.878082] CPU features: detected: LSE atomic instructions
[    6.878195] CPU features: detected: Privileged Access Never
[    6.878242] CPU features: detected: RAS Extension Support
[    6.878723] CPU features: detected: Speculative Store Bypassing Safe (SSBS)
[    7.445569] alternatives: applying system-wide alternatives
[    8.018101] CPU features: detected: Hardware dirty bit management on CPU0-1
[    8.798736] Memory: 2003468K/2097152K available (12608K kernel code, 1950K rwdata, 7812K rodata, 1920K init, 9305K bss, 89380K reserved, 0K cma-reserved)
[    9.902595] devtmpfs: initialized
[   10.673428] futex hash table entries: 512 (order: 3, 32768 bytes, linear)
[   10.687039] 24304 pages in range for non-PLT usage
[   10.687732] 515824 pages in range for PLT usage
[   10.856326] pinctrl core: initialized pinctrl subsystem
[   11.188458] SMBIOS 3.0.0 present.
[   11.192792] DMI: QEMU QEMU Virtual Machine, BIOS edk2-stable202408-prebuilt.qemu.org 08/13/2024
[   11.250504] DMI: Memory slots populated: 1/1
[   11.919309] NET: Registered PF_NETLINK/PF_ROUTE protocol family
[   12.322527] DMA: preallocated 256 KiB GFP_KERNEL pool for atomic allocations
[   12.343607] DMA: preallocated 256 KiB GFP_KERNEL|GFP_DMA pool for atomic allocations
[   12.379272] DMA: preallocated 256 KiB GFP_KERNEL|GFP_DMA32 pool for atomic allocations
[   12.440882] audit: initializing netlink subsys (disabled)
[   12.528601] audit: type=2000 audit(4.310:1): state=initialized audit_enabled=0 res=1
[   12.694256] thermal_sys: Registered thermal governor 'step_wise'
[   12.816293] cpuidle: using governor ladder
[   12.818708] cpuidle: using governor menu
[   12.881692] hw-breakpoint: found 6 breakpoint and 4 watchpoint registers.
[   12.892459] ASID allocator initialised with 65536 entries
[   12.906045] acpiphp: ACPI Hot Plug PCI Controller Driver version: 0.5
[   13.033967] Serial: AMBA PL011 UART driver
[   13.481352] HugeTLB: registered 1.00 GiB page size, pre-allocated 0 pages
[   13.481611] HugeTLB: 0 KiB vmemmap can be freed for a 1.00 GiB page
[   13.481770] HugeTLB: registered 32.0 MiB page size, pre-allocated 0 pages
[   13.481833] HugeTLB: 0 KiB vmemmap can be freed for a 32.0 MiB page
[   13.481907] HugeTLB: registered 2.00 MiB page size, pre-allocated 0 pages
[   13.481954] HugeTLB: 0 KiB vmemmap can be freed for a 2.00 MiB page
[   13.482019] HugeTLB: registered 64.0 KiB page size, pre-allocated 0 pages
[   13.482070] HugeTLB: 0 KiB vmemmap can be freed for a 64.0 KiB page
[   14.098949] ACPI: Added _OSI(Module Device)
[   14.099783] ACPI: Added _OSI(Processor Device)
[   14.099928] ACPI: Added _OSI(Processor Aggregator Device)
[   15.062784] ACPI: 1 ACPI AML tables successfully acquired and loaded
[   15.866579] ACPI: Interpreter enabled
[   15.866997] ACPI: Using GIC for interrupt routing
[   15.875153] ACPI: MCFG table detected, 1 entries
[   17.680946] ACPI: CPU0 has been hot-added
[   17.761337] ACPI: CPU1 has been hot-added
[   19.337298] ARMH0011:00: ttyAMA0 at MMIO 0x9000000 (irq = 12, base_baud = 0) is a SBSA
[   19.398289] printk: legacy console [ttyAMA0] enabled
[   22.910004] ACPI: PCI: Interrupt link L000 configured for IRQ 35
[   22.915220] ACPI: PCI: Interrupt link L001 configured for IRQ 36
[   22.979840] ACPI: PCI: Interrupt link L002 configured for IRQ 37
[   22.986910] ACPI: PCI: Interrupt link L003 configured for IRQ 38
[   23.004891] ACPI: PCI Root Bridge [PCI0] (domain 0000 [bus 00-ff])
[   23.169111] acpi PNP0A08:00: _OSC: OS supports [ExtendedConfig ASPM ClockPM Segments MSI HPX-Type3]
[   23.373798] acpi PNP0A08:00: _OSC: platform does not support [LTR]
[   23.406615] acpi PNP0A08:00: _OSC: OS now controls [PCIeHotplug PME PCIeCapability]
[   23.506787] acpi PNP0A08:00: ECAM area [mem 0x4010000000-0x401fffffff] reserved by PNP0C02:00
[   23.518974] acpi PNP0A08:00: ECAM at [mem 0x4010000000-0x401fffffff] for [bus 00-ff]
[   23.578148] ACPI: Remapped I/O 0x000000003eff0000 to [io  0x0000-0xffff window]
[   23.803461] PCI host bridge to bus 0000:00
[   23.810456] pci_bus 0000:00: root bus resource [mem 0x10000000-0x3efeffff window]
[   23.812931] pci_bus 0000:00: root bus resource [io  0x0000-0xffff window]
[   23.814731] pci_bus 0000:00: root bus resource [mem 0x8000000000-0xffffffffff window]
[   23.817877] pci_bus 0000:00: root bus resource [bus 00-ff]
[   23.887579] pci 0000:00:00.0: [1b36:0008] type 00 class 0x060000 conventional PCI endpoint
[   24.323100] pci 0000:00:01.0: [1af4:1000] type 00 class 0x020000 conventional PCI endpoint
[   24.359842] pci 0000:00:01.0: BAR 0 [io  0x0080-0x009f]
[   24.362009] pci 0000:00:01.0: BAR 1 [mem 0x10041000-0x10041fff]
[   24.366270] pci 0000:00:01.0: BAR 4 [mem 0x8000000000-0x8000003fff 64bit pref]
[   24.393476] pci 0000:00:01.0: ROM [mem 0xfffc0000-0xffffffff pref]
[   24.428118] pci 0000:00:02.0: [1af4:1001] type 00 class 0x010000 conventional PCI endpoint
[   24.449495] pci 0000:00:02.0: BAR 0 [io  0x0000-0x007f]
[   24.454839] pci 0000:00:02.0: BAR 1 [mem 0x10040000-0x10040fff]
[   24.457315] pci 0000:00:02.0: BAR 4 [mem 0x8000004000-0x8000007fff 64bit pref]
[   24.562857] pci 0000:00:01.0: ROM [mem 0x10000000-0x1003ffff pref]: assigned
[   24.613561] pci 0000:00:01.0: BAR 4 [mem 0x8000000000-0x8000003fff 64bit pref]: assigned
[   24.618002] pci 0000:00:02.0: BAR 4 [mem 0x8000004000-0x8000007fff 64bit pref]: assigned
[   24.655087] pci 0000:00:01.0: BAR 1 [mem 0x10040000-0x10040fff]: assigned
[   24.660812] pci 0000:00:02.0: BAR 1 [mem 0x10041000-0x10041fff]: assigned
[   24.780910] pci 0000:00:02.0: BAR 0 [io  0x1000-0x107f]: assigned
[   24.785626] pci 0000:00:01.0: BAR 0 [io  0x1080-0x109f]: assigned
[   24.795502] pci_bus 0000:00: resource 4 [mem 0x10000000-0x3efeffff window]
[   24.798195] pci_bus 0000:00: resource 5 [io  0x0000-0xffff window]
[   24.800260] pci_bus 0000:00: resource 6 [mem 0x8000000000-0xffffffffff window]
[   25.042863] iommu: Default domain type: Translated
[   25.048515] iommu: DMA domain TLB invalidation policy: lazy mode
[   25.421231] efivars: Registered efivars operations
[   25.934337] clocksource: Switched to clocksource arch_sys_counter
[   26.469182] VFS: Disk quotas dquot_6.6.0
[   26.474068] VFS: Dquot-cache hash table entries: 512 (order 0, 4096 bytes)
[   26.681415] pnp: PnP ACPI init
[   26.874311] system 00:00: [mem 0x4010000000-0x401fffffff window] could not be reserved
[   26.965899] pnp: PnP ACPI: found 1 devices
[   29.152742] NET: Registered PF_INET protocol family
[   29.282162] IP idents hash table entries: 32768 (order: 6, 262144 bytes, linear)
[   32.306267] tcp_listen_portaddr_hash hash table entries: 1024 (order: 2, 16384 bytes, linear)
[   32.357193] Table-perturb hash table entries: 65536 (order: 6, 262144 bytes, linear)
[   32.364642] TCP established hash table entries: 16384 (order: 5, 131072 bytes, linear)
[   32.400895] TCP bind hash table entries: 16384 (order: 7, 524288 bytes, linear)
[   32.460553] TCP: Hash tables configured (established 16384 bind 16384)
[   32.570099] MPTCP token hash table entries: 2048 (order: 4, 49152 bytes, linear)
[   32.681456] UDP hash table entries: 1024 (order: 3, 32768 bytes, linear)
[   33.262810] UDP-Lite hash table entries: 1024 (order: 3, 32768 bytes, linear)
[   33.982091] hrtimer: interrupt took 259216496 ns
[   34.057278] NET: Registered PF_UNIX/PF_LOCAL protocol family
[   34.370250] NET: Registered PF_XDP protocol family
[   34.548925] PCI: CLS 0 bytes, default 64
[   34.760792] kvm [1]: HYP mode not available
[   34.792290] Unpacking initramfs...
[   35.071075] Initialise system trusted keyrings
[   35.292088] workingset: timestamp_bits=44 max_order=19 bucket_order=0
[   39.114333] Key type asymmetric registered
[   39.159626] Asymmetric key parser 'x509' registered
[   39.188503] Block layer SCSI generic (bsg) driver version 0.4 loaded (major 249)
[   39.286586] io scheduler mq-deadline registered
[   39.294029] io scheduler kyber registered
[   39.325943] io scheduler bfq registered
[   41.428107] ACPI: \_SB_.L001: Enabled at IRQ 36
[   44.701751] virtio-pci 0000:00:01.0: enabling device (0000 -> 0003)
[   51.185514] ACPI: \_SB_.L002: Enabled at IRQ 37
[   51.309754] virtio-pci 0000:00:02.0: enabling device (0000 -> 0003)
[   51.520294] Serial: 8250/16550 driver, 4 ports, IRQ sharing enabled
[   52.960464] hv_vmbus: registering driver hyperv_keyboard
[   53.704117] rtc-efi rtc-efi.0: registered as rtc0
[   53.824127] rtc-efi rtc-efi.0: setting system clock to 2026-08-24T03:12:32 UTC (1787541152)
[   54.273346] NET: Registered PF_INET6 protocol family
[   55.411998] Segment Routing with IPv6
[   55.428010] In-situ OAM (IOAM) with IPv6
[   58.060428] registered taskstats version 1
[   58.508563] Loading compiled-in X.509 certificates
[   64.580012] Freeing initrd memory: 5184K
[   82.098358] Loaded X.509 cert 'alpinelinux.org: Alpine Linux kernel key: 87fa969a47f3e2a6aa35859eb932a17c95abcd82'
[   84.220170] Demotion targets for Node 0: null
[   84.406201] Key type .fscrypt registered
[   84.409357] Key type fscrypt-provisioning registered
[   85.479481] clk: Disabling unused clocks
[   85.502037] PM: genpd: Disabling unused power domains
[   92.254102] Freeing unused kernel memory: 1920K
[   93.234915] Run /init as init process
[  126.201209] Alpine Init 3.11.1-r0
Alpine Init 3.11.1-r0
[  128.179133] Loading boot drivers...
 * Loading boot drivers: [  142.138160] Loading boot drivers: ok.
ok.
SIMBOOT: kernel=6.12.103-0-virt
[  147.436382] Invalid ELF header magic: != ELF
[  151.839971] virtio_blk virtio1: 2/0/0 default/read/poll queues
[  153.599134] virtio_blk virtio1: [vda] 1411072 512-byte logical blocks (722 MB/689 MiB)
[  156.598632] Invalid ELF header magic: != ELF
[  159.751255] Invalid ELF header magic: != ELF
