UEFI firmware (version edk2-stable202408-prebuilt.qemu.org built at 16:28:50 on Sep 12 2024)
ArmTrngLib could not be correctly initialized.
Error: Image at 000BFDB6000 start failed: 00000001
Error: Image at 000BFD6D000 start failed: Not Found
Error: Image at 000BFCBA000 start failed: Unsupported
Error: Image at 000BFB5E000 start failed: Aborted
Tpm2SubmitCommand - Tcg2 - Not Found
Tpm2GetCapabilityPcrs fail!
Tpm2SubmitCommand - Tcg2 - Not Found
Image type X64 can't be loaded on AARCH64 UEFI system.
[2J[01;01H[=3h[2J[01;01H[2J[01;01H[=3h[2J[01;01HEFI stub: Decompressing Linux Kernel...
EFI stub: Loaded initrd from LINUX_EFI_INITRD_MEDIA_GUID device path
EFI stub: Generating empty DTB
EFI stub: Exiting boot services...
[    0.000000] Booting Linux on physical CPU 0x0000000000 [0x414fd0b1]
[    0.000000] Linux version 6.12.103-0-virt (buildozer@build-3-21-aarch64) (gcc (Alpine 14.2.0) 14.2.0, GNU ld (GNU Binutils) 2.43.1) #1-Alpine SMP PREEMPT_DYNAMIC 2026-08-10 14:25:03
[    0.000000] efi: EFI v2.7 by EDK II
[    0.000000] efi: SMBIOS 3.0=0xbfed0000 MEMATTR=0xbe176018 ACPI 2.0=0xbcb43018 INITRD=0xbcb40f18 MEMRESERVE=0xbcb40f98 
[    0.000000] ACPI: Early table checksum verification disabled
[    0.000000] ACPI: RSDP 0x00000000BCB43018 000024 (v02 BOCHS )
[    0.000000] ACPI: XSDT 0x00000000BCB43F18 000064 (v01 BOCHS  BXPC     00000001      01000013)
[    0.000000] ACPI: FACP 0x00000000BCB43B18 000114 (v06 BOCHS  BXPC     00000001 BXPC 00000001)
[    0.000000] ACPI: DSDT 0x00000000BCB41018 001506 (v02 BOCHS  BXPC     00000001 BXPC 00000001)
[    0.000000] ACPI: APIC 0x00000000BCB43C98 0000FC (v04 BOCHS  BXPC     00000001 BXPC 00000001)
[    0.000000] ACPI: PPTT 0x00000000BCB43E18 000074 (v02 BOCHS  BXPC     00000001 BXPC 00000001)
[    0.000000] ACPI: GTDT 0x00000000BCB43098 000068 (v03 BOCHS  BXPC     00000001 BXPC 00000001)
[    0.000000] ACPI: MCFG 0x00000000BCB43A98 00003C (v01 BOCHS  BXPC     00000001 BXPC 00000001)
[    0.000000] ACPI: SPCR 0x00000000BCB43818 000050 (v02 BOCHS  BXPC     00000001 BXPC 00000001)
[    0.000000] ACPI: DBG2 0x00000000BCB43A18 000057 (v00 BOCHS  BXPC     00000001 BXPC 00000001)
[    0.000000] ACPI: IORT 0x00000000BCB43898 000054 (v05 BOCHS  BXPC     00000001 BXPC 00000001)
[    0.000000] ACPI: SPCR: console: pl011,mmio32,0x9000000,9600
[    0.000000] ACPI: Use ACPI SPCR as default console: Yes
[    0.000000] NUMA: Faking a node at [mem 0x0000000040000000-0x00000000bfffffff]
[    0.000000] NODE_DATA(0) allocated [mem 0xbf855b80-0xbf857fff]
[    0.000000] Zone ranges:
[    0.000000]   DMA      [mem 0x0000000040000000-0x00000000bfffffff]
[    0.000000]   DMA32    empty
[    0.000000]   Normal   empty
[    0.000000] Movable zone start for each node
[    0.000000] Early memory node ranges
[    0.000000]   node   0: [mem 0x0000000040000000-0x00000000bc76ffff]
[    0.000000]   node   0: [mem 0x00000000bc770000-0x00000000bcb3ffff]
[    0.000000]   node   0: [mem 0x00000000bcb40000-0x00000000bfe1ffff]
[    0.000000]   node   0: [mem 0x00000000bfe20000-0x00000000bfeaffff]
[    0.000000]   node   0: [mem 0x00000000bfeb0000-0x00000000bfebffff]
[    0.000000]   node   0: [mem 0x00000000bfec0000-0x00000000bffdffff]
[    0.000000]   node   0: [mem 0x00000000bffe0000-0x00000000bfffffff]
[    0.000000] Initmem setup node 0 [mem 0x0000000040000000-0x00000000bfffffff]
[    0.000000] psci: probing for conduit method from ACPI.
[    0.000000] psci: PSCIv1.1 detected in firmware.
[    0.000000] psci: Using standard PSCI v0.2 function IDs
[    0.000000] psci: Trusted OS migration not required
[    0.000000] psci: SMC Calling Convention v1.0
[    0.000000] percpu: Embedded 33 pages/cpu s96984 r8192 d29992 u135168
[    0.000000] Detected PIPT I-cache on CPU0
[    0.000000] CPU features: detected: Spectre-v4
[    0.000000] CPU features: detected: Spectre-BHB
[    0.000000] CPU features: detected: Broken broadcast TLBI completion
[    0.000000] CPU features: detected: SSBS not fully self-synchronizing
[    0.000000] alternatives: applying boot alternatives
[    0.000000] Kernel command line: root=/dev/vda rw console=ttyAMA0 initrd=initrd
[    0.000000] Dentry cache hash table entries: 262144 (order: 9, 2097152 bytes, linear)
[    0.000000] Inode-cache hash table entries: 131072 (order: 8, 1048576 bytes, linear)
[    0.000000] Fallback order for Node 0: 0 
[    0.000000] Built 1 zonelists, mobility grouping on.  Total pages: 524288
[    0.000000] Policy zone: DMA
[    0.000000] mem auto-init: stack:all(zero), heap alloc:on, heap free:off
[    0.000000] software IO TLB: SWIOTLB bounce buffer size adjusted to 2MB
[    0.000000] software IO TLB: area num 2.
[    0.000000] software IO TLB: mapped [mem 0x00000000bf2b4000-0x00000000bf4b4000] (2MB)
[    0.000000] SLUB: HWalign=64, Order=0-3, MinObjects=0, CPUs=2, Nodes=1
[    0.000000] Dynamic Preempt: none
[    0.000000] rcu: Preemptible hierarchical RCU implementation.
[    0.000000] rcu: 	RCU restricting CPUs from NR_CPUS=4096 to nr_cpu_ids=2.
[    0.000000] 	Trampoline variant of Tasks RCU enabled.
[    0.000000] 	Tracing variant of Tasks RCU enabled.
[    0.000000] rcu: RCU calculated value of scheduler-enlistment delay is 10 jiffies.
[    0.000000] rcu: Adjusting geometry for rcu_fanout_leaf=16, nr_cpu_ids=2
[    0.000000] RCU Tasks: Setting shift to 1 and lim to 1 rcu_task_cb_adjust=1 rcu_task_cpu_ids=2.
[    0.000000] RCU Tasks Trace: Setting shift to 1 and lim to 1 rcu_task_cb_adjust=1 rcu_task_cpu_ids=2.
[    0.000000] NR_IRQS: 64, nr_irqs: 64, preallocated irqs: 0
[    0.000000] Root IRQ handler: gic_handle_irq
[    0.000000] GICv2m: ACPI overriding V2M MSI_TYPER (base:80, num:64)
[    0.000000] GICv2m: range[mem 0x08020000-0x08020fff], SPI[80:143]
[    0.000000] rcu: srcu_init: Setting srcu_struct sizes based on contention.
[    0.000000] clocksource: jiffies: mask: 0xffffffff max_cycles: 0xffffffff, max_idle_ns: 19112604462750000 ns
[    0.000000] arch_timer: cp15 timer(s) running at 62.50MHz (virt).
[    0.000000] clocksource: arch_sys_counter: mask: 0x1ffffffffffffff max_cycles: 0x1cd42e208c, max_idle_ns: 881590405314 ns
[    0.000285] sched_clock: 57 bits at 63MHz, resolution 16ns, wraps every 4398046511096ns
[    0.017622] kfence: initialized - using 2097152 bytes for 255 objects at 0x(____ptrval____)-0x(____ptrval____)
[    0.046114] Console: colour dummy device 80x25
[    0.055714] ACPI: Core revision 20240827
[    0.067956] Calibrating delay loop (skipped), value calculated using timer frequency.. 125.00 BogoMIPS (lpj=625000)
[    0.068290] pid_max: default: 32768 minimum: 301
[    0.084432] LSM: initializing lsm=lockdown,capability,landlock
[    0.094247] landlock: Up and running.
[    0.101232] Mount-cache hash table entries: 4096 (order: 3, 32768 bytes, linear)
[    0.101402] Mountpoint-cache hash table entries: 4096 (order: 3, 32768 bytes, linear)
[    0.237442] rcu: Hierarchical SRCU implementation.
[    0.237593] rcu: 	Max phase no-delay instances is 1000.
[    0.247197] Timer migration: 1 hierarchy levels; 8 children per group; 1 crossnode level
[    0.257438] Remapping and enabling EFI services.
[    0.278118] smp: Bringing up secondary CPUs ...
[    0.290535] Detected PIPT I-cache on CPU1
[    0.295398] CPU1: Booted secondary processor 0x0000000001 [0x414fd0b1]
[    0.303991] smp: Brought up 1 node, 2 CPUs
[    0.304548] SMP: Total of 2 processors activated.
[    0.304642] CPU: All CPU(s) started at EL1
[    0.305077] CPU features: detected: 32-bit EL0 Support
[    0.305179] CPU features: detected: Data cache clean to the PoU not required for I/D coherence
[    0.305283] CPU features: detected: Common not Private translations
[    0.305296] CPU features: detected: CRC32 instructions
[    0.305710] CPU features: detected: RCpc load-acquire (LDAPR)
[    0.305793] CPU features: detected: LSE atomic instructions
[    0.305804] CPU features: detected: Privileged Access Never
[    0.305813] CPU features: detected: RAS Extension Support
[    0.305893] CPU features: detected: Speculative Store Bypassing Safe (SSBS)
[    0.316327] alternatives: applying system-wide alternatives
[    0.348821] CPU features: detected: Hardware dirty bit management on CPU0-1
[    0.379943] Memory: 2003132K/2097152K available (12608K kernel code, 1950K rwdata, 7812K rodata, 1920K init, 9305K bss, 89464K reserved, 0K cma-reserved)
[    0.453926] devtmpfs: initialized
[    0.495621] futex hash table entries: 512 (order: 3, 32768 bytes, linear)
[    0.496598] 24304 pages in range for non-PLT usage
[    0.496665] 515824 pages in range for PLT usage
[    0.501842] pinctrl core: initialized pinctrl subsystem
[    0.513915] SMBIOS 3.0.0 present.
[    0.514524] DMI: QEMU QEMU Virtual Machine, BIOS edk2-stable202408-prebuilt.qemu.org 08/13/2024
[    0.515228] DMI: Memory slots populated: 1/1
[    0.560949] NET: Registered PF_NETLINK/PF_ROUTE protocol family
[    0.577552] DMA: preallocated 256 KiB GFP_KERNEL pool for atomic allocations
[    0.579042] DMA: preallocated 256 KiB GFP_KERNEL|GFP_DMA pool for atomic allocations
[    0.580074] DMA: preallocated 256 KiB GFP_KERNEL|GFP_DMA32 pool for atomic allocations
[    0.580908] audit: initializing netlink subsys (disabled)
[    0.585943] audit: type=2000 audit(0.330:1): state=initialized audit_enabled=0 res=1
[    0.596429] thermal_sys: Registered thermal governor 'step_wise'
[    0.599889] cpuidle: using governor ladder
[    0.600406] cpuidle: using governor menu
[    0.604865] hw-breakpoint: found 6 breakpoint and 4 watchpoint registers.
[    0.606359] ASID allocator initialised with 65536 entries
[    0.608882] acpiphp: ACPI Hot Plug PCI Controller Driver version: 0.5
[    0.613795] Serial: AMBA PL011 UART driver
[    0.643872] HugeTLB: registered 1.00 GiB page size, pre-allocated 0 pages
[    0.643935] HugeTLB: 0 KiB vmemmap can be freed for a 1.00 GiB page
[    0.643960] HugeTLB: registered 32.0 MiB page size, pre-allocated 0 pages
[    0.643969] HugeTLB: 0 KiB vmemmap can be freed for a 32.0 MiB page
[    0.643980] HugeTLB: registered 2.00 MiB page size, pre-allocated 0 pages
[    0.643990] HugeTLB: 0 KiB vmemmap can be freed for a 2.00 MiB page
[    0.644002] HugeTLB: registered 64.0 KiB page size, pre-allocated 0 pages
[    0.644011] HugeTLB: 0 KiB vmemmap can be freed for a 64.0 KiB page
[    0.683848] ACPI: Added _OSI(Module Device)
[    0.683953] ACPI: Added _OSI(Processor Device)
[    0.683966] ACPI: Added _OSI(Processor Aggregator Device)
[    0.718743] ACPI: 1 ACPI AML tables successfully acquired and loaded
[    0.770022] ACPI: Interpreter enabled
[    0.770100] ACPI: Using GIC for interrupt routing
[    0.771091] ACPI: MCFG table detected, 1 entries
[    0.854075] ACPI: CPU0 has been hot-added
[    0.855917] ACPI: CPU1 has been hot-added
[    0.881405] ARMH0011:00: ttyAMA0 at MMIO 0x9000000 (irq = 12, base_baud = 0) is a SBSA
[    0.883013] printk: legacy console [ttyAMA0] enabled
[    0.967912] ACPI: PCI: Interrupt link L000 configured for IRQ 35
[    0.968396] ACPI: PCI: Interrupt link L001 configured for IRQ 36
[    0.968654] ACPI: PCI: Interrupt link L002 configured for IRQ 37
[    0.968903] ACPI: PCI: Interrupt link L003 configured for IRQ 38
[    0.969637] ACPI: PCI Root Bridge [PCI0] (domain 0000 [bus 00-ff])
[    0.972122] acpi PNP0A08:00: _OSC: OS supports [ExtendedConfig ASPM ClockPM Segments MSI HPX-Type3]
[    0.981576] acpi PNP0A08:00: _OSC: platform does not support [LTR]
[    0.982779] acpi PNP0A08:00: _OSC: OS now controls [PCIeHotplug PME PCIeCapability]
[    0.986034] acpi PNP0A08:00: ECAM area [mem 0x4010000000-0x401fffffff] reserved by PNP0C02:00
[    0.987053] acpi PNP0A08:00: ECAM at [mem 0x4010000000-0x401fffffff] for [bus 00-ff]
[    0.989276] ACPI: Remapped I/O 0x000000003eff0000 to [io  0x0000-0xffff window]
[    0.999257] PCI host bridge to bus 0000:00
[    1.000039] pci_bus 0000:00: root bus resource [mem 0x10000000-0x3efeffff window]
[    1.000354] pci_bus 0000:00: root bus resource [io  0x0000-0xffff window]
[    1.000571] pci_bus 0000:00: root bus resource [mem 0x8000000000-0xffffffffff window]
[    1.000962] pci_bus 0000:00: root bus resource [bus 00-ff]
[    1.003515] pci 0000:00:00.0: [1b36:0008] type 00 class 0x060000 conventional PCI endpoint
[    1.012911] pci 0000:00:01.0: [8086:100e] type 00 class 0x020000 conventional PCI endpoint
[    1.013619] pci 0000:00:01.0: BAR 0 [mem 0x10040000-0x1005ffff]
[    1.014005] pci 0000:00:01.0: BAR 1 [io  0x0080-0x00bf]
[    1.014258] pci 0000:00:01.0: ROM [mem 0xfffc0000-0xffffffff pref]
[    1.015637] pci 0000:00:02.0: [1af4:1001] type 00 class 0x010000 conventional PCI endpoint
[    1.015971] pci 0000:00:02.0: BAR 0 [io  0x0000-0x007f]
[    1.016152] pci 0000:00:02.0: BAR 1 [mem 0x10060000-0x10060fff]
[    1.016403] pci 0000:00:02.0: BAR 4 [mem 0x8000000000-0x8000003fff 64bit pref]
[    1.019370] pci 0000:00:01.0: ROM [mem 0x10000000-0x1003ffff pref]: assigned
[    1.019841] pci 0000:00:01.0: BAR 0 [mem 0x10040000-0x1005ffff]: assigned
[    1.020250] pci 0000:00:02.0: BAR 4 [mem 0x8000000000-0x8000003fff 64bit pref]: assigned
[    1.020707] pci 0000:00:02.0: BAR 1 [mem 0x10060000-0x10060fff]: assigned
[    1.021091] pci 0000:00:02.0: BAR 0 [io  0x1000-0x107f]: assigned
[    1.021458] pci 0000:00:01.0: BAR 1 [io  0x1080-0x10bf]: assigned
[    1.022202] pci_bus 0000:00: resource 4 [mem 0x10000000-0x3efeffff window]
[    1.022473] pci_bus 0000:00: resource 5 [io  0x0000-0xffff window]
[    1.022697] pci_bus 0000:00: resource 6 [mem 0x8000000000-0xffffffffff window]
[    1.030483] iommu: Default domain type: Translated
[    1.030743] iommu: DMA domain TLB invalidation policy: lazy mode
[    1.043674] efivars: Registered efivars operations
[    1.066735] clocksource: Switched to clocksource arch_sys_counter
[    1.093505] VFS: Disk quotas dquot_6.6.0
[    1.094003] VFS: Dquot-cache hash table entries: 512 (order 0, 4096 bytes)
[    1.098928] pnp: PnP ACPI init
[    1.102439] system 00:00: [mem 0x4010000000-0x401fffffff window] could not be reserved
[    1.103157] pnp: PnP ACPI: found 1 devices
[    1.161755] NET: Registered PF_INET protocol family
[    1.164359] IP idents hash table entries: 32768 (order: 6, 262144 bytes, linear)
[    1.247212] tcp_listen_portaddr_hash hash table entries: 1024 (order: 2, 16384 bytes, linear)
[    1.247810] Table-perturb hash table entries: 65536 (order: 6, 262144 bytes, linear)
[    1.248281] TCP established hash table entries: 16384 (order: 5, 131072 bytes, linear)
[    1.249082] TCP bind hash table entries: 16384 (order: 7, 524288 bytes, linear)
[    1.249629] TCP: Hash tables configured (established 16384 bind 16384)
[    1.252210] MPTCP token hash table entries: 2048 (order: 4, 49152 bytes, linear)
[    1.253224] UDP hash table entries: 1024 (order: 3, 32768 bytes, linear)
[    1.254083] UDP-Lite hash table entries: 1024 (order: 3, 32768 bytes, linear)
[    1.257043] NET: Registered PF_UNIX/PF_LOCAL protocol family
[    1.260573] NET: Registered PF_XDP protocol family
[    1.261331] PCI: CLS 0 bytes, default 64
[    1.268289] Unpacking initramfs...
[    1.276415] kvm [1]: HYP mode not available
[    1.285648] Initialise system trusted keyrings
[    1.294230] workingset: timestamp_bits=44 max_order=19 bucket_order=0
[    1.360747] Key type asymmetric registered
[    1.361160] Asymmetric key parser 'x509' registered
[    1.362030] Block layer SCSI generic (bsg) driver version 0.4 loaded (major 249)
[    1.363953] io scheduler mq-deadline registered
[    1.364247] io scheduler kyber registered
[    1.364785] io scheduler bfq registered
[    1.399768] ACPI: \_SB_.L002: Enabled at IRQ 37
[    1.401033] virtio-pci 0000:00:02.0: enabling device (0000 -> 0003)
[    1.406141] Serial: 8250/16550 driver, 4 ports, IRQ sharing enabled
[    1.447022] hv_vmbus: registering driver hyperv_keyboard
[    1.454537] rtc-efi rtc-efi.0: registered as rtc0
[    1.460800] rtc-efi rtc-efi.0: setting system clock to 2026-08-24T07:54:26 UTC (1787558066)
[    1.464620] NET: Registered PF_INET6 protocol family
[    1.479363] Segment Routing with IPv6
[    1.479882] In-situ OAM (IOAM) with IPv6
[    1.521176] Freeing initrd memory: 5268K
[    1.569445] registered taskstats version 1
[    1.573227] Loading compiled-in X.509 certificates
[    1.735738] Loaded X.509 cert 'alpinelinux.org: Alpine Linux kernel key: 87fa969a47f3e2a6aa35859eb932a17c95abcd82'
[    1.760564] Demotion targets for Node 0: null
[    1.762659] Key type .fscrypt registered
[    1.762865] Key type fscrypt-provisioning registered
[    1.795181] clk: Disabling unused clocks
[    1.795942] PM: genpd: Disabling unused power domains
[    1.855544] Freeing unused kernel memory: 1920K
[    1.859820] Run /init as init process
[    2.063840] Alpine Init 3.11.1-r0
Alpine Init 3.11.1-r0
[    2.069829] Loading boot drivers...
 * Loading boot drivers: [    2.110019] Loading boot drivers: ok.
ok.
SIMBOOT: kernel=6.12.103-0-virt
[    2.162524] Invalid ELF header magic: != ELF
[    2.189380] virtio_blk virtio0: 2/0/0 default/read/poll queues
[    2.213891] virtio_blk virtio0: [vda] 1411072 512-byte logical blocks (722 MB/689 MiB)
[    2.246359] Invalid ELF header magic: != ELF
[    2.260113] Invalid ELF header magic: != ELF
[    2.272196] Invalid ELF header magic: != ELF
[    2.287510] Invalid ELF header magic: != ELF
[    2.334596] Invalid ELF header magic: != ELF
[    2.501690] Invalid ELF header magic: != ELF
[    2.532647] e1000: Intel(R) PRO/1000 Network Driver
[    2.532928] e1000: Copyright (c) 1999-2006 Intel Corporation.
[    2.534410] ACPI: \_SB_.L001: Enabled at IRQ 36
[    2.534904] e1000 0000:00:01.0: enabling device (0000 -> 0003)
[    2.912382] e1000 0000:00:01.0 eth0: (PCI:33MHz:32-bit) 52:54:00:12:34:56
[    2.913264] e1000 0000:00:01.0 eth0: Intel(R) PRO/1000 Network Connection
Module                  Size  Used by    Not tainted
e1000                 163840  0 
ext4                  929792  0 
jbd2                  172032  1 ext4
mbcache                20480  1 ext4
crc32c_generic         12288  0 
crc16                  12288  1 ext4
virtio_blk             24576  0 
[    4.009127] EXT4-fs (vda): mounted filesystem 1799a7eb-09df-4b80-8c57-0424de58e445 r/w with ordered data mode. Quota mode: none.
SIMBOOT: root mounted rw, running real mfp.afx with binder stub
[   10.778971] e1000: eth0 NIC Link is Up 1000 Mbps Full Duplex, Flow Control: RX
STUB_LS: -rw-r--r-- 1 root root 1762 Aug 24 07:54 /lib/libbinder_stub.so
STUB_TEST: Mon Aug 24 07:54:35 UTC 2026
rc=0
MFP_PID=447
[   16.758492] random: crng init done
--- MFP STATE ---
Name:	mfp.afx
Umask:	0022
State:	S (sleeping)
Tgid:	447
Ngid:	0
--- MFP MAIN WCHAN ---
hrtimer_nanosleep--- THREADS ---
447 st=S wc=hrtimer_nanosleep
449 st=S wc=futex_wait_queue
450 st=S wc=hrtimer_nanosleep
451 st=S wc=do_epoll_wait
452 st=R wc=0
453 st=S wc=do_wait_intr_irq
454 st=S wc=do_epoll_wait
455 st=S wc=do_wait_intr_irq
456 st=S wc=do_wait_intr_irq
457 st=S wc=wait_for_partner
458 st=S wc=do_select
459 st=R wc=0
460 st=S wc=do_select
461 st=S wc=futex_wait_queue
462 st=S wc=futex_wait_queue
463 st=S wc=futex_wait_queue
464 st=R wc=0
465 st=S wc=do_select
466 st=S wc=do_select
467 st=R wc=0
468 st=S wc=do_select
469 st=R wc=0
470 st=S wc=do_select
471 st=R wc=0
472 st=S wc=do_select
473 st=S wc=hrtimer_nanosleep
474 st=R wc=0
475 st=S wc=do_select
476 st=S wc=futex_wait_queue
477 st=R wc=0
478 st=R wc=0
479 st=S wc=do_select
480 st=S wc=futex_wait_queue
481 st=R wc=0
482 st=S wc=do_select
483 st=R wc=0
484 st=S wc=do_select
485 st=S wc=do_wait_intr_irq
486 st=R wc=0
487 st=S wc=do_select
488 st=S wc=hrtimer_nanosleep
489 st=R wc=0
490 st=S wc=do_select
491 st=S wc=futex_wait_queue
492 st=R wc=0
493 st=S wc=do_select
494 st=S wc=do_select
495 st=R wc=0
496 st=S wc=do_select
497 st=R wc=0
498 st=S wc=do_select
499 st=S wc=hrtimer_nanosleep
500 st=R wc=0
501 st=S wc=futex_wait_queue
502 st=S wc=futex_wait_queue
503 st=S wc=futex_wait_queue
504 st=S wc=futex_wait_queue
505 st=S wc=futex_wait_queue
506 st=R wc=0
507 st=S wc=do_select
508 st=S wc=futex_wait_queue
509 st=S wc=do_select
--- IP ADDR ---
1: lo: <LOOPBACK> mtu 65536 qdisc noop state DOWN group default qlen 1000
    link/loopback 00:00:00:00:00:00 brd 00:00:00:00:00:00
2: eth0: <BROADCAST,MULTICAST,UP,LOWER_UP> mtu 1500 qdisc pfifo_fast state UP group default qlen 1000
    link/ether 52:54:00:12:34:56 brd ff:ff:ff:ff:ff:ff
    inet 10.0.2.15/24 scope global eth0
       valid_lft forever preferred_lft forever
    inet6 fec0::5054:ff:fe12:3456/64 scope site dynamic mngtmpaddr proto kernel_ra 
       valid_lft 86388sec preferred_lft 14388sec
    inet6 fe80::5054:ff:fe12:3456/64 scope link proto kernel_ll 
       valid_lft forever preferred_lft forever
--- MFP LOG HEAD ---
plog lib mfp process init json config error 
pntp socket client init 
[2026-08-24 07:54:36.314 ] pcie_integrate_features:463 ULOG WARN vd:3 , send_offset:32768 , recv_offset:0
[2026-08-24 07:54:36.320 ] pcie_integrate_features:463 ULOG WARN vd:5 , send_offset:32768 , recv_offset:0
error:miss key;line:=
[07:54:46.216] hal_core_init                  - core/hal_core_init.c L29    [HAL][INFO]  -->  Enter and init hal lib
[07:54:46.218] cjson_get_dev_config           - core/hal_cjson_class.c L723   [HAL][INFO]  -->  Module touch do not have device config
[07:54:46.218] cjson_get_dev_config           - core/hal_cjson_class.c L723   [HAL][INFO]  -->  Module backlight do not have device config
[07:54:46.218] cjson_get_dev_config           - core/hal_cjson_class.c L723   [HAL][INFO]  -->  Module frambuffer do not have device config
[07:54:46.219] cjson_get_dev_config           - core/hal_cjson_class.c L723   [HAL][INFO]  -->  Module low_power do not have device config
[07:54:46.219] cjson_get_dev_config           - core/hal_cjson_class.c L723   [HAL][INFO]  -->  Module print_comm do not have device config
[07:54:46.219] cjson_get_dev_config           - core/hal_cjson_class.c L723   [HAL][INFO]  -->  Module scan_comm do not have device config
[07:54:46.219] cjson_get_dev_config           - core/hal_cjson_class.c L723   [HAL][INFO]  -->  Module beep do not have device config
[07:54:46.220] cjson_get_dev_config           - core/hal_cjson_class.c L723   [HAL][INFO]  -->  Module speaker do not have device config
[07:54:46.220] cjson_get_dev_config           - core/hal_cjson_class.c L723   [HAL][INFO]  -->  Module fan do not have device config
[07:54:46.220] cjson_get_dev_config           - core/hal_cjson_class.c L723   [HAL][INFO]  -->  Module usb_host do not have device config
[07:54:46.220] hal_core_init                  - core/hal_core_init.c L57    [HAL][DEBUG]  -->  Module node touch (id 2), do not need to call module init 
[07:54:46.220] hal_core_init                  - core/hal_core_init.c L57    [HAL][DEBUG]  -->  Module node backlight (id 3), do not need to call module init 
[07:54:46.220] hal_core_init                  - core/hal_core_init.c L57    [HAL][DEBUG]  -->  Module node fb (id 4), do not need to call module init 
[07:54:46.220] hal_core_init                  - core/hal_core_init.c L57    [HAL][DEBUG]  -->  Module node beep (id 11), do not need to call module init 
[07:54:46.220] hal_core_init                  - core/hal_core_init.c L57    [HAL][DEBUG]  -->  Module node speaker (id 12), do not need to call module init 
[07:54:46.220] hal_core_init                  - core/hal_core_init.c L57    [HAL][DEBUG]  -->  Module node fan (id 13), do not need to call module init 
[07:54:46.220] hal_core_init                  - core/hal_core_init.c L57    [HAL][DEBUG]  -->  Module node wifi (id 15), do not need to call module init 
[07:54:46.220] hal_core_init                  - core/hal_core_init.c L57    [HAL][DEBUG]  -->  Module node bt (id 16), do not need to call module init 
[07:54:46.221] storage_init                   - module/storage/storage_init/storage_init.c L23    [HAL][WARN]  -->  storage module has init
[07:54:46.221] hal_save_proc_info             - intf/hal_init.c      L67    [HAL][ERROR]  -->  attach hal lib process id: 00000447  name: mfp.afx 
[07:54:46.222] pi_hal_wifi_request            - intf/hal_wifi.c      L21    [HAL][ERROR]  -->  HAL interface pi_hal_wifi_request call failed
[07:54:51.678] hal_common_ioctl               - core/hal_common_dev.c L128   [HAL][ERROR]  -->  ioctl error errno = No such file or directory
[07:54:51.679] boardinfo_interface_getinfo    - module/boardinfo/boardinfo_interface.c L151   [HAL][ERROR]  -->  Error to get info from device /dev/board_desc
[2026-08-24 07:54:51.682 ] _wait_for_peer:747 IBC WARN 447:wait failed
--- MFP LOG FILTERED ---
[35m[osal/pol/os/Linux/pol_linux.c:55]tid(500) statck size(0x00008000) name(storage_recv_thread)[0m
else
cmd register ok = ipm - save
cmd register ok = ipm - saveimage
cmd register ok = ipm - algorithm_enable
[35m[osal/pol/os/Linux/pol_linux.c:55]tid(501) statck size(0x00004000) name(image_processing_manager)[0m
cmd register ok = ipm - pipes
cmd register ok = ipm - description
cmd register ok = ipm - activation
cmd register ok = ipm - restart
cmd register ok = ipm - pause
else
else
else
else
[35m[osal/pol/os/Linux/pol_linux.c:55]tid(504) statck size(0x00004000) name(pipeline_process)[0m
[35m[osal/pol/os/Linux/pol_linux.c:55]tid(502) statck size(0x00004000) name(pipeline_process)[0m
[35m[osal/pol/os/Linux/pol_linux.c:55]tid(503) statck size(0x00004000) name(pipeline_process)[0m
[35m[osal/pol/os/Linux/pol_linux.c:55]tid(505) statck size(0x00004000) name(pipeline_process)[0m
stomgr update status data:[ 0x30e20003 0x6 0xffffffff 0xffffffff ]
cmd register ok = rotate - save
cmd register ok = rotate - split
cmd register ok = rotate - print_replace
cmd register ok = ipm - log
cmd register ok = ipm - debug
cmd register ok = ipm - front
cmd register ok = ipm - back
hello,CONFIG_PRINT
this is print_func
else
[35m[osal/pol/os/Linux/pol_linux.c:55]tid(508) statck size(0x00004000) name(print_info_thread)[0m
peed[0], machine_tag[0x0], product_name[], pid[0x0]
rint_info_status_init]   L1732:speed[0], machine_tag[0x0], product_name[], pid[0x0]
[2026-08-24 07:56:28.760 ] sql_find_table:268 SYS_JOB ERROR sqlite3_step error:no more rows available
[2026-08-24 07:56:28.760 ] sql_create_table:224 SYS_JOB DEBUG create table:jobinfo
[2026-08-24 07:56:28.943 ] sql_create_table:224 SYS_JOB DEBUG create table:T8192
[2026-08-24 07:56:29.498 ] sql_find_table:268 SYS_JOB ERROR sqlite3_step error:no more rows available
[2026-08-24 07:56:29.498 ] sql_create_table:224 SYS_JOB DEBUG create table:sample
[2026-08-24 07:56:29.531 ] sql_find_table:268 SYS_JOB ERROR sqlite3_step error:no more rows available
[2026-08-24 07:56:29.531 ] sql_create_table:224 SYS_JOB DEBUG create table:delay
[2026-08-24 07:56:30.061 ] sql_find_table:268 SYS_JOB ERROR sqlite3_step error:no more rows available
[2026-08-24 07:56:30.062 ] sql_create_table:224 SYS_JOB DEBUG create table:pincode
x0], product_name[], pid[0x0]
   L1732:speed[0], machine_tag[0x0], product_name[], pid[0x0]
id[0x0]
hine_tag[0x0], product_name[], pid[0x0]
atus_init]   L1732:speed[0], machine_tag[0x0], product_name[], pid[0x0]
_name[], pid[0x0]
ed[0], machine_tag[0x0], product_name[], pid[0x0]
nt_info_status_init]   L1732:speed[0], machine_tag[0x0], product_name[], pid[0x0]
--- MFP LOG SIZE ---
-rw-r--r-- 1 root root 51281954 Aug 24 08:00 /tmp/mfp.log
--- LISTEN TCP ---
--- NETSTAT TCP ---
Active Internet connections (only servers)
Proto Recv-Q Send-Q Local Address           Foreign Address         State       
--- MFP TAG ---
[  505.960303] hrtimer: interrupt took 31894304 ns
0
--- INI FILES ---
-rw-r--r-- 1 root root 112 Aug 24 07:54 /root/en_machine_config.ini
-rw-r--r-- 1 root root 112 Aug 24 07:54 /tmp/machine_config.ini
