UEFI firmware (version edk2-stable202408-prebuilt.qemu.org built at 16:28:50 on Sep 12 2024)
ArmTrngLib could not be correctly initialized.
Error: Image at 000BFDB6000 start failed: 00000001
Error: Image at 000BFD6D000 start failed: Not Found
Error: Image at 000BFCBA000 start failed: Unsupported
Error: Image at 000BFB5E000 start failed: Aborted
Tpm2SubmitCommand - Tcg2 - Not Found
Tpm2GetCapabilityPcrs fail!
Tpm2SubmitCommand - Tcg2 - Not Found
Image type X64 can't be loaded on AARCH64 UEFI system.
[2J[01;01H[=3h[2J[01;01H[2J[01;01H[=3h[2J[01;01HEFI stub: Decompressing Linux Kernel...
EFI stub: Loaded initrd from LINUX_EFI_INITRD_MEDIA_GUID device path
EFI stub: Generating empty DTB
EFI stub: Exiting boot services...
[    0.000000] Booting Linux on physical CPU 0x0000000000 [0x414fd0b1]
[    0.000000] Linux version 6.12.103-0-virt (buildozer@build-3-21-aarch64) (gcc (Alpine 14.2.0) 14.2.0, GNU ld (GNU Binutils) 2.43.1) #1-Alpine SMP PREEMPT_DYNAMIC 2026-08-10 14:25:03
[    0.000000] efi: EFI v2.7 by EDK II
[    0.000000] efi: SMBIOS 3.0=0xbfed0000 MEMATTR=0xbe18b018 ACPI 2.0=0xbcb43018 INITRD=0xbcb40f18 MEMRESERVE=0xbcb40f98 
[    0.000000] ACPI: Early table checksum verification disabled
[    0.000000] ACPI: RSDP 0x00000000BCB43018 000024 (v02 BOCHS )
[    0.000000] ACPI: XSDT 0x00000000BCB43F18 000064 (v01 BOCHS  BXPC     00000001      01000013)
[    0.000000] ACPI: FACP 0x00000000BCB43B18 000114 (v06 BOCHS  BXPC     00000001 BXPC 00000001)
[    0.000000] ACPI: DSDT 0x00000000BCB41018 001506 (v02 BOCHS  BXPC     00000001 BXPC 00000001)
[    0.000000] ACPI: APIC 0x00000000BCB43C98 0000FC (v04 BOCHS  BXPC     00000001 BXPC 00000001)
[    0.000000] ACPI: PPTT 0x00000000BCB43E18 000074 (v02 BOCHS  BXPC     00000001 BXPC 00000001)
[    0.000000] ACPI: GTDT 0x00000000BCB43098 000068 (v03 BOCHS  BXPC     00000001 BXPC 00000001)
[    0.000000] ACPI: MCFG 0x00000000BCB43A98 00003C (v01 BOCHS  BXPC     00000001 BXPC 00000001)
[    0.000000] ACPI: SPCR 0x00000000BCB43818 000050 (v02 BOCHS  BXPC     00000001 BXPC 00000001)
[    0.000000] ACPI: DBG2 0x00000000BCB43A18 000057 (v00 BOCHS  BXPC     00000001 BXPC 00000001)
[    0.000000] ACPI: IORT 0x00000000BCB43898 000054 (v05 BOCHS  BXPC     00000001 BXPC 00000001)
[    0.000000] ACPI: SPCR: console: pl011,mmio32,0x9000000,9600
[    0.000000] ACPI: Use ACPI SPCR as default console: Yes
[    0.000000] NUMA: Faking a node at [mem 0x0000000040000000-0x00000000bfffffff]
[    0.000000] NODE_DATA(0) allocated [mem 0xbf855b80-0xbf857fff]
[    0.000000] Zone ranges:
[    0.000000]   DMA      [mem 0x0000000040000000-0x00000000bfffffff]
[    0.000000]   DMA32    empty
[    0.000000]   Normal   empty
[    0.000000] Movable zone start for each node
[    0.000000] Early memory node ranges
[    0.000000]   node   0: [mem 0x0000000040000000-0x00000000bc76ffff]
[    0.000000]   node   0: [mem 0x00000000bc770000-0x00000000bcb3ffff]
[    0.000000]   node   0: [mem 0x00000000bcb40000-0x00000000bfe1ffff]
[    0.000000]   node   0: [mem 0x00000000bfe20000-0x00000000bfeaffff]
[    0.000000]   node   0: [mem 0x00000000bfeb0000-0x00000000bfebffff]
[    0.000000]   node   0: [mem 0x00000000bfec0000-0x00000000bffdffff]
[    0.000000]   node   0: [mem 0x00000000bffe0000-0x00000000bfffffff]
[    0.000000] Initmem setup node 0 [mem 0x0000000040000000-0x00000000bfffffff]
[    0.000000] psci: probing for conduit method from ACPI.
[    0.000000] psci: PSCIv1.1 detected in firmware.
[    0.000000] psci: Using standard PSCI v0.2 function IDs
[    0.000000] psci: Trusted OS migration not required
[    0.000000] psci: SMC Calling Convention v1.0
[    0.000000] percpu: Embedded 33 pages/cpu s96984 r8192 d29992 u135168
[    0.000000] Detected PIPT I-cache on CPU0
[    0.000000] CPU features: detected: Spectre-v4
[    0.000000] CPU features: detected: Spectre-BHB
[    0.000000] CPU features: detected: Broken broadcast TLBI completion
[    0.000000] CPU features: detected: SSBS not fully self-synchronizing
[    0.000000] alternatives: applying boot alternatives
[    0.000000] Kernel command line: root=/dev/vda rw console=ttyAMA0 initrd=initrd
[    0.000000] Dentry cache hash table entries: 262144 (order: 9, 2097152 bytes, linear)
[    0.000000] Inode-cache hash table entries: 131072 (order: 8, 1048576 bytes, linear)
[    0.000000] Fallback order for Node 0: 0 
[    0.000000] Built 1 zonelists, mobility grouping on.  Total pages: 524288
[    0.000000] Policy zone: DMA
[    0.000000] mem auto-init: stack:all(zero), heap alloc:on, heap free:off
[    0.000000] software IO TLB: SWIOTLB bounce buffer size adjusted to 2MB
[    0.000000] software IO TLB: area num 2.
[    0.000000] software IO TLB: mapped [mem 0x00000000bf2b4000-0x00000000bf4b4000] (2MB)
[    0.000000] SLUB: HWalign=64, Order=0-3, MinObjects=0, CPUs=2, Nodes=1
[    0.000000] Dynamic Preempt: none
[    0.000000] rcu: Preemptible hierarchical RCU implementation.
[    0.000000] rcu: 	RCU restricting CPUs from NR_CPUS=4096 to nr_cpu_ids=2.
[    0.000000] 	Trampoline variant of Tasks RCU enabled.
[    0.000000] 	Tracing variant of Tasks RCU enabled.
[    0.000000] rcu: RCU calculated value of scheduler-enlistment delay is 10 jiffies.
[    0.000000] rcu: Adjusting geometry for rcu_fanout_leaf=16, nr_cpu_ids=2
[    0.000000] RCU Tasks: Setting shift to 1 and lim to 1 rcu_task_cb_adjust=1 rcu_task_cpu_ids=2.
[    0.000000] RCU Tasks Trace: Setting shift to 1 and lim to 1 rcu_task_cb_adjust=1 rcu_task_cpu_ids=2.
[    0.000000] NR_IRQS: 64, nr_irqs: 64, preallocated irqs: 0
[    0.000000] Root IRQ handler: gic_handle_irq
[    0.000000] GICv2m: ACPI overriding V2M MSI_TYPER (base:80, num:64)
[    0.000000] GICv2m: range[mem 0x08020000-0x08020fff], SPI[80:143]
[    0.000000] rcu: srcu_init: Setting srcu_struct sizes based on contention.
[    0.000000] clocksource: jiffies: mask: 0xffffffff max_cycles: 0xffffffff, max_idle_ns: 19112604462750000 ns
[    0.000000] arch_timer: cp15 timer(s) running at 62.50MHz (virt).
[    0.000000] clocksource: arch_sys_counter: mask: 0x1ffffffffffffff max_cycles: 0x1cd42e208c, max_idle_ns: 881590405314 ns
[    0.000593] sched_clock: 57 bits at 63MHz, resolution 16ns, wraps every 4398046511096ns
[    0.187317] kfence: initialized - using 2097152 bytes for 255 objects at 0x(____ptrval____)-0x(____ptrval____)
[    0.820721] Console: colour dummy device 80x25
[    0.951052] ACPI: Core revision 20240827
[    1.313131] Calibrating delay loop (skipped), value calculated using timer frequency.. 125.00 BogoMIPS (lpj=625000)
[    1.314252] pid_max: default: 32768 minimum: 301
[    1.802167] LSM: initializing lsm=lockdown,capability,landlock
[    1.922339] landlock: Up and running.
[    2.049645] Mount-cache hash table entries: 4096 (order: 3, 32768 bytes, linear)
[    2.050187] Mountpoint-cache hash table entries: 4096 (order: 3, 32768 bytes, linear)
[    6.265684] rcu: Hierarchical SRCU implementation.
[    6.276686] rcu: 	Max phase no-delay instances is 1000.
[    6.446734] Timer migration: 1 hierarchy levels; 8 children per group; 1 crossnode level
[    6.866469] Remapping and enabling EFI services.
[    7.165086] smp: Bringing up secondary CPUs ...
[    7.817380] Detected PIPT I-cache on CPU1
[    7.864745] CPU1: Booted secondary processor 0x0000000001 [0x414fd0b1]
[    8.017502] smp: Brought up 1 node, 2 CPUs
[    8.017901] SMP: Total of 2 processors activated.
[    8.018215] CPU: All CPU(s) started at EL1
[    8.044837] CPU features: detected: 32-bit EL0 Support
[    8.045468] CPU features: detected: Data cache clean to the PoU not required for I/D coherence
[    8.047560] CPU features: detected: Common not Private translations
[    8.047836] CPU features: detected: CRC32 instructions
[    8.050079] CPU features: detected: RCpc load-acquire (LDAPR)
[    8.051139] CPU features: detected: LSE atomic instructions
[    8.051224] CPU features: detected: Privileged Access Never
[    8.051256] CPU features: detected: RAS Extension Support
[    8.051620] CPU features: detected: Speculative Store Bypassing Safe (SSBS)
[    8.999984] alternatives: applying system-wide alternatives
[   10.566571] CPU features: detected: Hardware dirty bit management on CPU0-1
[   11.767907] Memory: 2003472K/2097152K available (12608K kernel code, 1950K rwdata, 7812K rodata, 1920K init, 9305K bss, 89376K reserved, 0K cma-reserved)
[   13.509777] devtmpfs: initialized
[   14.532278] futex hash table entries: 512 (order: 3, 32768 bytes, linear)
[   14.549376] 24304 pages in range for non-PLT usage
[   14.552322] 515824 pages in range for PLT usage
[   14.753516] pinctrl core: initialized pinctrl subsystem
[   15.604162] SMBIOS 3.0.0 present.
[   15.625907] DMI: QEMU QEMU Virtual Machine, BIOS edk2-stable202408-prebuilt.qemu.org 08/13/2024
[   15.642236] DMI: Memory slots populated: 1/1
[   16.496454] NET: Registered PF_NETLINK/PF_ROUTE protocol family
[   17.115466] DMA: preallocated 256 KiB GFP_KERNEL pool for atomic allocations
[   17.227752] DMA: preallocated 256 KiB GFP_KERNEL|GFP_DMA pool for atomic allocations
[   17.244254] DMA: preallocated 256 KiB GFP_KERNEL|GFP_DMA32 pool for atomic allocations
[   17.258461] audit: initializing netlink subsys (disabled)
[   17.580061] audit: type=2000 audit(5.000:1): state=initialized audit_enabled=0 res=1
[   18.035724] thermal_sys: Registered thermal governor 'step_wise'
[   18.096665] cpuidle: using governor ladder
[   18.162814] cpuidle: using governor menu
[   18.294713] hw-breakpoint: found 6 breakpoint and 4 watchpoint registers.
[   18.328720] ASID allocator initialised with 65536 entries
[   18.367458] acpiphp: ACPI Hot Plug PCI Controller Driver version: 0.5
[   18.394339] Serial: AMBA PL011 UART driver
[   19.057574] HugeTLB: registered 1.00 GiB page size, pre-allocated 0 pages
[   19.057791] HugeTLB: 0 KiB vmemmap can be freed for a 1.00 GiB page
[   19.057912] HugeTLB: registered 32.0 MiB page size, pre-allocated 0 pages
[   19.057946] HugeTLB: 0 KiB vmemmap can be freed for a 32.0 MiB page
[   19.057986] HugeTLB: registered 2.00 MiB page size, pre-allocated 0 pages
[   19.058013] HugeTLB: 0 KiB vmemmap can be freed for a 2.00 MiB page
[   19.058052] HugeTLB: registered 64.0 KiB page size, pre-allocated 0 pages
[   19.058079] HugeTLB: 0 KiB vmemmap can be freed for a 64.0 KiB page
[   20.027402] ACPI: Added _OSI(Module Device)
[   20.027842] ACPI: Added _OSI(Processor Device)
[   20.027904] ACPI: Added _OSI(Processor Aggregator Device)
[   20.835288] ACPI: 1 ACPI AML tables successfully acquired and loaded
[   21.334928] ACPI: Interpreter enabled
[   21.335172] ACPI: Using GIC for interrupt routing
[   21.370759] ACPI: MCFG table detected, 1 entries
[   23.063453] ACPI: CPU0 has been hot-added
[   23.085861] ACPI: CPU1 has been hot-added
[   23.717929] ARMH0011:00: ttyAMA0 at MMIO 0x9000000 (irq = 12, base_baud = 0) is a SBSA
[   23.774000] printk: legacy console [ttyAMA0] enabled
[   25.134332] ACPI: PCI: Interrupt link L000 configured for IRQ 35
[   25.167717] ACPI: PCI: Interrupt link L001 configured for IRQ 36
[   25.181910] ACPI: PCI: Interrupt link L002 configured for IRQ 37
[   25.190828] ACPI: PCI: Interrupt link L003 configured for IRQ 38
[   25.214167] ACPI: PCI Root Bridge [PCI0] (domain 0000 [bus 00-ff])
[   25.298069] acpi PNP0A08:00: _OSC: OS supports [ExtendedConfig ASPM ClockPM Segments MSI HPX-Type3]
[   25.716831] acpi PNP0A08:00: _OSC: platform does not support [LTR]
[   25.802364] acpi PNP0A08:00: _OSC: OS now controls [PCIeHotplug PME PCIeCapability]
[   26.220245] acpi PNP0A08:00: ECAM area [mem 0x4010000000-0x401fffffff] reserved by PNP0C02:00
[   26.263005] acpi PNP0A08:00: ECAM at [mem 0x4010000000-0x401fffffff] for [bus 00-ff]
[   26.402369] ACPI: Remapped I/O 0x000000003eff0000 to [io  0x0000-0xffff window]
[   26.599970] PCI host bridge to bus 0000:00
[   26.613552] pci_bus 0000:00: root bus resource [mem 0x10000000-0x3efeffff window]
[   26.618427] pci_bus 0000:00: root bus resource [io  0x0000-0xffff window]
[   26.619945] pci_bus 0000:00: root bus resource [mem 0x8000000000-0xffffffffff window]
[   26.636056] pci_bus 0000:00: root bus resource [bus 00-ff]
[   26.697903] pci 0000:00:00.0: [1b36:0008] type 00 class 0x060000 conventional PCI endpoint
[   26.880998] pci 0000:00:01.0: [1af4:1000] type 00 class 0x020000 conventional PCI endpoint
[   26.885439] pci 0000:00:01.0: BAR 0 [io  0x0080-0x009f]
[   26.895850] pci 0000:00:01.0: BAR 1 [mem 0x10041000-0x10041fff]
[   26.898430] pci 0000:00:01.0: BAR 4 [mem 0x8000000000-0x8000003fff 64bit pref]
[   26.915313] pci 0000:00:01.0: ROM [mem 0xfffc0000-0xffffffff pref]
[   26.947133] pci 0000:00:02.0: [1af4:1001] type 00 class 0x010000 conventional PCI endpoint
[   26.951861] pci 0000:00:02.0: BAR 0 [io  0x0000-0x007f]
[   26.961844] pci 0000:00:02.0: BAR 1 [mem 0x10040000-0x10040fff]
[   26.977724] pci 0000:00:02.0: BAR 4 [mem 0x8000004000-0x8000007fff 64bit pref]
[   27.025420] pci 0000:00:01.0: ROM [mem 0x10000000-0x1003ffff pref]: assigned
[   27.047507] pci 0000:00:01.0: BAR 4 [mem 0x8000000000-0x8000003fff 64bit pref]: assigned
[   27.057554] pci 0000:00:02.0: BAR 4 [mem 0x8000004000-0x8000007fff 64bit pref]: assigned
[   27.134178] pci 0000:00:01.0: BAR 1 [mem 0x10040000-0x10040fff]: assigned
[   27.151089] pci 0000:00:02.0: BAR 1 [mem 0x10041000-0x10041fff]: assigned
[   27.154043] pci 0000:00:02.0: BAR 0 [io  0x1000-0x107f]: assigned
[   27.157219] pci 0000:00:01.0: BAR 0 [io  0x1080-0x109f]: assigned
[   27.160730] pci_bus 0000:00: resource 4 [mem 0x10000000-0x3efeffff window]
[   27.162357] pci_bus 0000:00: resource 5 [io  0x0000-0xffff window]
[   27.163864] pci_bus 0000:00: resource 6 [mem 0x8000000000-0xffffffffff window]
[   27.361197] iommu: Default domain type: Translated
[   27.362952] iommu: DMA domain TLB invalidation policy: lazy mode
[   27.979952] efivars: Registered efivars operations
[   28.486074] clocksource: Switched to clocksource arch_sys_counter
[   28.851887] VFS: Disk quotas dquot_6.6.0
[   28.908355] VFS: Dquot-cache hash table entries: 512 (order 0, 4096 bytes)
[   29.103319] pnp: PnP ACPI init
[   29.262501] system 00:00: [mem 0x4010000000-0x401fffffff window] could not be reserved
[   29.268140] pnp: PnP ACPI: found 1 devices
[   31.852501] NET: Registered PF_INET protocol family
[   31.885672] IP idents hash table entries: 32768 (order: 6, 262144 bytes, linear)
[   32.598435] hrtimer: interrupt took 87925296 ns
[   43.614915] tcp_listen_portaddr_hash hash table entries: 1024 (order: 2, 16384 bytes, linear)
[   43.619599] Table-perturb hash table entries: 65536 (order: 6, 262144 bytes, linear)
[   43.623112] TCP established hash table entries: 16384 (order: 5, 131072 bytes, linear)
[   43.800167] TCP bind hash table entries: 16384 (order: 7, 524288 bytes, linear)
[   43.811642] TCP: Hash tables configured (established 16384 bind 16384)
[   43.837002] MPTCP token hash table entries: 2048 (order: 4, 49152 bytes, linear)
[   44.849966] UDP hash table entries: 1024 (order: 3, 32768 bytes, linear)
[   44.855763] UDP-Lite hash table entries: 1024 (order: 3, 32768 bytes, linear)
[   47.852502] NET: Registered PF_UNIX/PF_LOCAL protocol family
[   47.860754] NET: Registered PF_XDP protocol family
[   47.864992] PCI: CLS 0 bytes, default 64
[   49.466907] kvm [1]: HYP mode not available
[   49.775497] Unpacking initramfs...
[   50.366702] Initialise system trusted keyrings
[   50.686599] workingset: timestamp_bits=44 max_order=19 bucket_order=0
[   52.327648] Key type asymmetric registered
[   52.330099] Asymmetric key parser 'x509' registered
[   52.343695] Block layer SCSI generic (bsg) driver version 0.4 loaded (major 249)
[   52.413907] io scheduler mq-deadline registered
[   52.600058] io scheduler kyber registered
[   52.751063] io scheduler bfq registered
[   53.428311] ACPI: \_SB_.L001: Enabled at IRQ 36
[   53.440825] virtio-pci 0000:00:01.0: enabling device (0000 -> 0003)
[   54.047251] ACPI: \_SB_.L002: Enabled at IRQ 37
[   54.049082] virtio-pci 0000:00:02.0: enabling device (0000 -> 0003)
[   54.198761] Serial: 8250/16550 driver, 4 ports, IRQ sharing enabled
[   55.048838] hv_vmbus: registering driver hyperv_keyboard
[   56.007451] rtc-efi rtc-efi.0: registered as rtc0
[   56.132383] rtc-efi rtc-efi.0: setting system clock to 2026-08-22T07:07:29 UTC (1787382449)
[   56.310229] NET: Registered PF_INET6 protocol family
[   56.833306] Segment Routing with IPv6
[   56.836830] In-situ OAM (IOAM) with IPv6
[   58.699880] registered taskstats version 1
[   58.990461] Loading compiled-in X.509 certificates
[   61.751934] Freeing initrd memory: 5180K
[   66.081345] Loaded X.509 cert 'alpinelinux.org: Alpine Linux kernel key: 87fa969a47f3e2a6aa35859eb932a17c95abcd82'
[   67.474722] Demotion targets for Node 0: null
[   67.592167] Key type .fscrypt registered
[   67.594705] Key type fscrypt-provisioning registered
[   68.597256] clk: Disabling unused clocks
[   68.601602] PM: genpd: Disabling unused power domains
[   70.534338] Freeing unused kernel memory: 1920K
[   70.566835] Run /init as init process
[   74.286249] Alpine Init 3.11.1-r0
Alpine Init 3.11.1-r0
[   74.431932] Loading boot drivers...
 * Loading boot drivers: [   87.185887] Loading boot drivers: ok.
ok.
SIMBOOT: kernel=6.12.103-0-virt
[   88.683036] Invalid ELF header magic: != ELF
[   89.435447] virtio_blk virtio1: 2/0/0 default/read/poll queues
[   89.992206] virtio_blk virtio1: [vda] 1411072 512-byte logical blocks (722 MB/689 MiB)
[   91.006387] Invalid ELF header magic: != ELF
[   91.542524] Invalid ELF header magic: != ELF
[   92.001454] Invalid ELF header magic: != ELF
[   92.596312] Invalid ELF header magic: != ELF
[   94.729821] Invalid ELF header magic: != ELF
[  104.283330] EXT4-fs (vda): mounted filesystem 1799a7eb-09df-4b80-8c57-0424de58e445 r/w with ordered data mode. Quota mode: none.
SIMBOOT: root mounted rw, running real mfp.afx
MFP_PID=412
[  139.281662] random: crng init done
=== PLOG TAIL ===
[2026-08-22 07:10:10.850 ] pcie_init:82 ULOG WARN mmap failed , No such device
[2026-08-22 07:10:11.435 ] pcie_init:82 ULOG WARN mmap failed , No such device
[2026-08-22 07:10:11.904 ] pcie_init:82 ULOG WARN mmap failed , No such device
[2026-08-22 07:10:12.516 ] pcie_init:82 ULOG WARN mmap failed , No such device
[2026-08-22 07:10:13.095 ] pcie_init:82 ULOG WARN mmap failed , No such device
[2026-08-22 07:10:13.563 ] pcie_init:82 ULOG WARN mmap failed , No such device
[2026-08-22 07:10:14.150 ] pcie_init:82 ULOG WARN mmap failed , No such device
[2026-08-22 07:10:14.584 ] pcie_init:82 ULOG WARN mmap failed , No such device
[2026-08-22 07:10:15.171 ] pcie_init:82 ULOG WARN mmap failed , No such device
[2026-08-22 07:10:15.618 ] pcie_init:82 ULOG WARN mmap failed , No such device
[2026-08-22 07:10:16.222 ] pcie_init:82 ULOG WARN mmap failed , No such device
[2026-08-22 07:10:16.666 ] pcie_init:82 ULOG WARN mmap failed , No such device
[2026-08-22 07:10:17.253 ] pcie_init:82 ULOG WARN mmap failed , No such device
[2026-08-22 07:10:17.686 ] pcie_init:82 ULOG WARN mmap failed , No such device
[2026-08-22 07:10:18.271 ] pcie_init:82 ULOG WARN mmap failed , No such device
[2026-08-22 07:10:18.735 ] pcie_init:82 ULOG WARN mmap failed , No such device
[2026-08-22 07:10:19.295 ] pcie_init:82 ULOG WARN mmap failed , No such device
[2026-08-22 07:10:19.769 ] pcie_init:82 ULOG WARN mmap failed , No such device
[2026-08-22 07:10:20.368 ] pcie_init:82 ULOG WARN mmap failed , No such device
[2026-08-22 07:10:20.822 ] pcie_init:82 ULOG WARN mmap failed , No such device
[2026-08-22 07:10:21.397 ] pcie_init:82 ULOG WARN mmap failed , No such device
[2026-08-22 07:10:22.014 ] pcie_init:82 ULOG WARN mmap failed , No such device
[2026-08-22 07:10:22.467 ] pcie_init:82 ULOG WARN mmap failed , No such device
[2026-08-22 07:10:23.030 ] pcie_init:82 ULOG WARN mmap failed , No such device
[2026-08-22 07:10:23.579 ] pcie_init:82 ULOG WARN mmap failed , No such device
[2026-08-22 07:10:24.118 ] pcie_init:82 ULOG WARN mmap failed , No such device
[2026-08-22 07:10:24.644 ] pcie_init:82 ULOG WARN mmap failed , No such device
[2026-08-22 07:10:25.213 ] pcie_init:82 ULOG WARN mmap failed , No such device
[2026-08-22 07:10:25.681 ] pcie_init:82 ULOG WARN mmap failed , No such device
[2026-08-22 07:10:26.223 ] pcie_init:82 ULOG WARN mmap failed , No such device
[2026-08-22 07:10:26.695 ] pcie_init:82 ULOG WARN mmap failed , No such device
[2026-08-22 07:10:27.278 ] pcie_init:82 ULOG WARN mmap failed , No such device
[2026-08-22 07:10:27.719 ] pcie_init:82 ULOG WARN mmap failed , No such device
[2026-08-22 07:10:28.318 ] pcie_init:82 ULOG WARN mmap failed , No such device
[2026-08-22 07:10:28.799 ] pcie_init:82 ULOG WARN mmap failed , No such device
=== STDOUT HEAD ===
1 mfp process plog lib init 
pntp socket client init 
=== PROC STATE ===
Name:	mfp.afx
State:	R (running)
Threads:	11
done
SIMBOOT: mfp run finished, keeping shell
/bin/sh: can't access tty; job control turned off
~ # [6n