UEFI firmware (version edk2-stable202408-prebuilt.qemu.org built at 16:28:50 on Sep 12 2024)
ArmTrngLib could not be correctly initialized.
Error: Image at 000BFDB6000 start failed: 00000001
Error: Image at 000BFD6D000 start failed: Not Found
Error: Image at 000BFCBA000 start failed: Unsupported
Error: Image at 000BFB5E000 start failed: Aborted
Tpm2SubmitCommand - Tcg2 - Not Found
Tpm2GetCapabilityPcrs fail!
Tpm2SubmitCommand - Tcg2 - Not Found
Image type X64 can't be loaded on AARCH64 UEFI system.
[2J[01;01H[=3h[2J[01;01H[2J[01;01H[=3h[2J[01;01HEFI stub: Decompressing Linux Kernel...
EFI stub: Loaded initrd from LINUX_EFI_INITRD_MEDIA_GUID device path
EFI stub: Generating empty DTB
EFI stub: Exiting boot services...
[    0.000000] Booting Linux on physical CPU 0x0000000000 [0x414fd0b1]
[    0.000000] Linux version 6.12.103-0-virt (buildozer@build-3-21-aarch64) (gcc (Alpine 14.2.0) 14.2.0, GNU ld (GNU Binutils) 2.43.1) #1-Alpine SMP PREEMPT_DYNAMIC 2026-08-10 14:25:03
[    0.000000] efi: EFI v2.7 by EDK II
[    0.000000] efi: SMBIOS 3.0=0xbfed0000 MEMATTR=0xbe176018 ACPI 2.0=0xbcb43018 INITRD=0xbcb40f18 MEMRESERVE=0xbcb40f98 
[    0.000000] ACPI: Early table checksum verification disabled
[    0.000000] ACPI: RSDP 0x00000000BCB43018 000024 (v02 BOCHS )
[    0.000000] ACPI: XSDT 0x00000000BCB43F18 000064 (v01 BOCHS  BXPC     00000001      01000013)
[    0.000000] ACPI: FACP 0x00000000BCB43B18 000114 (v06 BOCHS  BXPC     00000001 BXPC 00000001)
[    0.000000] ACPI: DSDT 0x00000000BCB41018 001506 (v02 BOCHS  BXPC     00000001 BXPC 00000001)
[    0.000000] ACPI: APIC 0x00000000BCB43C98 0000FC (v04 BOCHS  BXPC     00000001 BXPC 00000001)
[    0.000000] ACPI: PPTT 0x00000000BCB43E18 000074 (v02 BOCHS  BXPC     00000001 BXPC 00000001)
[    0.000000] ACPI: GTDT 0x00000000BCB43098 000068 (v03 BOCHS  BXPC     00000001 BXPC 00000001)
[    0.000000] ACPI: MCFG 0x00000000BCB43A98 00003C (v01 BOCHS  BXPC     00000001 BXPC 00000001)
[    0.000000] ACPI: SPCR 0x00000000BCB43818 000050 (v02 BOCHS  BXPC     00000001 BXPC 00000001)
[    0.000000] ACPI: DBG2 0x00000000BCB43A18 000057 (v00 BOCHS  BXPC     00000001 BXPC 00000001)
[    0.000000] ACPI: IORT 0x00000000BCB43898 000054 (v05 BOCHS  BXPC     00000001 BXPC 00000001)
[    0.000000] ACPI: SPCR: console: pl011,mmio32,0x9000000,9600
[    0.000000] ACPI: Use ACPI SPCR as default console: Yes
[    0.000000] NUMA: Faking a node at [mem 0x0000000040000000-0x00000000bfffffff]
[    0.000000] NODE_DATA(0) allocated [mem 0xbf855b80-0xbf857fff]
[    0.000000] Zone ranges:
[    0.000000]   DMA      [mem 0x0000000040000000-0x00000000bfffffff]
[    0.000000]   DMA32    empty
[    0.000000]   Normal   empty
[    0.000000] Movable zone start for each node
[    0.000000] Early memory node ranges
[    0.000000]   node   0: [mem 0x0000000040000000-0x00000000bc76ffff]
[    0.000000]   node   0: [mem 0x00000000bc770000-0x00000000bcb3ffff]
[    0.000000]   node   0: [mem 0x00000000bcb40000-0x00000000bfe1ffff]
[    0.000000]   node   0: [mem 0x00000000bfe20000-0x00000000bfeaffff]
[    0.000000]   node   0: [mem 0x00000000bfeb0000-0x00000000bfebffff]
[    0.000000]   node   0: [mem 0x00000000bfec0000-0x00000000bffdffff]
[    0.000000]   node   0: [mem 0x00000000bffe0000-0x00000000bfffffff]
[    0.000000] Initmem setup node 0 [mem 0x0000000040000000-0x00000000bfffffff]
[    0.000000] psci: probing for conduit method from ACPI.
[    0.000000] psci: PSCIv1.1 detected in firmware.
[    0.000000] psci: Using standard PSCI v0.2 function IDs
[    0.000000] psci: Trusted OS migration not required
[    0.000000] psci: SMC Calling Convention v1.0
[    0.000000] percpu: Embedded 33 pages/cpu s96984 r8192 d29992 u135168
[    0.000000] Detected PIPT I-cache on CPU0
[    0.000000] CPU features: detected: Spectre-v4
[    0.000000] CPU features: detected: Spectre-BHB
[    0.000000] CPU features: detected: Broken broadcast TLBI completion
[    0.000000] CPU features: detected: SSBS not fully self-synchronizing
[    0.000000] alternatives: applying boot alternatives
[    0.000000] Kernel command line: root=/dev/vda rw console=ttyAMA0 initrd=initrd
[    0.000000] Dentry cache hash table entries: 262144 (order: 9, 2097152 bytes, linear)
[    0.000000] Inode-cache hash table entries: 131072 (order: 8, 1048576 bytes, linear)
[    0.000000] Fallback order for Node 0: 0 
[    0.000000] Built 1 zonelists, mobility grouping on.  Total pages: 524288
[    0.000000] Policy zone: DMA
[    0.000000] mem auto-init: stack:all(zero), heap alloc:on, heap free:off
[    0.000000] software IO TLB: SWIOTLB bounce buffer size adjusted to 2MB
[    0.000000] software IO TLB: area num 2.
[    0.000000] software IO TLB: mapped [mem 0x00000000bf2b4000-0x00000000bf4b4000] (2MB)
[    0.000000] SLUB: HWalign=64, Order=0-3, MinObjects=0, CPUs=2, Nodes=1
[    0.000000] Dynamic Preempt: none
[    0.000000] rcu: Preemptible hierarchical RCU implementation.
[    0.000000] rcu: 	RCU restricting CPUs from NR_CPUS=4096 to nr_cpu_ids=2.
[    0.000000] 	Trampoline variant of Tasks RCU enabled.
[    0.000000] 	Tracing variant of Tasks RCU enabled.
[    0.000000] rcu: RCU calculated value of scheduler-enlistment delay is 10 jiffies.
[    0.000000] rcu: Adjusting geometry for rcu_fanout_leaf=16, nr_cpu_ids=2
[    0.000000] RCU Tasks: Setting shift to 1 and lim to 1 rcu_task_cb_adjust=1 rcu_task_cpu_ids=2.
[    0.000000] RCU Tasks Trace: Setting shift to 1 and lim to 1 rcu_task_cb_adjust=1 rcu_task_cpu_ids=2.
[    0.000000] NR_IRQS: 64, nr_irqs: 64, preallocated irqs: 0
[    0.000000] Root IRQ handler: gic_handle_irq
[    0.000000] GICv2m: ACPI overriding V2M MSI_TYPER (base:80, num:64)
[    0.000000] GICv2m: range[mem 0x08020000-0x08020fff], SPI[80:143]
[    0.000000] rcu: srcu_init: Setting srcu_struct sizes based on contention.
[    0.000000] clocksource: jiffies: mask: 0xffffffff max_cycles: 0xffffffff, max_idle_ns: 19112604462750000 ns
[    0.000000] arch_timer: cp15 timer(s) running at 62.50MHz (virt).
[    0.000000] clocksource: arch_sys_counter: mask: 0x1ffffffffffffff max_cycles: 0x1cd42e208c, max_idle_ns: 881590405314 ns
[    0.000752] sched_clock: 57 bits at 63MHz, resolution 16ns, wraps every 4398046511096ns
[    0.320210] kfence: initialized - using 2097152 bytes for 255 objects at 0x(____ptrval____)-0x(____ptrval____)
[    1.682473] Console: colour dummy device 80x25
[    2.148980] ACPI: Core revision 20240827
[    3.413644] Calibrating delay loop (skipped), value calculated using timer frequency.. 125.00 BogoMIPS (lpj=625000)
[    3.415198] pid_max: default: 32768 minimum: 301
[    3.925033] LSM: initializing lsm=lockdown,capability,landlock
[    4.033814] landlock: Up and running.
[    4.249572] Mount-cache hash table entries: 4096 (order: 3, 32768 bytes, linear)
[    4.250354] Mountpoint-cache hash table entries: 4096 (order: 3, 32768 bytes, linear)
[    6.894297] rcu: Hierarchical SRCU implementation.
[    6.895194] rcu: 	Max phase no-delay instances is 1000.
[    7.043460] Timer migration: 1 hierarchy levels; 8 children per group; 1 crossnode level
[    7.251765] Remapping and enabling EFI services.
[    7.413057] smp: Bringing up secondary CPUs ...
[    7.716789] Detected PIPT I-cache on CPU1
[    7.780286] CPU1: Booted secondary processor 0x0000000001 [0x414fd0b1]
[    7.978207] smp: Brought up 1 node, 2 CPUs
[    7.978872] SMP: Total of 2 processors activated.
[    7.980190] CPU: All CPU(s) started at EL1
[    7.982794] CPU features: detected: 32-bit EL0 Support
[    7.983372] CPU features: detected: Data cache clean to the PoU not required for I/D coherence
[    7.983854] CPU features: detected: Common not Private translations
[    7.983916] CPU features: detected: CRC32 instructions
[    8.039134] CPU features: detected: RCpc load-acquire (LDAPR)
[    8.040043] CPU features: detected: LSE atomic instructions
[    8.040142] CPU features: detected: Privileged Access Never
[    8.040194] CPU features: detected: RAS Extension Support
[    8.041129] CPU features: detected: Speculative Store Bypassing Safe (SSBS)
[    8.622497] alternatives: applying system-wide alternatives
[    9.237011] CPU features: detected: Hardware dirty bit management on CPU0-1
[   10.315133] Memory: 2003384K/2097152K available (12608K kernel code, 1950K rwdata, 7812K rodata, 1920K init, 9305K bss, 89464K reserved, 0K cma-reserved)
[   14.884432] devtmpfs: initialized
[   16.035089] futex hash table entries: 512 (order: 3, 32768 bytes, linear)
[   16.041699] 24304 pages in range for non-PLT usage
[   16.042198] 515824 pages in range for PLT usage
[   16.336374] pinctrl core: initialized pinctrl subsystem
[   17.042634] SMBIOS 3.0.0 present.
[   17.086715] DMI: QEMU QEMU Virtual Machine, BIOS edk2-stable202408-prebuilt.qemu.org 08/13/2024
[   17.091124] DMI: Memory slots populated: 1/1
[   18.324445] NET: Registered PF_NETLINK/PF_ROUTE protocol family
[   18.696470] DMA: preallocated 256 KiB GFP_KERNEL pool for atomic allocations
[   18.705992] DMA: preallocated 256 KiB GFP_KERNEL|GFP_DMA pool for atomic allocations
[   18.855772] DMA: preallocated 256 KiB GFP_KERNEL|GFP_DMA32 pool for atomic allocations
[   18.892547] audit: initializing netlink subsys (disabled)
[   19.312933] audit: type=2000 audit(4.720:1): state=initialized audit_enabled=0 res=1
[   19.840311] thermal_sys: Registered thermal governor 'step_wise'
[   19.951621] cpuidle: using governor ladder
[   19.957922] cpuidle: using governor menu
[   20.092031] hw-breakpoint: found 6 breakpoint and 4 watchpoint registers.
[   20.101272] ASID allocator initialised with 65536 entries
[   20.110931] acpiphp: ACPI Hot Plug PCI Controller Driver version: 0.5
[   20.235298] Serial: AMBA PL011 UART driver
[   21.186937] HugeTLB: registered 1.00 GiB page size, pre-allocated 0 pages
[   21.187176] HugeTLB: 0 KiB vmemmap can be freed for a 1.00 GiB page
[   21.187308] HugeTLB: registered 32.0 MiB page size, pre-allocated 0 pages
[   21.187352] HugeTLB: 0 KiB vmemmap can be freed for a 32.0 MiB page
[   21.187408] HugeTLB: registered 2.00 MiB page size, pre-allocated 0 pages
[   21.187447] HugeTLB: 0 KiB vmemmap can be freed for a 2.00 MiB page
[   21.187503] HugeTLB: registered 64.0 KiB page size, pre-allocated 0 pages
[   21.187628] HugeTLB: 0 KiB vmemmap can be freed for a 64.0 KiB page
[   22.138723] ACPI: Added _OSI(Module Device)
[   22.179808] ACPI: Added _OSI(Processor Device)
[   22.179974] ACPI: Added _OSI(Processor Aggregator Device)
[   23.301598] ACPI: 1 ACPI AML tables successfully acquired and loaded
[   24.595862] ACPI: Interpreter enabled
[   24.596469] ACPI: Using GIC for interrupt routing
[   24.607273] ACPI: MCFG table detected, 1 entries
[   27.595619] ACPI: CPU0 has been hot-added
[   27.646129] ACPI: CPU1 has been hot-added
[   28.909537] ARMH0011:00: ttyAMA0 at MMIO 0x9000000 (irq = 12, base_baud = 0) is a SBSA
[   28.999891] printk: legacy console [ttyAMA0] enabled
[   32.171343] ACPI: PCI: Interrupt link L000 configured for IRQ 35
[   32.234895] ACPI: PCI: Interrupt link L001 configured for IRQ 36
[   32.237150] ACPI: PCI: Interrupt link L002 configured for IRQ 37
[   32.302518] ACPI: PCI: Interrupt link L003 configured for IRQ 38
[   32.312807] ACPI: PCI Root Bridge [PCI0] (domain 0000 [bus 00-ff])
[   32.366488] acpi PNP0A08:00: _OSC: OS supports [ExtendedConfig ASPM ClockPM Segments MSI HPX-Type3]
[   32.578897] acpi PNP0A08:00: _OSC: platform does not support [LTR]
[   32.659381] acpi PNP0A08:00: _OSC: OS now controls [PCIeHotplug PME PCIeCapability]
[   32.770804] acpi PNP0A08:00: ECAM area [mem 0x4010000000-0x401fffffff] reserved by PNP0C02:00
[   32.831619] acpi PNP0A08:00: ECAM at [mem 0x4010000000-0x401fffffff] for [bus 00-ff]
[   32.850003] ACPI: Remapped I/O 0x000000003eff0000 to [io  0x0000-0xffff window]
[   33.002840] PCI host bridge to bus 0000:00
[   33.016587] pci_bus 0000:00: root bus resource [mem 0x10000000-0x3efeffff window]
[   33.035962] pci_bus 0000:00: root bus resource [io  0x0000-0xffff window]
[   33.038958] pci_bus 0000:00: root bus resource [mem 0x8000000000-0xffffffffff window]
[   33.043026] pci_bus 0000:00: root bus resource [bus 00-ff]
[   33.273704] pci 0000:00:00.0: [1b36:0008] type 00 class 0x060000 conventional PCI endpoint
[   33.768295] pci 0000:00:01.0: [8086:100e] type 00 class 0x020000 conventional PCI endpoint
[   33.823981] pci 0000:00:01.0: BAR 0 [mem 0x10040000-0x1005ffff]
[   33.835950] pci 0000:00:01.0: BAR 1 [io  0x0080-0x00bf]
[   33.854306] pci 0000:00:01.0: ROM [mem 0xfffc0000-0xffffffff pref]
[   33.896806] pci 0000:00:02.0: [1af4:1001] type 00 class 0x010000 conventional PCI endpoint
[   33.904299] pci 0000:00:02.0: BAR 0 [io  0x0000-0x007f]
[   33.906188] pci 0000:00:02.0: BAR 1 [mem 0x10060000-0x10060fff]
[   33.908301] pci 0000:00:02.0: BAR 4 [mem 0x8000000000-0x8000003fff 64bit pref]
[   34.152233] pci 0000:00:01.0: ROM [mem 0x10000000-0x1003ffff pref]: assigned
[   34.222181] pci 0000:00:01.0: BAR 0 [mem 0x10040000-0x1005ffff]: assigned
[   34.225699] pci 0000:00:02.0: BAR 4 [mem 0x8000000000-0x8000003fff 64bit pref]: assigned
[   34.238173] pci 0000:00:02.0: BAR 1 [mem 0x10060000-0x10060fff]: assigned
[   34.240578] pci 0000:00:02.0: BAR 0 [io  0x1000-0x107f]: assigned
[   34.243502] pci 0000:00:01.0: BAR 1 [io  0x1080-0x10bf]: assigned
[   34.256337] pci_bus 0000:00: resource 4 [mem 0x10000000-0x3efeffff window]
[   34.260054] pci_bus 0000:00: resource 5 [io  0x0000-0xffff window]
[   34.261747] pci_bus 0000:00: resource 6 [mem 0x8000000000-0xffffffffff window]
[   34.752174] iommu: Default domain type: Translated
[   34.755781] iommu: DMA domain TLB invalidation policy: lazy mode
[   35.287492] efivars: Registered efivars operations
[   36.280844] clocksource: Switched to clocksource arch_sys_counter
[   37.207207] VFS: Disk quotas dquot_6.6.0
[   37.612718] VFS: Dquot-cache hash table entries: 512 (order 0, 4096 bytes)
[   38.171390] pnp: PnP ACPI init
[   38.892556] hrtimer: interrupt took 424318992 ns
[   38.954166] system 00:00: [mem 0x4010000000-0x401fffffff window] could not be reserved
[   38.967127] pnp: PnP ACPI: found 1 devices
[   40.952749] NET: Registered PF_INET protocol family
[   41.005137] IP idents hash table entries: 32768 (order: 6, 262144 bytes, linear)
[   46.170188] tcp_listen_portaddr_hash hash table entries: 1024 (order: 2, 16384 bytes, linear)
[   46.175777] Table-perturb hash table entries: 65536 (order: 6, 262144 bytes, linear)
[   46.211315] TCP established hash table entries: 16384 (order: 5, 131072 bytes, linear)
[   46.259647] TCP bind hash table entries: 16384 (order: 7, 524288 bytes, linear)
[   46.272531] TCP: Hash tables configured (established 16384 bind 16384)
[   46.431466] MPTCP token hash table entries: 2048 (order: 4, 49152 bytes, linear)
[   46.488245] UDP hash table entries: 1024 (order: 3, 32768 bytes, linear)
[   46.496508] UDP-Lite hash table entries: 1024 (order: 3, 32768 bytes, linear)
[   46.681499] NET: Registered PF_UNIX/PF_LOCAL protocol family
[   46.769315] NET: Registered PF_XDP protocol family
[   46.776286] PCI: CLS 0 bytes, default 64
[   46.880789] kvm [1]: HYP mode not available
[   47.134175] Initialise system trusted keyrings
[   47.244048] Unpacking initramfs...
[   47.406844] workingset: timestamp_bits=44 max_order=19 bucket_order=0
[   50.337097] Key type asymmetric registered
[   50.341225] Asymmetric key parser 'x509' registered
[   50.349644] Block layer SCSI generic (bsg) driver version 0.4 loaded (major 249)
[   50.446229] io scheduler mq-deadline registered
[   50.454702] io scheduler kyber registered
[   50.486151] io scheduler bfq registered
[   51.644779] ACPI: \_SB_.L002: Enabled at IRQ 37
[   51.711565] virtio-pci 0000:00:02.0: enabling device (0000 -> 0003)
[   52.032383] Serial: 8250/16550 driver, 4 ports, IRQ sharing enabled
[   52.594405] hv_vmbus: registering driver hyperv_keyboard
[   52.960106] rtc-efi rtc-efi.0: registered as rtc0
[   53.013177] rtc-efi rtc-efi.0: setting system clock to 2026-08-25T04:31:48 UTC (1787632308)
[   53.153535] NET: Registered PF_INET6 protocol family
[   53.524702] Segment Routing with IPv6
[   53.535683] In-situ OAM (IOAM) with IPv6
[   56.041895] registered taskstats version 1
[   56.394673] Loading compiled-in X.509 certificates
[   64.100951] Freeing initrd memory: 5268K
[   69.943557] Loaded X.509 cert 'alpinelinux.org: Alpine Linux kernel key: 87fa969a47f3e2a6aa35859eb932a17c95abcd82'
[   70.771954] Demotion targets for Node 0: null
[   70.858683] Key type .fscrypt registered
[   70.860704] Key type fscrypt-provisioning registered
[   71.670461] clk: Disabling unused clocks
[   71.750963] PM: genpd: Disabling unused power domains
[   75.072114] Freeing unused kernel memory: 1920K
[   75.126420] Run /init as init process
[   77.451027] Alpine Init 3.11.1-r0
Alpine Init 3.11.1-r0
[   77.463318] Loading boot drivers...
 * Loading boot drivers: [   77.570003] Loading boot drivers: ok.
ok.
SIMBOOT: kernel=6.12.103-0-virt
[   77.692132] Invalid ELF header magic: != ELF
[   77.758673] virtio_blk virtio0: 2/0/0 default/read/poll queues
[   77.796237] virtio_blk virtio0: [vda] 1411072 512-byte logical blocks (722 MB/689 MiB)
[   77.880474] Invalid ELF header magic: != ELF
[   77.928574] Invalid ELF header magic: != ELF
[   77.958818] Invalid ELF header magic: != ELF
[   78.004255] Invalid ELF header magic: != ELF
[   78.113403] Invalid ELF header magic: != ELF
[   78.489009] Invalid ELF header magic: != ELF
[   78.564617] e1000: Intel(R) PRO/1000 Network Driver
[   78.569328] e1000: Copyright (c) 1999-2006 Intel Corporation.
[   78.572410] ACPI: \_SB_.L001: Enabled at IRQ 36
[   78.573379] e1000 0000:00:01.0: enabling device (0000 -> 0003)
[   79.002391] e1000 0000:00:01.0 eth0: (PCI:33MHz:32-bit) 52:54:00:12:34:56
[   79.003876] e1000 0000:00:01.0 eth0: Intel(R) PRO/1000 Network Connection
Module                  Size  Used by    Not tainted
e1000                 163840  0 
ext4                  929792  0 
jbd2                  172032  1 ext4
mbcache                20480  1 ext4
crc32c_generic         12288  0 
crc16                  12288  1 ext4
virtio_blk             24576  0 
[   80.169260] EXT4-fs (vda): mounted filesystem 1799a7eb-09df-4b80-8c57-0424de58e445 r/w with ordered data mode. Quota mode: none.
SIMBOOT: root mounted rw, running real mfp.afx with binder stub
[   87.708126] e1000: eth0 NIC Link is Up 1000 Mbps Full Duplex, Flow Control: RX
MFP_PID=446
[   93.225536] random: crng init done
--- GDB PATCH ---
0x0000ffffb2dbc1f8 in fsync () from /lib64/libc.so.6
$1 = 0x0
$2 = 0x0
$3 = 0x0
$4 = 0x0
[Inferior 1 (process 446) detached]
--- ALIVE ---
62
--- FD COUNT ---
59
--- ULIMIT ---
4096
--- THREAD MGR ---
This normally should not happen, please file a bug report.
$1 = 0xfd
$2 = 0x306d1190
[Inferior 1 (process 446) detached]
--- LISTEN 1 ---
  sl  local_address rem_address   st tx_queue rx_queue tr tm->when retrnsmt   uid  timeout inode                                                     
--- LISTEN 2 ---
  sl  local_address rem_address   st tx_queue rx_queue tr tm->when retrnsmt   uid  timeout inode                                                     
--- ALIVE 2 ---
63
done
SIMBOOT: mfp run finished, keeping shell
/bin/sh: can't access tty; job control turned off
~ # [6n