UEFI firmware (version edk2-stable202408-prebuilt.qemu.org built at 16:28:50 on Sep 12 2024)
ArmTrngLib could not be correctly initialized.
Error: Image at 000BFDB6000 start failed: 00000001
Error: Image at 000BFD6D000 start failed: Not Found
Error: Image at 000BFCBA000 start failed: Unsupported
Error: Image at 000BFB5E000 start failed: Aborted
Tpm2SubmitCommand - Tcg2 - Not Found
Tpm2GetCapabilityPcrs fail!
Tpm2SubmitCommand - Tcg2 - Not Found
Image type X64 can't be loaded on AARCH64 UEFI system.
[2J[01;01H[=3h[2J[01;01H[2J[01;01H[=3h[2J[01;01HEFI stub: Decompressing Linux Kernel...
EFI stub: Loaded initrd from LINUX_EFI_INITRD_MEDIA_GUID device path
EFI stub: Generating empty DTB
EFI stub: Exiting boot services...
[    0.000000] Booting Linux on physical CPU 0x0000000000 [0x414fd0b1]
[    0.000000] Linux version 6.12.103-0-virt (buildozer@build-3-21-aarch64) (gcc (Alpine 14.2.0) 14.2.0, GNU ld (GNU Binutils) 2.43.1) #1-Alpine SMP PREEMPT_DYNAMIC 2026-08-10 14:25:03
[    0.000000] efi: EFI v2.7 by EDK II
[    0.000000] efi: SMBIOS 3.0=0xbfed0000 MEMATTR=0xbe18b018 ACPI 2.0=0xbcb43018 INITRD=0xbcb40f18 MEMRESERVE=0xbcb40f98 
[    0.000000] ACPI: Early table checksum verification disabled
[    0.000000] ACPI: RSDP 0x00000000BCB43018 000024 (v02 BOCHS )
[    0.000000] ACPI: XSDT 0x00000000BCB43F18 000064 (v01 BOCHS  BXPC     00000001      01000013)
[    0.000000] ACPI: FACP 0x00000000BCB43B18 000114 (v06 BOCHS  BXPC     00000001 BXPC 00000001)
[    0.000000] ACPI: DSDT 0x00000000BCB41018 001506 (v02 BOCHS  BXPC     00000001 BXPC 00000001)
[    0.000000] ACPI: APIC 0x00000000BCB43C98 0000FC (v04 BOCHS  BXPC     00000001 BXPC 00000001)
[    0.000000] ACPI: PPTT 0x00000000BCB43E18 000074 (v02 BOCHS  BXPC     00000001 BXPC 00000001)
[    0.000000] ACPI: GTDT 0x00000000BCB43098 000068 (v03 BOCHS  BXPC     00000001 BXPC 00000001)
[    0.000000] ACPI: MCFG 0x00000000BCB43A98 00003C (v01 BOCHS  BXPC     00000001 BXPC 00000001)
[    0.000000] ACPI: SPCR 0x00000000BCB43818 000050 (v02 BOCHS  BXPC     00000001 BXPC 00000001)
[    0.000000] ACPI: DBG2 0x00000000BCB43A18 000057 (v00 BOCHS  BXPC     00000001 BXPC 00000001)
[    0.000000] ACPI: IORT 0x00000000BCB43898 000054 (v05 BOCHS  BXPC     00000001 BXPC 00000001)
[    0.000000] ACPI: SPCR: console: pl011,mmio32,0x9000000,9600
[    0.000000] ACPI: Use ACPI SPCR as default console: Yes
[    0.000000] NUMA: Faking a node at [mem 0x0000000040000000-0x00000000bfffffff]
[    0.000000] NODE_DATA(0) allocated [mem 0xbf855b80-0xbf857fff]
[    0.000000] Zone ranges:
[    0.000000]   DMA      [mem 0x0000000040000000-0x00000000bfffffff]
[    0.000000]   DMA32    empty
[    0.000000]   Normal   empty
[    0.000000] Movable zone start for each node
[    0.000000] Early memory node ranges
[    0.000000]   node   0: [mem 0x0000000040000000-0x00000000bc76ffff]
[    0.000000]   node   0: [mem 0x00000000bc770000-0x00000000bcb3ffff]
[    0.000000]   node   0: [mem 0x00000000bcb40000-0x00000000bfe1ffff]
[    0.000000]   node   0: [mem 0x00000000bfe20000-0x00000000bfeaffff]
[    0.000000]   node   0: [mem 0x00000000bfeb0000-0x00000000bfebffff]
[    0.000000]   node   0: [mem 0x00000000bfec0000-0x00000000bffdffff]
[    0.000000]   node   0: [mem 0x00000000bffe0000-0x00000000bfffffff]
[    0.000000] Initmem setup node 0 [mem 0x0000000040000000-0x00000000bfffffff]
[    0.000000] psci: probing for conduit method from ACPI.
[    0.000000] psci: PSCIv1.1 detected in firmware.
[    0.000000] psci: Using standard PSCI v0.2 function IDs
[    0.000000] psci: Trusted OS migration not required
[    0.000000] psci: SMC Calling Convention v1.0
[    0.000000] percpu: Embedded 33 pages/cpu s96984 r8192 d29992 u135168
[    0.000000] Detected PIPT I-cache on CPU0
[    0.000000] CPU features: detected: Spectre-v4
[    0.000000] CPU features: detected: Spectre-BHB
[    0.000000] CPU features: detected: Broken broadcast TLBI completion
[    0.000000] CPU features: detected: SSBS not fully self-synchronizing
[    0.000000] alternatives: applying boot alternatives
[    0.000000] Kernel command line: root=/dev/vda rw console=ttyAMA0 initrd=initrd
[    0.000000] Dentry cache hash table entries: 262144 (order: 9, 2097152 bytes, linear)
[    0.000000] Inode-cache hash table entries: 131072 (order: 8, 1048576 bytes, linear)
[    0.000000] Fallback order for Node 0: 0 
[    0.000000] Built 1 zonelists, mobility grouping on.  Total pages: 524288
[    0.000000] Policy zone: DMA
[    0.000000] mem auto-init: stack:all(zero), heap alloc:on, heap free:off
[    0.000000] software IO TLB: SWIOTLB bounce buffer size adjusted to 2MB
[    0.000000] software IO TLB: area num 2.
[    0.000000] software IO TLB: mapped [mem 0x00000000bf2b4000-0x00000000bf4b4000] (2MB)
[    0.000000] SLUB: HWalign=64, Order=0-3, MinObjects=0, CPUs=2, Nodes=1
[    0.000000] Dynamic Preempt: none
[    0.000000] rcu: Preemptible hierarchical RCU implementation.
[    0.000000] rcu: 	RCU restricting CPUs from NR_CPUS=4096 to nr_cpu_ids=2.
[    0.000000] 	Trampoline variant of Tasks RCU enabled.
[    0.000000] 	Tracing variant of Tasks RCU enabled.
[    0.000000] rcu: RCU calculated value of scheduler-enlistment delay is 10 jiffies.
[    0.000000] rcu: Adjusting geometry for rcu_fanout_leaf=16, nr_cpu_ids=2
[    0.000000] RCU Tasks: Setting shift to 1 and lim to 1 rcu_task_cb_adjust=1 rcu_task_cpu_ids=2.
[    0.000000] RCU Tasks Trace: Setting shift to 1 and lim to 1 rcu_task_cb_adjust=1 rcu_task_cpu_ids=2.
[    0.000000] NR_IRQS: 64, nr_irqs: 64, preallocated irqs: 0
[    0.000000] Root IRQ handler: gic_handle_irq
[    0.000000] GICv2m: ACPI overriding V2M MSI_TYPER (base:80, num:64)
[    0.000000] GICv2m: range[mem 0x08020000-0x08020fff], SPI[80:143]
[    0.000000] rcu: srcu_init: Setting srcu_struct sizes based on contention.
[    0.000000] clocksource: jiffies: mask: 0xffffffff max_cycles: 0xffffffff, max_idle_ns: 19112604462750000 ns
[    0.000000] arch_timer: cp15 timer(s) running at 62.50MHz (virt).
[    0.000000] clocksource: arch_sys_counter: mask: 0x1ffffffffffffff max_cycles: 0x1cd42e208c, max_idle_ns: 881590405314 ns
[    0.000488] sched_clock: 57 bits at 63MHz, resolution 16ns, wraps every 4398046511096ns
[    0.079175] kfence: initialized - using 2097152 bytes for 255 objects at 0x(____ptrval____)-0x(____ptrval____)
[    0.313210] Console: colour dummy device 80x25
[    0.395381] ACPI: Core revision 20240827
[    0.474947] Calibrating delay loop (skipped), value calculated using timer frequency.. 125.00 BogoMIPS (lpj=625000)
[    0.476034] pid_max: default: 32768 minimum: 301
[    0.566797] LSM: initializing lsm=lockdown,capability,landlock
[    0.618904] landlock: Up and running.
[    0.671824] Mount-cache hash table entries: 4096 (order: 3, 32768 bytes, linear)
[    0.672512] Mountpoint-cache hash table entries: 4096 (order: 3, 32768 bytes, linear)
[    2.146632] rcu: Hierarchical SRCU implementation.
[    2.147119] rcu: 	Max phase no-delay instances is 1000.
[    2.262264] Timer migration: 1 hierarchy levels; 8 children per group; 1 crossnode level
[    2.347486] Remapping and enabling EFI services.
[    2.408443] smp: Bringing up secondary CPUs ...
[    2.496650] Detected PIPT I-cache on CPU1
[    2.505372] CPU1: Booted secondary processor 0x0000000001 [0x414fd0b1]
[    2.639768] smp: Brought up 1 node, 2 CPUs
[    2.640432] SMP: Total of 2 processors activated.
[    2.640791] CPU: All CPU(s) started at EL1
[    2.646811] CPU features: detected: 32-bit EL0 Support
[    2.647261] CPU features: detected: Data cache clean to the PoU not required for I/D coherence
[    2.647549] CPU features: detected: Common not Private translations
[    2.647582] CPU features: detected: CRC32 instructions
[    2.668003] CPU features: detected: RCpc load-acquire (LDAPR)
[    2.668347] CPU features: detected: LSE atomic instructions
[    2.668389] CPU features: detected: Privileged Access Never
[    2.668418] CPU features: detected: RAS Extension Support
[    2.668675] CPU features: detected: Speculative Store Bypassing Safe (SSBS)
[    2.831494] alternatives: applying system-wide alternatives
[    3.221686] CPU features: detected: Hardware dirty bit management on CPU0-1
[    3.824796] Memory: 2003472K/2097152K available (12608K kernel code, 1950K rwdata, 7812K rodata, 1920K init, 9305K bss, 89376K reserved, 0K cma-reserved)
[    4.752647] devtmpfs: initialized
[    5.054319] futex hash table entries: 512 (order: 3, 32768 bytes, linear)
[    5.060708] 24304 pages in range for non-PLT usage
[    5.061107] 515824 pages in range for PLT usage
[    5.164055] pinctrl core: initialized pinctrl subsystem
[    5.311515] SMBIOS 3.0.0 present.
[    5.314836] DMI: QEMU QEMU Virtual Machine, BIOS edk2-stable202408-prebuilt.qemu.org 08/13/2024
[    5.334322] DMI: Memory slots populated: 1/1
[    6.471679] NET: Registered PF_NETLINK/PF_ROUTE protocol family
[    6.783531] DMA: preallocated 256 KiB GFP_KERNEL pool for atomic allocations
[    6.787539] DMA: preallocated 256 KiB GFP_KERNEL|GFP_DMA pool for atomic allocations
[    6.790739] DMA: preallocated 256 KiB GFP_KERNEL|GFP_DMA32 pool for atomic allocations
[    6.818614] audit: initializing netlink subsys (disabled)
[    6.852584] audit: type=2000 audit(3.040:1): state=initialized audit_enabled=0 res=1
[    6.931797] thermal_sys: Registered thermal governor 'step_wise'
[    6.979020] cpuidle: using governor ladder
[    6.981123] cpuidle: using governor menu
[    7.002384] hw-breakpoint: found 6 breakpoint and 4 watchpoint registers.
[    7.011145] ASID allocator initialised with 65536 entries
[    7.029985] acpiphp: ACPI Hot Plug PCI Controller Driver version: 0.5
[    7.056258] Serial: AMBA PL011 UART driver
[    7.293106] HugeTLB: registered 1.00 GiB page size, pre-allocated 0 pages
[    7.293278] HugeTLB: 0 KiB vmemmap can be freed for a 1.00 GiB page
[    7.293433] HugeTLB: registered 32.0 MiB page size, pre-allocated 0 pages
[    7.293483] HugeTLB: 0 KiB vmemmap can be freed for a 32.0 MiB page
[    7.293531] HugeTLB: registered 2.00 MiB page size, pre-allocated 0 pages
[    7.293561] HugeTLB: 0 KiB vmemmap can be freed for a 2.00 MiB page
[    7.293602] HugeTLB: registered 64.0 KiB page size, pre-allocated 0 pages
[    7.293629] HugeTLB: 0 KiB vmemmap can be freed for a 64.0 KiB page
[    7.685391] ACPI: Added _OSI(Module Device)
[    7.685753] ACPI: Added _OSI(Processor Device)
[    7.685822] ACPI: Added _OSI(Processor Aggregator Device)
[    7.974084] ACPI: 1 ACPI AML tables successfully acquired and loaded
[    8.322580] ACPI: Interpreter enabled
[    8.322864] ACPI: Using GIC for interrupt routing
[    8.343998] ACPI: MCFG table detected, 1 entries
[    9.452886] ACPI: CPU0 has been hot-added
[    9.531886] ACPI: CPU1 has been hot-added
[   10.050387] ARMH0011:00: ttyAMA0 at MMIO 0x9000000 (irq = 12, base_baud = 0) is a SBSA
[   10.123629] printk: legacy console [ttyAMA0] enabled
[   11.169359] ACPI: PCI: Interrupt link L000 configured for IRQ 35
[   11.173834] ACPI: PCI: Interrupt link L001 configured for IRQ 36
[   11.176676] ACPI: PCI: Interrupt link L002 configured for IRQ 37
[   11.178322] ACPI: PCI: Interrupt link L003 configured for IRQ 38
[   11.200455] ACPI: PCI Root Bridge [PCI0] (domain 0000 [bus 00-ff])
[   11.219428] acpi PNP0A08:00: _OSC: OS supports [ExtendedConfig ASPM ClockPM Segments MSI HPX-Type3]
[   11.415172] acpi PNP0A08:00: _OSC: platform does not support [LTR]
[   11.474439] acpi PNP0A08:00: _OSC: OS now controls [PCIeHotplug PME PCIeCapability]
[   11.563649] acpi PNP0A08:00: ECAM area [mem 0x4010000000-0x401fffffff] reserved by PNP0C02:00
[   11.568650] acpi PNP0A08:00: ECAM at [mem 0x4010000000-0x401fffffff] for [bus 00-ff]
[   11.601387] ACPI: Remapped I/O 0x000000003eff0000 to [io  0x0000-0xffff window]
[   11.886963] PCI host bridge to bus 0000:00
[   11.946180] pci_bus 0000:00: root bus resource [mem 0x10000000-0x3efeffff window]
[   11.948827] pci_bus 0000:00: root bus resource [io  0x0000-0xffff window]
[   11.950075] pci_bus 0000:00: root bus resource [mem 0x8000000000-0xffffffffff window]
[   11.952647] pci_bus 0000:00: root bus resource [bus 00-ff]
[   12.018370] pci 0000:00:00.0: [1b36:0008] type 00 class 0x060000 conventional PCI endpoint
[   12.290875] pci 0000:00:01.0: [1af4:1000] type 00 class 0x020000 conventional PCI endpoint
[   12.297268] pci 0000:00:01.0: BAR 0 [io  0x0080-0x009f]
[   12.298984] pci 0000:00:01.0: BAR 1 [mem 0x10041000-0x10041fff]
[   12.300570] pci 0000:00:01.0: BAR 4 [mem 0x8000000000-0x8000003fff 64bit pref]
[   12.325017] pci 0000:00:01.0: ROM [mem 0xfffc0000-0xffffffff pref]
[   12.357662] pci 0000:00:02.0: [1af4:1001] type 00 class 0x010000 conventional PCI endpoint
[   12.360261] pci 0000:00:02.0: BAR 0 [io  0x0000-0x007f]
[   12.362195] pci 0000:00:02.0: BAR 1 [mem 0x10040000-0x10040fff]
[   12.396954] pci 0000:00:02.0: BAR 4 [mem 0x8000004000-0x8000007fff 64bit pref]
[   12.486415] pci 0000:00:01.0: ROM [mem 0x10000000-0x1003ffff pref]: assigned
[   12.515602] pci 0000:00:01.0: BAR 4 [mem 0x8000000000-0x8000003fff 64bit pref]: assigned
[   12.518789] pci 0000:00:02.0: BAR 4 [mem 0x8000004000-0x8000007fff 64bit pref]: assigned
[   12.520607] pci 0000:00:01.0: BAR 1 [mem 0x10040000-0x10040fff]: assigned
[   12.551975] pci 0000:00:02.0: BAR 1 [mem 0x10041000-0x10041fff]: assigned
[   12.554664] pci 0000:00:02.0: BAR 0 [io  0x1000-0x107f]: assigned
[   12.556314] pci 0000:00:01.0: BAR 0 [io  0x1080-0x109f]: assigned
[   12.563645] pci_bus 0000:00: resource 4 [mem 0x10000000-0x3efeffff window]
[   12.568432] pci_bus 0000:00: resource 5 [io  0x0000-0xffff window]
[   12.570000] pci_bus 0000:00: resource 6 [mem 0x8000000000-0xffffffffff window]
[   12.745723] iommu: Default domain type: Translated
[   12.747307] iommu: DMA domain TLB invalidation policy: lazy mode
[   12.957510] efivars: Registered efivars operations
[   13.902619] clocksource: Switched to clocksource arch_sys_counter
[   14.208526] VFS: Disk quotas dquot_6.6.0
[   14.226319] VFS: Dquot-cache hash table entries: 512 (order 0, 4096 bytes)
[   14.304603] pnp: PnP ACPI init
[   14.367913] system 00:00: [mem 0x4010000000-0x401fffffff window] could not be reserved
[   14.374501] pnp: PnP ACPI: found 1 devices
[   15.558291] NET: Registered PF_INET protocol family
[   15.612184] IP idents hash table entries: 32768 (order: 6, 262144 bytes, linear)
[   17.367839] hrtimer: interrupt took 123557600 ns
[   18.732315] tcp_listen_portaddr_hash hash table entries: 1024 (order: 2, 16384 bytes, linear)
[   18.736385] Table-perturb hash table entries: 65536 (order: 6, 262144 bytes, linear)
[   18.739137] TCP established hash table entries: 16384 (order: 5, 131072 bytes, linear)
[   18.764761] TCP bind hash table entries: 16384 (order: 7, 524288 bytes, linear)
[   18.770195] TCP: Hash tables configured (established 16384 bind 16384)
[   18.821555] MPTCP token hash table entries: 2048 (order: 4, 49152 bytes, linear)
[   18.860399] UDP hash table entries: 1024 (order: 3, 32768 bytes, linear)
[   18.874670] UDP-Lite hash table entries: 1024 (order: 3, 32768 bytes, linear)
[   18.960030] NET: Registered PF_UNIX/PF_LOCAL protocol family
[   18.967974] NET: Registered PF_XDP protocol family
[   18.974093] PCI: CLS 0 bytes, default 64
[   19.041317] kvm [1]: HYP mode not available
[   19.171914] Initialise system trusted keyrings
[   19.407250] workingset: timestamp_bits=44 max_order=19 bucket_order=0
[   19.441492] Unpacking initramfs...
[   21.980123] Key type asymmetric registered
[   22.047707] Asymmetric key parser 'x509' registered
[   22.054174] Block layer SCSI generic (bsg) driver version 0.4 loaded (major 249)
[   22.359592] io scheduler mq-deadline registered
[   22.363219] io scheduler kyber registered
[   22.444818] io scheduler bfq registered
[   22.984567] ACPI: \_SB_.L001: Enabled at IRQ 36
[   23.017628] virtio-pci 0000:00:01.0: enabling device (0000 -> 0003)
[   23.154403] ACPI: \_SB_.L002: Enabled at IRQ 37
[   23.193033] virtio-pci 0000:00:02.0: enabling device (0000 -> 0003)
[   23.296979] Serial: 8250/16550 driver, 4 ports, IRQ sharing enabled
[   23.649234] hv_vmbus: registering driver hyperv_keyboard
[   23.811336] rtc-efi rtc-efi.0: registered as rtc0
[   23.870476] rtc-efi rtc-efi.0: setting system clock to 2026-08-22T08:53:37 UTC (1787388817)
[   24.073076] NET: Registered PF_INET6 protocol family
[   24.475784] Segment Routing with IPv6
[   24.479060] In-situ OAM (IOAM) with IPv6
[   25.244375] registered taskstats version 1
[   25.324560] Loading compiled-in X.509 certificates
[   27.089297] Freeing initrd memory: 5180K
[   31.320179] Loaded X.509 cert 'alpinelinux.org: Alpine Linux kernel key: 87fa969a47f3e2a6aa35859eb932a17c95abcd82'
[   32.594085] Demotion targets for Node 0: null
[   32.638064] Key type .fscrypt registered
[   32.639266] Key type fscrypt-provisioning registered
[   33.079811] clk: Disabling unused clocks
[   33.127784] PM: genpd: Disabling unused power domains
[   34.428622] Freeing unused kernel memory: 1920K
[   34.444766] Run /init as init process
[   39.107446] Alpine Init 3.11.1-r0
Alpine Init 3.11.1-r0
[   39.303026] Loading boot drivers...
 * Loading boot drivers: [   40.860817] Loading boot drivers: ok.
ok.
SIMBOOT: kernel=6.12.103-0-virt
[   41.870340] Invalid ELF header magic: != ELF
[   42.413790] virtio_blk virtio1: 2/0/0 default/read/poll queues
[   42.645384] virtio_blk virtio1: [vda] 1411072 512-byte logical blocks (722 MB/689 MiB)
[   43.050759] Invalid ELF header magic: != ELF
[   43.268271] Invalid ELF header magic: != ELF
[   43.488874] Invalid ELF header magic: != ELF
[   43.729037] Invalid ELF header magic: != ELF
[   44.375315] Invalid ELF header magic: != ELF
[   50.250426] EXT4-fs (vda): mounted filesystem 1799a7eb-09df-4b80-8c57-0424de58e445 r/w with ordered data mode. Quota mode: none.
SIMBOOT: root mounted rw, running real mfp.afx
MFP_PID=427
[   97.980147] random: crng init done
=== BIND/LISTEN ===
=== PLOG ALL ===
set output level<5><DEBUG>
<plog_set_level> set log tage <0> level <5> <DEBUG>
[2026-08-22 08:54:37-527.959][PLOG_PUB: INFO] <pub_client_init: 1256> 1 mfp process plog lib init 
[2026-08-22 08:54:37-820.431][PLOG_CORE: DEBUG] <send_register_frame: 285> regisert topic success 
pol log construct successfully
[35m[osal/pol/os/Linux/pol_linux.c:55]tid(436) statck size(0x00080000) name(log_record_async_thread)[0m
hello world
build time: 18:16:03 Aug 14 2026
---------------------ibc-------init------------

[2026-08-22 08:54:39.563 ] pcie_integrate_features:463 ULOG WARN vd:3 , send_offset:32768 , recv_offset:0
[2026-08-22 08:54:43.391 ] pcie_integrate_features:463 ULOG WARN vd:5 , send_offset:32768 , recv_offset:0
[08:54:44.166][mr-434]<init_fd:138>:open /dev/dma_heap/system failed: No such file or directory
[08:54:44.279][mr-434]<pi_imagemem_init:67>:imagemem init failed
---------------------msg_router-------init------------

---------------------cmd-------init------------

---------------------nvram-------init------------

[35m[osal/pol/os/Linux/pol_linux.c:55]tid(444) statck size(0x00004000) name(cmd process thread)[0m
2026-08-22 08:54:52.996 434 281473546938720 _table_check:96L- sqlite3_step error:no more rows available
2026-08-22 08:54:53.831 434 281473546938720 sql_init:545L- create table:int success
2026-08-22 08:54:54.140 434 281473546938720 _table_check:96L- sqlite3_step error:no more rows available
2026-08-22 08:54:54.792 434 281473546938720 sql_init:545L- create table:uint success
2026-08-22 08:54:54.996 434 281473546938720 _table_check:96L- sqlite3_step error:no more rows available
2026-08-22 08:54:55.843 434 281473546938720 sql_init:545L- create table:string success
2026-08-22 08:54:56.004 434 281473546938720 _table_check:96L- sqlite3_step error:no more rows available
2026-08-22 08:54:56.888 434 281473546938720 sql_init:545L- create table:struct success
2026-08-22 08:54:56.948 434 281473546938720 sql_init:554L-  == insert default value == 
=== DAEMON LOGS ===
--plogd--
--pntp--
1 pntp_service process plog lib init 
pntp_service publisher client thread tid 429 start 
pol log destruct 
1 pntp_service process plog lib destory 
--mfp stdout--
1 mfp process plog lib init 
mfp publisher client thread tid 435 start 
pntp socket client init 
=== SOCK ===
srwxr-xr-x 1 root root 0 Aug 22 08:54 /tmp/.logserver
srwxr-xr-x 1 root root 0 Aug 22 08:54 /tmp/.pntp_service
done
SIMBOOT: mfp run finished, keeping shell
/bin/sh: can't access tty; job control turned off
~ # [6n