UEFI firmware (version edk2-stable202408-prebuilt.qemu.org built at 16:28:50 on Sep 12 2024)
ArmTrngLib could not be correctly initialized.
Error: Image at 0013FDB6000 start failed: 00000001
Error: Image at 0013FD6D000 start failed: Not Found
Error: Image at 0013FCBA000 start failed: Unsupported
Error: Image at 0013FB5E000 start failed: Aborted
Tpm2SubmitCommand - Tcg2 - Not Found
Tpm2GetCapabilityPcrs fail!
Tpm2SubmitCommand - Tcg2 - Not Found
Image type X64 can't be loaded on AARCH64 UEFI system.
[2J[01;01H[=3h[2J[01;01H[2J[01;01H[=3h[2J[01;01HEFI stub: Decompressing Linux Kernel...
EFI stub: Loaded initrd from LINUX_EFI_INITRD_MEDIA_GUID device path
EFI stub: Generating empty DTB
EFI stub: Exiting boot services...
[    0.000000] Booting Linux on physical CPU 0x0000000000 [0x414fd0b1]
[    0.000000] Linux version 6.12.103-0-virt (buildozer@build-3-21-aarch64) (gcc (Alpine 14.2.0) 14.2.0, GNU ld (GNU Binutils) 2.43.1) #1-Alpine SMP PREEMPT_DYNAMIC 2026-08-10 14:25:03
[    0.000000] efi: EFI v2.7 by EDK II
[    0.000000] efi: SMBIOS 3.0=0x13fed0000 MEMATTR=0x13e176018 ACPI 2.0=0x13cb43018 INITRD=0x13cb40f18 MEMRESERVE=0x13cb40f98 
[    0.000000] ACPI: Early table checksum verification disabled
[    0.000000] ACPI: RSDP 0x000000013CB43018 000024 (v02 BOCHS )
[    0.000000] ACPI: XSDT 0x000000013CB43F18 000064 (v01 BOCHS  BXPC     00000001      01000013)
[    0.000000] ACPI: FACP 0x000000013CB43B18 000114 (v06 BOCHS  BXPC     00000001 BXPC 00000001)
[    0.000000] ACPI: DSDT 0x000000013CB41018 001506 (v02 BOCHS  BXPC     00000001 BXPC 00000001)
[    0.000000] ACPI: APIC 0x000000013CB43C98 0000FC (v04 BOCHS  BXPC     00000001 BXPC 00000001)
[    0.000000] ACPI: PPTT 0x000000013CB43E18 000074 (v02 BOCHS  BXPC     00000001 BXPC 00000001)
[    0.000000] ACPI: GTDT 0x000000013CB43098 000068 (v03 BOCHS  BXPC     00000001 BXPC 00000001)
[    0.000000] ACPI: MCFG 0x000000013CB43A98 00003C (v01 BOCHS  BXPC     00000001 BXPC 00000001)
[    0.000000] ACPI: SPCR 0x000000013CB43818 000050 (v02 BOCHS  BXPC     00000001 BXPC 00000001)
[    0.000000] ACPI: DBG2 0x000000013CB43A18 000057 (v00 BOCHS  BXPC     00000001 BXPC 00000001)
[    0.000000] ACPI: IORT 0x000000013CB43898 000054 (v05 BOCHS  BXPC     00000001 BXPC 00000001)
[    0.000000] ACPI: SPCR: console: pl011,mmio32,0x9000000,9600
[    0.000000] ACPI: Use ACPI SPCR as default console: Yes
[    0.000000] NUMA: Faking a node at [mem 0x0000000040000000-0x000000013fffffff]
[    0.000000] NODE_DATA(0) allocated [mem 0x13f453b80-0x13f455fff]
[    0.000000] Zone ranges:
[    0.000000]   DMA      [mem 0x0000000040000000-0x00000000ffffffff]
[    0.000000]   DMA32    empty
[    0.000000]   Normal   [mem 0x0000000100000000-0x000000013fffffff]
[    0.000000] Movable zone start for each node
[    0.000000] Early memory node ranges
[    0.000000]   node   0: [mem 0x0000000040000000-0x000000013c76ffff]
[    0.000000]   node   0: [mem 0x000000013c770000-0x000000013cb3ffff]
[    0.000000]   node   0: [mem 0x000000013cb40000-0x000000013fe1ffff]
[    0.000000]   node   0: [mem 0x000000013fe20000-0x000000013feaffff]
[    0.000000]   node   0: [mem 0x000000013feb0000-0x000000013febffff]
[    0.000000]   node   0: [mem 0x000000013fec0000-0x000000013ffdffff]
[    0.000000]   node   0: [mem 0x000000013ffe0000-0x000000013fffffff]
[    0.000000] Initmem setup node 0 [mem 0x0000000040000000-0x000000013fffffff]
[    0.000000] psci: probing for conduit method from ACPI.
[    0.000000] psci: PSCIv1.1 detected in firmware.
[    0.000000] psci: Using standard PSCI v0.2 function IDs
[    0.000000] psci: Trusted OS migration not required
[    0.000000] psci: SMC Calling Convention v1.0
[    0.000000] percpu: Embedded 33 pages/cpu s96984 r8192 d29992 u135168
[    0.000000] Detected PIPT I-cache on CPU0
[    0.000000] CPU features: detected: Spectre-v4
[    0.000000] CPU features: detected: Spectre-BHB
[    0.000000] CPU features: detected: Broken broadcast TLBI completion
[    0.000000] CPU features: detected: SSBS not fully self-synchronizing
[    0.000000] alternatives: applying boot alternatives
[    0.000000] Kernel command line: root=/dev/vda rw console=ttyAMA0 initrd=initrd
[    0.000000] Dentry cache hash table entries: 524288 (order: 10, 4194304 bytes, linear)
[    0.000000] Inode-cache hash table entries: 262144 (order: 9, 2097152 bytes, linear)
[    0.000000] Fallback order for Node 0: 0 
[    0.000000] Built 1 zonelists, mobility grouping on.  Total pages: 1048576
[    0.000000] Policy zone: Normal
[    0.000000] mem auto-init: stack:all(zero), heap alloc:on, heap free:off
[    0.000000] software IO TLB: area num 2.
[    0.000000] software IO TLB: mapped [mem 0x00000000fbfff000-0x00000000fffff000] (64MB)
[    0.000000] SLUB: HWalign=64, Order=0-3, MinObjects=0, CPUs=2, Nodes=1
[    0.000000] Dynamic Preempt: none
[    0.000000] rcu: Preemptible hierarchical RCU implementation.
[    0.000000] rcu: 	RCU restricting CPUs from NR_CPUS=4096 to nr_cpu_ids=2.
[    0.000000] 	Trampoline variant of Tasks RCU enabled.
[    0.000000] 	Tracing variant of Tasks RCU enabled.
[    0.000000] rcu: RCU calculated value of scheduler-enlistment delay is 10 jiffies.
[    0.000000] rcu: Adjusting geometry for rcu_fanout_leaf=16, nr_cpu_ids=2
[    0.000000] RCU Tasks: Setting shift to 1 and lim to 1 rcu_task_cb_adjust=1 rcu_task_cpu_ids=2.
[    0.000000] RCU Tasks Trace: Setting shift to 1 and lim to 1 rcu_task_cb_adjust=1 rcu_task_cpu_ids=2.
[    0.000000] NR_IRQS: 64, nr_irqs: 64, preallocated irqs: 0
[    0.000000] Root IRQ handler: gic_handle_irq
[    0.000000] GICv2m: ACPI overriding V2M MSI_TYPER (base:80, num:64)
[    0.000000] GICv2m: range[mem 0x08020000-0x08020fff], SPI[80:143]
[    0.000000] rcu: srcu_init: Setting srcu_struct sizes based on contention.
[    0.000000] clocksource: jiffies: mask: 0xffffffff max_cycles: 0xffffffff, max_idle_ns: 19112604462750000 ns
[    0.000000] arch_timer: cp15 timer(s) running at 62.50MHz (virt).
[    0.000000] clocksource: arch_sys_counter: mask: 0x1ffffffffffffff max_cycles: 0x1cd42e208c, max_idle_ns: 881590405314 ns
[    0.000104] sched_clock: 57 bits at 63MHz, resolution 16ns, wraps every 4398046511096ns
[    0.012666] kfence: initialized - using 2097152 bytes for 255 objects at 0x(____ptrval____)-0x(____ptrval____)
[    0.029453] Console: colour dummy device 80x25
[    0.034983] ACPI: Core revision 20240827
[    0.046804] Calibrating delay loop (skipped), value calculated using timer frequency.. 125.00 BogoMIPS (lpj=625000)
[    0.046993] pid_max: default: 32768 minimum: 301
[    0.059466] LSM: initializing lsm=lockdown,capability,landlock
[    0.063361] landlock: Up and running.
[    0.067563] Mount-cache hash table entries: 8192 (order: 4, 65536 bytes, linear)
[    0.067678] Mountpoint-cache hash table entries: 8192 (order: 4, 65536 bytes, linear)
[    0.180244] rcu: Hierarchical SRCU implementation.
[    0.180334] rcu: 	Max phase no-delay instances is 1000.
[    0.183508] Timer migration: 1 hierarchy levels; 8 children per group; 1 crossnode level
[    0.200501] Remapping and enabling EFI services.
[    0.215926] smp: Bringing up secondary CPUs ...
[    0.231005] Detected PIPT I-cache on CPU1
[    0.232617] CPU1: Booted secondary processor 0x0000000001 [0x414fd0b1]
[    0.246736] smp: Brought up 1 node, 2 CPUs
[    0.246841] SMP: Total of 2 processors activated.
[    0.246925] CPU: All CPU(s) started at EL1
[    0.247373] CPU features: detected: 32-bit EL0 Support
[    0.247471] CPU features: detected: Data cache clean to the PoU not required for I/D coherence
[    0.247556] CPU features: detected: Common not Private translations
[    0.247566] CPU features: detected: CRC32 instructions
[    0.247938] CPU features: detected: RCpc load-acquire (LDAPR)
[    0.248019] CPU features: detected: LSE atomic instructions
[    0.248029] CPU features: detected: Privileged Access Never
[    0.248037] CPU features: detected: RAS Extension Support
[    0.248115] CPU features: detected: Speculative Store Bypassing Safe (SSBS)
[    0.283343] alternatives: applying system-wide alternatives
[    0.325902] CPU features: detected: Hardware dirty bit management on CPU0-1
[    0.382648] Memory: 3995976K/4194304K available (12608K kernel code, 1950K rwdata, 7812K rodata, 1920K init, 9305K bss, 193644K reserved, 0K cma-reserved)
[    0.491094] devtmpfs: initialized
[    0.535257] futex hash table entries: 512 (order: 3, 32768 bytes, linear)
[    0.538882] 24304 pages in range for non-PLT usage
[    0.539004] 515824 pages in range for PLT usage
[    0.547188] pinctrl core: initialized pinctrl subsystem
[    0.558854] SMBIOS 3.0.0 present.
[    0.559468] DMI: QEMU QEMU Virtual Machine, BIOS edk2-stable202408-prebuilt.qemu.org 08/13/2024
[    0.560050] DMI: Memory slots populated: 1/1
[    0.597275] NET: Registered PF_NETLINK/PF_ROUTE protocol family
[    0.610850] DMA: preallocated 512 KiB GFP_KERNEL pool for atomic allocations
[    0.612134] DMA: preallocated 512 KiB GFP_KERNEL|GFP_DMA pool for atomic allocations
[    0.613172] DMA: preallocated 512 KiB GFP_KERNEL|GFP_DMA32 pool for atomic allocations
[    0.613866] audit: initializing netlink subsys (disabled)
[    0.619003] audit: type=2000 audit(0.330:1): state=initialized audit_enabled=0 res=1
[    0.628953] thermal_sys: Registered thermal governor 'step_wise'
[    0.632063] cpuidle: using governor ladder
[    0.632506] cpuidle: using governor menu
[    0.635357] hw-breakpoint: found 6 breakpoint and 4 watchpoint registers.
[    0.639837] ASID allocator initialised with 65536 entries
[    0.641039] acpiphp: ACPI Hot Plug PCI Controller Driver version: 0.5
[    0.643890] Serial: AMBA PL011 UART driver
[    0.675423] HugeTLB: registered 1.00 GiB page size, pre-allocated 0 pages
[    0.675503] HugeTLB: 0 KiB vmemmap can be freed for a 1.00 GiB page
[    0.675528] HugeTLB: registered 32.0 MiB page size, pre-allocated 0 pages
[    0.675538] HugeTLB: 0 KiB vmemmap can be freed for a 32.0 MiB page
[    0.675552] HugeTLB: registered 2.00 MiB page size, pre-allocated 0 pages
[    0.675562] HugeTLB: 0 KiB vmemmap can be freed for a 2.00 MiB page
[    0.675575] HugeTLB: registered 64.0 KiB page size, pre-allocated 0 pages
[    0.675584] HugeTLB: 0 KiB vmemmap can be freed for a 64.0 KiB page
[    0.724395] ACPI: Added _OSI(Module Device)
[    0.724490] ACPI: Added _OSI(Processor Device)
[    0.724504] ACPI: Added _OSI(Processor Aggregator Device)
[    0.758602] ACPI: 1 ACPI AML tables successfully acquired and loaded
[    0.827509] ACPI: Interpreter enabled
[    0.827590] ACPI: Using GIC for interrupt routing
[    0.828653] ACPI: MCFG table detected, 1 entries
[    0.896296] ACPI: CPU0 has been hot-added
[    0.897558] ACPI: CPU1 has been hot-added
[    0.926572] ARMH0011:00: ttyAMA0 at MMIO 0x9000000 (irq = 12, base_baud = 0) is a SBSA
[    0.928256] printk: legacy console [ttyAMA0] enabled
[    1.041018] ACPI: PCI: Interrupt link L000 configured for IRQ 35
[    1.041847] ACPI: PCI: Interrupt link L001 configured for IRQ 36
[    1.042270] ACPI: PCI: Interrupt link L002 configured for IRQ 37
[    1.042621] ACPI: PCI: Interrupt link L003 configured for IRQ 38
[    1.043668] ACPI: PCI Root Bridge [PCI0] (domain 0000 [bus 00-ff])
[    1.047186] acpi PNP0A08:00: _OSC: OS supports [ExtendedConfig ASPM ClockPM Segments MSI HPX-Type3]
[    1.060092] acpi PNP0A08:00: _OSC: platform does not support [LTR]
[    1.061814] acpi PNP0A08:00: _OSC: OS now controls [PCIeHotplug PME PCIeCapability]
[    1.066067] acpi PNP0A08:00: ECAM area [mem 0x4010000000-0x401fffffff] reserved by PNP0C02:00
[    1.067227] acpi PNP0A08:00: ECAM at [mem 0x4010000000-0x401fffffff] for [bus 00-ff]
[    1.068450] ACPI: Remapped I/O 0x000000003eff0000 to [io  0x0000-0xffff window]
[    1.079784] PCI host bridge to bus 0000:00
[    1.080559] pci_bus 0000:00: root bus resource [mem 0x10000000-0x3efeffff window]
[    1.080848] pci_bus 0000:00: root bus resource [io  0x0000-0xffff window]
[    1.081070] pci_bus 0000:00: root bus resource [mem 0x8000000000-0xffffffffff window]
[    1.081478] pci_bus 0000:00: root bus resource [bus 00-ff]
[    1.084183] pci 0000:00:00.0: [1b36:0008] type 00 class 0x060000 conventional PCI endpoint
[    1.098170] pci 0000:00:01.0: [8086:100e] type 00 class 0x020000 conventional PCI endpoint
[    1.099077] pci 0000:00:01.0: BAR 0 [mem 0x10040000-0x1005ffff]
[    1.099507] pci 0000:00:01.0: BAR 1 [io  0x0080-0x00bf]
[    1.099855] pci 0000:00:01.0: ROM [mem 0xfffc0000-0xffffffff pref]
[    1.102255] pci 0000:00:02.0: [1af4:1001] type 00 class 0x010000 conventional PCI endpoint
[    1.102624] pci 0000:00:02.0: BAR 0 [io  0x0000-0x007f]
[    1.105665] pci 0000:00:02.0: BAR 1 [mem 0x10060000-0x10060fff]
[    1.106245] pci 0000:00:02.0: BAR 4 [mem 0x8000000000-0x8000003fff 64bit pref]
[    1.111152] pci 0000:00:01.0: ROM [mem 0x10000000-0x1003ffff pref]: assigned
[    1.111971] pci 0000:00:01.0: BAR 0 [mem 0x10040000-0x1005ffff]: assigned
[    1.112567] pci 0000:00:02.0: BAR 4 [mem 0x8000000000-0x8000003fff 64bit pref]: assigned
[    1.113157] pci 0000:00:02.0: BAR 1 [mem 0x10060000-0x10060fff]: assigned
[    1.113491] pci 0000:00:02.0: BAR 0 [io  0x1000-0x107f]: assigned
[    1.113721] pci 0000:00:01.0: BAR 1 [io  0x1080-0x10bf]: assigned
[    1.114243] pci_bus 0000:00: resource 4 [mem 0x10000000-0x3efeffff window]
[    1.114489] pci_bus 0000:00: resource 5 [io  0x0000-0xffff window]
[    1.114684] pci_bus 0000:00: resource 6 [mem 0x8000000000-0xffffffffff window]
[    1.124804] iommu: Default domain type: Translated
[    1.125105] iommu: DMA domain TLB invalidation policy: lazy mode
[    1.142696] efivars: Registered efivars operations
[    1.173682] clocksource: Switched to clocksource arch_sys_counter
[    1.198307] VFS: Disk quotas dquot_6.6.0
[    1.199119] VFS: Dquot-cache hash table entries: 512 (order 0, 4096 bytes)
[    1.214260] pnp: PnP ACPI init
[    1.225821] system 00:00: [mem 0x4010000000-0x401fffffff window] could not be reserved
[    1.226942] pnp: PnP ACPI: found 1 devices
[    1.309876] NET: Registered PF_INET protocol family
[    1.313532] IP idents hash table entries: 65536 (order: 7, 524288 bytes, linear)
[    1.439945] tcp_listen_portaddr_hash hash table entries: 2048 (order: 3, 32768 bytes, linear)
[    1.440942] Table-perturb hash table entries: 65536 (order: 6, 262144 bytes, linear)
[    1.441798] TCP established hash table entries: 32768 (order: 6, 262144 bytes, linear)
[    1.444248] TCP bind hash table entries: 32768 (order: 8, 1048576 bytes, linear)
[    1.445736] TCP: Hash tables configured (established 32768 bind 32768)
[    1.450284] MPTCP token hash table entries: 4096 (order: 5, 98304 bytes, linear)
[    1.454702] UDP hash table entries: 2048 (order: 4, 65536 bytes, linear)
[    1.456319] UDP-Lite hash table entries: 2048 (order: 4, 65536 bytes, linear)
[    1.460412] NET: Registered PF_UNIX/PF_LOCAL protocol family
[    1.461810] NET: Registered PF_XDP protocol family
[    1.462522] PCI: CLS 0 bytes, default 64
[    1.466786] kvm [1]: HYP mode not available
[    1.475781] Unpacking initramfs...
[    1.478232] Initialise system trusted keyrings
[    1.494264] workingset: timestamp_bits=44 max_order=20 bucket_order=0
[    1.611168] Key type asymmetric registered
[    1.611862] Asymmetric key parser 'x509' registered
[    1.613210] Block layer SCSI generic (bsg) driver version 0.4 loaded (major 249)
[    1.619299] io scheduler mq-deadline registered
[    1.622002] io scheduler kyber registered
[    1.626708] io scheduler bfq registered
[    1.668322] ACPI: \_SB_.L002: Enabled at IRQ 37
[    1.674332] virtio-pci 0000:00:02.0: enabling device (0000 -> 0003)
[    1.684282] Serial: 8250/16550 driver, 4 ports, IRQ sharing enabled
[    1.717780] hv_vmbus: registering driver hyperv_keyboard
[    1.727231] rtc-efi rtc-efi.0: registered as rtc0
[    1.729826] rtc-efi rtc-efi.0: setting system clock to 2026-08-31T10:49:52 UTC (1788173392)
[    1.733365] NET: Registered PF_INET6 protocol family
[    1.759977] Segment Routing with IPv6
[    1.760486] In-situ OAM (IOAM) with IPv6
[    1.829321] registered taskstats version 1
[    1.832922] Loading compiled-in X.509 certificates
[    1.864352] Freeing initrd memory: 5268K
[    2.061004] Loaded X.509 cert 'alpinelinux.org: Alpine Linux kernel key: 87fa969a47f3e2a6aa35859eb932a17c95abcd82'
[    2.085008] Demotion targets for Node 0: null
[    2.090015] Key type .fscrypt registered
[    2.090233] Key type fscrypt-provisioning registered
[    2.125411] clk: Disabling unused clocks
[    2.126461] PM: genpd: Disabling unused power domains
[    2.197747] Freeing unused kernel memory: 1920K
[    2.200956] Run /init as init process
[    2.446122] Alpine Init 3.11.1-r0
Alpine Init 3.11.1-r0
[    2.452114] Loading boot drivers...
 * Loading boot drivers: [    2.510604] Loading boot drivers: ok.
ok.
SIMBOOT: kernel=6.12.103-0-virt
[    2.576872] Invalid ELF header magic: != ELF
[    2.611178] virtio_blk virtio0: 2/0/0 default/read/poll queues
[    2.634365] virtio_blk virtio0: [vda] 1411072 512-byte logical blocks (722 MB/689 MiB)
[    2.673921] Invalid ELF header magic: != ELF
[    2.692486] Invalid ELF header magic: != ELF
[    2.711822] Invalid ELF header magic: != ELF
[    2.733952] Invalid ELF header magic: != ELF
[    2.792474] Invalid ELF header magic: != ELF
[    2.979298] Invalid ELF header magic: != ELF
[    3.015951] e1000: Intel(R) PRO/1000 Network Driver
[    3.016222] e1000: Copyright (c) 1999-2006 Intel Corporation.
[    3.017716] ACPI: \_SB_.L001: Enabled at IRQ 36
[    3.018176] e1000 0000:00:01.0: enabling device (0000 -> 0003)
[    3.395917] e1000 0000:00:01.0 eth0: (PCI:33MHz:32-bit) 52:54:00:12:34:56
[    3.396783] e1000 0000:00:01.0 eth0: Intel(R) PRO/1000 Network Connection
Module                  Size  Used by    Not tainted
e1000                 163840  0 
ext4                  929792  0 
jbd2                  172032  1 ext4
mbcache                20480  1 ext4
crc32c_generic         12288  0 
crc16                  12288  1 ext4
virtio_blk             24576  0 
[    4.514144] EXT4-fs (vda): mounted filesystem 1799a7eb-09df-4b80-8c57-0424de58e445 r/w with ordered data mode. Quota mode: none.
SIMBOOT: root mounted rw, running real mfp.afx with binder stub
[   15.876084] e1000: eth0 NIC Link is Up 1000 Mbps Full Duplex, Flow Control: RX
=== VHAL: fetch toolchain ===
VHAL_WGET_TC_RC=0
-rw-r--r-- 1 root root 85323901 Aug 31 10:50 /tmp/musl-native.tgz
VHAL_WGET_SRC_RC=0
-rw-r--r-- 1 root root 12786 Aug 31 10:50 /tmp/virtual_hal.c
=== VHAL: extract ===
tar: invalid tar magic
VHAL_TAR_RC=1
ls: cannot access '/tmp/aarch64-linux-musl-native/bin/aarch64-linux-musl-gcc': No such file or directory
=== VHAL: compile ===
/bin/sh: line 5: /tmp/aarch64-linux-musl-native/bin/aarch64-linux-musl-gcc: No such file or directory
VHAL_GCC_RC=127
ls: cannot access '/lib/virtual_hal.so': No such file or directory
=== VHAL: done ===
MFP_PID=468
[   25.889378] random: crng init done
--- POLL 1: N=11 ---
[Thread debugging using libthread_db enabled]
Using host libthread_db library "/lib64/libthread_db.so.1".
0x0000ffffad54e1f8 in fsync () from /lib64/libc.so.6
B4: 5c=0 7c=0 80=0 82=0
AF: 5c=1 7c=1 80=1 82=1
[Inferior 1 (process 468) detached]
--- POLL 2: N=11 ---
[Thread debugging using libthread_db enabled]
Using host libthread_db library "/lib64/libthread_db.so.1".
0x0000ffffad54e1f8 in fsync () from /lib64/libc.so.6
B4: 5c=1 7c=1 80=1 82=1
AF: 5c=1 7c=1 80=1 82=1
[Inferior 1 (process 468) detached]
--- POLL 3: N=44 ---
[Thread debugging using libthread_db enabled]
Using host libthread_db library "/lib64/libthread_db.so.1".
0x0000ffffad521ae0 in clock_nanosleep () from /lib64/libc.so.6
B4: 5c=1 7c=1 80=1 82=1
AF: 5c=1 7c=1 80=1 82=1
[Inferior 1 (process 468) detached]
--- POLL 4: N=44 ---
[Thread debugging using libthread_db enabled]
Using host libthread_db library "/lib64/libthread_db.so.1".
0x0000ffffad521ae4 in clock_nanosleep () from /lib64/libc.so.6
B4: 5c=1 7c=1 80=1 82=1
AF: 5c=1 7c=1 80=1 82=1
[Inferior 1 (process 468) detached]
--- POLL 5: N=62 ---
[Thread debugging using libthread_db enabled]
Using host libthread_db library "/lib64/libthread_db.so.1".
0x0000ffffad521ae0 in clock_nanosleep () from /lib64/libc.so.6
B4: 5c=0 7c=0 80=0 82=0
AF: 5c=1 7c=1 80=1 82=1
[Inferior 1 (process 468) detached]
--- POLL 6: N=176 ---
POLL: passed print_info_status_init (N=176)
--- ALIVE ---
179
