UEFI firmware (version edk2-stable202408-prebuilt.qemu.org built at 16:28:50 on Sep 12 2024)
ArmTrngLib could not be correctly initialized.
Error: Image at 000BFDB6000 start failed: 00000001
Error: Image at 000BFD6D000 start failed: Not Found
Error: Image at 000BFCBA000 start failed: Unsupported
Error: Image at 000BFB5E000 start failed: Aborted
Tpm2SubmitCommand - Tcg2 - Not Found
Tpm2GetCapabilityPcrs fail!
Tpm2SubmitCommand - Tcg2 - Not Found
Image type X64 can't be loaded on AARCH64 UEFI system.
[2J[01;01H[=3h[2J[01;01H[2J[01;01H[=3h[2J[01;01HEFI stub: Decompressing Linux Kernel...
EFI stub: Loaded initrd from LINUX_EFI_INITRD_MEDIA_GUID device path
EFI stub: Generating empty DTB
EFI stub: Exiting boot services...
[    0.000000] Booting Linux on physical CPU 0x0000000000 [0x414fd0b1]
[    0.000000] Linux version 6.12.103-0-virt (buildozer@build-3-21-aarch64) (gcc (Alpine 14.2.0) 14.2.0, GNU ld (GNU Binutils) 2.43.1) #1-Alpine SMP PREEMPT_DYNAMIC 2026-08-10 14:25:03
[    0.000000] efi: EFI v2.7 by EDK II
[    0.000000] efi: SMBIOS 3.0=0xbfed0000 MEMATTR=0xbe176018 ACPI 2.0=0xbcb43018 INITRD=0xbcb40f18 MEMRESERVE=0xbcb40f98 
[    0.000000] ACPI: Early table checksum verification disabled
[    0.000000] ACPI: RSDP 0x00000000BCB43018 000024 (v02 BOCHS )
[    0.000000] ACPI: XSDT 0x00000000BCB43F18 000064 (v01 BOCHS  BXPC     00000001      01000013)
[    0.000000] ACPI: FACP 0x00000000BCB43B18 000114 (v06 BOCHS  BXPC     00000001 BXPC 00000001)
[    0.000000] ACPI: DSDT 0x00000000BCB41018 001506 (v02 BOCHS  BXPC     00000001 BXPC 00000001)
[    0.000000] ACPI: APIC 0x00000000BCB43C98 0000FC (v04 BOCHS  BXPC     00000001 BXPC 00000001)
[    0.000000] ACPI: PPTT 0x00000000BCB43E18 000074 (v02 BOCHS  BXPC     00000001 BXPC 00000001)
[    0.000000] ACPI: GTDT 0x00000000BCB43098 000068 (v03 BOCHS  BXPC     00000001 BXPC 00000001)
[    0.000000] ACPI: MCFG 0x00000000BCB43A98 00003C (v01 BOCHS  BXPC     00000001 BXPC 00000001)
[    0.000000] ACPI: SPCR 0x00000000BCB43818 000050 (v02 BOCHS  BXPC     00000001 BXPC 00000001)
[    0.000000] ACPI: DBG2 0x00000000BCB43A18 000057 (v00 BOCHS  BXPC     00000001 BXPC 00000001)
[    0.000000] ACPI: IORT 0x00000000BCB43898 000054 (v05 BOCHS  BXPC     00000001 BXPC 00000001)
[    0.000000] ACPI: SPCR: console: pl011,mmio32,0x9000000,9600
[    0.000000] ACPI: Use ACPI SPCR as default console: Yes
[    0.000000] NUMA: Faking a node at [mem 0x0000000040000000-0x00000000bfffffff]
[    0.000000] NODE_DATA(0) allocated [mem 0xbf855b80-0xbf857fff]
[    0.000000] Zone ranges:
[    0.000000]   DMA      [mem 0x0000000040000000-0x00000000bfffffff]
[    0.000000]   DMA32    empty
[    0.000000]   Normal   empty
[    0.000000] Movable zone start for each node
[    0.000000] Early memory node ranges
[    0.000000]   node   0: [mem 0x0000000040000000-0x00000000bc76ffff]
[    0.000000]   node   0: [mem 0x00000000bc770000-0x00000000bcb3ffff]
[    0.000000]   node   0: [mem 0x00000000bcb40000-0x00000000bfe1ffff]
[    0.000000]   node   0: [mem 0x00000000bfe20000-0x00000000bfeaffff]
[    0.000000]   node   0: [mem 0x00000000bfeb0000-0x00000000bfebffff]
[    0.000000]   node   0: [mem 0x00000000bfec0000-0x00000000bffdffff]
[    0.000000]   node   0: [mem 0x00000000bffe0000-0x00000000bfffffff]
[    0.000000] Initmem setup node 0 [mem 0x0000000040000000-0x00000000bfffffff]
[    0.000000] psci: probing for conduit method from ACPI.
[    0.000000] psci: PSCIv1.1 detected in firmware.
[    0.000000] psci: Using standard PSCI v0.2 function IDs
[    0.000000] psci: Trusted OS migration not required
[    0.000000] psci: SMC Calling Convention v1.0
[    0.000000] percpu: Embedded 33 pages/cpu s96984 r8192 d29992 u135168
[    0.000000] Detected PIPT I-cache on CPU0
[    0.000000] CPU features: detected: Spectre-v4
[    0.000000] CPU features: detected: Spectre-BHB
[    0.000000] CPU features: detected: Broken broadcast TLBI completion
[    0.000000] CPU features: detected: SSBS not fully self-synchronizing
[    0.000000] alternatives: applying boot alternatives
[    0.000000] Kernel command line: root=/dev/vda rw console=ttyAMA0 initrd=initrd
[    0.000000] Dentry cache hash table entries: 262144 (order: 9, 2097152 bytes, linear)
[    0.000000] Inode-cache hash table entries: 131072 (order: 8, 1048576 bytes, linear)
[    0.000000] Fallback order for Node 0: 0 
[    0.000000] Built 1 zonelists, mobility grouping on.  Total pages: 524288
[    0.000000] Policy zone: DMA
[    0.000000] mem auto-init: stack:all(zero), heap alloc:on, heap free:off
[    0.000000] software IO TLB: SWIOTLB bounce buffer size adjusted to 2MB
[    0.000000] software IO TLB: area num 2.
[    0.000000] software IO TLB: mapped [mem 0x00000000bf2b4000-0x00000000bf4b4000] (2MB)
[    0.000000] SLUB: HWalign=64, Order=0-3, MinObjects=0, CPUs=2, Nodes=1
[    0.000000] Dynamic Preempt: none
[    0.000000] rcu: Preemptible hierarchical RCU implementation.
[    0.000000] rcu: 	RCU restricting CPUs from NR_CPUS=4096 to nr_cpu_ids=2.
[    0.000000] 	Trampoline variant of Tasks RCU enabled.
[    0.000000] 	Tracing variant of Tasks RCU enabled.
[    0.000000] rcu: RCU calculated value of scheduler-enlistment delay is 10 jiffies.
[    0.000000] rcu: Adjusting geometry for rcu_fanout_leaf=16, nr_cpu_ids=2
[    0.000000] RCU Tasks: Setting shift to 1 and lim to 1 rcu_task_cb_adjust=1 rcu_task_cpu_ids=2.
[    0.000000] RCU Tasks Trace: Setting shift to 1 and lim to 1 rcu_task_cb_adjust=1 rcu_task_cpu_ids=2.
[    0.000000] NR_IRQS: 64, nr_irqs: 64, preallocated irqs: 0
[    0.000000] Root IRQ handler: gic_handle_irq
[    0.000000] GICv2m: ACPI overriding V2M MSI_TYPER (base:80, num:64)
[    0.000000] GICv2m: range[mem 0x08020000-0x08020fff], SPI[80:143]
[    0.000000] rcu: srcu_init: Setting srcu_struct sizes based on contention.
[    0.000000] clocksource: jiffies: mask: 0xffffffff max_cycles: 0xffffffff, max_idle_ns: 19112604462750000 ns
[    0.000000] arch_timer: cp15 timer(s) running at 62.50MHz (virt).
[    0.000000] clocksource: arch_sys_counter: mask: 0x1ffffffffffffff max_cycles: 0x1cd42e208c, max_idle_ns: 881590405314 ns
[    0.029400] sched_clock: 57 bits at 63MHz, resolution 16ns, wraps every 4398046511096ns
[    0.148381] kfence: initialized - using 2097152 bytes for 255 objects at 0x(____ptrval____)-0x(____ptrval____)
[    0.699761] Console: colour dummy device 80x25
[    0.847134] ACPI: Core revision 20240827
[    1.107120] Calibrating delay loop (skipped), value calculated using timer frequency.. 125.00 BogoMIPS (lpj=625000)
[    1.107990] pid_max: default: 32768 minimum: 301
[    1.664583] LSM: initializing lsm=lockdown,capability,landlock
[    1.732520] landlock: Up and running.
[    1.848634] Mount-cache hash table entries: 4096 (order: 3, 32768 bytes, linear)
[    1.848825] Mountpoint-cache hash table entries: 4096 (order: 3, 32768 bytes, linear)
[    5.149112] rcu: Hierarchical SRCU implementation.
[    5.149266] rcu: 	Max phase no-delay instances is 1000.
[    5.281838] Timer migration: 1 hierarchy levels; 8 children per group; 1 crossnode level
[    5.762241] Remapping and enabling EFI services.
[    5.998907] smp: Bringing up secondary CPUs ...
[    6.839231] Detected PIPT I-cache on CPU1
[    6.950476] CPU1: Booted secondary processor 0x0000000001 [0x414fd0b1]
[    8.947426] smp: Brought up 1 node, 2 CPUs
[    8.947790] SMP: Total of 2 processors activated.
[    8.947936] CPU: All CPU(s) started at EL1
[    8.948413] CPU features: detected: 32-bit EL0 Support
[    8.948523] CPU features: detected: Data cache clean to the PoU not required for I/D coherence
[    9.049557] CPU features: detected: Common not Private translations
[    9.049582] CPU features: detected: CRC32 instructions
[    9.055374] CPU features: detected: RCpc load-acquire (LDAPR)
[    9.055613] CPU features: detected: LSE atomic instructions
[    9.055636] CPU features: detected: Privileged Access Never
[    9.055645] CPU features: detected: RAS Extension Support
[    9.055744] CPU features: detected: Speculative Store Bypassing Safe (SSBS)
[    9.605916] alternatives: applying system-wide alternatives
[   10.493279] CPU features: detected: Hardware dirty bit management on CPU0-1
[   10.947749] Memory: 2003384K/2097152K available (12608K kernel code, 1950K rwdata, 7812K rodata, 1920K init, 9305K bss, 89464K reserved, 0K cma-reserved)
[   12.281756] devtmpfs: initialized
[   12.797158] futex hash table entries: 512 (order: 3, 32768 bytes, linear)
[   12.798845] 24304 pages in range for non-PLT usage
[   12.799696] 515824 pages in range for PLT usage
[   12.861530] pinctrl core: initialized pinctrl subsystem
[   12.947975] SMBIOS 3.0.0 present.
[   12.948654] DMI: QEMU QEMU Virtual Machine, BIOS edk2-stable202408-prebuilt.qemu.org 08/13/2024
[   12.961053] DMI: Memory slots populated: 1/1
[   13.297363] NET: Registered PF_NETLINK/PF_ROUTE protocol family
[   13.349570] DMA: preallocated 256 KiB GFP_KERNEL pool for atomic allocations
[   13.363003] DMA: preallocated 256 KiB GFP_KERNEL|GFP_DMA pool for atomic allocations
[   13.364579] DMA: preallocated 256 KiB GFP_KERNEL|GFP_DMA32 pool for atomic allocations
[   13.365635] audit: initializing netlink subsys (disabled)
[   13.382852] audit: type=2000 audit(2.420:1): state=initialized audit_enabled=0 res=1
[   13.432823] thermal_sys: Registered thermal governor 'step_wise'
[   13.549257] cpuidle: using governor ladder
[   13.578917] cpuidle: using governor menu
[   13.630867] hw-breakpoint: found 6 breakpoint and 4 watchpoint registers.
[   13.632543] ASID allocator initialised with 65536 entries
[   13.645929] acpiphp: ACPI Hot Plug PCI Controller Driver version: 0.5
[   13.664298] Serial: AMBA PL011 UART driver
[   14.012375] HugeTLB: registered 1.00 GiB page size, pre-allocated 0 pages
[   14.012456] HugeTLB: 0 KiB vmemmap can be freed for a 1.00 GiB page
[   14.012493] HugeTLB: registered 32.0 MiB page size, pre-allocated 0 pages
[   14.012504] HugeTLB: 0 KiB vmemmap can be freed for a 32.0 MiB page
[   14.012516] HugeTLB: registered 2.00 MiB page size, pre-allocated 0 pages
[   14.012524] HugeTLB: 0 KiB vmemmap can be freed for a 2.00 MiB page
[   14.012538] HugeTLB: registered 64.0 KiB page size, pre-allocated 0 pages
[   14.012546] HugeTLB: 0 KiB vmemmap can be freed for a 64.0 KiB page
[   14.229628] ACPI: Added _OSI(Module Device)
[   14.229732] ACPI: Added _OSI(Processor Device)
[   14.229746] ACPI: Added _OSI(Processor Aggregator Device)
[   14.582028] ACPI: 1 ACPI AML tables successfully acquired and loaded
[   14.758494] ACPI: Interpreter enabled
[   14.760063] ACPI: Using GIC for interrupt routing
[   14.761478] ACPI: MCFG table detected, 1 entries
[   15.615478] ACPI: CPU0 has been hot-added
[   15.714485] ACPI: CPU1 has been hot-added
[   17.048551] ARMH0011:00: ttyAMA0 at MMIO 0x9000000 (irq = 12, base_baud = 0) is a SBSA
[   17.129214] printk: legacy console [ttyAMA0] enabled
[   21.746521] ACPI: PCI: Interrupt link L000 configured for IRQ 35
[   21.747679] ACPI: PCI: Interrupt link L001 configured for IRQ 36
[   21.748188] ACPI: PCI: Interrupt link L002 configured for IRQ 37
[   21.749010] ACPI: PCI: Interrupt link L003 configured for IRQ 38
[   21.763729] ACPI: PCI Root Bridge [PCI0] (domain 0000 [bus 00-ff])
[   21.781716] acpi PNP0A08:00: _OSC: OS supports [ExtendedConfig ASPM ClockPM Segments MSI HPX-Type3]
[   21.846598] acpi PNP0A08:00: _OSC: platform does not support [LTR]
[   21.863932] acpi PNP0A08:00: _OSC: OS now controls [PCIeHotplug PME PCIeCapability]
[   21.926759] acpi PNP0A08:00: ECAM area [mem 0x4010000000-0x401fffffff] reserved by PNP0C02:00
[   21.960684] acpi PNP0A08:00: ECAM at [mem 0x4010000000-0x401fffffff] for [bus 00-ff]
[   21.982651] ACPI: Remapped I/O 0x000000003eff0000 to [io  0x0000-0xffff window]
[   22.098891] PCI host bridge to bus 0000:00
[   22.114208] pci_bus 0000:00: root bus resource [mem 0x10000000-0x3efeffff window]
[   22.115700] pci_bus 0000:00: root bus resource [io  0x0000-0xffff window]
[   22.116070] pci_bus 0000:00: root bus resource [mem 0x8000000000-0xffffffffff window]
[   22.147362] pci_bus 0000:00: root bus resource [bus 00-ff]
[   22.215138] pci 0000:00:00.0: [1b36:0008] type 00 class 0x060000 conventional PCI endpoint
[   22.645711] pci 0000:00:01.0: [8086:100e] type 00 class 0x020000 conventional PCI endpoint
[   22.677991] pci 0000:00:01.0: BAR 0 [mem 0x10040000-0x1005ffff]
[   22.696329] pci 0000:00:01.0: BAR 1 [io  0x0080-0x00bf]
[   22.696924] pci 0000:00:01.0: ROM [mem 0xfffc0000-0xffffffff pref]
[   22.765804] pci 0000:00:02.0: [1af4:1001] type 00 class 0x010000 conventional PCI endpoint
[   22.774946] pci 0000:00:02.0: BAR 0 [io  0x0000-0x007f]
[   22.781665] pci 0000:00:02.0: BAR 1 [mem 0x10060000-0x10060fff]
[   22.782227] pci 0000:00:02.0: BAR 4 [mem 0x8000000000-0x8000003fff 64bit pref]
[   22.926037] pci 0000:00:01.0: ROM [mem 0x10000000-0x1003ffff pref]: assigned
[   22.928825] pci 0000:00:01.0: BAR 0 [mem 0x10040000-0x1005ffff]: assigned
[   22.929940] pci 0000:00:02.0: BAR 4 [mem 0x8000000000-0x8000003fff 64bit pref]: assigned
[   22.931832] pci 0000:00:02.0: BAR 1 [mem 0x10060000-0x10060fff]: assigned
[   22.932525] pci 0000:00:02.0: BAR 0 [io  0x1000-0x107f]: assigned
[   22.949351] pci 0000:00:01.0: BAR 1 [io  0x1080-0x10bf]: assigned
[   22.979702] pci_bus 0000:00: resource 4 [mem 0x10000000-0x3efeffff window]
[   22.980342] pci_bus 0000:00: resource 5 [io  0x0000-0xffff window]
[   22.980716] pci_bus 0000:00: resource 6 [mem 0x8000000000-0xffffffffff window]
[   23.113564] iommu: Default domain type: Translated
[   23.144869] iommu: DMA domain TLB invalidation policy: lazy mode
[   23.297098] efivars: Registered efivars operations
[   23.698668] clocksource: Switched to clocksource arch_sys_counter
[   23.778974] VFS: Disk quotas dquot_6.6.0
[   23.781258] VFS: Dquot-cache hash table entries: 512 (order 0, 4096 bytes)
[   23.847139] pnp: PnP ACPI init
[   23.897731] system 00:00: [mem 0x4010000000-0x401fffffff window] could not be reserved
[   23.914309] pnp: PnP ACPI: found 1 devices
[   24.525274] NET: Registered PF_INET protocol family
[   24.531194] IP idents hash table entries: 32768 (order: 6, 262144 bytes, linear)
[   28.710287] hrtimer: interrupt took 393283808 ns
[   30.111579] tcp_listen_portaddr_hash hash table entries: 1024 (order: 2, 16384 bytes, linear)
[   30.282369] Table-perturb hash table entries: 65536 (order: 6, 262144 bytes, linear)
[   30.328536] TCP established hash table entries: 16384 (order: 5, 131072 bytes, linear)
[   30.591915] TCP bind hash table entries: 16384 (order: 7, 524288 bytes, linear)
[   30.725958] TCP: Hash tables configured (established 16384 bind 16384)
[   31.382446] MPTCP token hash table entries: 2048 (order: 4, 49152 bytes, linear)
[   31.748511] UDP hash table entries: 1024 (order: 3, 32768 bytes, linear)
[   31.830558] UDP-Lite hash table entries: 1024 (order: 3, 32768 bytes, linear)
[   32.432132] NET: Registered PF_UNIX/PF_LOCAL protocol family
[   32.672220] NET: Registered PF_XDP protocol family
[   32.696698] PCI: CLS 0 bytes, default 64
[   34.881654] Unpacking initramfs...
[   34.894130] kvm [1]: HYP mode not available
[   36.829738] Initialise system trusted keyrings
[   37.631544] workingset: timestamp_bits=44 max_order=19 bucket_order=0
[   45.728037] Key type asymmetric registered
[   45.906130] Asymmetric key parser 'x509' registered
[   46.042138] Block layer SCSI generic (bsg) driver version 0.4 loaded (major 249)
[   46.693975] io scheduler mq-deadline registered
[   46.779743] io scheduler kyber registered
[   46.806325] io scheduler bfq registered
[   49.015352] ACPI: \_SB_.L002: Enabled at IRQ 37
[   49.047377] virtio-pci 0000:00:02.0: enabling device (0000 -> 0003)
[   50.979842] Serial: 8250/16550 driver, 4 ports, IRQ sharing enabled
[   53.673476] hv_vmbus: registering driver hyperv_keyboard
[   55.114047] rtc-efi rtc-efi.0: registered as rtc0
[   55.728110] rtc-efi rtc-efi.0: setting system clock to 2026-08-25T07:54:53 UTC (1787644493)
[   56.930772] NET: Registered PF_INET6 protocol family
[   58.247676] Segment Routing with IPv6
[   58.320639] In-situ OAM (IOAM) with IPv6
[   60.127893] registered taskstats version 1
[   60.330469] Loading compiled-in X.509 certificates
[   65.103464] Freeing initrd memory: 5268K
[   72.412296] Loaded X.509 cert 'alpinelinux.org: Alpine Linux kernel key: 87fa969a47f3e2a6aa35859eb932a17c95abcd82'
[   73.295780] Demotion targets for Node 0: null
[   73.328218] Key type .fscrypt registered
[   73.328550] Key type fscrypt-provisioning registered
[   73.534073] clk: Disabling unused clocks
[   73.535665] PM: genpd: Disabling unused power domains
[   74.130817] Freeing unused kernel memory: 1920K
[   74.147634] Run /init as init process
[   76.958932] Alpine Init 3.11.1-r0
Alpine Init 3.11.1-r0
[   77.230788] Loading boot drivers...
 * Loading boot drivers: [   78.030919] Loading boot drivers: ok.
ok.
SIMBOOT: kernel=6.12.103-0-virt
[   85.281056] Invalid ELF header magic: != ELF
[   89.346475] virtio_blk virtio0: 2/0/0 default/read/poll queues
[   91.178252] virtio_blk virtio0: [vda] 1411072 512-byte logical blocks (722 MB/689 MiB)
[   93.663729] Invalid ELF header magic: != ELF
[   95.533516] Invalid ELF header magic: != ELF
[   97.538600] Invalid ELF header magic: != ELF
[   97.709921] Invalid ELF header magic: != ELF
[  100.094545] Invalid ELF header magic: != ELF
[  118.077276] Invalid ELF header magic: != ELF
[  118.874950] e1000: Intel(R) PRO/1000 Network Driver
[  118.913781] e1000: Copyright (c) 1999-2006 Intel Corporation.
[  118.955487] ACPI: \_SB_.L001: Enabled at IRQ 36
[  118.962472] e1000 0000:00:01.0: enabling device (0000 -> 0003)
[  122.262380] e1000 0000:00:01.0 eth0: (PCI:33MHz:32-bit) 52:54:00:12:34:56
[  122.279880] e1000 0000:00:01.0 eth0: Intel(R) PRO/1000 Network Connection
Module                  Size  Used by    Not tainted
e1000                 163840  0 
ext4                  929792  0 
jbd2                  172032  1 ext4
mbcache                20480  1 ext4
crc32c_generic         12288  0 
crc16                  12288  1 ext4
virtio_blk             24576  0 
[  124.297065] EXT4-fs (vda): mounted filesystem 1799a7eb-09df-4b80-8c57-0424de58e445 r/w with ordered data mode. Quota mode: none.
SIMBOOT: root mounted rw, running real mfp.afx with binder stub
[  165.429471] e1000: eth0 NIC Link is Up 1000 Mbps Full Duplex, Flow Control: RX
MFP_PID=449
--- POLL 1: N=1 ---
[  243.822546] random: mfp.afx: uninitialized urandom read (44 bytes read)
[  473.468791] random: crng init done
[Inferior 1 (process 449) detached]
--- POLL 2: N=11 ---
[Inferior 1 (process 449) detached]
--- POLL 3: N=11 ---
[Inferior 1 (process 449) detached]
--- POLL 4: N=11 ---
[Inferior 1 (process 449) detached]
--- POLL 5: N=11 ---
[Inferior 1 (process 449) detached]
--- POLL 6: N=11 ---
[Inferior 1 (process 449) detached]
--- POLL 7: N=11 ---
[Inferior 1 (process 449) detached]
--- POLL 8: N=22 ---
[Inferior 1 (process 449) detached]
--- POLL 9: N=44 ---
[Inferior 1 (process 449) detached]
--- POLL 10: N=44 ---
[Inferior 1 (process 449) detached]
--- POLL 11: N=62 ---
[Inferior 1 (process 449) detached]
--- POLL 12: N=128 ---
POLL: passed print_info_status_init (N=128)
--- ALIVE ---
128
--- LISTEN TCP ---
  sl  local_address rem_address   st tx_queue rx_queue tr tm->when retrnsmt   uid  timeout inode                                                     
   0: 0100007F:C737 00000000:0000 0A 00000000:00000000 00:00000000 00000000     0        0 49148 1 00000000727afaa7 100 0 0 10 0                     
--- HANDLES(corrected) ---
[New LWP 772]
[Thread debugging using libthread_db enabled]
Using host libthread_db library "/lib64/libthread_db.so.1".
0x0000ffff84b9cae0 in clock_nanosleep () from /lib64/libc.so.6
$1 = 0xffff858867e8
$2 = 0xffff858867f8
$3 = 0x722c7c0
[Inferior 1 (process 449) detached]
--- MAIN BT ---
[New LWP 772]
[New LWP 782]
[Thread debugging using libthread_db enabled]
Using host libthread_db library "/lib64/libthread_db.so.1".
0x0000ffff84b9cae0 in clock_nanosleep () from /lib64/libc.so.6
[Switching to thread 1 (Thread 0xffff84661960 (LWP 449))]
#0  0x0000ffff84b9cae0 in clock_nanosleep () from /lib64/libc.so.6
#0  0x0000ffff84b9cae0 in clock_nanosleep () from /lib64/libc.so.6
#1  0x0000ffff84bac89c in nanosleep () from /lib64/libc.so.6
#2  0x0000ffff84bbc174 in sleep () from /lib64/libc.so.6
#3  0x00000000006a8060 in main () at main/main.c:250
[Inferior 1 (process 449) detached]
--- FUNC DIST ---
BT=789
    117 ??
     30 select
     12 clock_nanosleep
      8 #0  binder_parse
      6 binder_thr
      4 read
      3 write
      3 binder_parse@plt
      3 #0  binder_thr
      2 mprotect
      2 ioctl@plt
      2 epoll_pwait
      1 msgrcv
      1 getpid
      1 connect
      1 accept
--- PORT913X THREADS ---
--- SERVER THREAD ---
#0  0x0000ffff84bd1608 in accept () from /lib64/libc.so.6
--- LPD LOG ---
---------------------pedk_mgr_prolog-------int------------
[35m[osal/pol/os/Linux/pol_linux.c:55]tid(570) statck size(0x00004000) name(server_thread)[0m
[35m[osal/pol/os/Linux/pol_linux.c:55]tid(571) statck size(0x00004000) name(pedk_ibc_recv)[0m
strat bind
strat listen
 panel_pedk_init  
cmd register ok = panel - pedk
[DEBUG][IPC][scan_ipc_init]scan_ipc_init binder_start front start 
[DEBUG][IPC][scan_ipc_init]scan_ipc_init binder_start back start 
 copy_pedk_init  
KEEPING MFP ALIVE (pid 449)
SIMBOOT: mfp run finished, keeping shell
/bin/sh: can't access tty; job control turned off
~ # [6n