UEFI firmware (version edk2-stable202408-prebuilt.qemu.org built at 16:28:50 on Sep 12 2024)
ArmTrngLib could not be correctly initialized.
Error: Image at 000BFDB6000 start failed: 00000001
Error: Image at 000BFD6D000 start failed: Not Found
Error: Image at 000BFCBA000 start failed: Unsupported
Error: Image at 000BFB5E000 start failed: Aborted
Tpm2SubmitCommand - Tcg2 - Not Found
Tpm2GetCapabilityPcrs fail!
Tpm2SubmitCommand - Tcg2 - Not Found
Image type X64 can't be loaded on AARCH64 UEFI system.
[2J[01;01H[=3h[2J[01;01H[2J[01;01H[=3h[2J[01;01HEFI stub: Decompressing Linux Kernel...
EFI stub: Loaded initrd from LINUX_EFI_INITRD_MEDIA_GUID device path
EFI stub: Generating empty DTB
EFI stub: Exiting boot services...
[    0.000000] Booting Linux on physical CPU 0x0000000000 [0x414fd0b1]
[    0.000000] Linux version 6.12.103-0-virt (buildozer@build-3-21-aarch64) (gcc (Alpine 14.2.0) 14.2.0, GNU ld (GNU Binutils) 2.43.1) #1-Alpine SMP PREEMPT_DYNAMIC 2026-08-10 14:25:03
[    0.000000] efi: EFI v2.7 by EDK II
[    0.000000] efi: SMBIOS 3.0=0xbfed0000 MEMATTR=0xbe176018 ACPI 2.0=0xbcb43018 INITRD=0xbcb40f18 MEMRESERVE=0xbcb40f98 
[    0.000000] ACPI: Early table checksum verification disabled
[    0.000000] ACPI: RSDP 0x00000000BCB43018 000024 (v02 BOCHS )
[    0.000000] ACPI: XSDT 0x00000000BCB43F18 000064 (v01 BOCHS  BXPC     00000001      01000013)
[    0.000000] ACPI: FACP 0x00000000BCB43B18 000114 (v06 BOCHS  BXPC     00000001 BXPC 00000001)
[    0.000000] ACPI: DSDT 0x00000000BCB41018 001506 (v02 BOCHS  BXPC     00000001 BXPC 00000001)
[    0.000000] ACPI: APIC 0x00000000BCB43C98 0000FC (v04 BOCHS  BXPC     00000001 BXPC 00000001)
[    0.000000] ACPI: PPTT 0x00000000BCB43E18 000074 (v02 BOCHS  BXPC     00000001 BXPC 00000001)
[    0.000000] ACPI: GTDT 0x00000000BCB43098 000068 (v03 BOCHS  BXPC     00000001 BXPC 00000001)
[    0.000000] ACPI: MCFG 0x00000000BCB43A98 00003C (v01 BOCHS  BXPC     00000001 BXPC 00000001)
[    0.000000] ACPI: SPCR 0x00000000BCB43818 000050 (v02 BOCHS  BXPC     00000001 BXPC 00000001)
[    0.000000] ACPI: DBG2 0x00000000BCB43A18 000057 (v00 BOCHS  BXPC     00000001 BXPC 00000001)
[    0.000000] ACPI: IORT 0x00000000BCB43898 000054 (v05 BOCHS  BXPC     00000001 BXPC 00000001)
[    0.000000] ACPI: SPCR: console: pl011,mmio32,0x9000000,9600
[    0.000000] ACPI: Use ACPI SPCR as default console: Yes
[    0.000000] NUMA: Faking a node at [mem 0x0000000040000000-0x00000000bfffffff]
[    0.000000] NODE_DATA(0) allocated [mem 0xbf855b80-0xbf857fff]
[    0.000000] Zone ranges:
[    0.000000]   DMA      [mem 0x0000000040000000-0x00000000bfffffff]
[    0.000000]   DMA32    empty
[    0.000000]   Normal   empty
[    0.000000] Movable zone start for each node
[    0.000000] Early memory node ranges
[    0.000000]   node   0: [mem 0x0000000040000000-0x00000000bc76ffff]
[    0.000000]   node   0: [mem 0x00000000bc770000-0x00000000bcb3ffff]
[    0.000000]   node   0: [mem 0x00000000bcb40000-0x00000000bfe1ffff]
[    0.000000]   node   0: [mem 0x00000000bfe20000-0x00000000bfeaffff]
[    0.000000]   node   0: [mem 0x00000000bfeb0000-0x00000000bfebffff]
[    0.000000]   node   0: [mem 0x00000000bfec0000-0x00000000bffdffff]
[    0.000000]   node   0: [mem 0x00000000bffe0000-0x00000000bfffffff]
[    0.000000] Initmem setup node 0 [mem 0x0000000040000000-0x00000000bfffffff]
[    0.000000] psci: probing for conduit method from ACPI.
[    0.000000] psci: PSCIv1.1 detected in firmware.
[    0.000000] psci: Using standard PSCI v0.2 function IDs
[    0.000000] psci: Trusted OS migration not required
[    0.000000] psci: SMC Calling Convention v1.0
[    0.000000] percpu: Embedded 33 pages/cpu s96984 r8192 d29992 u135168
[    0.000000] Detected PIPT I-cache on CPU0
[    0.000000] CPU features: detected: Spectre-v4
[    0.000000] CPU features: detected: Spectre-BHB
[    0.000000] CPU features: detected: Broken broadcast TLBI completion
[    0.000000] CPU features: detected: SSBS not fully self-synchronizing
[    0.000000] alternatives: applying boot alternatives
[    0.000000] Kernel command line: root=/dev/vda rw console=ttyAMA0 initrd=initrd
[    0.000000] Dentry cache hash table entries: 262144 (order: 9, 2097152 bytes, linear)
[    0.000000] Inode-cache hash table entries: 131072 (order: 8, 1048576 bytes, linear)
[    0.000000] Fallback order for Node 0: 0 
[    0.000000] Built 1 zonelists, mobility grouping on.  Total pages: 524288
[    0.000000] Policy zone: DMA
[    0.000000] mem auto-init: stack:all(zero), heap alloc:on, heap free:off
[    0.000000] software IO TLB: SWIOTLB bounce buffer size adjusted to 2MB
[    0.000000] software IO TLB: area num 2.
[    0.000000] software IO TLB: mapped [mem 0x00000000bf2b4000-0x00000000bf4b4000] (2MB)
[    0.000000] SLUB: HWalign=64, Order=0-3, MinObjects=0, CPUs=2, Nodes=1
[    0.000000] Dynamic Preempt: none
[    0.000000] rcu: Preemptible hierarchical RCU implementation.
[    0.000000] rcu: 	RCU restricting CPUs from NR_CPUS=4096 to nr_cpu_ids=2.
[    0.000000] 	Trampoline variant of Tasks RCU enabled.
[    0.000000] 	Tracing variant of Tasks RCU enabled.
[    0.000000] rcu: RCU calculated value of scheduler-enlistment delay is 10 jiffies.
[    0.000000] rcu: Adjusting geometry for rcu_fanout_leaf=16, nr_cpu_ids=2
[    0.000000] RCU Tasks: Setting shift to 1 and lim to 1 rcu_task_cb_adjust=1 rcu_task_cpu_ids=2.
[    0.000000] RCU Tasks Trace: Setting shift to 1 and lim to 1 rcu_task_cb_adjust=1 rcu_task_cpu_ids=2.
[    0.000000] NR_IRQS: 64, nr_irqs: 64, preallocated irqs: 0
[    0.000000] Root IRQ handler: gic_handle_irq
[    0.000000] GICv2m: ACPI overriding V2M MSI_TYPER (base:80, num:64)
[    0.000000] GICv2m: range[mem 0x08020000-0x08020fff], SPI[80:143]
[    0.000000] rcu: srcu_init: Setting srcu_struct sizes based on contention.
[    0.000000] clocksource: jiffies: mask: 0xffffffff max_cycles: 0xffffffff, max_idle_ns: 19112604462750000 ns
[    0.000000] arch_timer: cp15 timer(s) running at 62.50MHz (virt).
[    0.000000] clocksource: arch_sys_counter: mask: 0x1ffffffffffffff max_cycles: 0x1cd42e208c, max_idle_ns: 881590405314 ns
[    0.000193] sched_clock: 57 bits at 63MHz, resolution 16ns, wraps every 4398046511096ns
[    0.057710] kfence: initialized - using 2097152 bytes for 255 objects at 0x(____ptrval____)-0x(____ptrval____)
[    0.168040] Console: colour dummy device 80x25
[    0.221105] ACPI: Core revision 20240827
[    0.256707] Calibrating delay loop (skipped), value calculated using timer frequency.. 125.00 BogoMIPS (lpj=625000)
[    0.257109] pid_max: default: 32768 minimum: 301
[    0.336302] LSM: initializing lsm=lockdown,capability,landlock
[    0.384629] landlock: Up and running.
[    0.402861] Mount-cache hash table entries: 4096 (order: 3, 32768 bytes, linear)
[    0.403049] Mountpoint-cache hash table entries: 4096 (order: 3, 32768 bytes, linear)
[    1.185057] rcu: Hierarchical SRCU implementation.
[    1.187094] rcu: 	Max phase no-delay instances is 1000.
[    1.202075] Timer migration: 1 hierarchy levels; 8 children per group; 1 crossnode level
[    1.269406] Remapping and enabling EFI services.
[    1.336613] smp: Bringing up secondary CPUs ...
[    1.374169] Detected PIPT I-cache on CPU1
[    1.384096] CPU1: Booted secondary processor 0x0000000001 [0x414fd0b1]
[    1.424000] smp: Brought up 1 node, 2 CPUs
[    1.424197] SMP: Total of 2 processors activated.
[    1.434345] CPU: All CPU(s) started at EL1
[    1.436966] CPU features: detected: 32-bit EL0 Support
[    1.437187] CPU features: detected: Data cache clean to the PoU not required for I/D coherence
[    1.437293] CPU features: detected: Common not Private translations
[    1.437306] CPU features: detected: CRC32 instructions
[    1.437702] CPU features: detected: RCpc load-acquire (LDAPR)
[    1.437794] CPU features: detected: LSE atomic instructions
[    1.437808] CPU features: detected: Privileged Access Never
[    1.437817] CPU features: detected: RAS Extension Support
[    1.437902] CPU features: detected: Speculative Store Bypassing Safe (SSBS)
[    1.607538] alternatives: applying system-wide alternatives
[    1.907411] CPU features: detected: Hardware dirty bit management on CPU0-1
[    2.207587] Memory: 2003132K/2097152K available (12608K kernel code, 1950K rwdata, 7812K rodata, 1920K init, 9305K bss, 89464K reserved, 0K cma-reserved)
[    2.672850] devtmpfs: initialized
[    2.952593] futex hash table entries: 512 (order: 3, 32768 bytes, linear)
[    2.954223] 24304 pages in range for non-PLT usage
[    2.970952] 515824 pages in range for PLT usage
[    3.006057] pinctrl core: initialized pinctrl subsystem
[    3.071308] SMBIOS 3.0.0 present.
[    3.072228] DMI: QEMU QEMU Virtual Machine, BIOS edk2-stable202408-prebuilt.qemu.org 08/13/2024
[    3.072900] DMI: Memory slots populated: 1/1
[    3.323559] NET: Registered PF_NETLINK/PF_ROUTE protocol family
[    3.387028] DMA: preallocated 256 KiB GFP_KERNEL pool for atomic allocations
[    3.390004] DMA: preallocated 256 KiB GFP_KERNEL|GFP_DMA pool for atomic allocations
[    3.401829] DMA: preallocated 256 KiB GFP_KERNEL|GFP_DMA32 pool for atomic allocations
[    3.406788] audit: initializing netlink subsys (disabled)
[    3.437783] audit: type=2000 audit(1.390:1): state=initialized audit_enabled=0 res=1
[    3.471702] thermal_sys: Registered thermal governor 'step_wise'
[    3.505896] cpuidle: using governor ladder
[    3.517130] cpuidle: using governor menu
[    3.524313] hw-breakpoint: found 6 breakpoint and 4 watchpoint registers.
[    3.538371] ASID allocator initialised with 65536 entries
[    3.539993] acpiphp: ACPI Hot Plug PCI Controller Driver version: 0.5
[    3.572198] Serial: AMBA PL011 UART driver
[    3.722142] HugeTLB: registered 1.00 GiB page size, pre-allocated 0 pages
[    3.722256] HugeTLB: 0 KiB vmemmap can be freed for a 1.00 GiB page
[    3.722288] HugeTLB: registered 32.0 MiB page size, pre-allocated 0 pages
[    3.722298] HugeTLB: 0 KiB vmemmap can be freed for a 32.0 MiB page
[    3.722311] HugeTLB: registered 2.00 MiB page size, pre-allocated 0 pages
[    3.722319] HugeTLB: 0 KiB vmemmap can be freed for a 2.00 MiB page
[    3.722357] HugeTLB: registered 64.0 KiB page size, pre-allocated 0 pages
[    3.722366] HugeTLB: 0 KiB vmemmap can be freed for a 64.0 KiB page
[    3.904902] ACPI: Added _OSI(Module Device)
[    3.905038] ACPI: Added _OSI(Processor Device)
[    3.905055] ACPI: Added _OSI(Processor Aggregator Device)
[    4.135947] ACPI: 1 ACPI AML tables successfully acquired and loaded
[    4.404099] ACPI: Interpreter enabled
[    4.404184] ACPI: Using GIC for interrupt routing
[    4.405839] ACPI: MCFG table detected, 1 entries
[    4.889335] ACPI: CPU0 has been hot-added
[    4.901937] ACPI: CPU1 has been hot-added
[    5.057631] ARMH0011:00: ttyAMA0 at MMIO 0x9000000 (irq = 12, base_baud = 0) is a SBSA
[    5.073886] printk: legacy console [ttyAMA0] enabled
[    5.687442] ACPI: PCI: Interrupt link L000 configured for IRQ 35
[    5.689736] ACPI: PCI: Interrupt link L001 configured for IRQ 36
[    5.690369] ACPI: PCI: Interrupt link L002 configured for IRQ 37
[    5.702021] ACPI: PCI: Interrupt link L003 configured for IRQ 38
[    5.705948] ACPI: PCI Root Bridge [PCI0] (domain 0000 [bus 00-ff])
[    5.721474] acpi PNP0A08:00: _OSC: OS supports [ExtendedConfig ASPM ClockPM Segments MSI HPX-Type3]
[    5.917246] acpi PNP0A08:00: _OSC: platform does not support [LTR]
[    5.934300] acpi PNP0A08:00: _OSC: OS now controls [PCIeHotplug PME PCIeCapability]
[    5.969853] acpi PNP0A08:00: ECAM area [mem 0x4010000000-0x401fffffff] reserved by PNP0C02:00
[    5.985031] acpi PNP0A08:00: ECAM at [mem 0x4010000000-0x401fffffff] for [bus 00-ff]
[    6.001146] ACPI: Remapped I/O 0x000000003eff0000 to [io  0x0000-0xffff window]
[    6.036662] PCI host bridge to bus 0000:00
[    6.038063] pci_bus 0000:00: root bus resource [mem 0x10000000-0x3efeffff window]
[    6.039372] pci_bus 0000:00: root bus resource [io  0x0000-0xffff window]
[    6.052279] pci_bus 0000:00: root bus resource [mem 0x8000000000-0xffffffffff window]
[    6.063376] pci_bus 0000:00: root bus resource [bus 00-ff]
[    6.069723] pci 0000:00:00.0: [1b36:0008] type 00 class 0x060000 conventional PCI endpoint
[    6.139819] pci 0000:00:01.0: [8086:100e] type 00 class 0x020000 conventional PCI endpoint
[    6.149681] pci 0000:00:01.0: BAR 0 [mem 0x10040000-0x1005ffff]
[    6.150275] pci 0000:00:01.0: BAR 1 [io  0x0080-0x00bf]
[    6.150724] pci 0000:00:01.0: ROM [mem 0xfffc0000-0xffffffff pref]
[    6.183732] pci 0000:00:02.0: [1af4:1001] type 00 class 0x010000 conventional PCI endpoint
[    6.187912] pci 0000:00:02.0: BAR 0 [io  0x0000-0x007f]
[    6.188366] pci 0000:00:02.0: BAR 1 [mem 0x10060000-0x10060fff]
[    6.189166] pci 0000:00:02.0: BAR 4 [mem 0x8000000000-0x8000003fff 64bit pref]
[    6.257203] pci 0000:00:01.0: ROM [mem 0x10000000-0x1003ffff pref]: assigned
[    6.269867] pci 0000:00:01.0: BAR 0 [mem 0x10040000-0x1005ffff]: assigned
[    6.270814] pci 0000:00:02.0: BAR 4 [mem 0x8000000000-0x8000003fff 64bit pref]: assigned
[    6.273468] pci 0000:00:02.0: BAR 1 [mem 0x10060000-0x10060fff]: assigned
[    6.274040] pci 0000:00:02.0: BAR 0 [io  0x1000-0x107f]: assigned
[    6.286120] pci 0000:00:01.0: BAR 1 [io  0x1080-0x10bf]: assigned
[    6.287555] pci_bus 0000:00: resource 4 [mem 0x10000000-0x3efeffff window]
[    6.288073] pci_bus 0000:00: resource 5 [io  0x0000-0xffff window]
[    6.288391] pci_bus 0000:00: resource 6 [mem 0x8000000000-0xffffffffff window]
[    6.337171] iommu: Default domain type: Translated
[    6.338640] iommu: DMA domain TLB invalidation policy: lazy mode
[    6.453447] efivars: Registered efivars operations
[    6.616269] clocksource: Switched to clocksource arch_sys_counter
[    6.904676] VFS: Disk quotas dquot_6.6.0
[    6.938850] VFS: Dquot-cache hash table entries: 512 (order 0, 4096 bytes)
[    7.007391] pnp: PnP ACPI init
[    7.101803] system 00:00: [mem 0x4010000000-0x401fffffff window] could not be reserved
[    7.106355] pnp: PnP ACPI: found 1 devices
[    7.623582] NET: Registered PF_INET protocol family
[    7.655680] IP idents hash table entries: 32768 (order: 6, 262144 bytes, linear)
[    8.171883] tcp_listen_portaddr_hash hash table entries: 1024 (order: 2, 16384 bytes, linear)
[    8.174165] Table-perturb hash table entries: 65536 (order: 6, 262144 bytes, linear)
[    8.184397] TCP established hash table entries: 16384 (order: 5, 131072 bytes, linear)
[    8.188016] TCP bind hash table entries: 16384 (order: 7, 524288 bytes, linear)
[    8.189654] TCP: Hash tables configured (established 16384 bind 16384)
[    8.301179] MPTCP token hash table entries: 2048 (order: 4, 49152 bytes, linear)
[    8.303427] UDP hash table entries: 1024 (order: 3, 32768 bytes, linear)
[    8.321227] UDP-Lite hash table entries: 1024 (order: 3, 32768 bytes, linear)
[    8.351387] NET: Registered PF_UNIX/PF_LOCAL protocol family
[    8.355092] NET: Registered PF_XDP protocol family
[    8.356292] PCI: CLS 0 bytes, default 64
[    8.388174] kvm [1]: HYP mode not available
[    8.404975] Unpacking initramfs...
[    8.432789] Initialise system trusted keyrings
[    8.501429] workingset: timestamp_bits=44 max_order=19 bucket_order=0
[    8.888932] Key type asymmetric registered
[    8.889556] Asymmetric key parser 'x509' registered
[    8.902904] Block layer SCSI generic (bsg) driver version 0.4 loaded (major 249)
[    8.917128] io scheduler mq-deadline registered
[    8.921237] io scheduler kyber registered
[    8.923761] io scheduler bfq registered
[    9.206601] ACPI: \_SB_.L002: Enabled at IRQ 37
[    9.218792] virtio-pci 0000:00:02.0: enabling device (0000 -> 0003)
[    9.269762] Serial: 8250/16550 driver, 4 ports, IRQ sharing enabled
[    9.507415] hv_vmbus: registering driver hyperv_keyboard
[    9.604355] rtc-efi rtc-efi.0: registered as rtc0
[    9.618140] rtc-efi rtc-efi.0: setting system clock to 2026-08-26T03:41:40 UTC (1787715700)
[    9.640242] NET: Registered PF_INET6 protocol family
[    9.719629] Segment Routing with IPv6
[    9.720581] In-situ OAM (IOAM) with IPv6
[   10.003901] registered taskstats version 1
[   10.034561] Loading compiled-in X.509 certificates
[   10.539043] Freeing initrd memory: 5268K
[   12.120366] Loaded X.509 cert 'alpinelinux.org: Alpine Linux kernel key: 87fa969a47f3e2a6aa35859eb932a17c95abcd82'
[   12.389541] Demotion targets for Node 0: null
[   12.421552] Key type .fscrypt registered
[   12.421974] Key type fscrypt-provisioning registered
[   12.605561] clk: Disabling unused clocks
[   12.606892] PM: genpd: Disabling unused power domains
[   12.921261] Freeing unused kernel memory: 1920K
[   12.936193] Run /init as init process
[   14.306110] Alpine Init 3.11.1-r0
Alpine Init 3.11.1-r0
[   14.355404] Loading boot drivers...
 * Loading boot drivers: [   14.652938] Loading boot drivers: ok.
ok.
SIMBOOT: kernel=6.12.103-0-virt
[   14.952062] Invalid ELF header magic: != ELF
[   15.136413] virtio_blk virtio0: 2/0/0 default/read/poll queues
[   15.253090] virtio_blk virtio0: [vda] 1411072 512-byte logical blocks (722 MB/689 MiB)
[   15.504442] Invalid ELF header magic: != ELF
[   15.622621] Invalid ELF header magic: != ELF
[   15.738148] Invalid ELF header magic: != ELF
[   15.885779] Invalid ELF header magic: != ELF
[   16.238692] Invalid ELF header magic: != ELF
[   17.523006] Invalid ELF header magic: != ELF
[   17.786250] e1000: Intel(R) PRO/1000 Network Driver
[   17.786708] e1000: Copyright (c) 1999-2006 Intel Corporation.
[   17.799792] ACPI: \_SB_.L001: Enabled at IRQ 36
[   17.801408] e1000 0000:00:01.0: enabling device (0000 -> 0003)
[   19.355471] e1000 0000:00:01.0 eth0: (PCI:33MHz:32-bit) 52:54:00:12:34:56
[   19.383333] e1000 0000:00:01.0 eth0: Intel(R) PRO/1000 Network Connection
Module                  Size  Used by    Not tainted
e1000                 163840  0 
ext4                  929792  0 
jbd2                  172032  1 ext4
mbcache                20480  1 ext4
crc32c_generic         12288  0 
crc16                  12288  1 ext4
virtio_blk             24576  0 
[   21.242256] EXT4-fs (vda): mounted filesystem 1799a7eb-09df-4b80-8c57-0424de58e445 r/w with ordered data mode. Quota mode: none.
SIMBOOT: root mounted rw, running real mfp.afx with binder stub
[   35.121181] e1000: eth0 NIC Link is Up 1000 Mbps Full Duplex, Flow Control: RX
MFP_PID=444
--- POLL 1: N=11 ---
[   51.003349] random: crng init done
[New LWP 455]
--- POLL 2: N=11 ---
[New LWP 455]
--- POLL 3: N=11 ---
[  118.050266] hrtimer: interrupt took 57647696 ns
[New LWP 455]
--- POLL 4: N=11 ---
--- BT@POLL4 ---
--- POLL 5: N=11 ---
