UEFI firmware (version edk2-stable202408-prebuilt.qemu.org built at 16:28:50 on Sep 12 2024)
ArmTrngLib could not be correctly initialized.
Error: Image at 000BFDB6000 start failed: 00000001
Error: Image at 000BFD6D000 start failed: Not Found
Error: Image at 000BFCBA000 start failed: Unsupported
Error: Image at 000BFB5E000 start failed: Aborted
Tpm2SubmitCommand - Tcg2 - Not Found
Tpm2GetCapabilityPcrs fail!
Tpm2SubmitCommand - Tcg2 - Not Found
Image type X64 can't be loaded on AARCH64 UEFI system.
[2J[01;01H[=3h[2J[01;01H[2J[01;01H[=3h[2J[01;01HEFI stub: Decompressing Linux Kernel...
EFI stub: Loaded initrd from LINUX_EFI_INITRD_MEDIA_GUID device path
EFI stub: Generating empty DTB
EFI stub: Exiting boot services...
[    0.000000] Booting Linux on physical CPU 0x0000000000 [0x414fd0b1]
[    0.000000] Linux version 6.12.103-0-virt (buildozer@build-3-21-aarch64) (gcc (Alpine 14.2.0) 14.2.0, GNU ld (GNU Binutils) 2.43.1) #1-Alpine SMP PREEMPT_DYNAMIC 2026-08-10 14:25:03
[    0.000000] efi: EFI v2.7 by EDK II
[    0.000000] efi: SMBIOS 3.0=0xbfed0000 MEMATTR=0xbe18a018 ACPI 2.0=0xbcb43018 INITRD=0xbcb40f18 MEMRESERVE=0xbcb40f98 
[    0.000000] ACPI: Early table checksum verification disabled
[    0.000000] ACPI: RSDP 0x00000000BCB43018 000024 (v02 BOCHS )
[    0.000000] ACPI: XSDT 0x00000000BCB43F18 000064 (v01 BOCHS  BXPC     00000001      01000013)
[    0.000000] ACPI: FACP 0x00000000BCB43B18 000114 (v06 BOCHS  BXPC     00000001 BXPC 00000001)
[    0.000000] ACPI: DSDT 0x00000000BCB41018 001506 (v02 BOCHS  BXPC     00000001 BXPC 00000001)
[    0.000000] ACPI: APIC 0x00000000BCB43C98 0000FC (v04 BOCHS  BXPC     00000001 BXPC 00000001)
[    0.000000] ACPI: PPTT 0x00000000BCB43E18 000074 (v02 BOCHS  BXPC     00000001 BXPC 00000001)
[    0.000000] ACPI: GTDT 0x00000000BCB43098 000068 (v03 BOCHS  BXPC     00000001 BXPC 00000001)
[    0.000000] ACPI: MCFG 0x00000000BCB43A98 00003C (v01 BOCHS  BXPC     00000001 BXPC 00000001)
[    0.000000] ACPI: SPCR 0x00000000BCB43818 000050 (v02 BOCHS  BXPC     00000001 BXPC 00000001)
[    0.000000] ACPI: DBG2 0x00000000BCB43A18 000057 (v00 BOCHS  BXPC     00000001 BXPC 00000001)
[    0.000000] ACPI: IORT 0x00000000BCB43898 000054 (v05 BOCHS  BXPC     00000001 BXPC 00000001)
[    0.000000] ACPI: SPCR: console: pl011,mmio32,0x9000000,9600
[    0.000000] ACPI: Use ACPI SPCR as default console: Yes
[    0.000000] NUMA: Faking a node at [mem 0x0000000040000000-0x00000000bfffffff]
[    0.000000] NODE_DATA(0) allocated [mem 0xbf855b80-0xbf857fff]
[    0.000000] Zone ranges:
[    0.000000]   DMA      [mem 0x0000000040000000-0x00000000bfffffff]
[    0.000000]   DMA32    empty
[    0.000000]   Normal   empty
[    0.000000] Movable zone start for each node
[    0.000000] Early memory node ranges
[    0.000000]   node   0: [mem 0x0000000040000000-0x00000000bc76ffff]
[    0.000000]   node   0: [mem 0x00000000bc770000-0x00000000bcb3ffff]
[    0.000000]   node   0: [mem 0x00000000bcb40000-0x00000000bfe1ffff]
[    0.000000]   node   0: [mem 0x00000000bfe20000-0x00000000bfeaffff]
[    0.000000]   node   0: [mem 0x00000000bfeb0000-0x00000000bfebffff]
[    0.000000]   node   0: [mem 0x00000000bfec0000-0x00000000bffdffff]
[    0.000000]   node   0: [mem 0x00000000bffe0000-0x00000000bfffffff]
[    0.000000] Initmem setup node 0 [mem 0x0000000040000000-0x00000000bfffffff]
[    0.000000] psci: probing for conduit method from ACPI.
[    0.000000] psci: PSCIv1.1 detected in firmware.
[    0.000000] psci: Using standard PSCI v0.2 function IDs
[    0.000000] psci: Trusted OS migration not required
[    0.000000] psci: SMC Calling Convention v1.0
[    0.000000] percpu: Embedded 33 pages/cpu s96984 r8192 d29992 u135168
[    0.000000] Detected PIPT I-cache on CPU0
[    0.000000] CPU features: detected: Spectre-v4
[    0.000000] CPU features: detected: Spectre-BHB
[    0.000000] CPU features: detected: Broken broadcast TLBI completion
[    0.000000] CPU features: detected: SSBS not fully self-synchronizing
[    0.000000] alternatives: applying boot alternatives
[    0.000000] Kernel command line: root=/dev/vda rw console=ttyAMA0 initrd=initrd
[    0.000000] Dentry cache hash table entries: 262144 (order: 9, 2097152 bytes, linear)
[    0.000000] Inode-cache hash table entries: 131072 (order: 8, 1048576 bytes, linear)
[    0.000000] Fallback order for Node 0: 0 
[    0.000000] Built 1 zonelists, mobility grouping on.  Total pages: 524288
[    0.000000] Policy zone: DMA
[    0.000000] mem auto-init: stack:all(zero), heap alloc:on, heap free:off
[    0.000000] software IO TLB: SWIOTLB bounce buffer size adjusted to 2MB
[    0.000000] software IO TLB: area num 2.
[    0.000000] software IO TLB: mapped [mem 0x00000000bf2b4000-0x00000000bf4b4000] (2MB)
[    0.000000] SLUB: HWalign=64, Order=0-3, MinObjects=0, CPUs=2, Nodes=1
[    0.000000] Dynamic Preempt: none
[    0.000000] rcu: Preemptible hierarchical RCU implementation.
[    0.000000] rcu: 	RCU restricting CPUs from NR_CPUS=4096 to nr_cpu_ids=2.
[    0.000000] 	Trampoline variant of Tasks RCU enabled.
[    0.000000] 	Tracing variant of Tasks RCU enabled.
[    0.000000] rcu: RCU calculated value of scheduler-enlistment delay is 10 jiffies.
[    0.000000] rcu: Adjusting geometry for rcu_fanout_leaf=16, nr_cpu_ids=2
[    0.000000] RCU Tasks: Setting shift to 1 and lim to 1 rcu_task_cb_adjust=1 rcu_task_cpu_ids=2.
[    0.000000] RCU Tasks Trace: Setting shift to 1 and lim to 1 rcu_task_cb_adjust=1 rcu_task_cpu_ids=2.
[    0.000000] NR_IRQS: 64, nr_irqs: 64, preallocated irqs: 0
[    0.000000] Root IRQ handler: gic_handle_irq
[    0.000000] GICv2m: ACPI overriding V2M MSI_TYPER (base:80, num:64)
[    0.000000] GICv2m: range[mem 0x08020000-0x08020fff], SPI[80:143]
[    0.000000] rcu: srcu_init: Setting srcu_struct sizes based on contention.
[    0.000000] clocksource: jiffies: mask: 0xffffffff max_cycles: 0xffffffff, max_idle_ns: 19112604462750000 ns
[    0.000000] arch_timer: cp15 timer(s) running at 62.50MHz (virt).
[    0.000000] clocksource: arch_sys_counter: mask: 0x1ffffffffffffff max_cycles: 0x1cd42e208c, max_idle_ns: 881590405314 ns
[    0.000149] sched_clock: 57 bits at 63MHz, resolution 16ns, wraps every 4398046511096ns
[    0.033693] kfence: initialized - using 2097152 bytes for 255 objects at 0x(____ptrval____)-0x(____ptrval____)
[    0.078413] Console: colour dummy device 80x25
[    0.093912] ACPI: Core revision 20240827
[    0.112370] Calibrating delay loop (skipped), value calculated using timer frequency.. 125.00 BogoMIPS (lpj=625000)
[    0.112915] pid_max: default: 32768 minimum: 301
[    0.147442] LSM: initializing lsm=lockdown,capability,landlock
[    0.159186] landlock: Up and running.
[    0.169621] Mount-cache hash table entries: 4096 (order: 3, 32768 bytes, linear)
[    0.169867] Mountpoint-cache hash table entries: 4096 (order: 3, 32768 bytes, linear)
[    0.630357] rcu: Hierarchical SRCU implementation.
[    0.630524] rcu: 	Max phase no-delay instances is 1000.
[    0.646548] Timer migration: 1 hierarchy levels; 8 children per group; 1 crossnode level
[    0.678724] Remapping and enabling EFI services.
[    0.708687] smp: Bringing up secondary CPUs ...
[    0.729102] Detected PIPT I-cache on CPU1
[    0.731403] CPU1: Booted secondary processor 0x0000000001 [0x414fd0b1]
[    0.776815] smp: Brought up 1 node, 2 CPUs
[    0.776931] SMP: Total of 2 processors activated.
[    0.777022] CPU: All CPU(s) started at EL1
[    0.777791] CPU features: detected: 32-bit EL0 Support
[    0.777933] CPU features: detected: Data cache clean to the PoU not required for I/D coherence
[    0.778029] CPU features: detected: Common not Private translations
[    0.778042] CPU features: detected: CRC32 instructions
[    0.780821] CPU features: detected: RCpc load-acquire (LDAPR)
[    0.780952] CPU features: detected: LSE atomic instructions
[    0.780966] CPU features: detected: Privileged Access Never
[    0.780975] CPU features: detected: RAS Extension Support
[    0.781069] CPU features: detected: Speculative Store Bypassing Safe (SSBS)
[    0.924245] alternatives: applying system-wide alternatives
[    1.144092] CPU features: detected: Hardware dirty bit management on CPU0-1
[    3.223711] Memory: 2003216K/2097152K available (12608K kernel code, 1950K rwdata, 7812K rodata, 1920K init, 9305K bss, 89380K reserved, 0K cma-reserved)
[    3.624439] devtmpfs: initialized
[    3.980729] futex hash table entries: 512 (order: 3, 32768 bytes, linear)
[    4.000123] 24304 pages in range for non-PLT usage
[    4.000237] 515824 pages in range for PLT usage
[    4.342644] pinctrl core: initialized pinctrl subsystem
[    4.597432] SMBIOS 3.0.0 present.
[    4.598693] DMI: QEMU QEMU Virtual Machine, BIOS edk2-stable202408-prebuilt.qemu.org 08/13/2024
[    4.600270] DMI: Memory slots populated: 1/1
[    4.911251] NET: Registered PF_NETLINK/PF_ROUTE protocol family
[    4.960872] DMA: preallocated 256 KiB GFP_KERNEL pool for atomic allocations
[    4.962060] DMA: preallocated 256 KiB GFP_KERNEL|GFP_DMA pool for atomic allocations
[    4.963144] DMA: preallocated 256 KiB GFP_KERNEL|GFP_DMA32 pool for atomic allocations
[    4.964039] audit: initializing netlink subsys (disabled)
[    4.995627] audit: type=2000 audit(1.090:1): state=initialized audit_enabled=0 res=1
[    5.029630] thermal_sys: Registered thermal governor 'step_wise'
[    5.033735] cpuidle: using governor ladder
[    5.041597] cpuidle: using governor menu
[    5.047426] hw-breakpoint: found 6 breakpoint and 4 watchpoint registers.
[    5.059544] ASID allocator initialised with 65536 entries
[    5.063563] acpiphp: ACPI Hot Plug PCI Controller Driver version: 0.5
[    5.079512] Serial: AMBA PL011 UART driver
[    5.266104] HugeTLB: registered 1.00 GiB page size, pre-allocated 0 pages
[    5.266173] HugeTLB: 0 KiB vmemmap can be freed for a 1.00 GiB page
[    5.266201] HugeTLB: registered 32.0 MiB page size, pre-allocated 0 pages
[    5.266211] HugeTLB: 0 KiB vmemmap can be freed for a 32.0 MiB page
[    5.266226] HugeTLB: registered 2.00 MiB page size, pre-allocated 0 pages
[    5.266235] HugeTLB: 0 KiB vmemmap can be freed for a 2.00 MiB page
[    5.266248] HugeTLB: registered 64.0 KiB page size, pre-allocated 0 pages
[    5.266258] HugeTLB: 0 KiB vmemmap can be freed for a 64.0 KiB page
[    5.500325] ACPI: Added _OSI(Module Device)
[    5.506720] ACPI: Added _OSI(Processor Device)
[    5.506782] ACPI: Added _OSI(Processor Aggregator Device)
[    5.595673] ACPI: 1 ACPI AML tables successfully acquired and loaded
[    5.649787] ACPI: Interpreter enabled
[    5.649872] ACPI: Using GIC for interrupt routing
[    5.660173] ACPI: MCFG table detected, 1 entries
[    5.912360] ACPI: CPU0 has been hot-added
[    5.914633] ACPI: CPU1 has been hot-added
[    6.044480] ARMH0011:00: ttyAMA0 at MMIO 0x9000000 (irq = 12, base_baud = 0) is a SBSA
[    6.060573] printk: legacy console [ttyAMA0] enabled
[    6.365207] ACPI: PCI: Interrupt link L000 configured for IRQ 35
[    6.366033] ACPI: PCI: Interrupt link L001 configured for IRQ 36
[    6.366493] ACPI: PCI: Interrupt link L002 configured for IRQ 37
[    6.366901] ACPI: PCI: Interrupt link L003 configured for IRQ 38
[    6.378652] ACPI: PCI Root Bridge [PCI0] (domain 0000 [bus 00-ff])
[    6.391145] acpi PNP0A08:00: _OSC: OS supports [ExtendedConfig ASPM ClockPM Segments MSI HPX-Type3]
[    6.412626] acpi PNP0A08:00: _OSC: platform does not support [LTR]
[    6.416588] acpi PNP0A08:00: _OSC: OS now controls [PCIeHotplug PME PCIeCapability]
[    6.433668] acpi PNP0A08:00: ECAM area [mem 0x4010000000-0x401fffffff] reserved by PNP0C02:00
[    6.445452] acpi PNP0A08:00: ECAM at [mem 0x4010000000-0x401fffffff] for [bus 00-ff]
[    6.462439] ACPI: Remapped I/O 0x000000003eff0000 to [io  0x0000-0xffff window]
[    6.480310] PCI host bridge to bus 0000:00
[    6.483196] pci_bus 0000:00: root bus resource [mem 0x10000000-0x3efeffff window]
[    6.490409] pci_bus 0000:00: root bus resource [io  0x0000-0xffff window]
[    6.490887] pci_bus 0000:00: root bus resource [mem 0x8000000000-0xffffffffff window]
[    6.493043] pci_bus 0000:00: root bus resource [bus 00-ff]
[    6.499259] pci 0000:00:00.0: [1b36:0008] type 00 class 0x060000 conventional PCI endpoint
[    6.527104] pci 0000:00:01.0: [1af4:1000] type 00 class 0x020000 conventional PCI endpoint
[    6.530263] pci 0000:00:01.0: BAR 0 [io  0x0080-0x009f]
[    6.530925] pci 0000:00:01.0: BAR 1 [mem 0x10041000-0x10041fff]
[    6.531443] pci 0000:00:01.0: BAR 4 [mem 0x8000000000-0x8000003fff 64bit pref]
[    6.532156] pci 0000:00:01.0: ROM [mem 0xfffc0000-0xffffffff pref]
[    6.544206] pci 0000:00:02.0: [1af4:1001] type 00 class 0x010000 conventional PCI endpoint
[    6.544840] pci 0000:00:02.0: BAR 0 [io  0x0000-0x007f]
[    6.545179] pci 0000:00:02.0: BAR 1 [mem 0x10040000-0x10040fff]
[    6.546772] pci 0000:00:02.0: BAR 4 [mem 0x8000004000-0x8000007fff 64bit pref]
[    6.565293] pci 0000:00:01.0: ROM [mem 0x10000000-0x1003ffff pref]: assigned
[    6.575674] pci 0000:00:01.0: BAR 4 [mem 0x8000000000-0x8000003fff 64bit pref]: assigned
[    6.576865] pci 0000:00:02.0: BAR 4 [mem 0x8000004000-0x8000007fff 64bit pref]: assigned
[    6.577549] pci 0000:00:01.0: BAR 1 [mem 0x10040000-0x10040fff]: assigned
[    6.578272] pci 0000:00:02.0: BAR 1 [mem 0x10041000-0x10041fff]: assigned
[    6.578919] pci 0000:00:02.0: BAR 0 [io  0x1000-0x107f]: assigned
[    6.579398] pci 0000:00:01.0: BAR 0 [io  0x1080-0x109f]: assigned
[    6.580645] pci_bus 0000:00: resource 4 [mem 0x10000000-0x3efeffff window]
[    6.581261] pci_bus 0000:00: resource 5 [io  0x0000-0xffff window]
[    6.581717] pci_bus 0000:00: resource 6 [mem 0x8000000000-0xffffffffff window]
[    6.611779] iommu: Default domain type: Translated
[    6.612248] iommu: DMA domain TLB invalidation policy: lazy mode
[    6.660564] efivars: Registered efivars operations
[    6.914883] clocksource: Switched to clocksource arch_sys_counter
[    6.965726] VFS: Disk quotas dquot_6.6.0
[    6.966665] VFS: Dquot-cache hash table entries: 512 (order 0, 4096 bytes)
[    6.994445] pnp: PnP ACPI init
[    7.010583] system 00:00: [mem 0x4010000000-0x401fffffff window] could not be reserved
[    7.012097] pnp: PnP ACPI: found 1 devices
[    7.196104] NET: Registered PF_INET protocol family
[    7.199626] IP idents hash table entries: 32768 (order: 6, 262144 bytes, linear)
[    7.429161] tcp_listen_portaddr_hash hash table entries: 1024 (order: 2, 16384 bytes, linear)
[    7.431650] Table-perturb hash table entries: 65536 (order: 6, 262144 bytes, linear)
[    7.432469] TCP established hash table entries: 16384 (order: 5, 131072 bytes, linear)
[    7.440242] TCP bind hash table entries: 16384 (order: 7, 524288 bytes, linear)
[    7.441485] TCP: Hash tables configured (established 16384 bind 16384)
[    7.447461] MPTCP token hash table entries: 2048 (order: 4, 49152 bytes, linear)
[    7.450356] UDP hash table entries: 1024 (order: 3, 32768 bytes, linear)
[    7.459975] UDP-Lite hash table entries: 1024 (order: 3, 32768 bytes, linear)
[    7.466660] NET: Registered PF_UNIX/PF_LOCAL protocol family
[    7.479641] NET: Registered PF_XDP protocol family
[    7.480658] PCI: CLS 0 bytes, default 64
[    7.511655] kvm [1]: HYP mode not available
[    7.514322] Unpacking initramfs...
[    7.544649] Initialise system trusted keyrings
[    7.575224] workingset: timestamp_bits=44 max_order=19 bucket_order=0
[    7.824906] Key type asymmetric registered
[    7.825805] Asymmetric key parser 'x509' registered
[    7.827524] Block layer SCSI generic (bsg) driver version 0.4 loaded (major 249)
[    7.829409] io scheduler mq-deadline registered
[    7.829973] io scheduler kyber registered
[    7.831081] io scheduler bfq registered
[    7.947045] ACPI: \_SB_.L001: Enabled at IRQ 36
[    7.949070] virtio-pci 0000:00:01.0: enabling device (0000 -> 0003)
[    7.976733] ACPI: \_SB_.L002: Enabled at IRQ 37
[    7.977338] virtio-pci 0000:00:02.0: enabling device (0000 -> 0003)
[    7.996601] Serial: 8250/16550 driver, 4 ports, IRQ sharing enabled
[    8.081299] hv_vmbus: registering driver hyperv_keyboard
[    8.099330] rtc-efi rtc-efi.0: registered as rtc0
[    8.111311] rtc-efi rtc-efi.0: setting system clock to 2026-08-24T03:26:51 UTC (1787542011)
[    8.130322] NET: Registered PF_INET6 protocol family
[    8.179377] Segment Routing with IPv6
[    8.180328] In-situ OAM (IOAM) with IPv6
[    8.332135] registered taskstats version 1
[    8.345994] Loading compiled-in X.509 certificates
[    8.360988] Freeing initrd memory: 5184K
[    8.912804] Loaded X.509 cert 'alpinelinux.org: Alpine Linux kernel key: 87fa969a47f3e2a6aa35859eb932a17c95abcd82'
[    9.309815] Demotion targets for Node 0: null
[    9.332627] Key type .fscrypt registered
[    9.333031] Key type fscrypt-provisioning registered
[    9.514103] clk: Disabling unused clocks
[    9.525576] PM: genpd: Disabling unused power domains
[    9.827093] Freeing unused kernel memory: 1920K
[    9.844195] Run /init as init process
[   11.399598] Alpine Init 3.11.1-r0
Alpine Init 3.11.1-r0
[   11.431610] Loading boot drivers...
 * Loading boot drivers: [   11.610322] Loading boot drivers: ok.
ok.
SIMBOOT: kernel=6.12.103-0-virt
[   11.883499] Invalid ELF header magic: != ELF
[   11.994049] virtio_blk virtio1: 2/0/0 default/read/poll queues
[   12.048582] virtio_blk virtio1: [vda] 1411072 512-byte logical blocks (722 MB/689 MiB)
[   12.157169] Invalid ELF header magic: != ELF
[   12.199122] Invalid ELF header magic: != ELF
[   12.247555] Invalid ELF header magic: != ELF
[   12.299143] Invalid ELF header magic: != ELF
[   12.458525] Invalid ELF header magic: != ELF
[   14.076343] EXT4-fs (vda): mounted filesystem 1799a7eb-09df-4b80-8c57-0424de58e445 r/w with ordered data mode. Quota mode: none.
SIMBOOT: root mounted rw, running real mfp.afx with binder stub
STUB_LS: -rw-r--r-- 1 root root 1068 Aug 24 03:26 /lib/libbinder_stub.so
STUB_TEST: Mon Aug 24 03:27:05 UTC 2026
rc=0
MFP_PID=436
--- MFP LOG ---
1 mfp process plog lib init 
mfp publisher client thread tid 438 start 
pntp socket client init 
--- MFP PLOG ---
--- TASKS ---
4
--- MAIN SYSCALL ---
98 0xffff9b5f4580 0x80 0x2 0x0 0xffff9b5f4580 0x1ee77b05c4a81956 0xfffff85c0570 0xffff9b4eb254
--- WCHAN ---
436: futex_wait_queue
438: pipe_write
439: futex_wait_queue
440: hrtimer_nanosleep
--- FDS ---
l-wx------ 1 root root 64 Aug 24 03:28 8 -> /dev/netlog_dev
--- MAPS BINDER ---
ffff9c679000-ffff9c67a000 rwxp 00000000 fd:00 3789                       /usr/lib/libbinder_stub.so
--- DF ---
Filesystem      Size  Used Avail Use% Mounted on
/dev/vda        662M  555M   59M  91% /
tmpfs           984M  8.0K  984M   1% /tmp
/dev/vda        662M  555M   59M  91% /
--- GDB BT ---
[New LWP 438]
[New LWP 439]
[New LWP 440]
[Thread debugging using libthread_db enabled]
Using host libthread_db library "/lib64/libthread_db.so.1".
0x0000ffff9b4eb250 in __lll_lock_wait_private () from /lib64/libc.so.6

Thread 4 (Thread 0xffff95467b60 (LWP 440) "mfp.afx"):
#0  0x0000ffff9b521ae0 in clock_nanosleep () from /lib64/libc.so.6
#1  0x0000ffff9b53189c in nanosleep () from /lib64/libc.so.6
#2  0x0000ffff9b5542a4 in usleep () from /lib64/libc.so.6
#3  0x0000000000762e40 in pntp_socket_client_init (epfd=9) at /home/oujiefeng/code/LP-7265V2R1/build/output/cm806adn/rk3588_master/build/pntpservice-v1.0/intf/pntp_intf.c:45
#4  pntp_client_config_init (client_config=0xa32f00 <s_client_config>) at /home/oujiefeng/code/LP-7265V2R1/build/output/cm806adn/rk3588_master/build/pntpservice-v1.0/intf/pntp_intf.c:125

Thread 3 (Thread 0xffff95577b60 (LWP 439) "mfp.afx"):
#0  0x0000ffff9b4eb05c in ?? () from /lib64/libc.so.6
#1  0x0000ffff9b4f5e5c in ?? () from /lib64/libc.so.6
#2  0x0000ffff9c65e564 in pol_sem_wait (os_sem=0x40f4c680) at osal/pol/os/Linux/pol_linux.c:255
#3  0x0000ffff9c65914c in log_record_async_thread (arg=0x0) at osal/pol/pol_log.c:408
#4  0x0000ffff9c65ddbc in thread_start (arg=0x40f4f570) at osal/pol/os/Linux/pol_linux.c:57

Thread 2 (Thread 0xffff95b87b60 (LWP 438) "pub_client"):
#0  0x0000ffff9b54bba8 in write () from /lib64/libc.so.6
#1  0x0000ffff9b4e70e4 in _IO_file_write () from /lib64/libc.so.6
#2  0x0000ffff9b4e54fc in ?? () from /lib64/libc.so.6
#3  0x0000ffff9b4e6270 in _IO_do_write () from /lib64/libc.so.6
#4  0x0000ffff9b4e722c in _IO_file_xsputn () from /lib64/libc.so.6

Thread 1 (Thread 0xffff9b8aa960 (LWP 436) "mfp.afx"):
#0  0x0000ffff9b4eb250 in __lll_lock_wait_private () from /lib64/libc.so.6
#1  0x0000ffff9b4dc0a4 in puts () from /lib64/libc.so.6
#2  0x00000000006a7e1c in main () at main/main.c:105
[Inferior 1 (process 436) detached]
done
SIMBOOT: mfp run finished, keeping shell
/bin/sh: can't access tty; job control turned off
~ # [6n