UEFI firmware (version edk2-stable202408-prebuilt.qemu.org built at 16:28:50 on Sep 12 2024)
ArmTrngLib could not be correctly initialized.
Error: Image at 000BFDB6000 start failed: 00000001
Error: Image at 000BFD6D000 start failed: Not Found
Error: Image at 000BFCBA000 start failed: Unsupported
Error: Image at 000BFB5E000 start failed: Aborted
Tpm2SubmitCommand - Tcg2 - Not Found
Tpm2GetCapabilityPcrs fail!
Tpm2SubmitCommand - Tcg2 - Not Found
Image type X64 can't be loaded on AARCH64 UEFI system.
[2J[01;01H[=3h[2J[01;01H[2J[01;01H[=3h[2J[01;01HEFI stub: Decompressing Linux Kernel...
EFI stub: Loaded initrd from LINUX_EFI_INITRD_MEDIA_GUID device path
EFI stub: Generating empty DTB
EFI stub: Exiting boot services...
[    0.000000] Booting Linux on physical CPU 0x0000000000 [0x414fd0b1]
[    0.000000] Linux version 6.12.103-0-virt (buildozer@build-3-21-aarch64) (gcc (Alpine 14.2.0) 14.2.0, GNU ld (GNU Binutils) 2.43.1) #1-Alpine SMP PREEMPT_DYNAMIC 2026-08-10 14:25:03
[    0.000000] efi: EFI v2.7 by EDK II
[    0.000000] efi: SMBIOS 3.0=0xbfed0000 MEMATTR=0xbe18a018 ACPI 2.0=0xbcb43018 INITRD=0xbcb40f18 MEMRESERVE=0xbcb40f98 
[    0.000000] ACPI: Early table checksum verification disabled
[    0.000000] ACPI: RSDP 0x00000000BCB43018 000024 (v02 BOCHS )
[    0.000000] ACPI: XSDT 0x00000000BCB43F18 000064 (v01 BOCHS  BXPC     00000001      01000013)
[    0.000000] ACPI: FACP 0x00000000BCB43B18 000114 (v06 BOCHS  BXPC     00000001 BXPC 00000001)
[    0.000000] ACPI: DSDT 0x00000000BCB41018 001506 (v02 BOCHS  BXPC     00000001 BXPC 00000001)
[    0.000000] ACPI: APIC 0x00000000BCB43C98 0000FC (v04 BOCHS  BXPC     00000001 BXPC 00000001)
[    0.000000] ACPI: PPTT 0x00000000BCB43E18 000074 (v02 BOCHS  BXPC     00000001 BXPC 00000001)
[    0.000000] ACPI: GTDT 0x00000000BCB43098 000068 (v03 BOCHS  BXPC     00000001 BXPC 00000001)
[    0.000000] ACPI: MCFG 0x00000000BCB43A98 00003C (v01 BOCHS  BXPC     00000001 BXPC 00000001)
[    0.000000] ACPI: SPCR 0x00000000BCB43818 000050 (v02 BOCHS  BXPC     00000001 BXPC 00000001)
[    0.000000] ACPI: DBG2 0x00000000BCB43A18 000057 (v00 BOCHS  BXPC     00000001 BXPC 00000001)
[    0.000000] ACPI: IORT 0x00000000BCB43898 000054 (v05 BOCHS  BXPC     00000001 BXPC 00000001)
[    0.000000] ACPI: SPCR: console: pl011,mmio32,0x9000000,9600
[    0.000000] ACPI: Use ACPI SPCR as default console: Yes
[    0.000000] NUMA: Faking a node at [mem 0x0000000040000000-0x00000000bfffffff]
[    0.000000] NODE_DATA(0) allocated [mem 0xbf855b80-0xbf857fff]
[    0.000000] Zone ranges:
[    0.000000]   DMA      [mem 0x0000000040000000-0x00000000bfffffff]
[    0.000000]   DMA32    empty
[    0.000000]   Normal   empty
[    0.000000] Movable zone start for each node
[    0.000000] Early memory node ranges
[    0.000000]   node   0: [mem 0x0000000040000000-0x00000000bc76ffff]
[    0.000000]   node   0: [mem 0x00000000bc770000-0x00000000bcb3ffff]
[    0.000000]   node   0: [mem 0x00000000bcb40000-0x00000000bfe1ffff]
[    0.000000]   node   0: [mem 0x00000000bfe20000-0x00000000bfeaffff]
[    0.000000]   node   0: [mem 0x00000000bfeb0000-0x00000000bfebffff]
[    0.000000]   node   0: [mem 0x00000000bfec0000-0x00000000bffdffff]
[    0.000000]   node   0: [mem 0x00000000bffe0000-0x00000000bfffffff]
[    0.000000] Initmem setup node 0 [mem 0x0000000040000000-0x00000000bfffffff]
[    0.000000] psci: probing for conduit method from ACPI.
[    0.000000] psci: PSCIv1.1 detected in firmware.
[    0.000000] psci: Using standard PSCI v0.2 function IDs
[    0.000000] psci: Trusted OS migration not required
[    0.000000] psci: SMC Calling Convention v1.0
[    0.000000] percpu: Embedded 33 pages/cpu s96984 r8192 d29992 u135168
[    0.000000] Detected PIPT I-cache on CPU0
[    0.000000] CPU features: detected: Spectre-v4
[    0.000000] CPU features: detected: Spectre-BHB
[    0.000000] CPU features: detected: Broken broadcast TLBI completion
[    0.000000] CPU features: detected: SSBS not fully self-synchronizing
[    0.000000] alternatives: applying boot alternatives
[    0.000000] Kernel command line: root=/dev/vda rw console=ttyAMA0 initrd=initrd
[    0.000000] Dentry cache hash table entries: 262144 (order: 9, 2097152 bytes, linear)
[    0.000000] Inode-cache hash table entries: 131072 (order: 8, 1048576 bytes, linear)
[    0.000000] Fallback order for Node 0: 0 
[    0.000000] Built 1 zonelists, mobility grouping on.  Total pages: 524288
[    0.000000] Policy zone: DMA
[    0.000000] mem auto-init: stack:all(zero), heap alloc:on, heap free:off
[    0.000000] software IO TLB: SWIOTLB bounce buffer size adjusted to 2MB
[    0.000000] software IO TLB: area num 2.
[    0.000000] software IO TLB: mapped [mem 0x00000000bf2b4000-0x00000000bf4b4000] (2MB)
[    0.000000] SLUB: HWalign=64, Order=0-3, MinObjects=0, CPUs=2, Nodes=1
[    0.000000] Dynamic Preempt: none
[    0.000000] rcu: Preemptible hierarchical RCU implementation.
[    0.000000] rcu: 	RCU restricting CPUs from NR_CPUS=4096 to nr_cpu_ids=2.
[    0.000000] 	Trampoline variant of Tasks RCU enabled.
[    0.000000] 	Tracing variant of Tasks RCU enabled.
[    0.000000] rcu: RCU calculated value of scheduler-enlistment delay is 10 jiffies.
[    0.000000] rcu: Adjusting geometry for rcu_fanout_leaf=16, nr_cpu_ids=2
[    0.000000] RCU Tasks: Setting shift to 1 and lim to 1 rcu_task_cb_adjust=1 rcu_task_cpu_ids=2.
[    0.000000] RCU Tasks Trace: Setting shift to 1 and lim to 1 rcu_task_cb_adjust=1 rcu_task_cpu_ids=2.
[    0.000000] NR_IRQS: 64, nr_irqs: 64, preallocated irqs: 0
[    0.000000] Root IRQ handler: gic_handle_irq
[    0.000000] GICv2m: ACPI overriding V2M MSI_TYPER (base:80, num:64)
[    0.000000] GICv2m: range[mem 0x08020000-0x08020fff], SPI[80:143]
[    0.000000] rcu: srcu_init: Setting srcu_struct sizes based on contention.
[    0.000000] clocksource: jiffies: mask: 0xffffffff max_cycles: 0xffffffff, max_idle_ns: 19112604462750000 ns
[    0.000000] arch_timer: cp15 timer(s) running at 62.50MHz (virt).
[    0.000000] clocksource: arch_sys_counter: mask: 0x1ffffffffffffff max_cycles: 0x1cd42e208c, max_idle_ns: 881590405314 ns
[    0.000130] sched_clock: 57 bits at 63MHz, resolution 16ns, wraps every 4398046511096ns
[    0.025392] kfence: initialized - using 2097152 bytes for 255 objects at 0x(____ptrval____)-0x(____ptrval____)
[    0.059148] Console: colour dummy device 80x25
[    0.074423] ACPI: Core revision 20240827
[    0.085554] Calibrating delay loop (skipped), value calculated using timer frequency.. 125.00 BogoMIPS (lpj=625000)
[    0.085915] pid_max: default: 32768 minimum: 301
[    0.124958] LSM: initializing lsm=lockdown,capability,landlock
[    0.131853] landlock: Up and running.
[    0.141763] Mount-cache hash table entries: 4096 (order: 3, 32768 bytes, linear)
[    0.141938] Mountpoint-cache hash table entries: 4096 (order: 3, 32768 bytes, linear)
[    0.468771] rcu: Hierarchical SRCU implementation.
[    0.468927] rcu: 	Max phase no-delay instances is 1000.
[    0.481261] Timer migration: 1 hierarchy levels; 8 children per group; 1 crossnode level
[    0.498649] Remapping and enabling EFI services.
[    0.529295] smp: Bringing up secondary CPUs ...
[    0.546400] Detected PIPT I-cache on CPU1
[    0.548523] CPU1: Booted secondary processor 0x0000000001 [0x414fd0b1]
[    0.568843] smp: Brought up 1 node, 2 CPUs
[    0.568950] SMP: Total of 2 processors activated.
[    0.569036] CPU: All CPU(s) started at EL1
[    0.569499] CPU features: detected: 32-bit EL0 Support
[    0.569613] CPU features: detected: Data cache clean to the PoU not required for I/D coherence
[    0.569736] CPU features: detected: Common not Private translations
[    0.569750] CPU features: detected: CRC32 instructions
[    0.577457] CPU features: detected: RCpc load-acquire (LDAPR)
[    0.577576] CPU features: detected: LSE atomic instructions
[    0.577588] CPU features: detected: Privileged Access Never
[    0.577596] CPU features: detected: RAS Extension Support
[    0.577678] CPU features: detected: Speculative Store Bypassing Safe (SSBS)
[    0.684255] alternatives: applying system-wide alternatives
[    0.791899] CPU features: detected: Hardware dirty bit management on CPU0-1
[    0.851838] Memory: 2003216K/2097152K available (12608K kernel code, 1950K rwdata, 7812K rodata, 1920K init, 9305K bss, 89380K reserved, 0K cma-reserved)
[    0.976145] devtmpfs: initialized
[    1.042106] futex hash table entries: 512 (order: 3, 32768 bytes, linear)
[    1.043978] 24304 pages in range for non-PLT usage
[    1.044109] 515824 pages in range for PLT usage
[    1.060693] pinctrl core: initialized pinctrl subsystem
[    1.076947] SMBIOS 3.0.0 present.
[    1.078063] DMI: QEMU QEMU Virtual Machine, BIOS edk2-stable202408-prebuilt.qemu.org 08/13/2024
[    1.078757] DMI: Memory slots populated: 1/1
[    1.135376] NET: Registered PF_NETLINK/PF_ROUTE protocol family
[    1.151609] DMA: preallocated 256 KiB GFP_KERNEL pool for atomic allocations
[    1.153195] DMA: preallocated 256 KiB GFP_KERNEL|GFP_DMA pool for atomic allocations
[    1.158440] DMA: preallocated 256 KiB GFP_KERNEL|GFP_DMA32 pool for atomic allocations
[    1.159329] audit: initializing netlink subsys (disabled)
[    1.164910] audit: type=2000 audit(0.680:1): state=initialized audit_enabled=0 res=1
[    1.180599] thermal_sys: Registered thermal governor 'step_wise'
[    1.185789] cpuidle: using governor ladder
[    1.189573] cpuidle: using governor menu
[    1.194712] hw-breakpoint: found 6 breakpoint and 4 watchpoint registers.
[    1.196222] ASID allocator initialised with 65536 entries
[    1.197524] acpiphp: ACPI Hot Plug PCI Controller Driver version: 0.5
[    1.201490] Serial: AMBA PL011 UART driver
[    1.248360] HugeTLB: registered 1.00 GiB page size, pre-allocated 0 pages
[    1.248437] HugeTLB: 0 KiB vmemmap can be freed for a 1.00 GiB page
[    1.248465] HugeTLB: registered 32.0 MiB page size, pre-allocated 0 pages
[    1.248474] HugeTLB: 0 KiB vmemmap can be freed for a 32.0 MiB page
[    1.248486] HugeTLB: registered 2.00 MiB page size, pre-allocated 0 pages
[    1.248494] HugeTLB: 0 KiB vmemmap can be freed for a 2.00 MiB page
[    1.248506] HugeTLB: registered 64.0 KiB page size, pre-allocated 0 pages
[    1.248514] HugeTLB: 0 KiB vmemmap can be freed for a 64.0 KiB page
[    1.308704] ACPI: Added _OSI(Module Device)
[    1.308807] ACPI: Added _OSI(Processor Device)
[    1.308824] ACPI: Added _OSI(Processor Aggregator Device)
[    1.350243] ACPI: 1 ACPI AML tables successfully acquired and loaded
[    1.431504] ACPI: Interpreter enabled
[    1.431594] ACPI: Using GIC for interrupt routing
[    1.432700] ACPI: MCFG table detected, 1 entries
[    1.561609] ACPI: CPU0 has been hot-added
[    1.564244] ACPI: CPU1 has been hot-added
[    1.613216] ARMH0011:00: ttyAMA0 at MMIO 0x9000000 (irq = 12, base_baud = 0) is a SBSA
[    1.615918] printk: legacy console [ttyAMA0] enabled
[    2.002007] ACPI: PCI: Interrupt link L000 configured for IRQ 35
[    2.006603] ACPI: PCI: Interrupt link L001 configured for IRQ 36
[    2.007700] ACPI: PCI: Interrupt link L002 configured for IRQ 37
[    2.008260] ACPI: PCI: Interrupt link L003 configured for IRQ 38
[    2.009381] ACPI: PCI Root Bridge [PCI0] (domain 0000 [bus 00-ff])
[    2.013908] acpi PNP0A08:00: _OSC: OS supports [ExtendedConfig ASPM ClockPM Segments MSI HPX-Type3]
[    2.032061] acpi PNP0A08:00: _OSC: platform does not support [LTR]
[    2.034103] acpi PNP0A08:00: _OSC: OS now controls [PCIeHotplug PME PCIeCapability]
[    2.048934] acpi PNP0A08:00: ECAM area [mem 0x4010000000-0x401fffffff] reserved by PNP0C02:00
[    2.050504] acpi PNP0A08:00: ECAM at [mem 0x4010000000-0x401fffffff] for [bus 00-ff]
[    2.052556] ACPI: Remapped I/O 0x000000003eff0000 to [io  0x0000-0xffff window]
[    2.066665] PCI host bridge to bus 0000:00
[    2.067941] pci_bus 0000:00: root bus resource [mem 0x10000000-0x3efeffff window]
[    2.068442] pci_bus 0000:00: root bus resource [io  0x0000-0xffff window]
[    2.068816] pci_bus 0000:00: root bus resource [mem 0x8000000000-0xffffffffff window]
[    2.069529] pci_bus 0000:00: root bus resource [bus 00-ff]
[    2.082407] pci 0000:00:00.0: [1b36:0008] type 00 class 0x060000 conventional PCI endpoint
[    2.099556] pci 0000:00:01.0: [1af4:1000] type 00 class 0x020000 conventional PCI endpoint
[    2.100571] pci 0000:00:01.0: BAR 0 [io  0x0080-0x009f]
[    2.100978] pci 0000:00:01.0: BAR 1 [mem 0x10041000-0x10041fff]
[    2.101391] pci 0000:00:01.0: BAR 4 [mem 0x8000000000-0x8000003fff 64bit pref]
[    2.102040] pci 0000:00:01.0: ROM [mem 0xfffc0000-0xffffffff pref]
[    2.110044] pci 0000:00:02.0: [1af4:1001] type 00 class 0x010000 conventional PCI endpoint
[    2.110648] pci 0000:00:02.0: BAR 0 [io  0x0000-0x007f]
[    2.110989] pci 0000:00:02.0: BAR 1 [mem 0x10040000-0x10040fff]
[    2.111336] pci 0000:00:02.0: BAR 4 [mem 0x8000004000-0x8000007fff 64bit pref]
[    2.116207] pci 0000:00:01.0: ROM [mem 0x10000000-0x1003ffff pref]: assigned
[    2.117145] pci 0000:00:01.0: BAR 4 [mem 0x8000000000-0x8000003fff 64bit pref]: assigned
[    2.117670] pci 0000:00:02.0: BAR 4 [mem 0x8000004000-0x8000007fff 64bit pref]: assigned
[    2.117957] pci 0000:00:01.0: BAR 1 [mem 0x10040000-0x10040fff]: assigned
[    2.118244] pci 0000:00:02.0: BAR 1 [mem 0x10041000-0x10041fff]: assigned
[    2.119554] pci 0000:00:02.0: BAR 0 [io  0x1000-0x107f]: assigned
[    2.124560] pci 0000:00:01.0: BAR 0 [io  0x1080-0x109f]: assigned
[    2.126058] pci_bus 0000:00: resource 4 [mem 0x10000000-0x3efeffff window]
[    2.126973] pci_bus 0000:00: resource 5 [io  0x0000-0xffff window]
[    2.127406] pci_bus 0000:00: resource 6 [mem 0x8000000000-0xffffffffff window]
[    2.141190] iommu: Default domain type: Translated
[    2.141668] iommu: DMA domain TLB invalidation policy: lazy mode
[    2.163232] efivars: Registered efivars operations
[    2.215350] clocksource: Switched to clocksource arch_sys_counter
[    2.242539] VFS: Disk quotas dquot_6.6.0
[    2.244069] VFS: Dquot-cache hash table entries: 512 (order 0, 4096 bytes)
[    2.259128] pnp: PnP ACPI init
[    2.265057] system 00:00: [mem 0x4010000000-0x401fffffff window] could not be reserved
[    2.266612] pnp: PnP ACPI: found 1 devices
[    2.377934] NET: Registered PF_INET protocol family
[    2.380639] IP idents hash table entries: 32768 (order: 6, 262144 bytes, linear)
[    2.548275] tcp_listen_portaddr_hash hash table entries: 1024 (order: 2, 16384 bytes, linear)
[    2.549308] Table-perturb hash table entries: 65536 (order: 6, 262144 bytes, linear)
[    2.550008] TCP established hash table entries: 16384 (order: 5, 131072 bytes, linear)
[    2.551500] TCP bind hash table entries: 16384 (order: 7, 524288 bytes, linear)
[    2.552600] TCP: Hash tables configured (established 16384 bind 16384)
[    2.563046] MPTCP token hash table entries: 2048 (order: 4, 49152 bytes, linear)
[    2.564554] UDP hash table entries: 1024 (order: 3, 32768 bytes, linear)
[    2.565938] UDP-Lite hash table entries: 1024 (order: 3, 32768 bytes, linear)
[    2.575660] NET: Registered PF_UNIX/PF_LOCAL protocol family
[    2.577707] NET: Registered PF_XDP protocol family
[    2.578717] PCI: CLS 0 bytes, default 64
[    2.590875] kvm [1]: HYP mode not available
[    2.600833] Unpacking initramfs...
[    2.601412] Initialise system trusted keyrings
[    2.630112] workingset: timestamp_bits=44 max_order=19 bucket_order=0
[    2.783750] Key type asymmetric registered
[    2.784419] Asymmetric key parser 'x509' registered
[    2.786017] Block layer SCSI generic (bsg) driver version 0.4 loaded (major 249)
[    2.794365] io scheduler mq-deadline registered
[    2.794853] io scheduler kyber registered
[    2.796185] io scheduler bfq registered
[    2.859840] ACPI: \_SB_.L001: Enabled at IRQ 36
[    2.862212] virtio-pci 0000:00:01.0: enabling device (0000 -> 0003)
[    2.878451] ACPI: \_SB_.L002: Enabled at IRQ 37
[    2.878986] virtio-pci 0000:00:02.0: enabling device (0000 -> 0003)
[    2.894740] Serial: 8250/16550 driver, 4 ports, IRQ sharing enabled
[    2.941703] hv_vmbus: registering driver hyperv_keyboard
[    2.968047] rtc-efi rtc-efi.0: registered as rtc0
[    2.977715] rtc-efi rtc-efi.0: setting system clock to 2026-08-24T03:20:32 UTC (1787541632)
[    2.985244] NET: Registered PF_INET6 protocol family
[    3.035102] Segment Routing with IPv6
[    3.036094] In-situ OAM (IOAM) with IPv6
[    3.152807] registered taskstats version 1
[    3.165013] Loading compiled-in X.509 certificates
[    3.176804] Freeing initrd memory: 5184K
[    3.518841] Loaded X.509 cert 'alpinelinux.org: Alpine Linux kernel key: 87fa969a47f3e2a6aa35859eb932a17c95abcd82'
[    3.567333] Demotion targets for Node 0: null
[    3.576556] Key type .fscrypt registered
[    3.577717] Key type fscrypt-provisioning registered
[    3.648600] clk: Disabling unused clocks
[    3.649701] PM: genpd: Disabling unused power domains
[    3.777191] Freeing unused kernel memory: 1920K
[    3.781746] Run /init as init process
[    4.209909] Alpine Init 3.11.1-r0
Alpine Init 3.11.1-r0
[    4.226342] Loading boot drivers...
 * Loading boot drivers: [    4.298270] Loading boot drivers: ok.
ok.
SIMBOOT: kernel=6.12.103-0-virt
[    4.393360] Invalid ELF header magic: != ELF
[    4.446849] virtio_blk virtio1: 2/0/0 default/read/poll queues
[    4.481431] virtio_blk virtio1: [vda] 1411072 512-byte logical blocks (722 MB/689 MiB)
[    4.545231] Invalid ELF header magic: != ELF
[    4.598893] Invalid ELF header magic: != ELF
[    4.633756] Invalid ELF header magic: != ELF
[    4.678703] Invalid ELF header magic: != ELF
[    4.785359] Invalid ELF header magic: != ELF
[    6.267157] EXT4-fs (vda): mounted filesystem 1799a7eb-09df-4b80-8c57-0424de58e445 r/w with ordered data mode. Quota mode: none.
SIMBOOT: root mounted rw, running real mfp.afx with binder stub
STUB_LS: -rw-r--r-- 1 root root 1068 Aug 24 03:20 /lib/libbinder_stub.so
STUB_TEST: Mon Aug 24 03:20:43 UTC 2026
rc=0
MFP_PID=434
--- MFP LOG ---
1 mfp process plog lib init 
mfp publisher client thread tid 436 start 
pntp socket client init 
--- MFP PLOG ---
--- TASKS ---
4
--- MAIN SYSCALL ---
64 0x1 0x158b3530 0x6a 0x2 0xffff95e610a0 0x0 0xffffeaff5ba0 0xffff9614bbac
--- WCHAN ---
434: pipe_write
436: pipe_write
437: futex_wait_queue
438: hrtimer_nanosleep
--- FDS ---
l-wx------ 1 root root 64 Aug 24 03:22 8 -> /dev/netlog_dev
--- MAPS BINDER ---
ffff97150000-ffff97151000 rwxp 00000000 fd:00 3789                       /usr/lib/libbinder_stub.so
--- GDB BT ---
[New LWP 436]
[New LWP 437]
[New LWP 438]
[Thread debugging using libthread_db enabled]
Using host libthread_db library "/lib64/libthread_db.so.1".
0x0000ffff9614bba8 in write () from /lib64/libc.so.6

Thread 4 (Thread 0xffff8ff3bb60 (LWP 438) "mfp.afx"):
#0  0x0000ffff96121ae0 in clock_nanosleep () from /lib64/libc.so.6
#1  0x0000ffff9613189c in nanosleep () from /lib64/libc.so.6
#2  0x0000ffff961542a4 in usleep () from /lib64/libc.so.6
#3  0x0000000000762e40 in pntp_socket_client_init (epfd=9) at /home/oujiefeng/code/LP-7265V2R1/build/output/cm806adn/rk3588_master/build/pntpservice-v1.0/intf/pntp_intf.c:45
#4  pntp_client_config_init (client_config=0xa32f00 <s_client_config>) at /home/oujiefeng/code/LP-7265V2R1/build/output/cm806adn/rk3588_master/build/pntpservice-v1.0/intf/pntp_intf.c:125

Thread 3 (Thread 0xffff9004bb60 (LWP 437) "mfp.afx"):
#0  0x0000ffff960eb05c in ?? () from /lib64/libc.so.6
#1  0x0000ffff960f5e5c in ?? () from /lib64/libc.so.6
#2  0x0000ffff970ea564 in pol_sem_wait (os_sem=0x158ac680) at osal/pol/os/Linux/pol_linux.c:255
#3  0x0000ffff970e514c in log_record_async_thread (arg=0x0) at osal/pol/pol_log.c:408
#4  0x0000ffff970e9dbc in thread_start (arg=0x158af570) at osal/pol/os/Linux/pol_linux.c:57

Thread 2 (Thread 0xffff9065bb60 (LWP 436) "pub_client"):
#0  0x0000ffff9614bba8 in write () from /lib64/libc.so.6
#1  0x0000ffff960e70e4 in _IO_file_write () from /lib64/libc.so.6
#2  0x0000ffff960e54fc in ?? () from /lib64/libc.so.6
#3  0x0000ffff960e6270 in _IO_do_write () from /lib64/libc.so.6
#4  0x0000ffff960e722c in _IO_file_xsputn () from /lib64/libc.so.6

Thread 1 (Thread 0xffff95e60960 (LWP 434) "mfp.afx"):
#0  0x0000ffff9614bba8 in write () from /lib64/libc.so.6
#1  0x00000000006c2ecc in ulog_print (name=0x0, file=0xffff971436b5 "pcie_device.c", func=0xffff97143775 <__func__.5> "pcie_integrate_features", line=463, level=4, fmt=0xffff97143716 "vd:%d , send_offset:%d , recv_offset:%d\n") at proxy_transfer/ulog.c:286
#2  0x0000ffff97139730 in pcie_integrate_features () from /lib64/libcommon.so
#3  0x0000ffff97138108 in device_init () from /lib64/libcommon.so
#4  0x0000ffff97135bb4 in ibc_prolog () from /lib64/libcommon.so
[Inferior 1 (process 434) detached]
done
SIMBOOT: mfp run finished, keeping shell
/bin/sh: can't access tty; job control turned off
~ # [6n[  245.013392] hrtimer: interrupt took 365040496 ns
