UEFI firmware (version edk2-stable202408-prebuilt.qemu.org built at 16:28:50 on Sep 12 2024)
ArmTrngLib could not be correctly initialized.
Error: Image at 000BFDB6000 start failed: 00000001
Error: Image at 000BFD6D000 start failed: Not Found
Error: Image at 000BFCBA000 start failed: Unsupported
Error: Image at 000BFB5E000 start failed: Aborted
Tpm2SubmitCommand - Tcg2 - Not Found
Tpm2GetCapabilityPcrs fail!
Tpm2SubmitCommand - Tcg2 - Not Found
Image type X64 can't be loaded on AARCH64 UEFI system.
[2J[01;01H[=3h[2J[01;01H[2J[01;01H[=3h[2J[01;01HEFI stub: Decompressing Linux Kernel...
EFI stub: Loaded initrd from LINUX_EFI_INITRD_MEDIA_GUID device path
EFI stub: Generating empty DTB
EFI stub: Exiting boot services...
[    0.000000] Booting Linux on physical CPU 0x0000000000 [0x414fd0b1]
[    0.000000] Linux version 6.12.103-0-virt (buildozer@build-3-21-aarch64) (gcc (Alpine 14.2.0) 14.2.0, GNU ld (GNU Binutils) 2.43.1) #1-Alpine SMP PREEMPT_DYNAMIC 2026-08-10 14:25:03
[    0.000000] efi: EFI v2.7 by EDK II
[    0.000000] efi: SMBIOS 3.0=0xbfed0000 MEMATTR=0xbe18a018 ACPI 2.0=0xbcb43018 INITRD=0xbcb40f18 MEMRESERVE=0xbcb40f98 
[    0.000000] ACPI: Early table checksum verification disabled
[    0.000000] ACPI: RSDP 0x00000000BCB43018 000024 (v02 BOCHS )
[    0.000000] ACPI: XSDT 0x00000000BCB43F18 000064 (v01 BOCHS  BXPC     00000001      01000013)
[    0.000000] ACPI: FACP 0x00000000BCB43B18 000114 (v06 BOCHS  BXPC     00000001 BXPC 00000001)
[    0.000000] ACPI: DSDT 0x00000000BCB41018 001506 (v02 BOCHS  BXPC     00000001 BXPC 00000001)
[    0.000000] ACPI: APIC 0x00000000BCB43C98 0000FC (v04 BOCHS  BXPC     00000001 BXPC 00000001)
[    0.000000] ACPI: PPTT 0x00000000BCB43E18 000074 (v02 BOCHS  BXPC     00000001 BXPC 00000001)
[    0.000000] ACPI: GTDT 0x00000000BCB43098 000068 (v03 BOCHS  BXPC     00000001 BXPC 00000001)
[    0.000000] ACPI: MCFG 0x00000000BCB43A98 00003C (v01 BOCHS  BXPC     00000001 BXPC 00000001)
[    0.000000] ACPI: SPCR 0x00000000BCB43818 000050 (v02 BOCHS  BXPC     00000001 BXPC 00000001)
[    0.000000] ACPI: DBG2 0x00000000BCB43A18 000057 (v00 BOCHS  BXPC     00000001 BXPC 00000001)
[    0.000000] ACPI: IORT 0x00000000BCB43898 000054 (v05 BOCHS  BXPC     00000001 BXPC 00000001)
[    0.000000] ACPI: SPCR: console: pl011,mmio32,0x9000000,9600
[    0.000000] ACPI: Use ACPI SPCR as default console: Yes
[    0.000000] NUMA: Faking a node at [mem 0x0000000040000000-0x00000000bfffffff]
[    0.000000] NODE_DATA(0) allocated [mem 0xbf855b80-0xbf857fff]
[    0.000000] Zone ranges:
[    0.000000]   DMA      [mem 0x0000000040000000-0x00000000bfffffff]
[    0.000000]   DMA32    empty
[    0.000000]   Normal   empty
[    0.000000] Movable zone start for each node
[    0.000000] Early memory node ranges
[    0.000000]   node   0: [mem 0x0000000040000000-0x00000000bc76ffff]
[    0.000000]   node   0: [mem 0x00000000bc770000-0x00000000bcb3ffff]
[    0.000000]   node   0: [mem 0x00000000bcb40000-0x00000000bfe1ffff]
[    0.000000]   node   0: [mem 0x00000000bfe20000-0x00000000bfeaffff]
[    0.000000]   node   0: [mem 0x00000000bfeb0000-0x00000000bfebffff]
[    0.000000]   node   0: [mem 0x00000000bfec0000-0x00000000bffdffff]
[    0.000000]   node   0: [mem 0x00000000bffe0000-0x00000000bfffffff]
[    0.000000] Initmem setup node 0 [mem 0x0000000040000000-0x00000000bfffffff]
[    0.000000] psci: probing for conduit method from ACPI.
[    0.000000] psci: PSCIv1.1 detected in firmware.
[    0.000000] psci: Using standard PSCI v0.2 function IDs
[    0.000000] psci: Trusted OS migration not required
[    0.000000] psci: SMC Calling Convention v1.0
[    0.000000] percpu: Embedded 33 pages/cpu s96984 r8192 d29992 u135168
[    0.000000] Detected PIPT I-cache on CPU0
[    0.000000] CPU features: detected: Spectre-v4
[    0.000000] CPU features: detected: Spectre-BHB
[    0.000000] CPU features: detected: Broken broadcast TLBI completion
[    0.000000] CPU features: detected: SSBS not fully self-synchronizing
[    0.000000] alternatives: applying boot alternatives
[    0.000000] Kernel command line: root=/dev/vda rw console=ttyAMA0 initrd=initrd
[    0.000000] Dentry cache hash table entries: 262144 (order: 9, 2097152 bytes, linear)
[    0.000000] Inode-cache hash table entries: 131072 (order: 8, 1048576 bytes, linear)
[    0.000000] Fallback order for Node 0: 0 
[    0.000000] Built 1 zonelists, mobility grouping on.  Total pages: 524288
[    0.000000] Policy zone: DMA
[    0.000000] mem auto-init: stack:all(zero), heap alloc:on, heap free:off
[    0.000000] software IO TLB: SWIOTLB bounce buffer size adjusted to 2MB
[    0.000000] software IO TLB: area num 2.
[    0.000000] software IO TLB: mapped [mem 0x00000000bf2b4000-0x00000000bf4b4000] (2MB)
[    0.000000] SLUB: HWalign=64, Order=0-3, MinObjects=0, CPUs=2, Nodes=1
[    0.000000] Dynamic Preempt: none
[    0.000000] rcu: Preemptible hierarchical RCU implementation.
[    0.000000] rcu: 	RCU restricting CPUs from NR_CPUS=4096 to nr_cpu_ids=2.
[    0.000000] 	Trampoline variant of Tasks RCU enabled.
[    0.000000] 	Tracing variant of Tasks RCU enabled.
[    0.000000] rcu: RCU calculated value of scheduler-enlistment delay is 10 jiffies.
[    0.000000] rcu: Adjusting geometry for rcu_fanout_leaf=16, nr_cpu_ids=2
[    0.000000] RCU Tasks: Setting shift to 1 and lim to 1 rcu_task_cb_adjust=1 rcu_task_cpu_ids=2.
[    0.000000] RCU Tasks Trace: Setting shift to 1 and lim to 1 rcu_task_cb_adjust=1 rcu_task_cpu_ids=2.
[    0.000000] NR_IRQS: 64, nr_irqs: 64, preallocated irqs: 0
[    0.000000] Root IRQ handler: gic_handle_irq
[    0.000000] GICv2m: ACPI overriding V2M MSI_TYPER (base:80, num:64)
[    0.000000] GICv2m: range[mem 0x08020000-0x08020fff], SPI[80:143]
[    0.000000] rcu: srcu_init: Setting srcu_struct sizes based on contention.
[    0.000000] clocksource: jiffies: mask: 0xffffffff max_cycles: 0xffffffff, max_idle_ns: 19112604462750000 ns
[    0.000000] arch_timer: cp15 timer(s) running at 62.50MHz (virt).
[    0.000000] clocksource: arch_sys_counter: mask: 0x1ffffffffffffff max_cycles: 0x1cd42e208c, max_idle_ns: 881590405314 ns
[    0.000142] sched_clock: 57 bits at 63MHz, resolution 16ns, wraps every 4398046511096ns
[    0.015412] kfence: initialized - using 2097152 bytes for 255 objects at 0x(____ptrval____)-0x(____ptrval____)
[    0.046924] Console: colour dummy device 80x25
[    0.071679] ACPI: Core revision 20240827
[    0.098611] Calibrating delay loop (skipped), value calculated using timer frequency.. 125.00 BogoMIPS (lpj=625000)
[    0.098925] pid_max: default: 32768 minimum: 301
[    0.119715] LSM: initializing lsm=lockdown,capability,landlock
[    0.133036] landlock: Up and running.
[    0.151445] Mount-cache hash table entries: 4096 (order: 3, 32768 bytes, linear)
[    0.151635] Mountpoint-cache hash table entries: 4096 (order: 3, 32768 bytes, linear)
[    0.550640] rcu: Hierarchical SRCU implementation.
[    0.551066] rcu: 	Max phase no-delay instances is 1000.
[    0.566848] Timer migration: 1 hierarchy levels; 8 children per group; 1 crossnode level
[    0.600599] Remapping and enabling EFI services.
[    0.638462] smp: Bringing up secondary CPUs ...
[    0.655310] Detected PIPT I-cache on CPU1
[    0.664004] CPU1: Booted secondary processor 0x0000000001 [0x414fd0b1]
[    0.695806] smp: Brought up 1 node, 2 CPUs
[    0.695925] SMP: Total of 2 processors activated.
[    0.696022] CPU: All CPU(s) started at EL1
[    0.696541] CPU features: detected: 32-bit EL0 Support
[    0.696648] CPU features: detected: Data cache clean to the PoU not required for I/D coherence
[    0.696732] CPU features: detected: Common not Private translations
[    0.696743] CPU features: detected: CRC32 instructions
[    0.697109] CPU features: detected: RCpc load-acquire (LDAPR)
[    0.697221] CPU features: detected: LSE atomic instructions
[    0.697235] CPU features: detected: Privileged Access Never
[    0.697245] CPU features: detected: RAS Extension Support
[    0.697324] CPU features: detected: Speculative Store Bypassing Safe (SSBS)
[    0.819250] alternatives: applying system-wide alternatives
[    0.860884] CPU features: detected: Hardware dirty bit management on CPU0-1
[    0.917952] Memory: 2003468K/2097152K available (12608K kernel code, 1950K rwdata, 7812K rodata, 1920K init, 9305K bss, 89380K reserved, 0K cma-reserved)
[    1.036102] devtmpfs: initialized
[    1.132950] futex hash table entries: 512 (order: 3, 32768 bytes, linear)
[    1.134454] 24304 pages in range for non-PLT usage
[    1.134552] 515824 pages in range for PLT usage
[    1.146438] pinctrl core: initialized pinctrl subsystem
[    1.170113] SMBIOS 3.0.0 present.
[    1.170882] DMI: QEMU QEMU Virtual Machine, BIOS edk2-stable202408-prebuilt.qemu.org 08/13/2024
[    1.175348] DMI: Memory slots populated: 1/1
[    1.243669] NET: Registered PF_NETLINK/PF_ROUTE protocol family
[    1.259457] DMA: preallocated 256 KiB GFP_KERNEL pool for atomic allocations
[    1.265133] DMA: preallocated 256 KiB GFP_KERNEL|GFP_DMA pool for atomic allocations
[    1.266134] DMA: preallocated 256 KiB GFP_KERNEL|GFP_DMA32 pool for atomic allocations
[    1.266882] audit: initializing netlink subsys (disabled)
[    1.271869] audit: type=2000 audit(0.800:1): state=initialized audit_enabled=0 res=1
[    1.288401] thermal_sys: Registered thermal governor 'step_wise'
[    1.298381] cpuidle: using governor ladder
[    1.298910] cpuidle: using governor menu
[    1.302660] hw-breakpoint: found 6 breakpoint and 4 watchpoint registers.
[    1.304075] ASID allocator initialised with 65536 entries
[    1.305314] acpiphp: ACPI Hot Plug PCI Controller Driver version: 0.5
[    1.319110] Serial: AMBA PL011 UART driver
[    1.361129] HugeTLB: registered 1.00 GiB page size, pre-allocated 0 pages
[    1.361189] HugeTLB: 0 KiB vmemmap can be freed for a 1.00 GiB page
[    1.361213] HugeTLB: registered 32.0 MiB page size, pre-allocated 0 pages
[    1.361223] HugeTLB: 0 KiB vmemmap can be freed for a 32.0 MiB page
[    1.361236] HugeTLB: registered 2.00 MiB page size, pre-allocated 0 pages
[    1.361244] HugeTLB: 0 KiB vmemmap can be freed for a 2.00 MiB page
[    1.361257] HugeTLB: registered 64.0 KiB page size, pre-allocated 0 pages
[    1.361266] HugeTLB: 0 KiB vmemmap can be freed for a 64.0 KiB page
[    1.444137] ACPI: Added _OSI(Module Device)
[    1.444226] ACPI: Added _OSI(Processor Device)
[    1.444241] ACPI: Added _OSI(Processor Aggregator Device)
[    1.495706] ACPI: 1 ACPI AML tables successfully acquired and loaded
[    1.535377] ACPI: Interpreter enabled
[    1.535454] ACPI: Using GIC for interrupt routing
[    1.536381] ACPI: MCFG table detected, 1 entries
[    1.647347] ACPI: CPU0 has been hot-added
[    1.649681] ACPI: CPU1 has been hot-added
[    1.688442] ARMH0011:00: ttyAMA0 at MMIO 0x9000000 (irq = 12, base_baud = 0) is a SBSA
[    1.695982] printk: legacy console [ttyAMA0] enabled
[    1.847323] ACPI: PCI: Interrupt link L000 configured for IRQ 35
[    1.848167] ACPI: PCI: Interrupt link L001 configured for IRQ 36
[    1.848889] ACPI: PCI: Interrupt link L002 configured for IRQ 37
[    1.849382] ACPI: PCI: Interrupt link L003 configured for IRQ 38
[    1.851402] ACPI: PCI Root Bridge [PCI0] (domain 0000 [bus 00-ff])
[    1.860077] acpi PNP0A08:00: _OSC: OS supports [ExtendedConfig ASPM ClockPM Segments MSI HPX-Type3]
[    1.875071] acpi PNP0A08:00: _OSC: platform does not support [LTR]
[    1.879155] acpi PNP0A08:00: _OSC: OS now controls [PCIeHotplug PME PCIeCapability]
[    1.885342] acpi PNP0A08:00: ECAM area [mem 0x4010000000-0x401fffffff] reserved by PNP0C02:00
[    1.886820] acpi PNP0A08:00: ECAM at [mem 0x4010000000-0x401fffffff] for [bus 00-ff]
[    1.891271] ACPI: Remapped I/O 0x000000003eff0000 to [io  0x0000-0xffff window]
[    1.902559] PCI host bridge to bus 0000:00
[    1.904057] pci_bus 0000:00: root bus resource [mem 0x10000000-0x3efeffff window]
[    1.904593] pci_bus 0000:00: root bus resource [io  0x0000-0xffff window]
[    1.905377] pci_bus 0000:00: root bus resource [mem 0x8000000000-0xffffffffff window]
[    1.908573] pci_bus 0000:00: root bus resource [bus 00-ff]
[    1.912122] pci 0000:00:00.0: [1b36:0008] type 00 class 0x060000 conventional PCI endpoint
[    1.926993] pci 0000:00:01.0: [1af4:1000] type 00 class 0x020000 conventional PCI endpoint
[    1.928037] pci 0000:00:01.0: BAR 0 [io  0x0080-0x009f]
[    1.928702] pci 0000:00:01.0: BAR 1 [mem 0x10041000-0x10041fff]
[    1.929143] pci 0000:00:01.0: BAR 4 [mem 0x8000000000-0x8000003fff 64bit pref]
[    1.929768] pci 0000:00:01.0: ROM [mem 0xfffc0000-0xffffffff pref]
[    1.931898] pci 0000:00:02.0: [1af4:1001] type 00 class 0x010000 conventional PCI endpoint
[    1.933042] pci 0000:00:02.0: BAR 0 [io  0x0000-0x007f]
[    1.933384] pci 0000:00:02.0: BAR 1 [mem 0x10040000-0x10040fff]
[    1.933723] pci 0000:00:02.0: BAR 4 [mem 0x8000004000-0x8000007fff 64bit pref]
[    1.942566] pci 0000:00:01.0: ROM [mem 0x10000000-0x1003ffff pref]: assigned
[    1.943601] pci 0000:00:01.0: BAR 4 [mem 0x8000000000-0x8000003fff 64bit pref]: assigned
[    1.944348] pci 0000:00:02.0: BAR 4 [mem 0x8000004000-0x8000007fff 64bit pref]: assigned
[    1.944793] pci 0000:00:01.0: BAR 1 [mem 0x10040000-0x10040fff]: assigned
[    1.945241] pci 0000:00:02.0: BAR 1 [mem 0x10041000-0x10041fff]: assigned
[    1.945898] pci 0000:00:02.0: BAR 0 [io  0x1000-0x107f]: assigned
[    1.946384] pci 0000:00:01.0: BAR 0 [io  0x1080-0x109f]: assigned
[    1.947261] pci_bus 0000:00: resource 4 [mem 0x10000000-0x3efeffff window]
[    1.947705] pci_bus 0000:00: resource 5 [io  0x0000-0xffff window]
[    1.948882] pci_bus 0000:00: resource 6 [mem 0x8000000000-0xffffffffff window]
[    1.961659] iommu: Default domain type: Translated
[    1.962201] iommu: DMA domain TLB invalidation policy: lazy mode
[    1.985516] efivars: Registered efivars operations
[    2.031494] clocksource: Switched to clocksource arch_sys_counter
[    2.049686] VFS: Disk quotas dquot_6.6.0
[    2.051292] VFS: Dquot-cache hash table entries: 512 (order 0, 4096 bytes)
[    2.069256] pnp: PnP ACPI init
[    2.079113] system 00:00: [mem 0x4010000000-0x401fffffff window] could not be reserved
[    2.080413] pnp: PnP ACPI: found 1 devices
[    2.186348] NET: Registered PF_INET protocol family
[    2.193947] IP idents hash table entries: 32768 (order: 6, 262144 bytes, linear)
[    2.345920] tcp_listen_portaddr_hash hash table entries: 1024 (order: 2, 16384 bytes, linear)
[    2.347358] Table-perturb hash table entries: 65536 (order: 6, 262144 bytes, linear)
[    2.348178] TCP established hash table entries: 16384 (order: 5, 131072 bytes, linear)
[    2.349920] TCP bind hash table entries: 16384 (order: 7, 524288 bytes, linear)
[    2.351121] TCP: Hash tables configured (established 16384 bind 16384)
[    2.359459] MPTCP token hash table entries: 2048 (order: 4, 49152 bytes, linear)
[    2.361091] UDP hash table entries: 1024 (order: 3, 32768 bytes, linear)
[    2.362601] UDP-Lite hash table entries: 1024 (order: 3, 32768 bytes, linear)
[    2.369175] NET: Registered PF_UNIX/PF_LOCAL protocol family
[    2.370849] NET: Registered PF_XDP protocol family
[    2.374583] PCI: CLS 0 bytes, default 64
[    2.381193] kvm [1]: HYP mode not available
[    2.394836] Initialise system trusted keyrings
[    2.404120] workingset: timestamp_bits=44 max_order=19 bucket_order=0
[    2.409472] Unpacking initramfs...
[    2.552724] Key type asymmetric registered
[    2.553354] Asymmetric key parser 'x509' registered
[    2.554686] Block layer SCSI generic (bsg) driver version 0.4 loaded (major 249)
[    2.562200] io scheduler mq-deadline registered
[    2.562739] io scheduler kyber registered
[    2.564490] io scheduler bfq registered
[    2.615561] ACPI: \_SB_.L001: Enabled at IRQ 36
[    2.628100] virtio-pci 0000:00:01.0: enabling device (0000 -> 0003)
[    2.638239] ACPI: \_SB_.L002: Enabled at IRQ 37
[    2.639701] virtio-pci 0000:00:02.0: enabling device (0000 -> 0003)
[    2.693545] Serial: 8250/16550 driver, 4 ports, IRQ sharing enabled
[    2.760028] hv_vmbus: registering driver hyperv_keyboard
[    2.775787] rtc-efi rtc-efi.0: registered as rtc0
[    2.782924] rtc-efi rtc-efi.0: setting system clock to 2026-08-24T04:51:37 UTC (1787547097)
[    2.795643] NET: Registered PF_INET6 protocol family
[    2.836748] Segment Routing with IPv6
[    2.837640] In-situ OAM (IOAM) with IPv6
[    2.979987] registered taskstats version 1
[    2.987166] Loading compiled-in X.509 certificates
[    3.047473] Freeing initrd memory: 5184K
[    3.425561] Loaded X.509 cert 'alpinelinux.org: Alpine Linux kernel key: 87fa969a47f3e2a6aa35859eb932a17c95abcd82'
[    3.486842] Demotion targets for Node 0: null
[    3.493359] Key type .fscrypt registered
[    3.493690] Key type fscrypt-provisioning registered
[    3.549731] clk: Disabling unused clocks
[    3.550929] PM: genpd: Disabling unused power domains
[    3.645138] Freeing unused kernel memory: 1920K
[    3.649229] Run /init as init process
[    4.054506] Alpine Init 3.11.1-r0
Alpine Init 3.11.1-r0
[    4.069383] Loading boot drivers...
 * Loading boot drivers: [    4.164631] Loading boot drivers: ok.
ok.
SIMBOOT: kernel=6.12.103-0-virt
[    4.281215] Invalid ELF header magic: != ELF
[    4.333464] virtio_blk virtio1: 2/0/0 default/read/poll queues
[    4.365785] virtio_blk virtio1: [vda] 1411072 512-byte logical blocks (722 MB/689 MiB)
[    4.432014] Invalid ELF header magic: != ELF
[    4.470811] Invalid ELF header magic: != ELF
[    4.502469] Invalid ELF header magic: != ELF
[    4.545026] Invalid ELF header magic: != ELF
[    4.646216] Invalid ELF header magic: != ELF
[    6.165046] EXT4-fs (vda): mounted filesystem 1799a7eb-09df-4b80-8c57-0424de58e445 r/w with ordered data mode. Quota mode: none.
SIMBOOT: root mounted rw, running real mfp.afx with binder stub
STUB_LS: -rw-r--r-- 1 root root 1350 Aug 24 04:51 /lib/libbinder_stub.so
STUB_TEST: Mon Aug 24 04:51:47 UTC 2026
rc=0
MFP_PID=435
[   18.203488] random: crng init done
[   78.052462] hrtimer: interrupt took 437419296 ns
--- MFP LOG TAIL ---
[2026-08-24 04:52:18-531.134][PLOG_PUB: DEBUG] <pub_client_handle_event: 690> publisher client poll event error: Success 
[2026-08-24 04:52:18-531.165][PLOG_PUB: DEBUG] <pub_client_handle_event: 690> publisher client poll event error: Success 
[2026-08-24 04:52:18-531.197][PLOG_PUB: DEBUG] <pub_client_handle_event: 690> publisher clien
Signal Handle:
no:11
name:SIGPROF
errno:0
code:1
sender pid:80
sender uid:0
si_addr:0x50
si_fd:0
/lib64/libosal.so(bio_get_uint32+0x2c) [0xffff89be25b8]
/lib64/libevent_mgr.so(pi_event_mgr_create_client+0x29c) [0xffff89e596bc]
/usr/bin/mfp.afx() [0x693a8c]
/usr/bin/mfp.afx(platform_prolog+0xc) [0x694398]
/usr/bin/mfp.afx(main+0x14c) [0x6a7f38]
/lib64/libc.so.6(+0x2b1fc) [0xffff890e81fc]
/lib64/libc.so.6(__libc_start_main+0x98) [0xffff890e82d8]
/usr/bin/mfp.afx(_start+0x30) [0x44c2b0]
--- MFP LOG SIZE ---
27135901 /tmp/mfp.log
--- MFP PLOG ---
--- TASKS ---
1
--- WCHAN ---
*: 
--- GDB BT ---
ptrace: No such process.
done
SIMBOOT: mfp run finished, keeping shell
/bin/sh: can't access tty; job control turned off
~ # [6n