UEFI firmware (version edk2-stable202408-prebuilt.qemu.org built at 16:28:50 on Sep 12 2024)
ArmTrngLib could not be correctly initialized.
Error: Image at 000BFDB6000 start failed: 00000001
Error: Image at 000BFD6D000 start failed: Not Found
Error: Image at 000BFCBA000 start failed: Unsupported
Error: Image at 000BFB5E000 start failed: Aborted
Tpm2SubmitCommand - Tcg2 - Not Found
Tpm2GetCapabilityPcrs fail!
Tpm2SubmitCommand - Tcg2 - Not Found
Image type X64 can't be loaded on AARCH64 UEFI system.
[2J[01;01H[=3h[2J[01;01H[2J[01;01H[=3h[2J[01;01HEFI stub: Decompressing Linux Kernel...
EFI stub: Loaded initrd from LINUX_EFI_INITRD_MEDIA_GUID device path
EFI stub: Generating empty DTB
EFI stub: Exiting boot services...
[    0.000000] Booting Linux on physical CPU 0x0000000000 [0x414fd0b1]
[    0.000000] Linux version 6.12.103-0-virt (buildozer@build-3-21-aarch64) (gcc (Alpine 14.2.0) 14.2.0, GNU ld (GNU Binutils) 2.43.1) #1-Alpine SMP PREEMPT_DYNAMIC 2026-08-10 14:25:03
[    0.000000] efi: EFI v2.7 by EDK II
[    0.000000] efi: SMBIOS 3.0=0xbfed0000 MEMATTR=0xbe18b018 ACPI 2.0=0xbcb43018 INITRD=0xbcb40f18 MEMRESERVE=0xbcb40f98 
[    0.000000] ACPI: Early table checksum verification disabled
[    0.000000] ACPI: RSDP 0x00000000BCB43018 000024 (v02 BOCHS )
[    0.000000] ACPI: XSDT 0x00000000BCB43F18 000064 (v01 BOCHS  BXPC     00000001      01000013)
[    0.000000] ACPI: FACP 0x00000000BCB43B18 000114 (v06 BOCHS  BXPC     00000001 BXPC 00000001)
[    0.000000] ACPI: DSDT 0x00000000BCB41018 001506 (v02 BOCHS  BXPC     00000001 BXPC 00000001)
[    0.000000] ACPI: APIC 0x00000000BCB43C98 0000FC (v04 BOCHS  BXPC     00000001 BXPC 00000001)
[    0.000000] ACPI: PPTT 0x00000000BCB43E18 000074 (v02 BOCHS  BXPC     00000001 BXPC 00000001)
[    0.000000] ACPI: GTDT 0x00000000BCB43098 000068 (v03 BOCHS  BXPC     00000001 BXPC 00000001)
[    0.000000] ACPI: MCFG 0x00000000BCB43A98 00003C (v01 BOCHS  BXPC     00000001 BXPC 00000001)
[    0.000000] ACPI: SPCR 0x00000000BCB43818 000050 (v02 BOCHS  BXPC     00000001 BXPC 00000001)
[    0.000000] ACPI: DBG2 0x00000000BCB43A18 000057 (v00 BOCHS  BXPC     00000001 BXPC 00000001)
[    0.000000] ACPI: IORT 0x00000000BCB43898 000054 (v05 BOCHS  BXPC     00000001 BXPC 00000001)
[    0.000000] ACPI: SPCR: console: pl011,mmio32,0x9000000,9600
[    0.000000] ACPI: Use ACPI SPCR as default console: Yes
[    0.000000] NUMA: Faking a node at [mem 0x0000000040000000-0x00000000bfffffff]
[    0.000000] NODE_DATA(0) allocated [mem 0xbf855b80-0xbf857fff]
[    0.000000] Zone ranges:
[    0.000000]   DMA      [mem 0x0000000040000000-0x00000000bfffffff]
[    0.000000]   DMA32    empty
[    0.000000]   Normal   empty
[    0.000000] Movable zone start for each node
[    0.000000] Early memory node ranges
[    0.000000]   node   0: [mem 0x0000000040000000-0x00000000bc76ffff]
[    0.000000]   node   0: [mem 0x00000000bc770000-0x00000000bcb3ffff]
[    0.000000]   node   0: [mem 0x00000000bcb40000-0x00000000bfe1ffff]
[    0.000000]   node   0: [mem 0x00000000bfe20000-0x00000000bfeaffff]
[    0.000000]   node   0: [mem 0x00000000bfeb0000-0x00000000bfebffff]
[    0.000000]   node   0: [mem 0x00000000bfec0000-0x00000000bffdffff]
[    0.000000]   node   0: [mem 0x00000000bffe0000-0x00000000bfffffff]
[    0.000000] Initmem setup node 0 [mem 0x0000000040000000-0x00000000bfffffff]
[    0.000000] psci: probing for conduit method from ACPI.
[    0.000000] psci: PSCIv1.1 detected in firmware.
[    0.000000] psci: Using standard PSCI v0.2 function IDs
[    0.000000] psci: Trusted OS migration not required
[    0.000000] psci: SMC Calling Convention v1.0
[    0.000000] percpu: Embedded 33 pages/cpu s96984 r8192 d29992 u135168
[    0.000000] Detected PIPT I-cache on CPU0
[    0.000000] CPU features: detected: Spectre-v4
[    0.000000] CPU features: detected: Spectre-BHB
[    0.000000] CPU features: detected: Broken broadcast TLBI completion
[    0.000000] CPU features: detected: SSBS not fully self-synchronizing
[    0.000000] alternatives: applying boot alternatives
[    0.000000] Kernel command line: root=/dev/vda rw console=ttyAMA0 initrd=initrd
[    0.000000] Dentry cache hash table entries: 262144 (order: 9, 2097152 bytes, linear)
[    0.000000] Inode-cache hash table entries: 131072 (order: 8, 1048576 bytes, linear)
[    0.000000] Fallback order for Node 0: 0 
[    0.000000] Built 1 zonelists, mobility grouping on.  Total pages: 524288
[    0.000000] Policy zone: DMA
[    0.000000] mem auto-init: stack:all(zero), heap alloc:on, heap free:off
[    0.000000] software IO TLB: SWIOTLB bounce buffer size adjusted to 2MB
[    0.000000] software IO TLB: area num 2.
[    0.000000] software IO TLB: mapped [mem 0x00000000bf2b4000-0x00000000bf4b4000] (2MB)
[    0.000000] SLUB: HWalign=64, Order=0-3, MinObjects=0, CPUs=2, Nodes=1
[    0.000000] Dynamic Preempt: none
[    0.000000] rcu: Preemptible hierarchical RCU implementation.
[    0.000000] rcu: 	RCU restricting CPUs from NR_CPUS=4096 to nr_cpu_ids=2.
[    0.000000] 	Trampoline variant of Tasks RCU enabled.
[    0.000000] 	Tracing variant of Tasks RCU enabled.
[    0.000000] rcu: RCU calculated value of scheduler-enlistment delay is 10 jiffies.
[    0.000000] rcu: Adjusting geometry for rcu_fanout_leaf=16, nr_cpu_ids=2
[    0.000000] RCU Tasks: Setting shift to 1 and lim to 1 rcu_task_cb_adjust=1 rcu_task_cpu_ids=2.
[    0.000000] RCU Tasks Trace: Setting shift to 1 and lim to 1 rcu_task_cb_adjust=1 rcu_task_cpu_ids=2.
[    0.000000] NR_IRQS: 64, nr_irqs: 64, preallocated irqs: 0
[    0.000000] Root IRQ handler: gic_handle_irq
[    0.000000] GICv2m: ACPI overriding V2M MSI_TYPER (base:80, num:64)
[    0.000000] GICv2m: range[mem 0x08020000-0x08020fff], SPI[80:143]
[    0.000000] rcu: srcu_init: Setting srcu_struct sizes based on contention.
[    0.000000] clocksource: jiffies: mask: 0xffffffff max_cycles: 0xffffffff, max_idle_ns: 19112604462750000 ns
[    0.000000] arch_timer: cp15 timer(s) running at 62.50MHz (virt).
[    0.000000] clocksource: arch_sys_counter: mask: 0x1ffffffffffffff max_cycles: 0x1cd42e208c, max_idle_ns: 881590405314 ns
[    0.000572] sched_clock: 57 bits at 63MHz, resolution 16ns, wraps every 4398046511096ns
[    0.090205] kfence: initialized - using 2097152 bytes for 255 objects at 0x(____ptrval____)-0x(____ptrval____)
[    0.537670] Console: colour dummy device 80x25
[    0.620193] ACPI: Core revision 20240827
[    0.774206] Calibrating delay loop (skipped), value calculated using timer frequency.. 125.00 BogoMIPS (lpj=625000)
[    0.785347] pid_max: default: 32768 minimum: 301
[    1.101388] LSM: initializing lsm=lockdown,capability,landlock
[    1.338314] landlock: Up and running.
[    1.418297] Mount-cache hash table entries: 4096 (order: 3, 32768 bytes, linear)
[    1.419041] Mountpoint-cache hash table entries: 4096 (order: 3, 32768 bytes, linear)
[    4.032095] rcu: Hierarchical SRCU implementation.
[    4.032612] rcu: 	Max phase no-delay instances is 1000.
[    4.173119] Timer migration: 1 hierarchy levels; 8 children per group; 1 crossnode level
[    4.448976] Remapping and enabling EFI services.
[    4.520028] smp: Bringing up secondary CPUs ...
[    4.671932] Detected PIPT I-cache on CPU1
[    4.680797] CPU1: Booted secondary processor 0x0000000001 [0x414fd0b1]
[    4.792947] smp: Brought up 1 node, 2 CPUs
[    4.794988] SMP: Total of 2 processors activated.
[    4.795530] CPU: All CPU(s) started at EL1
[    4.798345] CPU features: detected: 32-bit EL0 Support
[    4.799271] CPU features: detected: Data cache clean to the PoU not required for I/D coherence
[    4.799970] CPU features: detected: Common not Private translations
[    4.800039] CPU features: detected: CRC32 instructions
[    4.801308] CPU features: detected: RCpc load-acquire (LDAPR)
[    4.801605] CPU features: detected: LSE atomic instructions
[    4.801652] CPU features: detected: Privileged Access Never
[    4.801685] CPU features: detected: RAS Extension Support
[    4.801972] CPU features: detected: Speculative Store Bypassing Safe (SSBS)
[    5.473756] alternatives: applying system-wide alternatives
[    6.036110] CPU features: detected: Hardware dirty bit management on CPU0-1
[    6.744089] Memory: 2003220K/2097152K available (12608K kernel code, 1950K rwdata, 7812K rodata, 1920K init, 9305K bss, 89376K reserved, 0K cma-reserved)
[    7.978331] devtmpfs: initialized
[    8.640154] futex hash table entries: 512 (order: 3, 32768 bytes, linear)
[    8.665419] 24304 pages in range for non-PLT usage
[    8.665883] 515824 pages in range for PLT usage
[    8.773945] pinctrl core: initialized pinctrl subsystem
[    9.019389] SMBIOS 3.0.0 present.
[    9.021706] DMI: QEMU QEMU Virtual Machine, BIOS edk2-stable202408-prebuilt.qemu.org 08/13/2024
[    9.031050] DMI: Memory slots populated: 1/1
[    9.501720] NET: Registered PF_NETLINK/PF_ROUTE protocol family
[    9.694163] DMA: preallocated 256 KiB GFP_KERNEL pool for atomic allocations
[    9.719240] DMA: preallocated 256 KiB GFP_KERNEL|GFP_DMA pool for atomic allocations
[    9.722664] DMA: preallocated 256 KiB GFP_KERNEL|GFP_DMA32 pool for atomic allocations
[    9.793090] audit: initializing netlink subsys (disabled)
[    9.888581] audit: type=2000 audit(3.240:1): state=initialized audit_enabled=0 res=1
[    9.949789] thermal_sys: Registered thermal governor 'step_wise'
[    9.968071] cpuidle: using governor ladder
[    9.970492] cpuidle: using governor menu
[   10.007424] hw-breakpoint: found 6 breakpoint and 4 watchpoint registers.
[   10.041926] ASID allocator initialised with 65536 entries
[   10.124286] acpiphp: ACPI Hot Plug PCI Controller Driver version: 0.5
[   10.152663] Serial: AMBA PL011 UART driver
[   10.542316] HugeTLB: registered 1.00 GiB page size, pre-allocated 0 pages
[   10.542515] HugeTLB: 0 KiB vmemmap can be freed for a 1.00 GiB page
[   10.542626] HugeTLB: registered 32.0 MiB page size, pre-allocated 0 pages
[   10.542668] HugeTLB: 0 KiB vmemmap can be freed for a 32.0 MiB page
[   10.542719] HugeTLB: registered 2.00 MiB page size, pre-allocated 0 pages
[   10.542754] HugeTLB: 0 KiB vmemmap can be freed for a 2.00 MiB page
[   10.542802] HugeTLB: registered 64.0 KiB page size, pre-allocated 0 pages
[   10.542833] HugeTLB: 0 KiB vmemmap can be freed for a 64.0 KiB page
[   11.119058] ACPI: Added _OSI(Module Device)
[   11.119712] ACPI: Added _OSI(Processor Device)
[   11.119846] ACPI: Added _OSI(Processor Aggregator Device)
[   11.822804] ACPI: 1 ACPI AML tables successfully acquired and loaded
[   12.100671] ACPI: Interpreter enabled
[   12.100910] ACPI: Using GIC for interrupt routing
[   12.105515] ACPI: MCFG table detected, 1 entries
[   13.675586] ACPI: CPU0 has been hot-added
[   13.695877] ACPI: CPU1 has been hot-added
[   14.189988] ARMH0011:00: ttyAMA0 at MMIO 0x9000000 (irq = 12, base_baud = 0) is a SBSA
[   14.236965] printk: legacy console [ttyAMA0] enabled
[   15.331813] ACPI: PCI: Interrupt link L000 configured for IRQ 35
[   15.335050] ACPI: PCI: Interrupt link L001 configured for IRQ 36
[   15.366338] ACPI: PCI: Interrupt link L002 configured for IRQ 37
[   15.368956] ACPI: PCI: Interrupt link L003 configured for IRQ 38
[   15.374611] ACPI: PCI Root Bridge [PCI0] (domain 0000 [bus 00-ff])
[   15.406686] acpi PNP0A08:00: _OSC: OS supports [ExtendedConfig ASPM ClockPM Segments MSI HPX-Type3]
[   15.569108] acpi PNP0A08:00: _OSC: platform does not support [LTR]
[   15.584822] acpi PNP0A08:00: _OSC: OS now controls [PCIeHotplug PME PCIeCapability]
[   15.671992] acpi PNP0A08:00: ECAM area [mem 0x4010000000-0x401fffffff] reserved by PNP0C02:00
[   15.684045] acpi PNP0A08:00: ECAM at [mem 0x4010000000-0x401fffffff] for [bus 00-ff]
[   15.753986] ACPI: Remapped I/O 0x000000003eff0000 to [io  0x0000-0xffff window]
[   15.865986] PCI host bridge to bus 0000:00
[   15.872475] pci_bus 0000:00: root bus resource [mem 0x10000000-0x3efeffff window]
[   15.874533] pci_bus 0000:00: root bus resource [io  0x0000-0xffff window]
[   15.881515] pci_bus 0000:00: root bus resource [mem 0x8000000000-0xffffffffff window]
[   15.886454] pci_bus 0000:00: root bus resource [bus 00-ff]
[   15.920187] pci 0000:00:00.0: [1b36:0008] type 00 class 0x060000 conventional PCI endpoint
[   16.035489] pci 0000:00:01.0: [1af4:1000] type 00 class 0x020000 conventional PCI endpoint
[   16.039192] pci 0000:00:01.0: BAR 0 [io  0x0080-0x009f]
[   16.204600] pci 0000:00:01.0: BAR 1 [mem 0x10041000-0x10041fff]
[   16.207100] pci 0000:00:01.0: BAR 4 [mem 0x8000000000-0x8000003fff 64bit pref]
[   16.216838] pci 0000:00:01.0: ROM [mem 0xfffc0000-0xffffffff pref]
[   16.230285] pci 0000:00:02.0: [1af4:1001] type 00 class 0x010000 conventional PCI endpoint
[   16.235612] pci 0000:00:02.0: BAR 0 [io  0x0000-0x007f]
[   16.241268] pci 0000:00:02.0: BAR 1 [mem 0x10040000-0x10040fff]
[   16.246554] pci 0000:00:02.0: BAR 4 [mem 0x8000004000-0x8000007fff 64bit pref]
[   16.318328] pci 0000:00:01.0: ROM [mem 0x10000000-0x1003ffff pref]: assigned
[   16.326128] pci 0000:00:01.0: BAR 4 [mem 0x8000000000-0x8000003fff 64bit pref]: assigned
[   16.332442] pci 0000:00:02.0: BAR 4 [mem 0x8000004000-0x8000007fff 64bit pref]: assigned
[   16.334814] pci 0000:00:01.0: BAR 1 [mem 0x10040000-0x10040fff]: assigned
[   16.336817] pci 0000:00:02.0: BAR 1 [mem 0x10041000-0x10041fff]: assigned
[   16.338631] pci 0000:00:02.0: BAR 0 [io  0x1000-0x107f]: assigned
[   16.403952] pci 0000:00:01.0: BAR 0 [io  0x1080-0x109f]: assigned
[   16.472316] pci_bus 0000:00: resource 4 [mem 0x10000000-0x3efeffff window]
[   16.474178] pci_bus 0000:00: resource 5 [io  0x0000-0xffff window]
[   16.475717] pci_bus 0000:00: resource 6 [mem 0x8000000000-0xffffffffff window]
[   16.692412] iommu: Default domain type: Translated
[   16.698792] iommu: DMA domain TLB invalidation policy: lazy mode
[   17.060872] efivars: Registered efivars operations
[   17.485493] clocksource: Switched to clocksource arch_sys_counter
[   17.741878] VFS: Disk quotas dquot_6.6.0
[   17.747062] VFS: Dquot-cache hash table entries: 512 (order 0, 4096 bytes)
[   17.924728] pnp: PnP ACPI init
[   17.998393] system 00:00: [mem 0x4010000000-0x401fffffff window] could not be reserved
[   18.006973] pnp: PnP ACPI: found 1 devices
[   19.295828] hrtimer: interrupt took 126894400 ns
[   19.469658] NET: Registered PF_INET protocol family
[   19.522218] IP idents hash table entries: 32768 (order: 6, 262144 bytes, linear)
[   20.975950] tcp_listen_portaddr_hash hash table entries: 1024 (order: 2, 16384 bytes, linear)
[   20.990093] Table-perturb hash table entries: 65536 (order: 6, 262144 bytes, linear)
[   20.996845] TCP established hash table entries: 16384 (order: 5, 131072 bytes, linear)
[   21.012095] TCP bind hash table entries: 16384 (order: 7, 524288 bytes, linear)
[   21.020876] TCP: Hash tables configured (established 16384 bind 16384)
[   21.042722] MPTCP token hash table entries: 2048 (order: 4, 49152 bytes, linear)
[   21.130838] UDP hash table entries: 1024 (order: 3, 32768 bytes, linear)
[   21.137815] UDP-Lite hash table entries: 1024 (order: 3, 32768 bytes, linear)
[   21.321429] NET: Registered PF_UNIX/PF_LOCAL protocol family
[   21.331294] NET: Registered PF_XDP protocol family
[   21.335968] PCI: CLS 0 bytes, default 64
[   21.387144] kvm [1]: HYP mode not available
[   21.431738] Unpacking initramfs...
[   21.632536] Initialise system trusted keyrings
[   21.777538] workingset: timestamp_bits=44 max_order=19 bucket_order=0
[   23.396049] Key type asymmetric registered
[   23.398236] Asymmetric key parser 'x509' registered
[   23.453748] Block layer SCSI generic (bsg) driver version 0.4 loaded (major 249)
[   23.472373] io scheduler mq-deadline registered
[   23.480001] io scheduler kyber registered
[   23.486203] io scheduler bfq registered
[   24.107709] ACPI: \_SB_.L001: Enabled at IRQ 36
[   24.117212] virtio-pci 0000:00:01.0: enabling device (0000 -> 0003)
[   24.247318] ACPI: \_SB_.L002: Enabled at IRQ 37
[   24.249675] virtio-pci 0000:00:02.0: enabling device (0000 -> 0003)
[   24.324952] Serial: 8250/16550 driver, 4 ports, IRQ sharing enabled
[   24.825663] hv_vmbus: registering driver hyperv_keyboard
[   24.952559] rtc-efi rtc-efi.0: registered as rtc0
[   24.980506] rtc-efi rtc-efi.0: setting system clock to 2026-08-22T06:54:57 UTC (1787381697)
[   25.070651] NET: Registered PF_INET6 protocol family
[   25.390153] Segment Routing with IPv6
[   25.398963] In-situ OAM (IOAM) with IPv6
[   26.118793] registered taskstats version 1
[   26.185622] Loading compiled-in X.509 certificates
[   31.625262] Freeing initrd memory: 5180K
[   38.322312] Loaded X.509 cert 'alpinelinux.org: Alpine Linux kernel key: 87fa969a47f3e2a6aa35859eb932a17c95abcd82'
[   39.084131] Demotion targets for Node 0: null
[   39.169384] Key type .fscrypt registered
[   39.170940] Key type fscrypt-provisioning registered
[   39.762506] clk: Disabling unused clocks
[   39.806856] PM: genpd: Disabling unused power domains
[   41.040232] Freeing unused kernel memory: 1920K
[   41.149522] Run /init as init process
[   46.058569] Alpine Init 3.11.1-r0
Alpine Init 3.11.1-r0
[   46.204618] Loading boot drivers...
 * Loading boot drivers: [   47.484869] Loading boot drivers: ok.
ok.
SIMBOOT: kernel=6.12.103-0-virt
[   48.880781] Invalid ELF header magic: != ELF
[   49.868482] virtio_blk virtio1: 2/0/0 default/read/poll queues
[   50.311554] virtio_blk virtio1: [vda] 1411072 512-byte logical blocks (722 MB/689 MiB)
[   51.636431] Invalid ELF header magic: != ELF
[   52.061153] Invalid ELF header magic: != ELF
[   52.481032] Invalid ELF header magic: != ELF
[   52.911170] Invalid ELF header magic: != ELF
[   54.614154] Invalid ELF header magic: != ELF
[   62.939375] EXT4-fs (vda): mounted filesystem 1799a7eb-09df-4b80-8c57-0424de58e445 r/w with ordered data mode. Quota mode: none.
SIMBOOT: root mounted rw, running real mfp.afx
STRACE_PID=406
[  125.900735] random: crng init done
=== STRACE HEAD ===
410   06:55:45.820631 execve("/usr/bin/mfp.afx", ["/usr/bin/mfp.afx"], 0xffffcc3a08e0 /* 6 vars */) = 0
410   06:55:46.597984 faccessat(AT_FDCWD, "/etc/ld.so.preload", R_OK) = -1 ENOENT (No such file or directory)
410   06:55:46.763834 openat(AT_FDCWD, "/etc/ld.so.cache", O_RDONLY|O_CLOEXEC) = -1 ENOENT (No such file or directory)
410   06:55:46.816942 openat(AT_FDCWD, "/lib64/libstdc++.so.6", O_RDONLY|O_CLOEXEC) = 3
410   06:55:46.900968 newfstatat(3, "", {st_mode=S_IFREG|0755, st_size=2395120, ...}, AT_EMPTY_PATH) = 0
410   06:55:47.081812 openat(AT_FDCWD, "/lib64/libcommon.so", O_RDONLY|O_CLOEXEC) = 3
410   06:55:47.115492 newfstatat(3, "", {st_mode=S_IFREG|0755, st_size=573936, ...}, AT_EMPTY_PATH) = 0
410   06:55:47.181526 openat(AT_FDCWD, "/lib64/libevent_mgr.so", O_RDONLY|O_CLOEXEC) = 3
410   06:55:47.274228 newfstatat(3, "", {st_mode=S_IFREG|0755, st_size=18408, ...}, AT_EMPTY_PATH) = 0
410   06:55:47.319838 openat(AT_FDCWD, "/lib64/libosal.so", O_RDONLY|O_CLOEXEC) = 3
410   06:55:47.414991 newfstatat(3, "", {st_mode=S_IFREG|0755, st_size=184272, ...}, AT_EMPTY_PATH) = 0
410   06:55:47.562807 openat(AT_FDCWD, "/lib64/libhal.so", O_RDONLY|O_CLOEXEC) = 3
410   06:55:47.590264 newfstatat(3, "", {st_mode=S_IFREG|0755, st_size=875560, ...}, AT_EMPTY_PATH) = 0
410   06:55:47.751718 openat(AT_FDCWD, "/lib64/libsqlite3mc.so.0", O_RDONLY|O_CLOEXEC) = 3
410   06:55:47.779381 newfstatat(3, "", {st_mode=S_IFREG|0755, st_size=1786560, ...}, AT_EMPTY_PATH) = 0
410   06:55:48.033014 openat(AT_FDCWD, "/lib64/libssl.so.3", O_RDONLY|O_CLOEXEC) = 3
410   06:55:48.052940 newfstatat(3, "", {st_mode=S_IFREG|0755, st_size=943400, ...}, AT_EMPTY_PATH) = 0
410   06:55:48.161378 openat(AT_FDCWD, "/lib64/libcrypto.so.3", O_RDONLY|O_CLOEXEC) = 3
410   06:55:48.185200 newfstatat(3, "", {st_mode=S_IFREG|0755, st_size=4984328, ...}, AT_EMPTY_PATH) = 0
410   06:55:48.334710 openat(AT_FDCWD, "/lib64/libcjson.so.1", O_RDONLY|O_CLOEXEC) = 3
410   06:55:48.416254 newfstatat(3, "", {st_mode=S_IFREG|0755, st_size=34840, ...}, AT_EMPTY_PATH) = 0
410   06:55:48.458556 openat(AT_FDCWD, "/lib64/libparser_ips.so", O_RDONLY|O_CLOEXEC) = 3
410   06:55:48.547632 newfstatat(3, "", {st_mode=S_IFREG|0755, st_size=743712, ...}, AT_EMPTY_PATH) = 0
410   06:55:48.618471 openat(AT_FDCWD, "/lib64/libm.so.6", O_RDONLY|O_CLOEXEC) = 3
410   06:55:48.770325 newfstatat(3, "", {st_mode=S_IFREG|0755, st_size=542504, ...}, AT_EMPTY_PATH) = 0
410   06:55:48.867253 openat(AT_FDCWD, "/lib64/libz.so.1", O_RDONLY|O_CLOEXEC) = 3
410   06:55:48.909037 newfstatat(3, "", {st_mode=S_IFREG|0755, st_size=84208, ...}, AT_EMPTY_PATH) = 0
410   06:55:49.112504 openat(AT_FDCWD, "/lib64/libusb-1.0.so.0", O_RDONLY|O_CLOEXEC) = 3
410   06:55:49.147521 newfstatat(3, "", {st_mode=S_IFREG|0755, st_size=121720, ...}, AT_EMPTY_PATH) = 0
410   06:55:49.227712 openat(AT_FDCWD, "/lib64/libcurl.so.4", O_RDONLY|O_CLOEXEC) = 3
410   06:55:49.251455 newfstatat(3, "", {st_mode=S_IFREG|0755, st_size=611864, ...}, AT_EMPTY_PATH) = 0
410   06:55:49.483864 openat(AT_FDCWD, "/lib64/libnvram.so", O_RDONLY|O_CLOEXEC) = 3
410   06:55:49.695509 newfstatat(3, "", {st_mode=S_IFREG|0755, st_size=125776, ...}, AT_EMPTY_PATH) = 0
410   06:55:49.803597 openat(AT_FDCWD, "/lib64/libipm.so", O_RDONLY|O_CLOEXEC) = 3
410   06:55:49.829768 newfstatat(3, "", {st_mode=S_IFREG|0755, st_size=16141008, ...}, AT_EMPTY_PATH) = 0
410   06:55:49.981817 openat(AT_FDCWD, "/lib64/libptencryption.so", O_RDONLY|O_CLOEXEC) = 3
410   06:55:50.010922 newfstatat(3, "", {st_mode=S_IFREG|0755, st_size=64056, ...}, AT_EMPTY_PATH) = 0
410   06:55:50.110406 openat(AT_FDCWD, "/lib64/libplog.so", O_RDONLY|O_CLOEXEC) = 3
410   06:55:50.164191 newfstatat(3, "", {st_mode=S_IFREG|0755, st_size=150064, ...}, AT_EMPTY_PATH) = 0
410   06:55:50.268397 openat(AT_FDCWD, "/lib64/libc.so.6", O_RDONLY|O_CLOEXEC) = 3
410   06:55:50.336778 newfstatat(3, "", {st_mode=S_IFREG|0755, st_size=1605640, ...}, AT_EMPTY_PATH) = 0
410   06:55:50.381618 openat(AT_FDCWD, "/lib64/libgcc_s.so.1", O_RDONLY|O_CLOEXEC) = 3
410   06:55:50.501426 newfstatat(3, "", {st_mode=S_IFREG|0755, st_size=100552, ...}, AT_EMPTY_PATH) = 0
410   06:55:50.576942 openat(AT_FDCWD, "/lib64/libofd.so", O_RDONLY|O_CLOEXEC) = 3
410   06:55:50.822789 newfstatat(3, "", {st_mode=S_IFREG|0755, st_size=39224, ...}, AT_EMPTY_PATH) = 0
410   06:55:50.997645 openat(AT_FDCWD, "/lib64/libudev.so.1", O_RDONLY|O_CLOEXEC) = 3
410   06:55:51.033478 newfstatat(3, "", {st_mode=S_IFREG|0755, st_size=167256, ...}, AT_EMPTY_PATH) = 0
410   06:55:51.115605 openat(AT_FDCWD, "/lib64/libatomic.so.1", O_RDONLY|O_CLOEXEC) = 3
410   06:55:51.133712 newfstatat(3, "", {st_mode=S_IFREG|0755, st_size=38816, ...}, AT_EMPTY_PATH) = 0
410   06:55:51.335475 openat(AT_FDCWD, "/lib64/libopencv_core.so.409", O_RDONLY|O_CLOEXEC) = 3
410   06:55:51.485901 newfstatat(3, "", {st_mode=S_IFREG|0755, st_size=2460296, ...}, AT_EMPTY_PATH) = 0
410   06:55:51.678108 openat(AT_FDCWD, "/lib64/libopencv_imgproc.so.409", O_RDONLY|O_CLOEXEC) = 3
410   06:55:51.783106 newfstatat(3, "", {st_mode=S_IFREG|0755, st_size=2629408, ...}, AT_EMPTY_PATH) = 0
410   06:55:51.900707 openat(AT_FDCWD, "/lib64/libopencv_imgcodecs.so.409", O_RDONLY|O_CLOEXEC) = 3
410   06:55:51.939876 newfstatat(3, "", {st_mode=S_IFREG|0755, st_size=298760, ...}, AT_EMPTY_PATH) = 0
410   06:55:52.130191 openat(AT_FDCWD, "/lib64/libimageproc.so", O_RDONLY|O_CLOEXEC) = 3
410   06:55:52.197299 newfstatat(3, "", {st_mode=S_IFREG|0755, st_size=19303704, ...}, AT_EMPTY_PATH) = 0
410   06:55:52.290566 openat(AT_FDCWD, "/lib64/libgstreamer-1.0.so.0", O_RDONLY|O_CLOEXEC) = 3
410   06:55:52.346283 newfstatat(3, "", {st_mode=S_IFREG|0755, st_size=1190504, ...}, AT_EMPTY_PATH) = 0
410   06:55:52.530302 openat(AT_FDCWD, "/lib64/libturbojpeg.so.0", O_RDONLY|O_CLOEXEC) = 3
410   06:55:52.562897 newfstatat(3, "", {st_mode=S_IFREG|0755, st_size=391840, ...}, AT_EMPTY_PATH) = 0
410   06:55:52.768157 openat(AT_FDCWD, "/lib64/libglib-2.0.so.0", O_RDONLY|O_CLOEXEC) = 3
410   06:55:52.845772 newfstatat(3, "", {st_mode=S_IFREG|0755, st_size=1348880, ...}, AT_EMPTY_PATH) = 0
410   06:55:52.898834 openat(AT_FDCWD, "/lib64/libdrm.so.2", O_RDONLY|O_CLOEXEC) = 3
410   06:55:53.008173 newfstatat(3, "", {st_mode=S_IFREG|0755, st_size=92792, ...}, AT_EMPTY_PATH) = 0
410   06:55:53.161526 openat(AT_FDCWD, "/lib64/libmali.so.1", O_RDONLY|O_CLOEXEC) = 3
410   06:55:53.194250 newfstatat(3, "", {st_mode=S_IFREG|0755, st_size=57625664, ...}, AT_EMPTY_PATH) = 0
410   06:55:53.398766 openat(AT_FDCWD, "/lib64/libgomp.so.1", O_RDONLY|O_CLOEXEC) = 3
410   06:55:53.450953 newfstatat(3, "", {st_mode=S_IFREG|0755, st_size=298472, ...}, AT_EMPTY_PATH) = 0
410   06:55:53.642648 openat(AT_FDCWD, "/lib64/libjpeg.so.8", O_RDONLY|O_CLOEXEC) = 3
410   06:55:53.677565 newfstatat(3, "", {st_mode=S_IFREG|0755, st_size=322200, ...}, AT_EMPTY_PATH) = 0
410   06:55:53.891937 openat(AT_FDCWD, "/lib64/libpng16.so.16", O_RDONLY|O_CLOEXEC) = 3
410   06:55:53.915875 newfstatat(3, "", {st_mode=S_IFREG|0755, st_size=211864, ...}, AT_EMPTY_PATH) = 0
410   06:55:53.998572 openat(AT_FDCWD, "/lib64/libtiff.so.6", O_RDONLY|O_CLOEXEC) = 3
410   06:55:54.109589 newfstatat(3, "", {st_mode=S_IFREG|0755, st_size=523512, ...}, AT_EMPTY_PATH) = 0
410   06:55:54.162860 openat(AT_FDCWD, "/lib64/libopencv_features2d.so.409", O_RDONLY|O_CLOEXEC) = 3
410   06:55:54.346993 newfstatat(3, "", {st_mode=S_IFREG|0755, st_size=610656, ...}, AT_EMPTY_PATH) = 0
410   06:55:54.520242 openat(AT_FDCWD, "/lib64/libopencv_flann.so.409", O_RDONLY|O_CLOEXEC) = 3
410   06:55:54.551170 newfstatat(3, "", {st_mode=S_IFREG|0755, st_size=429400, ...}, AT_EMPTY_PATH) = 0
410   06:55:54.901547 openat(AT_FDCWD, "/lib64/libopencv_ml.so.409", O_RDONLY|O_CLOEXEC) = 3
=== STRACE GREP KEY ===
410   06:55:46.597984 faccessat(AT_FDCWD, "/etc/ld.so.preload", R_OK) = -1 ENOENT (No such file or directory)
410   06:55:46.763834 openat(AT_FDCWD, "/etc/ld.so.cache", O_RDONLY|O_CLOEXEC) = -1 ENOENT (No such file or directory)
410   06:56:04.835781 openat(AT_FDCWD, "/sys/devices/system/cpu/possible", O_RDONLY|O_CLOEXEC) = 3
410   06:56:05.468782 openat(AT_FDCWD, "/proc/self/auxv", O_RDONLY) = 3
410   06:56:14.741382 faccessat(AT_FDCWD, "/configs/plog/plog_json_config.json", F_OK) = -1 ENOENT (No such file or directory)
410   06:56:15.241377 faccessat(AT_FDCWD, "/tmp/.plog/", F_OK) = -1 ENOENT (No such file or directory)
410   06:56:15.434563 faccessat(AT_FDCWD, "/tmp/.plog/mfp_2rk3588_master_local_0.log", F_OK) = -1 ENOENT (No such file or directory)
410   06:56:15.740181 openat(AT_FDCWD, "/proc/self/task/411/comm", O_RDWR) = 7
411   06:56:16.275908 <... connect resumed>) = -1 ENOENT (No such file or directory)
410   06:56:16.856689 faccessat(AT_FDCWD, "/tslog/pol_log", F_OK) = -1 ENOENT (No such file or directory)
411   06:56:17.126261 connect(7, {sa_family=AF_UNIX, sun_path="/tmp/.logserver"}, 110) = -1 ENOENT (No such file or directory)
412   06:56:18.014195 faccessat(AT_FDCWD, "/dev/netlog_dev", F_OK <unfinished ...>
412   06:56:18.029448 <... faccessat resumed>) = -1 ENOENT (No such file or directory)
411   06:56:18.053056 <... connect resumed>) = -1 ENOENT (No such file or directory)
412   06:56:18.069166 faccessat(AT_FDCWD, "/dev/netlog_dev", F_OK) = -1 ENOENT (No such file or directory)
412   06:56:18.166129 faccessat(AT_FDCWD, "/dev/netlog_dev", F_OK) = -1 ENOENT (No such file or directory)
412   06:56:18.256445 faccessat(AT_FDCWD, "/dev/netlog_dev", F_OK <unfinished ...>
412   06:56:18.317357 <... faccessat resumed>) = -1 ENOENT (No such file or directory)
412   06:56:18.345382 faccessat(AT_FDCWD, "/dev/netlog_dev", F_OK) = -1 ENOENT (No such file or directory)
412   06:56:18.425741 faccessat(AT_FDCWD, "/dev/netlog_dev", F_OK <unfinished ...>
412   06:56:18.462597 <... faccessat resumed>) = -1 ENOENT (No such file or directory)
412   06:56:18.581273 faccessat(AT_FDCWD, "/dev/netlog_dev", F_OK) = -1 ENOENT (No such file or directory)
412   06:56:18.878420 faccessat(AT_FDCWD, "/dev/netlog_dev", F_OK) = -1 ENOENT (No such file or directory)
411   06:56:19.141570 <... connect resumed>) = -1 ENOENT (No such file or directory)
413   06:56:19.153263 <... faccessat resumed>) = -1 ENOENT (No such file or directory)
412   06:56:19.178709 faccessat(AT_FDCWD, "/dev/netlog_dev", F_OK) = -1 ENOENT (No such file or directory)
413   06:56:19.247768 <... faccessat resumed>) = -1 ENOENT (No such file or directory)
413   06:56:19.408209 faccessat(AT_FDCWD, "/tmp/.pntp_service", F_OK) = -1 ENOENT (No such file or directory)
412   06:56:19.474552 faccessat(AT_FDCWD, "/dev/netlog_dev", F_OK <unfinished ...>
413   06:56:19.481891 faccessat(AT_FDCWD, "/tmp/.pntp_service", F_OK) = -1 ENOENT (No such file or directory)
412   06:56:19.491912 <... faccessat resumed>) = -1 ENOENT (No such file or directory)
410   06:56:19.568298 faccessat(AT_FDCWD, "/tmp/.ibc", F_OK) = -1 ENOENT (No such file or directory)
413   06:56:19.589197 faccessat(AT_FDCWD, "/tmp/.pntp_service", F_OK) = -1 ENOENT (No such file or directory)
412   06:56:19.844708 faccessat(AT_FDCWD, "/dev/netlog_dev", F_OK <unfinished ...>
410   06:56:19.849967 faccessat(AT_FDCWD, "/sys/kernel/config/pci_ep/", F_OK <unfinished ...>
410   06:56:19.974246 <... faccessat resumed>) = -1 ENOENT (No such file or directory)
413   06:56:19.977189 <... faccessat resumed>) = -1 ENOENT (No such file or directory)
412   06:56:19.979998 <... faccessat resumed>) = -1 ENOENT (No such file or directory)
413   06:56:19.995236 faccessat(AT_FDCWD, "/tmp/.pntp_service", F_OK) = -1 ENOENT (No such file or directory)
410   06:56:20.095223 openat(AT_FDCWD, "/dev/pantumpci-main", O_RDWR|O_NONBLOCK|O_CLOEXEC <unfinished ...>
410   06:56:20.141031 <... openat resumed>) = -1 ENOENT (No such file or directory)
411   06:56:20.145680 <... connect resumed>) = -1 ENOENT (No such file or directory)
413   06:56:20.166651 <... faccessat resumed>) = -1 ENOENT (No such file or directory)
412   06:56:20.402538 faccessat(AT_FDCWD, "/dev/netlog_dev", F_OK <unfinished ...>
413   06:56:20.412134 <... faccessat resumed>) = -1 ENOENT (No such file or directory)
412   06:56:20.415704 <... faccessat resumed>) = -1 ENOENT (No such file or directory)
413   06:56:20.499100 <... faccessat resumed>) = -1 ENOENT (No such file or directory)
412   06:56:20.546709 faccessat(AT_FDCWD, "/dev/netlog_dev", F_OK <unfinished ...>
412   06:56:20.564798 <... faccessat resumed>) = -1 ENOENT (No such file or directory)
413   06:56:20.566940 <... faccessat resumed>) = -1 ENOENT (No such file or directory)
413   06:56:20.647786 faccessat(AT_FDCWD, "/tmp/.pntp_service", F_OK) = -1 ENOENT (No such file or directory)
412   06:56:20.695453 faccessat(AT_FDCWD, "/dev/netlog_dev", F_OK <unfinished ...>
413   06:56:20.701677 <... faccessat resumed>) = -1 ENOENT (No such file or directory)
412   06:56:20.768002 <... faccessat resumed>) = -1 ENOENT (No such file or directory)
413   06:56:20.875503 <... faccessat resumed>) = -1 ENOENT (No such file or directory)
411   06:56:20.880171 <... connect resumed>) = -1 ENOENT (No such file or directory)
413   06:56:20.912672 <... faccessat resumed>) = -1 ENOENT (No such file or directory)
412   06:56:20.927347 faccessat(AT_FDCWD, "/dev/netlog_dev", F_OK) = -1 ENOENT (No such file or directory)
413   06:56:20.941570 faccessat(AT_FDCWD, "/tmp/.pntp_service", F_OK) = -1 ENOENT (No such file or directory)
412   06:56:21.050007 faccessat(AT_FDCWD, "/dev/netlog_dev", F_OK <unfinished ...>
412   06:56:21.064653 <... faccessat resumed>) = -1 ENOENT (No such file or directory)
413   06:56:21.084605 <... faccessat resumed>) = -1 ENOENT (No such file or directory)
413   06:56:21.170461 <... faccessat resumed>) = -1 ENOENT (No such file or directory)
412   06:56:21.186398 faccessat(AT_FDCWD, "/dev/netlog_dev", F_OK) = -1 ENOENT (No such file or directory)
412   06:56:21.282620 faccessat(AT_FDCWD, "/dev/netlog_dev", F_OK) = -1 ENOENT (No such file or directory)
411   06:56:21.348269 <... connect resumed>) = -1 ENOENT (No such file or directory)
413   06:56:21.350586 <... faccessat resumed>) = -1 ENOENT (No such file or directory)
413   06:56:21.418303 <... faccessat resumed>) = -1 ENOENT (No such file or directory)
412   06:56:21.442846 faccessat(AT_FDCWD, "/dev/netlog_dev", F_OK) = -1 ENOENT (No such file or directory)
410   06:56:21.610894 openat(AT_FDCWD, "/dev/pantumpci-main", O_RDWR|O_NONBLOCK|O_CLOEXEC <unfinished ...>
413   06:56:21.618821 <... faccessat resumed>) = -1 ENOENT (No such file or directory)
410   06:56:21.627550 <... openat resumed>) = -1 ENOENT (No such file or directory)
413   06:56:21.647298 faccessat(AT_FDCWD, "/tmp/.pntp_service", F_OK) = -1 ENOENT (No such file or directory)
412   06:56:21.766496 faccessat(AT_FDCWD, "/dev/netlog_dev", F_OK <unfinished ...>
412   06:56:21.783358 <... faccessat resumed>) = -1 ENOENT (No such file or directory)
413   06:56:21.873996 <... faccessat resumed>) = -1 ENOENT (No such file or directory)
411   06:56:21.882670 <... connect resumed>) = -1 ENOENT (No such file or directory)
412   06:56:21.896876 faccessat(AT_FDCWD, "/dev/netlog_dev", F_OK <unfinished ...>
413   06:56:21.908173 <... faccessat resumed>) = -1 ENOENT (No such file or directory)
412   06:56:21.912378 <... faccessat resumed>) = -1 ENOENT (No such file or directory)
=== STRACE TAIL ===
411   06:58:38.529649 socket(AF_UNIX, SOCK_STREAM, 0) = 17
411   06:58:38.777170 connect(17, {sa_family=AF_UNIX, sun_path="/tmp/.logserver"}, 110 <unfinished ...>
410   06:58:38.819202 newfstatat(AT_FDCWD, "/nvram/nv.db-journal", 0xffffcf4036f8, 0) = -1 ENOENT (No such file or directory)
413   06:58:38.932711 faccessat(AT_FDCWD, "/tmp/.pntp_service", F_OK <unfinished ...>
411   06:58:39.006176 <... connect resumed>) = -1 ENOENT (No such file or directory)
413   06:58:39.011796 <... faccessat resumed>) = -1 ENOENT (No such file or directory)
414   06:58:39.022838 openat(AT_FDCWD, "/dev/pantumpci-main", O_RDWR|O_NONBLOCK|O_CLOEXEC <unfinished ...>
410   06:58:39.030907 newfstatat(AT_FDCWD, "/nvram/nv.db-wal",  <unfinished ...>
414   06:58:39.039405 <... openat resumed>) = -1 ENOENT (No such file or directory)
410   06:58:39.041890 <... newfstatat resumed>0xffffcf4036f8, 0) = -1 ENOENT (No such file or directory)
410   06:58:39.076333 newfstatat(16, "",  <unfinished ...>
413   06:58:39.080681 faccessat(AT_FDCWD, "/tmp/.pntp_service", F_OK <unfinished ...>
410   06:58:39.083656 <... newfstatat resumed>{st_mode=S_IFREG|0644, st_size=20480, ...}, AT_EMPTY_PATH) = 0
413   06:58:39.096988 <... faccessat resumed>) = -1 ENOENT (No such file or directory)
417   06:58:39.460792 openat(AT_FDCWD, "/dev/pantumpci-main-video", O_RDWR|O_NONBLOCK|O_CLOEXEC <unfinished ...>
411   06:58:39.479405 socket(AF_UNIX, SOCK_STREAM, 0) = 17
411   06:58:39.665720 connect(17, {sa_family=AF_UNIX, sun_path="/tmp/.logserver"}, 110 <unfinished ...>
417   06:58:39.828740 <... openat resumed>) = -1 ENOENT (No such file or directory)
413   06:58:39.848128 faccessat(AT_FDCWD, "/tmp/.pntp_service", F_OK <unfinished ...>
411   06:58:39.852636 <... connect resumed>) = -1 ENOENT (No such file or directory)
413   06:58:39.863203 <... faccessat resumed>) = -1 ENOENT (No such file or directory)
413   06:58:40.082245 faccessat(AT_FDCWD, "/tmp/.pntp_service", F_OK <unfinished ...>
410   06:58:40.155518 newfstatat(AT_FDCWD, "/nvram/nv.db-journal",  <unfinished ...>
413   06:58:40.161429 <... faccessat resumed>) = -1 ENOENT (No such file or directory)
410   06:58:40.166670 <... newfstatat resumed>0xffffcf4036f8, 0) = -1 ENOENT (No such file or directory)
414   06:58:40.169493 openat(AT_FDCWD, "/dev/pantumpci-main", O_RDWR|O_NONBLOCK|O_CLOEXEC) = -1 ENOENT (No such file or directory)
410   06:58:40.228712 newfstatat(AT_FDCWD, "/nvram/nv.db-wal", 0xffffcf4036f8, 0) = -1 ENOENT (No such file or directory)
413   06:58:40.262261 faccessat(AT_FDCWD, "/tmp/.pntp_service", F_OK <unfinished ...>
410   06:58:40.312664 newfstatat(16, "",  <unfinished ...>
413   06:58:40.320233 <... faccessat resumed>) = -1 ENOENT (No such file or directory)
410   06:58:40.326007 <... newfstatat resumed>{st_mode=S_IFREG|0644, st_size=20480, ...}, AT_EMPTY_PATH) = 0
411   06:58:40.496090 socket(AF_UNIX, SOCK_STREAM, 0) = 17
410   06:58:40.538343 newfstatat(AT_FDCWD, "/nvram/nv.db",  <unfinished ...>
413   06:58:40.543097 faccessat(AT_FDCWD, "/tmp/.pntp_service", F_OK <unfinished ...>
411   06:58:40.592218 connect(17, {sa_family=AF_UNIX, sun_path="/tmp/.logserver"}, 110 <unfinished ...>
410   06:58:40.607854 <... newfstatat resumed>{st_mode=S_IFREG|0644, st_size=20480, ...}, 0) = 0
410   06:58:40.623217 newfstatat(AT_FDCWD, "/nvram/nv.db", {st_mode=S_IFREG|0644, st_size=20480, ...}, 0) = 0
413   06:58:40.656059 <... faccessat resumed>) = -1 ENOENT (No such file or directory)
410   06:58:40.659582 openat(AT_FDCWD, "/nvram/nv.db-journal", O_RDWR|O_CREAT|O_NOFOLLOW|O_CLOEXEC, 0644 <unfinished ...>
411   06:58:40.665007 <... connect resumed>) = -1 ENOENT (No such file or directory)
410   06:58:40.691871 <... openat resumed>) = 18
410   06:58:40.697371 newfstatat(18, "", {st_mode=S_IFREG|0644, st_size=0, ...}, AT_EMPTY_PATH) = 0
413   06:58:40.782345 faccessat(AT_FDCWD, "/tmp/.pntp_service", F_OK) = -1 ENOENT (No such file or directory)
413   06:58:40.830475 faccessat(AT_FDCWD, "/tmp/.pntp_service", F_OK) = -1 ENOENT (No such file or directory)
413   06:58:40.900097 faccessat(AT_FDCWD, "/tmp/.pntp_service", F_OK) = -1 ENOENT (No such file or directory)
413   06:58:40.948341 faccessat(AT_FDCWD, "/tmp/.pntp_service", F_OK) = -1 ENOENT (No such file or directory)
417   06:58:40.972172 openat(AT_FDCWD, "/dev/pantumpci-main-video", O_RDWR|O_NONBLOCK|O_CLOEXEC <unfinished ...>
413   06:58:40.989936 faccessat(AT_FDCWD, "/tmp/.pntp_service", F_OK) = -1 ENOENT (No such file or directory)
417   06:58:41.020780 <... openat resumed>) = -1 ENOENT (No such file or directory)
413   06:58:41.060652 faccessat(AT_FDCWD, "/tmp/.pntp_service", F_OK=== STRACE LINES ===
3268 /strace.log
=== PLOG ===
[2026-08-22 06:58:04.801 ] pcie_init:110 ULOG WARN open /dev/pantumpci-main-video failed , No such file or directory
[2026-08-22 06:58:05.948 ] pcie_init:110 ULOG WARN open /dev/pantumpci-main-video failed , No such file or directory
[2026-08-22 06:58:05.957 ] pcie_init:110 ULOG WARN open /dev/pantumpci-main failed , No such file or directory
[2026-08-22 06:58:07.244 ] pcie_init:110 ULOG WARN open /dev/pantumpci-main failed , No such file or directory
[2026-08-22 06:58:07.466 ] pcie_init:110 ULOG WARN open /dev/pantumpci-main-video failed , No such file or directory
[2026-08-22 06:58:08.450 ] pcie_init:110 ULOG WARN open /dev/pantumpci-main failed , No such file or directory
[2026-08-22 06:58:08.536 ] pcie_init:110 ULOG WARN open /dev/pantumpci-main-video failed , No such file or directory
[2026-08-22 06:58:09.699 ] pcie_init:110 ULOG WARN open /dev/pantumpci-main-video failed , No such file or directory
[2026-08-22 06:58:09.860 ] pcie_init:110 ULOG WARN open /dev/pantumpci-main failed , No such file or directory
[2026-08-22 06:58:10.897 ] pcie_init:110 ULOG WARN open /dev/pantumpci-main-video failed , No such file or directory
[2026-08-22 06:58:11.083 ] pcie_init:110 ULOG WARN open /dev/pantumpci-main failed , No such file or directory
[2026-08-22 06:58:12.029 ] pcie_init:110 ULOG WARN open /dev/pantumpci-main-video failed , No such file or directory
[2026-08-22 06:58:12.960 ] pcie_init:110 ULOG WARN open /dev/pantumpci-main failed , No such file or directory
[2026-08-22 06:58:13.509 ] pcie_init:110 ULOG WARN open /dev/pantumpci-main-video failed , No such file or directory
[2026-08-22 06:58:14.308 ] pcie_init:110 ULOG WARN open /dev/pantumpci-main failed , No such file or directory
[2026-08-22 06:58:14.840 ] pcie_init:110 ULOG WARN open /dev/pantumpci-main-video failed , No such file or directory
[2026-08-22 06:58:15.544 ] pcie_init:110 ULOG WARN open /dev/pantumpci-main failed , No such file or directory
[2026-08-22 06:58:15.925 ] pcie_init:110 ULOG WARN open /dev/pantumpci-main-video failed , No such file or directory
[2026-08-22 06:58:16.757 ] pcie_init:110 ULOG WARN open /dev/pantumpci-main failed , No such file or directory
[2026-08-22 06:58:17.441 ] pcie_init:110 ULOG WARN open /dev/pantumpci-main-video failed , No such file or directory
[2026-08-22 06:58:17.843 ] pcie_init:110 ULOG WARN open /dev/pantumpci-main failed , No such file or directory
[2026-08-22 06:58:18.727 ] pcie_init:110 ULOG WARN open /dev/pantumpci-main-video failed , No such file or directory
[2026-08-22 06:58:19.031 ] pcie_init:110 ULOG WARN open /dev/pantumpci-main failed , No such file or directory
[2026-08-22 06:58:19.893 ] pcie_init:110 ULOG WARN open /dev/pantumpci-main-video failed , No such file or directory
[2026-08-22 06:58:20.095 ] pcie_init:110 ULOG WARN open /dev/pantumpci-main failed , No such file or directory
[2026-08-22 06:58:21.026 ] pcie_init:110 ULOG WARN open /dev/pantumpci-main-video failed , No such file or directory
[2026-08-22 06:58:21.342 ] pcie_init:110 ULOG WARN open /dev/pantumpci-main failed , No such file or directory
[2026-08-22 06:58:22.147 ] pcie_init:110 ULOG WARN open /dev/pantumpci-main-video failed , No such file or directory
[2026-08-22 06:58:22.448 ] pcie_init:110 ULOG WARN open /dev/pantumpci-main failed , No such file or directory
[2026-08-22 06:58:23.502 ] pcie_init:110 ULOG WARN open /dev/pantumpci-main-video failed , No such file or directory
[2026-08-22 06:58:23.513 ] pcie_init:110 ULOG WARN open /dev/pantumpci-main failed , No such file or directory
[2026-08-22 06:58:24.800 ] pcie_init:110 ULOG WARN open /dev/pantumpci-main-video failed , No such file or directory
[2026-08-22 06:58:24.880 ] pcie_init:110 ULOG WARN open /dev/pantumpci-main failed , No such file or directory
[2026-08-22 06:58:25.924 ] pcie_init:110 ULOG WARN open /dev/pantumpci-main-video failed , No such file or directory
[2026-08-22 06:58:25.981 ] pcie_init:110 ULOG WARN open /dev/pantumpci-main failed , No such file or directory
[2026-08-22 06:58:27.207 ] pcie_init:110 ULOG WARN open /dev/pantumpci-main-video failed , No such file or directory
[2026-08-22 06:58:27.216 ] pcie_init:110 ULOG WARN open /dev/pantumpci-main failed , No such file or directory
[2026-08-22 06:58:28.550 ] pcie_init:110 ULOG WARN open /dev/pantumpci-main-video failed , No such file or directory
[2026-08-22 06:58:28.556 ] pcie_init:110 ULOG WARN open /dev/pantumpci-main failed , No such file or directory
[2026-08-22 06:58:29.886 ] pcie_init:110 ULOG WARN open /dev/pantumpci-main-video failed , No such file or directory
[2026-08-22 06:58:29.888 ] pcie_init:110 ULOG WARN open /dev/pantumpci-main failed , No such file or directory
[2026-08-22 06:58:31.056 ] pcie_init:110 ULOG WARN open /dev/pantumpci-main-video failed , No such file or directory
[2026-08-22 06:58:31.175 ] pcie_init:110 ULOG WARN open /dev/pantumpci-main failed , No such file or directory
[2026-08-22 06:58:32.279 ] pcie_init:110 ULOG WARN open /dev/pantumpci-main-video failed , No such file or directory
[2026-08-22 06:58:32.632 ] pcie_init:110 ULOG WARN open /dev/pantumpci-main failed , No such file or directory
[2026-08-22 06:58:33.433 ] pcie_init:110 ULOG WARN open /dev/pantumpci-main-video failed , No such file or directory
[2026-08-22 06:58:33.712 ] pcie_init:110 ULOG WARN open /dev/pantumpci-main failed , No such file or directory
[2026-08-22 06:58:34.953 ] pcie_init:110 ULOG WARN open /dev/pantumpci-main-video failed , No such file or directory
[2026-08-22 06:58:34.957 ] pcie_init:110 ULOG WARN open /dev/pantumpci-main failed , No such file or directory
[2026-08-22 06:58:36.209 ] pcie_init:110 ULOG WARN open /dev/pantumpci-main-video failed , No such file or directory
[2026-08-22 06:58:36.429 ] pcie_init:110 ULOG WARN open /dev/pantumpci-main failed , No such file or directory
[2026-08-22 06:58:37.948 ] pcie_init:110 ULOG WARN open /dev/pantumpci-main failed , No such file or directory
[2026-08-22 06:58:38.099 ] pcie_init:110 ULOG WARN open /dev/pantumpci-main-video failed , No such file or directory
[2026-08-22 06:58:39.072 ] pcie_init:110 ULOG WARN open /dev/pantumpci-main failed , No such file or directory
[2026-08-22 06:58:39.864 ] pcie_init:110 ULOG WARN open /dev/pantumpci-main-video failed , No such file or directory
[2026-08-22 06:58:40.178 ] pcie_init:110 ULOG WARN open /dev/pantumpci-main failed , No such file or directory
[2026-08-22 06:58:41.026 ] pcie_init:110 ULOG WARN open /dev/pantumpci-main-video failed , No such file or directory
[2026-08-22 06:58:41.378 ] pcie_init:110 ULOG WARN open /dev/pantumpci-main failed , No such file or directory
[2026-08-22 06:58:42.098 ] pcie_init:110 ULOG WARN open /dev/pantumpci-main-video failed , No such file or directory
[2026-08-22 06:58:42.583 ] pcie_init:110 ULOG WARN open /dev/pantumpci-main failed , No such file or directory
done
SIMBOOT: mfp run finished, keeping shell
/bin/sh: can't access tty; job control turned off
~ # [6n