UEFI firmware (version edk2-stable202408-prebuilt.qemu.org built at 16:28:50 on Sep 12 2024)
ArmTrngLib could not be correctly initialized.
Error: Image at 000BFDB6000 start failed: 00000001
Error: Image at 000BFD6D000 start failed: Not Found
Error: Image at 000BFCBA000 start failed: Unsupported
Error: Image at 000BFB5E000 start failed: Aborted
Tpm2SubmitCommand - Tcg2 - Not Found
Tpm2GetCapabilityPcrs fail!
Tpm2SubmitCommand - Tcg2 - Not Found
Image type X64 can't be loaded on AARCH64 UEFI system.
[2J[01;01H[=3h[2J[01;01H[2J[01;01H[=3h[2J[01;01HEFI stub: Decompressing Linux Kernel...
EFI stub: Loaded initrd from LINUX_EFI_INITRD_MEDIA_GUID device path
EFI stub: Generating empty DTB
EFI stub: Exiting boot services...
[    0.000000] Booting Linux on physical CPU 0x0000000000 [0x414fd0b1]
[    0.000000] Linux version 6.12.103-0-virt (buildozer@build-3-21-aarch64) (gcc (Alpine 14.2.0) 14.2.0, GNU ld (GNU Binutils) 2.43.1) #1-Alpine SMP PREEMPT_DYNAMIC 2026-08-10 14:25:03
[    0.000000] efi: EFI v2.7 by EDK II
[    0.000000] efi: SMBIOS 3.0=0xbfed0000 MEMATTR=0xbe176018 ACPI 2.0=0xbcb43018 INITRD=0xbcb40f18 MEMRESERVE=0xbcb40f98 
[    0.000000] ACPI: Early table checksum verification disabled
[    0.000000] ACPI: RSDP 0x00000000BCB43018 000024 (v02 BOCHS )
[    0.000000] ACPI: XSDT 0x00000000BCB43F18 000064 (v01 BOCHS  BXPC     00000001      01000013)
[    0.000000] ACPI: FACP 0x00000000BCB43B18 000114 (v06 BOCHS  BXPC     00000001 BXPC 00000001)
[    0.000000] ACPI: DSDT 0x00000000BCB41018 001506 (v02 BOCHS  BXPC     00000001 BXPC 00000001)
[    0.000000] ACPI: APIC 0x00000000BCB43C98 0000FC (v04 BOCHS  BXPC     00000001 BXPC 00000001)
[    0.000000] ACPI: PPTT 0x00000000BCB43E18 000074 (v02 BOCHS  BXPC     00000001 BXPC 00000001)
[    0.000000] ACPI: GTDT 0x00000000BCB43098 000068 (v03 BOCHS  BXPC     00000001 BXPC 00000001)
[    0.000000] ACPI: MCFG 0x00000000BCB43A98 00003C (v01 BOCHS  BXPC     00000001 BXPC 00000001)
[    0.000000] ACPI: SPCR 0x00000000BCB43818 000050 (v02 BOCHS  BXPC     00000001 BXPC 00000001)
[    0.000000] ACPI: DBG2 0x00000000BCB43A18 000057 (v00 BOCHS  BXPC     00000001 BXPC 00000001)
[    0.000000] ACPI: IORT 0x00000000BCB43898 000054 (v05 BOCHS  BXPC     00000001 BXPC 00000001)
[    0.000000] ACPI: SPCR: console: pl011,mmio32,0x9000000,9600
[    0.000000] ACPI: Use ACPI SPCR as default console: Yes
[    0.000000] NUMA: Faking a node at [mem 0x0000000040000000-0x00000000bfffffff]
[    0.000000] NODE_DATA(0) allocated [mem 0xbf855b80-0xbf857fff]
[    0.000000] Zone ranges:
[    0.000000]   DMA      [mem 0x0000000040000000-0x00000000bfffffff]
[    0.000000]   DMA32    empty
[    0.000000]   Normal   empty
[    0.000000] Movable zone start for each node
[    0.000000] Early memory node ranges
[    0.000000]   node   0: [mem 0x0000000040000000-0x00000000bc76ffff]
[    0.000000]   node   0: [mem 0x00000000bc770000-0x00000000bcb3ffff]
[    0.000000]   node   0: [mem 0x00000000bcb40000-0x00000000bfe1ffff]
[    0.000000]   node   0: [mem 0x00000000bfe20000-0x00000000bfeaffff]
[    0.000000]   node   0: [mem 0x00000000bfeb0000-0x00000000bfebffff]
[    0.000000]   node   0: [mem 0x00000000bfec0000-0x00000000bffdffff]
[    0.000000]   node   0: [mem 0x00000000bffe0000-0x00000000bfffffff]
[    0.000000] Initmem setup node 0 [mem 0x0000000040000000-0x00000000bfffffff]
[    0.000000] psci: probing for conduit method from ACPI.
[    0.000000] psci: PSCIv1.1 detected in firmware.
[    0.000000] psci: Using standard PSCI v0.2 function IDs
[    0.000000] psci: Trusted OS migration not required
[    0.000000] psci: SMC Calling Convention v1.0
[    0.000000] percpu: Embedded 33 pages/cpu s96984 r8192 d29992 u135168
[    0.000000] Detected PIPT I-cache on CPU0
[    0.000000] CPU features: detected: Spectre-v4
[    0.000000] CPU features: detected: Spectre-BHB
[    0.000000] CPU features: detected: Broken broadcast TLBI completion
[    0.000000] CPU features: detected: SSBS not fully self-synchronizing
[    0.000000] alternatives: applying boot alternatives
[    0.000000] Kernel command line: root=/dev/vda rw console=ttyAMA0 initrd=initrd
[    0.000000] Dentry cache hash table entries: 262144 (order: 9, 2097152 bytes, linear)
[    0.000000] Inode-cache hash table entries: 131072 (order: 8, 1048576 bytes, linear)
[    0.000000] Fallback order for Node 0: 0 
[    0.000000] Built 1 zonelists, mobility grouping on.  Total pages: 524288
[    0.000000] Policy zone: DMA
[    0.000000] mem auto-init: stack:all(zero), heap alloc:on, heap free:off
[    0.000000] software IO TLB: SWIOTLB bounce buffer size adjusted to 2MB
[    0.000000] software IO TLB: area num 2.
[    0.000000] software IO TLB: mapped [mem 0x00000000bf2b4000-0x00000000bf4b4000] (2MB)
[    0.000000] SLUB: HWalign=64, Order=0-3, MinObjects=0, CPUs=2, Nodes=1
[    0.000000] Dynamic Preempt: none
[    0.000000] rcu: Preemptible hierarchical RCU implementation.
[    0.000000] rcu: 	RCU restricting CPUs from NR_CPUS=4096 to nr_cpu_ids=2.
[    0.000000] 	Trampoline variant of Tasks RCU enabled.
[    0.000000] 	Tracing variant of Tasks RCU enabled.
[    0.000000] rcu: RCU calculated value of scheduler-enlistment delay is 10 jiffies.
[    0.000000] rcu: Adjusting geometry for rcu_fanout_leaf=16, nr_cpu_ids=2
[    0.000000] RCU Tasks: Setting shift to 1 and lim to 1 rcu_task_cb_adjust=1 rcu_task_cpu_ids=2.
[    0.000000] RCU Tasks Trace: Setting shift to 1 and lim to 1 rcu_task_cb_adjust=1 rcu_task_cpu_ids=2.
[    0.000000] NR_IRQS: 64, nr_irqs: 64, preallocated irqs: 0
[    0.000000] Root IRQ handler: gic_handle_irq
[    0.000000] GICv2m: ACPI overriding V2M MSI_TYPER (base:80, num:64)
[    0.000000] GICv2m: range[mem 0x08020000-0x08020fff], SPI[80:143]
[    0.000000] rcu: srcu_init: Setting srcu_struct sizes based on contention.
[    0.000000] clocksource: jiffies: mask: 0xffffffff max_cycles: 0xffffffff, max_idle_ns: 19112604462750000 ns
[    0.000000] arch_timer: cp15 timer(s) running at 62.50MHz (virt).
[    0.000000] clocksource: arch_sys_counter: mask: 0x1ffffffffffffff max_cycles: 0x1cd42e208c, max_idle_ns: 881590405314 ns
[    0.000177] sched_clock: 57 bits at 63MHz, resolution 16ns, wraps every 4398046511096ns
[    0.044592] kfence: initialized - using 2097152 bytes for 255 objects at 0x(____ptrval____)-0x(____ptrval____)
[    0.115857] Console: colour dummy device 80x25
[    0.163136] ACPI: Core revision 20240827
[    0.197426] Calibrating delay loop (skipped), value calculated using timer frequency.. 125.00 BogoMIPS (lpj=625000)
[    0.198235] pid_max: default: 32768 minimum: 301
[    0.266525] LSM: initializing lsm=lockdown,capability,landlock
[    0.314398] landlock: Up and running.
[    0.346270] Mount-cache hash table entries: 4096 (order: 3, 32768 bytes, linear)
[    0.346441] Mountpoint-cache hash table entries: 4096 (order: 3, 32768 bytes, linear)
[    1.166030] rcu: Hierarchical SRCU implementation.
[    1.166176] rcu: 	Max phase no-delay instances is 1000.
[    1.210320] Timer migration: 1 hierarchy levels; 8 children per group; 1 crossnode level
[    1.282733] Remapping and enabling EFI services.
[    1.345317] smp: Bringing up secondary CPUs ...
[    1.382782] Detected PIPT I-cache on CPU1
[    1.395324] CPU1: Booted secondary processor 0x0000000001 [0x414fd0b1]
[    1.429324] smp: Brought up 1 node, 2 CPUs
[    1.429470] SMP: Total of 2 processors activated.
[    1.429557] CPU: All CPU(s) started at EL1
[    1.432048] CPU features: detected: 32-bit EL0 Support
[    1.432195] CPU features: detected: Data cache clean to the PoU not required for I/D coherence
[    1.432285] CPU features: detected: Common not Private translations
[    1.432298] CPU features: detected: CRC32 instructions
[    1.432701] CPU features: detected: RCpc load-acquire (LDAPR)
[    1.432790] CPU features: detected: LSE atomic instructions
[    1.432803] CPU features: detected: Privileged Access Never
[    1.432814] CPU features: detected: RAS Extension Support
[    1.432900] CPU features: detected: Speculative Store Bypassing Safe (SSBS)
[    1.566356] alternatives: applying system-wide alternatives
[    1.994562] CPU features: detected: Hardware dirty bit management on CPU0-1
[    2.431253] Memory: 2003132K/2097152K available (12608K kernel code, 1950K rwdata, 7812K rodata, 1920K init, 9305K bss, 89464K reserved, 0K cma-reserved)
[    2.897968] devtmpfs: initialized
[    3.298929] futex hash table entries: 512 (order: 3, 32768 bytes, linear)
[    3.316664] 24304 pages in range for non-PLT usage
[    3.316820] 515824 pages in range for PLT usage
[    3.383892] pinctrl core: initialized pinctrl subsystem
[    3.497194] SMBIOS 3.0.0 present.
[    3.497868] DMI: QEMU QEMU Virtual Machine, BIOS edk2-stable202408-prebuilt.qemu.org 08/13/2024
[    3.498844] DMI: Memory slots populated: 1/1
[    3.882595] NET: Registered PF_NETLINK/PF_ROUTE protocol family
[    3.945305] DMA: preallocated 256 KiB GFP_KERNEL pool for atomic allocations
[    3.947022] DMA: preallocated 256 KiB GFP_KERNEL|GFP_DMA pool for atomic allocations
[    3.947943] DMA: preallocated 256 KiB GFP_KERNEL|GFP_DMA32 pool for atomic allocations
[    3.948753] audit: initializing netlink subsys (disabled)
[    3.996931] audit: type=2000 audit(1.530:1): state=initialized audit_enabled=0 res=1
[    4.034516] thermal_sys: Registered thermal governor 'step_wise'
[    4.066564] cpuidle: using governor ladder
[    4.067173] cpuidle: using governor menu
[    4.116169] hw-breakpoint: found 6 breakpoint and 4 watchpoint registers.
[    4.133439] ASID allocator initialised with 65536 entries
[    4.148727] acpiphp: ACPI Hot Plug PCI Controller Driver version: 0.5
[    4.194314] Serial: AMBA PL011 UART driver
[    4.275607] HugeTLB: registered 1.00 GiB page size, pre-allocated 0 pages
[    4.275670] HugeTLB: 0 KiB vmemmap can be freed for a 1.00 GiB page
[    4.275701] HugeTLB: registered 32.0 MiB page size, pre-allocated 0 pages
[    4.275711] HugeTLB: 0 KiB vmemmap can be freed for a 32.0 MiB page
[    4.275725] HugeTLB: registered 2.00 MiB page size, pre-allocated 0 pages
[    4.275734] HugeTLB: 0 KiB vmemmap can be freed for a 2.00 MiB page
[    4.275746] HugeTLB: registered 64.0 KiB page size, pre-allocated 0 pages
[    4.275754] HugeTLB: 0 KiB vmemmap can be freed for a 64.0 KiB page
[    4.400506] ACPI: Added _OSI(Module Device)
[    4.400611] ACPI: Added _OSI(Processor Device)
[    4.400628] ACPI: Added _OSI(Processor Aggregator Device)
[    4.531782] ACPI: 1 ACPI AML tables successfully acquired and loaded
[    4.667304] ACPI: Interpreter enabled
[    4.667386] ACPI: Using GIC for interrupt routing
[    4.679682] ACPI: MCFG table detected, 1 entries
[    4.940470] ACPI: CPU0 has been hot-added
[    4.945000] ACPI: CPU1 has been hot-added
[    5.064553] ARMH0011:00: ttyAMA0 at MMIO 0x9000000 (irq = 12, base_baud = 0) is a SBSA
[    5.067321] printk: legacy console [ttyAMA0] enabled
[    5.446096] ACPI: PCI: Interrupt link L000 configured for IRQ 35
[    5.446968] ACPI: PCI: Interrupt link L001 configured for IRQ 36
[    5.447441] ACPI: PCI: Interrupt link L002 configured for IRQ 37
[    5.448091] ACPI: PCI: Interrupt link L003 configured for IRQ 38
[    5.459172] ACPI: PCI Root Bridge [PCI0] (domain 0000 [bus 00-ff])
[    5.466529] acpi PNP0A08:00: _OSC: OS supports [ExtendedConfig ASPM ClockPM Segments MSI HPX-Type3]
[    5.532602] acpi PNP0A08:00: _OSC: platform does not support [LTR]
[    5.544730] acpi PNP0A08:00: _OSC: OS now controls [PCIeHotplug PME PCIeCapability]
[    5.581136] acpi PNP0A08:00: ECAM area [mem 0x4010000000-0x401fffffff] reserved by PNP0C02:00
[    5.582956] acpi PNP0A08:00: ECAM at [mem 0x4010000000-0x401fffffff] for [bus 00-ff]
[    5.591970] ACPI: Remapped I/O 0x000000003eff0000 to [io  0x0000-0xffff window]
[    5.613984] PCI host bridge to bus 0000:00
[    5.615237] pci_bus 0000:00: root bus resource [mem 0x10000000-0x3efeffff window]
[    5.615880] pci_bus 0000:00: root bus resource [io  0x0000-0xffff window]
[    5.616513] pci_bus 0000:00: root bus resource [mem 0x8000000000-0xffffffffff window]
[    5.623221] pci_bus 0000:00: root bus resource [bus 00-ff]
[    5.646364] pci 0000:00:00.0: [1b36:0008] type 00 class 0x060000 conventional PCI endpoint
[    5.696774] pci 0000:00:01.0: [8086:100e] type 00 class 0x020000 conventional PCI endpoint
[    5.698845] pci 0000:00:01.0: BAR 0 [mem 0x10040000-0x1005ffff]
[    5.700560] pci 0000:00:01.0: BAR 1 [io  0x0080-0x00bf]
[    5.708818] pci 0000:00:01.0: ROM [mem 0xfffc0000-0xffffffff pref]
[    5.715328] pci 0000:00:02.0: [1af4:1001] type 00 class 0x010000 conventional PCI endpoint
[    5.715886] pci 0000:00:02.0: BAR 0 [io  0x0000-0x007f]
[    5.716171] pci 0000:00:02.0: BAR 1 [mem 0x10060000-0x10060fff]
[    5.716572] pci 0000:00:02.0: BAR 4 [mem 0x8000000000-0x8000003fff 64bit pref]
[    5.733924] pci 0000:00:01.0: ROM [mem 0x10000000-0x1003ffff pref]: assigned
[    5.742780] pci 0000:00:01.0: BAR 0 [mem 0x10040000-0x1005ffff]: assigned
[    5.747018] pci 0000:00:02.0: BAR 4 [mem 0x8000000000-0x8000003fff 64bit pref]: assigned
[    5.748361] pci 0000:00:02.0: BAR 1 [mem 0x10060000-0x10060fff]: assigned
[    5.748790] pci 0000:00:02.0: BAR 0 [io  0x1000-0x107f]: assigned
[    5.749180] pci 0000:00:01.0: BAR 1 [io  0x1080-0x10bf]: assigned
[    5.750031] pci_bus 0000:00: resource 4 [mem 0x10000000-0x3efeffff window]
[    5.750400] pci_bus 0000:00: resource 5 [io  0x0000-0xffff window]
[    5.750693] pci_bus 0000:00: resource 6 [mem 0x8000000000-0xffffffffff window]
[    5.817638] iommu: Default domain type: Translated
[    5.818055] iommu: DMA domain TLB invalidation policy: lazy mode
[    6.000394] efivars: Registered efivars operations
[    6.124858] clocksource: Switched to clocksource arch_sys_counter
[    6.183983] VFS: Disk quotas dquot_6.6.0
[    6.190785] VFS: Dquot-cache hash table entries: 512 (order 0, 4096 bytes)
[    6.216828] pnp: PnP ACPI init
[    6.246821] system 00:00: [mem 0x4010000000-0x401fffffff window] could not be reserved
[    6.248468] pnp: PnP ACPI: found 1 devices
[    6.750309] NET: Registered PF_INET protocol family
[    6.799580] IP idents hash table entries: 32768 (order: 6, 262144 bytes, linear)
[    7.296483] tcp_listen_portaddr_hash hash table entries: 1024 (order: 2, 16384 bytes, linear)
[    7.297623] Table-perturb hash table entries: 65536 (order: 6, 262144 bytes, linear)
[    7.298366] TCP established hash table entries: 16384 (order: 5, 131072 bytes, linear)
[    7.299720] TCP bind hash table entries: 16384 (order: 7, 524288 bytes, linear)
[    7.309930] TCP: Hash tables configured (established 16384 bind 16384)
[    7.315554] MPTCP token hash table entries: 2048 (order: 4, 49152 bytes, linear)
[    7.326485] UDP hash table entries: 1024 (order: 3, 32768 bytes, linear)
[    7.327728] UDP-Lite hash table entries: 1024 (order: 3, 32768 bytes, linear)
[    7.333271] NET: Registered PF_UNIX/PF_LOCAL protocol family
[    7.343917] NET: Registered PF_XDP protocol family
[    7.345189] PCI: CLS 0 bytes, default 64
[    7.379452] kvm [1]: HYP mode not available
[    7.381260] Unpacking initramfs...
[    7.416876] Initialise system trusted keyrings
[    7.465044] workingset: timestamp_bits=44 max_order=19 bucket_order=0
[    7.830491] Key type asymmetric registered
[    7.831206] Asymmetric key parser 'x509' registered
[    7.832663] Block layer SCSI generic (bsg) driver version 0.4 loaded (major 249)
[    7.838478] io scheduler mq-deadline registered
[    7.844089] io scheduler kyber registered
[    7.845176] io scheduler bfq registered
[    7.999178] ACPI: \_SB_.L002: Enabled at IRQ 37
[    8.015782] virtio-pci 0000:00:02.0: enabling device (0000 -> 0003)
[    8.094209] Serial: 8250/16550 driver, 4 ports, IRQ sharing enabled
[    8.213123] hv_vmbus: registering driver hyperv_keyboard
[    8.244394] rtc-efi rtc-efi.0: registered as rtc0
[    8.264332] rtc-efi rtc-efi.0: setting system clock to 2026-08-26T03:34:39 UTC (1787715279)
[    8.300060] NET: Registered PF_INET6 protocol family
[    8.399054] Segment Routing with IPv6
[    8.400078] In-situ OAM (IOAM) with IPv6
[    8.647527] registered taskstats version 1
[    8.665027] Loading compiled-in X.509 certificates
[    8.793625] Freeing initrd memory: 5268K
[   10.382024] Loaded X.509 cert 'alpinelinux.org: Alpine Linux kernel key: 87fa969a47f3e2a6aa35859eb932a17c95abcd82'
[   10.513768] Demotion targets for Node 0: null
[   10.526207] Key type .fscrypt registered
[   10.529058] Key type fscrypt-provisioning registered
[   10.779936] clk: Disabling unused clocks
[   10.781102] PM: genpd: Disabling unused power domains
[   11.098842] Freeing unused kernel memory: 1920K
[   11.133701] Run /init as init process
[   12.880217] Alpine Init 3.11.1-r0
Alpine Init 3.11.1-r0
[   13.048663] Loading boot drivers...
 * Loading boot drivers: [   14.081363] Loading boot drivers: ok.
ok.
SIMBOOT: kernel=6.12.103-0-virt
[   14.430066] Invalid ELF header magic: != ELF
[   14.574281] virtio_blk virtio0: 2/0/0 default/read/poll queues
[   14.662172] virtio_blk virtio0: [vda] 1411072 512-byte logical blocks (722 MB/689 MiB)
[   14.796913] Invalid ELF header magic: != ELF
[   14.865601] Invalid ELF header magic: != ELF
[   14.982977] Invalid ELF header magic: != ELF
[   15.079921] Invalid ELF header magic: != ELF
[   15.460331] Invalid ELF header magic: != ELF
[   17.282771] Invalid ELF header magic: != ELF
[   17.445923] e1000: Intel(R) PRO/1000 Network Driver
[   17.446542] e1000: Copyright (c) 1999-2006 Intel Corporation.
[   17.456621] ACPI: \_SB_.L001: Enabled at IRQ 36
[   17.460162] e1000 0000:00:01.0: enabling device (0000 -> 0003)
[   18.415342] e1000 0000:00:01.0 eth0: (PCI:33MHz:32-bit) 52:54:00:12:34:56
[   18.426297] e1000 0000:00:01.0 eth0: Intel(R) PRO/1000 Network Connection
Module                  Size  Used by    Not tainted
e1000                 163840  0 
ext4                  929792  0 
jbd2                  172032  1 ext4
mbcache                20480  1 ext4
crc32c_generic         12288  0 
crc16                  12288  1 ext4
virtio_blk             24576  0 
[   20.049611] EXT4-fs (vda): mounted filesystem 1799a7eb-09df-4b80-8c57-0424de58e445 r/w with ordered data mode. Quota mode: none.
SIMBOOT: root mounted rw, running real mfp.afx with binder stub
[   31.763509] e1000: eth0 NIC Link is Up 1000 Mbps Full Duplex, Flow Control: RX
MFP_PID=444
--- PRE-PATCH outside_info ---
[   42.361454] random: mfp.afx: uninitialized urandom read (44 bytes read)
[   67.997088] hrtimer: interrupt took 49939808 ns
[Inferior 1 (process 444) detached]
--- POLL 1: N=11 ---
[Inferior 1 (process 444) detached]
--- POLL 2: N=11 ---
[Inferior 1 (process 444) detached]
--- POLL 3: N=11 ---
[Inferior 1 (process 444) detached]
--- POLL 4: N=11 ---
[Inferior 1 (process 444) detached]
--- POLL 5: N=11 ---
[Inferior 1 (process 444) detached]
--- POLL 6: N=11 ---
