UEFI firmware (version edk2-stable202408-prebuilt.qemu.org built at 16:28:50 on Sep 12 2024)
ArmTrngLib could not be correctly initialized.
Error: Image at 000BFDB6000 start failed: 00000001
Error: Image at 000BFD6D000 start failed: Not Found
Error: Image at 000BFCBA000 start failed: Unsupported
Error: Image at 000BFB5E000 start failed: Aborted
Tpm2SubmitCommand - Tcg2 - Not Found
Tpm2GetCapabilityPcrs fail!
Tpm2SubmitCommand - Tcg2 - Not Found
Image type X64 can't be loaded on AARCH64 UEFI system.
[2J[01;01H[=3h[2J[01;01H[2J[01;01H[=3h[2J[01;01HEFI stub: Decompressing Linux Kernel...
EFI stub: Loaded initrd from LINUX_EFI_INITRD_MEDIA_GUID device path
EFI stub: Generating empty DTB
EFI stub: Exiting boot services...
[    0.000000] Booting Linux on physical CPU 0x0000000000 [0x414fd0b1]
[    0.000000] Linux version 6.12.103-0-virt (buildozer@build-3-21-aarch64) (gcc (Alpine 14.2.0) 14.2.0, GNU ld (GNU Binutils) 2.43.1) #1-Alpine SMP PREEMPT_DYNAMIC 2026-08-10 14:25:03
[    0.000000] efi: EFI v2.7 by EDK II
[    0.000000] efi: SMBIOS 3.0=0xbfed0000 MEMATTR=0xbe18b018 ACPI 2.0=0xbcb43018 INITRD=0xbcb40f18 MEMRESERVE=0xbcb40f98 
[    0.000000] ACPI: Early table checksum verification disabled
[    0.000000] ACPI: RSDP 0x00000000BCB43018 000024 (v02 BOCHS )
[    0.000000] ACPI: XSDT 0x00000000BCB43F18 000064 (v01 BOCHS  BXPC     00000001      01000013)
[    0.000000] ACPI: FACP 0x00000000BCB43B18 000114 (v06 BOCHS  BXPC     00000001 BXPC 00000001)
[    0.000000] ACPI: DSDT 0x00000000BCB41018 001506 (v02 BOCHS  BXPC     00000001 BXPC 00000001)
[    0.000000] ACPI: APIC 0x00000000BCB43C98 0000FC (v04 BOCHS  BXPC     00000001 BXPC 00000001)
[    0.000000] ACPI: PPTT 0x00000000BCB43E18 000074 (v02 BOCHS  BXPC     00000001 BXPC 00000001)
[    0.000000] ACPI: GTDT 0x00000000BCB43098 000068 (v03 BOCHS  BXPC     00000001 BXPC 00000001)
[    0.000000] ACPI: MCFG 0x00000000BCB43A98 00003C (v01 BOCHS  BXPC     00000001 BXPC 00000001)
[    0.000000] ACPI: SPCR 0x00000000BCB43818 000050 (v02 BOCHS  BXPC     00000001 BXPC 00000001)
[    0.000000] ACPI: DBG2 0x00000000BCB43A18 000057 (v00 BOCHS  BXPC     00000001 BXPC 00000001)
[    0.000000] ACPI: IORT 0x00000000BCB43898 000054 (v05 BOCHS  BXPC     00000001 BXPC 00000001)
[    0.000000] ACPI: SPCR: console: pl011,mmio32,0x9000000,9600
[    0.000000] ACPI: Use ACPI SPCR as default console: Yes
[    0.000000] NUMA: Faking a node at [mem 0x0000000040000000-0x00000000bfffffff]
[    0.000000] NODE_DATA(0) allocated [mem 0xbf855b80-0xbf857fff]
[    0.000000] Zone ranges:
[    0.000000]   DMA      [mem 0x0000000040000000-0x00000000bfffffff]
[    0.000000]   DMA32    empty
[    0.000000]   Normal   empty
[    0.000000] Movable zone start for each node
[    0.000000] Early memory node ranges
[    0.000000]   node   0: [mem 0x0000000040000000-0x00000000bc76ffff]
[    0.000000]   node   0: [mem 0x00000000bc770000-0x00000000bcb3ffff]
[    0.000000]   node   0: [mem 0x00000000bcb40000-0x00000000bfe1ffff]
[    0.000000]   node   0: [mem 0x00000000bfe20000-0x00000000bfeaffff]
[    0.000000]   node   0: [mem 0x00000000bfeb0000-0x00000000bfebffff]
[    0.000000]   node   0: [mem 0x00000000bfec0000-0x00000000bffdffff]
[    0.000000]   node   0: [mem 0x00000000bffe0000-0x00000000bfffffff]
[    0.000000] Initmem setup node 0 [mem 0x0000000040000000-0x00000000bfffffff]
[    0.000000] psci: probing for conduit method from ACPI.
[    0.000000] psci: PSCIv1.1 detected in firmware.
[    0.000000] psci: Using standard PSCI v0.2 function IDs
[    0.000000] psci: Trusted OS migration not required
[    0.000000] psci: SMC Calling Convention v1.0
[    0.000000] percpu: Embedded 33 pages/cpu s96984 r8192 d29992 u135168
[    0.000000] Detected PIPT I-cache on CPU0
[    0.000000] CPU features: detected: Spectre-v4
[    0.000000] CPU features: detected: Spectre-BHB
[    0.000000] CPU features: detected: Broken broadcast TLBI completion
[    0.000000] CPU features: detected: SSBS not fully self-synchronizing
[    0.000000] alternatives: applying boot alternatives
[    0.000000] Kernel command line: modules=virtio_blk,ext4 rootfstype=ext4 root=/dev/vda rw init=/bin/sh console=ttyAMA0 initrd=initrd
[    0.000000] Unknown kernel command line parameters "modules=virtio_blk,ext4", will be passed to user space.
[    0.000000] Dentry cache hash table entries: 262144 (order: 9, 2097152 bytes, linear)
[    0.000000] Inode-cache hash table entries: 131072 (order: 8, 1048576 bytes, linear)
[    0.000000] Fallback order for Node 0: 0 
[    0.000000] Built 1 zonelists, mobility grouping on.  Total pages: 524288
[    0.000000] Policy zone: DMA
[    0.000000] mem auto-init: stack:all(zero), heap alloc:on, heap free:off
[    0.000000] software IO TLB: SWIOTLB bounce buffer size adjusted to 2MB
[    0.000000] software IO TLB: area num 2.
[    0.000000] software IO TLB: mapped [mem 0x00000000bf2b4000-0x00000000bf4b4000] (2MB)
[    0.000000] SLUB: HWalign=64, Order=0-3, MinObjects=0, CPUs=2, Nodes=1
[    0.000000] Dynamic Preempt: none
[    0.000000] rcu: Preemptible hierarchical RCU implementation.
[    0.000000] rcu: 	RCU restricting CPUs from NR_CPUS=4096 to nr_cpu_ids=2.
[    0.000000] 	Trampoline variant of Tasks RCU enabled.
[    0.000000] 	Tracing variant of Tasks RCU enabled.
[    0.000000] rcu: RCU calculated value of scheduler-enlistment delay is 10 jiffies.
[    0.000000] rcu: Adjusting geometry for rcu_fanout_leaf=16, nr_cpu_ids=2
[    0.000000] RCU Tasks: Setting shift to 1 and lim to 1 rcu_task_cb_adjust=1 rcu_task_cpu_ids=2.
[    0.000000] RCU Tasks Trace: Setting shift to 1 and lim to 1 rcu_task_cb_adjust=1 rcu_task_cpu_ids=2.
[    0.000000] NR_IRQS: 64, nr_irqs: 64, preallocated irqs: 0
[    0.000000] Root IRQ handler: gic_handle_irq
[    0.000000] GICv2m: ACPI overriding V2M MSI_TYPER (base:80, num:64)
[    0.000000] GICv2m: range[mem 0x08020000-0x08020fff], SPI[80:143]
[    0.000000] rcu: srcu_init: Setting srcu_struct sizes based on contention.
[    0.000000] clocksource: jiffies: mask: 0xffffffff max_cycles: 0xffffffff, max_idle_ns: 19112604462750000 ns
[    0.000000] arch_timer: cp15 timer(s) running at 62.50MHz (virt).
[    0.000000] clocksource: arch_sys_counter: mask: 0x1ffffffffffffff max_cycles: 0x1cd42e208c, max_idle_ns: 881590405314 ns
[    0.000992] sched_clock: 57 bits at 63MHz, resolution 16ns, wraps every 4398046511096ns
[    0.381369] kfence: initialized - using 2097152 bytes for 255 objects at 0x(____ptrval____)-0x(____ptrval____)
[    0.952283] Console: colour dummy device 80x25
[    1.149999] ACPI: Core revision 20240827
[    1.470906] Calibrating delay loop (skipped), value calculated using timer frequency.. 125.00 BogoMIPS (lpj=625000)
[    1.472982] pid_max: default: 32768 minimum: 301
[    1.851418] LSM: initializing lsm=lockdown,capability,landlock
[    2.004680] landlock: Up and running.
[    2.227050] Mount-cache hash table entries: 4096 (order: 3, 32768 bytes, linear)
[    2.227955] Mountpoint-cache hash table entries: 4096 (order: 3, 32768 bytes, linear)
[    5.043747] rcu: Hierarchical SRCU implementation.
[    5.044590] rcu: 	Max phase no-delay instances is 1000.
[    5.213046] Timer migration: 1 hierarchy levels; 8 children per group; 1 crossnode level
[    5.405880] Remapping and enabling EFI services.
[    5.553586] smp: Bringing up secondary CPUs ...
[    5.793231] Detected PIPT I-cache on CPU1
[    5.829154] CPU1: Booted secondary processor 0x0000000001 [0x414fd0b1]
[    6.014343] smp: Brought up 1 node, 2 CPUs
[    6.016612] SMP: Total of 2 processors activated.
[    6.022202] CPU: All CPU(s) started at EL1
[    6.025675] CPU features: detected: 32-bit EL0 Support
[    6.026401] CPU features: detected: Data cache clean to the PoU not required for I/D coherence
[    6.027621] CPU features: detected: Common not Private translations
[    6.027701] CPU features: detected: CRC32 instructions
[    6.029508] CPU features: detected: RCpc load-acquire (LDAPR)
[    6.029944] CPU features: detected: LSE atomic instructions
[    6.030016] CPU features: detected: Privileged Access Never
[    6.030068] CPU features: detected: RAS Extension Support
[    6.030557] CPU features: detected: Speculative Store Bypassing Safe (SSBS)
[    6.380657] alternatives: applying system-wide alternatives
[    6.994201] CPU features: detected: Hardware dirty bit management on CPU0-1
[    7.635280] Memory: 2003472K/2097152K available (12608K kernel code, 1950K rwdata, 7812K rodata, 1920K init, 9305K bss, 89376K reserved, 0K cma-reserved)
[    8.706519] devtmpfs: initialized
[    9.379234] futex hash table entries: 512 (order: 3, 32768 bytes, linear)
[    9.449560] 24304 pages in range for non-PLT usage
[    9.450500] 515824 pages in range for PLT usage
[    9.774405] pinctrl core: initialized pinctrl subsystem
[   10.084008] SMBIOS 3.0.0 present.
[   10.088054] DMI: QEMU QEMU Virtual Machine, BIOS edk2-stable202408-prebuilt.qemu.org 08/13/2024
[   10.092825] DMI: Memory slots populated: 1/1
[   10.646387] NET: Registered PF_NETLINK/PF_ROUTE protocol family
[   10.936581] DMA: preallocated 256 KiB GFP_KERNEL pool for atomic allocations
[   10.973472] DMA: preallocated 256 KiB GFP_KERNEL|GFP_DMA pool for atomic allocations
[   10.981964] DMA: preallocated 256 KiB GFP_KERNEL|GFP_DMA32 pool for atomic allocations
[   11.003622] audit: initializing netlink subsys (disabled)
[   11.066811] audit: type=2000 audit(4.900:1): state=initialized audit_enabled=0 res=1
[   11.147644] thermal_sys: Registered thermal governor 'step_wise'
[   11.190275] cpuidle: using governor ladder
[   11.195885] cpuidle: using governor menu
[   11.245413] hw-breakpoint: found 6 breakpoint and 4 watchpoint registers.
[   11.269891] ASID allocator initialised with 65536 entries
[   11.278768] acpiphp: ACPI Hot Plug PCI Controller Driver version: 0.5
[   11.327970] Serial: AMBA PL011 UART driver
[   11.611133] HugeTLB: registered 1.00 GiB page size, pre-allocated 0 pages
[   11.611786] HugeTLB: 0 KiB vmemmap can be freed for a 1.00 GiB page
[   11.612056] HugeTLB: registered 32.0 MiB page size, pre-allocated 0 pages
[   11.612132] HugeTLB: 0 KiB vmemmap can be freed for a 32.0 MiB page
[   11.612226] HugeTLB: registered 2.00 MiB page size, pre-allocated 0 pages
[   11.612290] HugeTLB: 0 KiB vmemmap can be freed for a 2.00 MiB page
[   11.612382] HugeTLB: registered 64.0 KiB page size, pre-allocated 0 pages
[   11.612445] HugeTLB: 0 KiB vmemmap can be freed for a 64.0 KiB page
[   12.117782] ACPI: Added _OSI(Module Device)
[   12.118569] ACPI: Added _OSI(Processor Device)
[   12.118687] ACPI: Added _OSI(Processor Aggregator Device)
[   12.749034] ACPI: 1 ACPI AML tables successfully acquired and loaded
[   13.143137] ACPI: Interpreter enabled
[   13.143529] ACPI: Using GIC for interrupt routing
[   13.160668] ACPI: MCFG table detected, 1 entries
[   14.325457] ACPI: CPU0 has been hot-added
[   14.349944] ACPI: CPU1 has been hot-added
[   15.895938] ARMH0011:00: ttyAMA0 at MMIO 0x9000000 (irq = 12, base_baud = 0) is a SBSA
[   15.981665] printk: legacy console [ttyAMA0] enabled
[   20.093078] ACPI: PCI: Interrupt link L000 configured for IRQ 35
[   20.122569] ACPI: PCI: Interrupt link L001 configured for IRQ 36
[   20.126233] ACPI: PCI: Interrupt link L002 configured for IRQ 37
[   20.129592] ACPI: PCI: Interrupt link L003 configured for IRQ 38
[   20.139928] ACPI: PCI Root Bridge [PCI0] (domain 0000 [bus 00-ff])
[   20.214446] acpi PNP0A08:00: _OSC: OS supports [ExtendedConfig ASPM ClockPM Segments MSI HPX-Type3]
[   20.454560] acpi PNP0A08:00: _OSC: platform does not support [LTR]
[   20.504181] acpi PNP0A08:00: _OSC: OS now controls [PCIeHotplug PME PCIeCapability]
[   20.636425] acpi PNP0A08:00: ECAM area [mem 0x4010000000-0x401fffffff] reserved by PNP0C02:00
[   20.649405] acpi PNP0A08:00: ECAM at [mem 0x4010000000-0x401fffffff] for [bus 00-ff]
[   20.717941] ACPI: Remapped I/O 0x000000003eff0000 to [io  0x0000-0xffff window]
[   20.891436] PCI host bridge to bus 0000:00
[   20.904742] pci_bus 0000:00: root bus resource [mem 0x10000000-0x3efeffff window]
[   20.924462] pci_bus 0000:00: root bus resource [io  0x0000-0xffff window]
[   20.926758] pci_bus 0000:00: root bus resource [mem 0x8000000000-0xffffffffff window]
[   20.932079] pci_bus 0000:00: root bus resource [bus 00-ff]
[   21.017257] pci 0000:00:00.0: [1b36:0008] type 00 class 0x060000 conventional PCI endpoint
[   21.216380] pci 0000:00:01.0: [1af4:1000] type 00 class 0x020000 conventional PCI endpoint
[   21.243003] pci 0000:00:01.0: BAR 0 [io  0x0080-0x009f]
[   21.245376] pci 0000:00:01.0: BAR 1 [mem 0x10041000-0x10041fff]
[   21.247844] pci 0000:00:01.0: BAR 4 [mem 0x8000000000-0x8000003fff 64bit pref]
[   21.256083] pci 0000:00:01.0: ROM [mem 0xfffc0000-0xffffffff pref]
[   21.300742] pci 0000:00:02.0: [1af4:1001] type 00 class 0x010000 conventional PCI endpoint
[   21.305043] pci 0000:00:02.0: BAR 0 [io  0x0000-0x007f]
[   21.307028] pci 0000:00:02.0: BAR 1 [mem 0x10040000-0x10040fff]
[   21.309713] pci 0000:00:02.0: BAR 4 [mem 0x8000004000-0x8000007fff 64bit pref]
[   21.379368] pci 0000:00:01.0: ROM [mem 0x10000000-0x1003ffff pref]: assigned
[   21.426426] pci 0000:00:01.0: BAR 4 [mem 0x8000000000-0x8000003fff 64bit pref]: assigned
[   21.432246] pci 0000:00:02.0: BAR 4 [mem 0x8000004000-0x8000007fff 64bit pref]: assigned
[   21.443619] pci 0000:00:01.0: BAR 1 [mem 0x10040000-0x10040fff]: assigned
[   21.459928] pci 0000:00:02.0: BAR 1 [mem 0x10041000-0x10041fff]: assigned
[   21.462530] pci 0000:00:02.0: BAR 0 [io  0x1000-0x107f]: assigned
[   21.466772] pci 0000:00:01.0: BAR 0 [io  0x1080-0x109f]: assigned
[   21.477229] pci_bus 0000:00: resource 4 [mem 0x10000000-0x3efeffff window]
[   21.506844] pci_bus 0000:00: resource 5 [io  0x0000-0xffff window]
[   21.510124] pci_bus 0000:00: resource 6 [mem 0x8000000000-0xffffffffff window]
[   21.718284] iommu: Default domain type: Translated
[   21.723324] iommu: DMA domain TLB invalidation policy: lazy mode
[   22.184778] efivars: Registered efivars operations
[   22.836249] clocksource: Switched to clocksource arch_sys_counter
[   23.150275] VFS: Disk quotas dquot_6.6.0
[   23.159591] VFS: Dquot-cache hash table entries: 512 (order 0, 4096 bytes)
[   23.297418] pnp: PnP ACPI init
[   23.458216] system 00:00: [mem 0x4010000000-0x401fffffff window] could not be reserved
[   23.468281] pnp: PnP ACPI: found 1 devices
[   25.019194] NET: Registered PF_INET protocol family
[   25.126405] IP idents hash table entries: 32768 (order: 6, 262144 bytes, linear)
[   25.599857] hrtimer: interrupt took 36782896 ns
[   28.381033] tcp_listen_portaddr_hash hash table entries: 1024 (order: 2, 16384 bytes, linear)
[   28.482761] Table-perturb hash table entries: 65536 (order: 6, 262144 bytes, linear)
[   28.626807] TCP established hash table entries: 16384 (order: 5, 131072 bytes, linear)
[   28.652403] TCP bind hash table entries: 16384 (order: 7, 524288 bytes, linear)
[   28.713390] TCP: Hash tables configured (established 16384 bind 16384)
[   28.939172] MPTCP token hash table entries: 2048 (order: 4, 49152 bytes, linear)
[   29.016951] UDP hash table entries: 1024 (order: 3, 32768 bytes, linear)
[   29.070166] UDP-Lite hash table entries: 1024 (order: 3, 32768 bytes, linear)
[   29.207447] NET: Registered PF_UNIX/PF_LOCAL protocol family
[   29.456907] NET: Registered PF_XDP protocol family
[   29.478612] PCI: CLS 0 bytes, default 64
[   29.562748] kvm [1]: HYP mode not available
[   29.723190] Initialise system trusted keyrings
[   29.724895] Unpacking initramfs...
[   29.923644] workingset: timestamp_bits=44 max_order=19 bucket_order=0
[   32.172754] Key type asymmetric registered
[   32.180690] Asymmetric key parser 'x509' registered
[   32.202092] Block layer SCSI generic (bsg) driver version 0.4 loaded (major 249)
[   32.239988] io scheduler mq-deadline registered
[   32.278431] io scheduler kyber registered
[   32.294665] io scheduler bfq registered
[   33.169850] ACPI: \_SB_.L001: Enabled at IRQ 36
[   33.225052] virtio-pci 0000:00:01.0: enabling device (0000 -> 0003)
[   33.370526] ACPI: \_SB_.L002: Enabled at IRQ 37
[   33.373829] virtio-pci 0000:00:02.0: enabling device (0000 -> 0003)
[   33.483459] Serial: 8250/16550 driver, 4 ports, IRQ sharing enabled
[   33.997251] hv_vmbus: registering driver hyperv_keyboard
[   34.182529] rtc-efi rtc-efi.0: registered as rtc0
[   34.303300] rtc-efi rtc-efi.0: setting system clock to 2026-08-21T10:31:53 UTC (1787308313)
[   34.382224] NET: Registered PF_INET6 protocol family
[   34.716244] Segment Routing with IPv6
[   34.720869] In-situ OAM (IOAM) with IPv6
[   36.806501] registered taskstats version 1
[   36.963751] Loading compiled-in X.509 certificates
[   42.488155] Freeing initrd memory: 5180K
[   47.614977] Loaded X.509 cert 'alpinelinux.org: Alpine Linux kernel key: 87fa969a47f3e2a6aa35859eb932a17c95abcd82'
[   49.670871] Demotion targets for Node 0: null
[   49.852159] Key type .fscrypt registered
[   49.860682] Key type fscrypt-provisioning registered
[   52.213973] clk: Disabling unused clocks
[   52.232088] PM: genpd: Disabling unused power domains
[   54.089865] Freeing unused kernel memory: 1920K
[   54.141831] Run /init as init process
[   60.318634] Alpine Init 3.11.1-r0
Alpine Init 3.11.1-r0
[   60.660898] Loading boot drivers...
 * Loading boot drivers: [   61.678191] Loading boot drivers: ok.
ok.
SIMDBG: kernel=6.12.103-0-virt
[   63.090868] Invalid ELF header magic: != ELF
[   64.517303] virtio_blk virtio1: 2/0/0 default/read/poll queues
[   65.093665] virtio_blk virtio1: [vda] 1411072 512-byte logical blocks (722 MB/689 MiB)
[   66.168533] Invalid ELF header magic: != ELF
[   66.668028] Invalid ELF header magic: != ELF
[   67.481469] Invalid ELF header magic: != ELF
[   69.309094] Invalid ELF header magic: != ELF
[   74.738426] ext4: Unknown symbol crc16 (err -2)
insmod: can't insert '/lib/modules/6.12.103-0-virt/kernel/fs/ext4/ext4.ko.gz': unknown symbol in module, or unknown parameter
brw-------    1 root     root      253,   0 Aug 21 10:32 [1;35m/dev/vda[m
SIMDBG: lsmod:
Module                  Size  Used by    Not tainted
jbd2                  172032  0 
mbcache                20480  0 
crc32c_generic         12288  0 
virtio_blk             24576  0 
SIMDBG: done
[   77.520639] Mounting root...
 * Mounting root: mount: mounting /dev/vda on /sysroot failed: No such device
[  205.705938] Mounting root: failed. 
failed. 
initramfs emergency recovery shell launched. Type 'exit' to continue boot
sh: can't access tty; job control turned off
~ # [6n