UEFI firmware (version edk2-stable202408-prebuilt.qemu.org built at 16:28:50 on Sep 12 2024)
ArmTrngLib could not be correctly initialized.
Error: Image at 000BFDB6000 start failed: 00000001
Error: Image at 000BFD6D000 start failed: Not Found
Error: Image at 000BFCBA000 start failed: Unsupported
Error: Image at 000BFB5E000 start failed: Aborted
Tpm2SubmitCommand - Tcg2 - Not Found
Tpm2GetCapabilityPcrs fail!
Tpm2SubmitCommand - Tcg2 - Not Found
Image type X64 can't be loaded on AARCH64 UEFI system.
[2J[01;01H[=3h[2J[01;01H[2J[01;01H[=3h[2J[01;01HEFI stub: Decompressing Linux Kernel...
EFI stub: Loaded initrd from LINUX_EFI_INITRD_MEDIA_GUID device path
EFI stub: Generating empty DTB
EFI stub: Exiting boot services...
[    0.000000] Booting Linux on physical CPU 0x0000000000 [0x414fd0b1]
[    0.000000] Linux version 6.12.103-0-virt (buildozer@build-3-21-aarch64) (gcc (Alpine 14.2.0) 14.2.0, GNU ld (GNU Binutils) 2.43.1) #1-Alpine SMP PREEMPT_DYNAMIC 2026-08-10 14:25:03
[    0.000000] efi: EFI v2.7 by EDK II
[    0.000000] efi: SMBIOS 3.0=0xbfed0000 MEMATTR=0xbe18b018 ACPI 2.0=0xbcb43018 INITRD=0xbcb40f18 MEMRESERVE=0xbcb40f98 
[    0.000000] ACPI: Early table checksum verification disabled
[    0.000000] ACPI: RSDP 0x00000000BCB43018 000024 (v02 BOCHS )
[    0.000000] ACPI: XSDT 0x00000000BCB43F18 000064 (v01 BOCHS  BXPC     00000001      01000013)
[    0.000000] ACPI: FACP 0x00000000BCB43B18 000114 (v06 BOCHS  BXPC     00000001 BXPC 00000001)
[    0.000000] ACPI: DSDT 0x00000000BCB41018 001506 (v02 BOCHS  BXPC     00000001 BXPC 00000001)
[    0.000000] ACPI: APIC 0x00000000BCB43C98 0000FC (v04 BOCHS  BXPC     00000001 BXPC 00000001)
[    0.000000] ACPI: PPTT 0x00000000BCB43E18 000074 (v02 BOCHS  BXPC     00000001 BXPC 00000001)
[    0.000000] ACPI: GTDT 0x00000000BCB43098 000068 (v03 BOCHS  BXPC     00000001 BXPC 00000001)
[    0.000000] ACPI: MCFG 0x00000000BCB43A98 00003C (v01 BOCHS  BXPC     00000001 BXPC 00000001)
[    0.000000] ACPI: SPCR 0x00000000BCB43818 000050 (v02 BOCHS  BXPC     00000001 BXPC 00000001)
[    0.000000] ACPI: DBG2 0x00000000BCB43A18 000057 (v00 BOCHS  BXPC     00000001 BXPC 00000001)
[    0.000000] ACPI: IORT 0x00000000BCB43898 000054 (v05 BOCHS  BXPC     00000001 BXPC 00000001)
[    0.000000] ACPI: SPCR: console: pl011,mmio32,0x9000000,9600
[    0.000000] ACPI: Use ACPI SPCR as default console: Yes
[    0.000000] NUMA: Faking a node at [mem 0x0000000040000000-0x00000000bfffffff]
[    0.000000] NODE_DATA(0) allocated [mem 0xbf855b80-0xbf857fff]
[    0.000000] Zone ranges:
[    0.000000]   DMA      [mem 0x0000000040000000-0x00000000bfffffff]
[    0.000000]   DMA32    empty
[    0.000000]   Normal   empty
[    0.000000] Movable zone start for each node
[    0.000000] Early memory node ranges
[    0.000000]   node   0: [mem 0x0000000040000000-0x00000000bc76ffff]
[    0.000000]   node   0: [mem 0x00000000bc770000-0x00000000bcb3ffff]
[    0.000000]   node   0: [mem 0x00000000bcb40000-0x00000000bfe1ffff]
[    0.000000]   node   0: [mem 0x00000000bfe20000-0x00000000bfeaffff]
[    0.000000]   node   0: [mem 0x00000000bfeb0000-0x00000000bfebffff]
[    0.000000]   node   0: [mem 0x00000000bfec0000-0x00000000bffdffff]
[    0.000000]   node   0: [mem 0x00000000bffe0000-0x00000000bfffffff]
[    0.000000] Initmem setup node 0 [mem 0x0000000040000000-0x00000000bfffffff]
[    0.000000] psci: probing for conduit method from ACPI.
[    0.000000] psci: PSCIv1.1 detected in firmware.
[    0.000000] psci: Using standard PSCI v0.2 function IDs
[    0.000000] psci: Trusted OS migration not required
[    0.000000] psci: SMC Calling Convention v1.0
[    0.000000] percpu: Embedded 33 pages/cpu s96984 r8192 d29992 u135168
[    0.000000] Detected PIPT I-cache on CPU0
[    0.000000] CPU features: detected: Spectre-v4
[    0.000000] CPU features: detected: Spectre-BHB
[    0.000000] CPU features: detected: Broken broadcast TLBI completion
[    0.000000] CPU features: detected: SSBS not fully self-synchronizing
[    0.000000] alternatives: applying boot alternatives
[    0.000000] Kernel command line: root=/dev/vda rw console=ttyAMA0 initrd=initrd
[    0.000000] Dentry cache hash table entries: 262144 (order: 9, 2097152 bytes, linear)
[    0.000000] Inode-cache hash table entries: 131072 (order: 8, 1048576 bytes, linear)
[    0.000000] Fallback order for Node 0: 0 
[    0.000000] Built 1 zonelists, mobility grouping on.  Total pages: 524288
[    0.000000] Policy zone: DMA
[    0.000000] mem auto-init: stack:all(zero), heap alloc:on, heap free:off
[    0.000000] software IO TLB: SWIOTLB bounce buffer size adjusted to 2MB
[    0.000000] software IO TLB: area num 2.
[    0.000000] software IO TLB: mapped [mem 0x00000000bf2b4000-0x00000000bf4b4000] (2MB)
[    0.000000] SLUB: HWalign=64, Order=0-3, MinObjects=0, CPUs=2, Nodes=1
[    0.000000] Dynamic Preempt: none
[    0.000000] rcu: Preemptible hierarchical RCU implementation.
[    0.000000] rcu: 	RCU restricting CPUs from NR_CPUS=4096 to nr_cpu_ids=2.
[    0.000000] 	Trampoline variant of Tasks RCU enabled.
[    0.000000] 	Tracing variant of Tasks RCU enabled.
[    0.000000] rcu: RCU calculated value of scheduler-enlistment delay is 10 jiffies.
[    0.000000] rcu: Adjusting geometry for rcu_fanout_leaf=16, nr_cpu_ids=2
[    0.000000] RCU Tasks: Setting shift to 1 and lim to 1 rcu_task_cb_adjust=1 rcu_task_cpu_ids=2.
[    0.000000] RCU Tasks Trace: Setting shift to 1 and lim to 1 rcu_task_cb_adjust=1 rcu_task_cpu_ids=2.
[    0.000000] NR_IRQS: 64, nr_irqs: 64, preallocated irqs: 0
[    0.000000] Root IRQ handler: gic_handle_irq
[    0.000000] GICv2m: ACPI overriding V2M MSI_TYPER (base:80, num:64)
[    0.000000] GICv2m: range[mem 0x08020000-0x08020fff], SPI[80:143]
[    0.000000] rcu: srcu_init: Setting srcu_struct sizes based on contention.
[    0.000000] clocksource: jiffies: mask: 0xffffffff max_cycles: 0xffffffff, max_idle_ns: 19112604462750000 ns
[    0.000000] arch_timer: cp15 timer(s) running at 62.50MHz (virt).
[    0.000000] clocksource: arch_sys_counter: mask: 0x1ffffffffffffff max_cycles: 0x1cd42e208c, max_idle_ns: 881590405314 ns
[    0.011044] sched_clock: 57 bits at 63MHz, resolution 16ns, wraps every 4398046511096ns
[    0.292173] kfence: initialized - using 2097152 bytes for 255 objects at 0x(____ptrval____)-0x(____ptrval____)
[    0.938340] Console: colour dummy device 80x25
[    1.059388] ACPI: Core revision 20240827
[    1.184820] Calibrating delay loop (skipped), value calculated using timer frequency.. 125.00 BogoMIPS (lpj=625000)
[    1.192883] pid_max: default: 32768 minimum: 301
[    1.414582] LSM: initializing lsm=lockdown,capability,landlock
[    1.514542] landlock: Up and running.
[    1.600113] Mount-cache hash table entries: 4096 (order: 3, 32768 bytes, linear)
[    1.605525] Mountpoint-cache hash table entries: 4096 (order: 3, 32768 bytes, linear)
[    3.962744] rcu: Hierarchical SRCU implementation.
[    3.963652] rcu: 	Max phase no-delay instances is 1000.
[    4.151034] Timer migration: 1 hierarchy levels; 8 children per group; 1 crossnode level
[    4.462877] Remapping and enabling EFI services.
[    4.659922] smp: Bringing up secondary CPUs ...
[    4.754627] Detected PIPT I-cache on CPU1
[    4.773413] CPU1: Booted secondary processor 0x0000000001 [0x414fd0b1]
[    5.113666] smp: Brought up 1 node, 2 CPUs
[    5.114169] SMP: Total of 2 processors activated.
[    5.114659] CPU: All CPU(s) started at EL1
[    5.118616] CPU features: detected: 32-bit EL0 Support
[    5.122807] CPU features: detected: Data cache clean to the PoU not required for I/D coherence
[    5.146666] CPU features: detected: Common not Private translations
[    5.146828] CPU features: detected: CRC32 instructions
[    5.149039] CPU features: detected: RCpc load-acquire (LDAPR)
[    5.149547] CPU features: detected: LSE atomic instructions
[    5.149621] CPU features: detected: Privileged Access Never
[    5.149669] CPU features: detected: RAS Extension Support
[    5.150872] CPU features: detected: Speculative Store Bypassing Safe (SSBS)
[    5.918593] alternatives: applying system-wide alternatives
[    7.678704] CPU features: detected: Hardware dirty bit management on CPU0-1
[    9.049083] Memory: 2003472K/2097152K available (12608K kernel code, 1950K rwdata, 7812K rodata, 1920K init, 9305K bss, 89376K reserved, 0K cma-reserved)
[   11.030482] devtmpfs: initialized
[   11.944604] futex hash table entries: 512 (order: 3, 32768 bytes, linear)
[   11.962250] 24304 pages in range for non-PLT usage
[   11.963091] 515824 pages in range for PLT usage
[   12.128477] pinctrl core: initialized pinctrl subsystem
[   12.410330] SMBIOS 3.0.0 present.
[   12.416114] DMI: QEMU QEMU Virtual Machine, BIOS edk2-stable202408-prebuilt.qemu.org 08/13/2024
[   12.422646] DMI: Memory slots populated: 1/1
[   13.198979] NET: Registered PF_NETLINK/PF_ROUTE protocol family
[   13.381712] DMA: preallocated 256 KiB GFP_KERNEL pool for atomic allocations
[   13.395315] DMA: preallocated 256 KiB GFP_KERNEL|GFP_DMA pool for atomic allocations
[   13.399117] DMA: preallocated 256 KiB GFP_KERNEL|GFP_DMA32 pool for atomic allocations
[   13.427378] audit: initializing netlink subsys (disabled)
[   13.466944] audit: type=2000 audit(4.890:1): state=initialized audit_enabled=0 res=1
[   13.661974] thermal_sys: Registered thermal governor 'step_wise'
[   13.721338] cpuidle: using governor ladder
[   13.733300] cpuidle: using governor menu
[   13.808388] hw-breakpoint: found 6 breakpoint and 4 watchpoint registers.
[   13.821108] ASID allocator initialised with 65536 entries
[   13.834725] acpiphp: ACPI Hot Plug PCI Controller Driver version: 0.5
[   13.879288] Serial: AMBA PL011 UART driver
[   14.093865] HugeTLB: registered 1.00 GiB page size, pre-allocated 0 pages
[   14.094200] HugeTLB: 0 KiB vmemmap can be freed for a 1.00 GiB page
[   14.095416] HugeTLB: registered 32.0 MiB page size, pre-allocated 0 pages
[   14.095558] HugeTLB: 0 KiB vmemmap can be freed for a 32.0 MiB page
[   14.095662] HugeTLB: registered 2.00 MiB page size, pre-allocated 0 pages
[   14.095721] HugeTLB: 0 KiB vmemmap can be freed for a 2.00 MiB page
[   14.095805] HugeTLB: registered 64.0 KiB page size, pre-allocated 0 pages
[   14.095893] HugeTLB: 0 KiB vmemmap can be freed for a 64.0 KiB page
[   14.680683] ACPI: Added _OSI(Module Device)
[   14.682613] ACPI: Added _OSI(Processor Device)
[   14.682760] ACPI: Added _OSI(Processor Aggregator Device)
[   15.142670] ACPI: 1 ACPI AML tables successfully acquired and loaded
[   15.663185] ACPI: Interpreter enabled
[   15.663621] ACPI: Using GIC for interrupt routing
[   15.672629] ACPI: MCFG table detected, 1 entries
[   17.180640] ACPI: CPU0 has been hot-added
[   17.212631] ACPI: CPU1 has been hot-added
[   17.965579] ARMH0011:00: ttyAMA0 at MMIO 0x9000000 (irq = 12, base_baud = 0) is a SBSA
[   17.984813] printk: legacy console [ttyAMA0] enabled
[   21.009346] ACPI: PCI: Interrupt link L000 configured for IRQ 35
[   21.049673] ACPI: PCI: Interrupt link L001 configured for IRQ 36
[   21.058839] ACPI: PCI: Interrupt link L002 configured for IRQ 37
[   21.071282] ACPI: PCI: Interrupt link L003 configured for IRQ 38
[   21.078233] ACPI: PCI Root Bridge [PCI0] (domain 0000 [bus 00-ff])
[   21.224764] acpi PNP0A08:00: _OSC: OS supports [ExtendedConfig ASPM ClockPM Segments MSI HPX-Type3]
[   21.649894] acpi PNP0A08:00: _OSC: platform does not support [LTR]
[   21.691844] acpi PNP0A08:00: _OSC: OS now controls [PCIeHotplug PME PCIeCapability]
[   21.850177] acpi PNP0A08:00: ECAM area [mem 0x4010000000-0x401fffffff] reserved by PNP0C02:00
[   21.862100] acpi PNP0A08:00: ECAM at [mem 0x4010000000-0x401fffffff] for [bus 00-ff]
[   21.914886] ACPI: Remapped I/O 0x000000003eff0000 to [io  0x0000-0xffff window]
[   22.055452] PCI host bridge to bus 0000:00
[   22.107878] pci_bus 0000:00: root bus resource [mem 0x10000000-0x3efeffff window]
[   22.112148] pci_bus 0000:00: root bus resource [io  0x0000-0xffff window]
[   22.115099] pci_bus 0000:00: root bus resource [mem 0x8000000000-0xffffffffff window]
[   22.120295] pci_bus 0000:00: root bus resource [bus 00-ff]
[   22.195820] pci 0000:00:00.0: [1b36:0008] type 00 class 0x060000 conventional PCI endpoint
[   22.384405] pci 0000:00:01.0: [1af4:1000] type 00 class 0x020000 conventional PCI endpoint
[   22.400864] pci 0000:00:01.0: BAR 0 [io  0x0080-0x009f]
[   22.412714] pci 0000:00:01.0: BAR 1 [mem 0x10041000-0x10041fff]
[   22.416766] pci 0000:00:01.0: BAR 4 [mem 0x8000000000-0x8000003fff 64bit pref]
[   22.427858] pci 0000:00:01.0: ROM [mem 0xfffc0000-0xffffffff pref]
[   22.533438] pci 0000:00:02.0: [1af4:1001] type 00 class 0x010000 conventional PCI endpoint
[   22.540113] pci 0000:00:02.0: BAR 0 [io  0x0000-0x007f]
[   22.541755] pci 0000:00:02.0: BAR 1 [mem 0x10040000-0x10040fff]
[   22.543534] pci 0000:00:02.0: BAR 4 [mem 0x8000004000-0x8000007fff 64bit pref]
[   22.647505] pci 0000:00:01.0: ROM [mem 0x10000000-0x1003ffff pref]: assigned
[   22.665134] pci 0000:00:01.0: BAR 4 [mem 0x8000000000-0x8000003fff 64bit pref]: assigned
[   22.838441] pci 0000:00:02.0: BAR 4 [mem 0x8000004000-0x8000007fff 64bit pref]: assigned
[   22.840631] pci 0000:00:01.0: BAR 1 [mem 0x10040000-0x10040fff]: assigned
[   22.842391] pci 0000:00:02.0: BAR 1 [mem 0x10041000-0x10041fff]: assigned
[   22.860823] pci 0000:00:02.0: BAR 0 [io  0x1000-0x107f]: assigned
[   22.863169] pci 0000:00:01.0: BAR 0 [io  0x1080-0x109f]: assigned
[   22.874629] pci_bus 0000:00: resource 4 [mem 0x10000000-0x3efeffff window]
[   22.877036] pci_bus 0000:00: resource 5 [io  0x0000-0xffff window]
[   22.880790] pci_bus 0000:00: resource 6 [mem 0x8000000000-0xffffffffff window]
[   23.107454] iommu: Default domain type: Translated
[   23.109109] iommu: DMA domain TLB invalidation policy: lazy mode
[   23.916999] efivars: Registered efivars operations
[   25.803553] clocksource: Switched to clocksource arch_sys_counter
[   26.151325] VFS: Disk quotas dquot_6.6.0
[   26.159642] VFS: Dquot-cache hash table entries: 512 (order 0, 4096 bytes)
[   27.044342] pnp: PnP ACPI init
[   27.146935] system 00:00: [mem 0x4010000000-0x401fffffff window] could not be reserved
[   27.198921] pnp: PnP ACPI: found 1 devices
[   28.205706] NET: Registered PF_INET protocol family
[   28.241692] IP idents hash table entries: 32768 (order: 6, 262144 bytes, linear)
[   30.263467] tcp_listen_portaddr_hash hash table entries: 1024 (order: 2, 16384 bytes, linear)
[   30.275617] Table-perturb hash table entries: 65536 (order: 6, 262144 bytes, linear)
[   30.282389] TCP established hash table entries: 16384 (order: 5, 131072 bytes, linear)
[   30.298272] TCP bind hash table entries: 16384 (order: 7, 524288 bytes, linear)
[   30.312501] TCP: Hash tables configured (established 16384 bind 16384)
[   30.448447] hrtimer: interrupt took 60309600 ns
[   30.469077] MPTCP token hash table entries: 2048 (order: 4, 49152 bytes, linear)
[   30.494266] UDP hash table entries: 1024 (order: 3, 32768 bytes, linear)
[   30.511962] UDP-Lite hash table entries: 1024 (order: 3, 32768 bytes, linear)
[   30.593937] NET: Registered PF_UNIX/PF_LOCAL protocol family
[   30.607579] NET: Registered PF_XDP protocol family
[   30.622495] PCI: CLS 0 bytes, default 64
[   30.699817] kvm [1]: HYP mode not available
[   30.824867] Initialise system trusted keyrings
[   30.932168] workingset: timestamp_bits=44 max_order=19 bucket_order=0
[   30.951174] Unpacking initramfs...
[   32.512689] Key type asymmetric registered
[   32.517325] Asymmetric key parser 'x509' registered
[   32.532491] Block layer SCSI generic (bsg) driver version 0.4 loaded (major 249)
[   32.559073] io scheduler mq-deadline registered
[   32.561836] io scheduler kyber registered
[   32.606575] io scheduler bfq registered
[   33.280814] ACPI: \_SB_.L001: Enabled at IRQ 36
[   33.415517] virtio-pci 0000:00:01.0: enabling device (0000 -> 0003)
[   33.575813] ACPI: \_SB_.L002: Enabled at IRQ 37
[   33.582727] virtio-pci 0000:00:02.0: enabling device (0000 -> 0003)
[   33.697246] Serial: 8250/16550 driver, 4 ports, IRQ sharing enabled
[   34.115796] hv_vmbus: registering driver hyperv_keyboard
[   34.312158] rtc-efi rtc-efi.0: registered as rtc0
[   34.346652] rtc-efi rtc-efi.0: setting system clock to 2026-08-21T10:50:40 UTC (1787309440)
[   34.625399] NET: Registered PF_INET6 protocol family
[   35.017389] Segment Routing with IPv6
[   35.031839] In-situ OAM (IOAM) with IPv6
[   36.033403] registered taskstats version 1
[   36.159024] Loading compiled-in X.509 certificates
[   40.921817] Freeing initrd memory: 5180K
[   46.341321] Loaded X.509 cert 'alpinelinux.org: Alpine Linux kernel key: 87fa969a47f3e2a6aa35859eb932a17c95abcd82'
[   47.049098] Demotion targets for Node 0: null
[   47.100516] Key type .fscrypt registered
[   47.107094] Key type fscrypt-provisioning registered
[   47.900116] clk: Disabling unused clocks
[   47.922117] PM: genpd: Disabling unused power domains
[   51.614402] Freeing unused kernel memory: 1920K
[   51.675662] Run /init as init process
[   61.281911] Alpine Init 3.11.1-r0
Alpine Init 3.11.1-r0
[   61.593743] Loading boot drivers...
 * Loading boot drivers: [   64.037951] Loading boot drivers: ok.
ok.
SIMBOOT: kernel=6.12.103-0-virt
[   67.330314] Invalid ELF header magic: != ELF
[   68.693791] virtio_blk virtio1: 2/0/0 default/read/poll queues
[   69.939716] virtio_blk virtio1: [vda] 1411072 512-byte logical blocks (722 MB/689 MiB)
[   71.133503] Invalid ELF header magic: != ELF
[   71.631444] Invalid ELF header magic: != ELF
[   72.109613] Invalid ELF header magic: != ELF
[   72.571463] Invalid ELF header magic: != ELF
[   74.177157] Invalid ELF header magic: != ELF
[   86.336564] EXT4-fs (vda): mounted filesystem 1799a7eb-09df-4b80-8c57-0424de58e445 r/w with ordered data mode. Quota mode: none.
SIMBOOT: root mounted rw, running real mfp.afx
=== MFP FIRST RUN (real firmware) ===
set output level<5><DEBUG>
<plog_set_level> set log tage <0> level <5> <DEBUG>
1 mfp process plog lib init 
pntp socket client init 
[  127.244851] random: crng init done
error:miss key;line:=
binder: cannot open device (No such file or directory)
binder: cannot open device (No such file or directory)
