UEFI firmware (version edk2-stable202408-prebuilt.qemu.org built at 16:28:50 on Sep 12 2024)
ArmTrngLib could not be correctly initialized.
Error: Image at 0013FDB6000 start failed: 00000001
Error: Image at 0013FD6D000 start failed: Not Found
Error: Image at 0013FCBA000 start failed: Unsupported
Error: Image at 0013FB5E000 start failed: Aborted
Tpm2SubmitCommand - Tcg2 - Not Found
Tpm2GetCapabilityPcrs fail!
Tpm2SubmitCommand - Tcg2 - Not Found
Image type X64 can't be loaded on AARCH64 UEFI system.
[2J[01;01H[=3h[2J[01;01H[2J[01;01H[=3h[2J[01;01HEFI stub: Decompressing Linux Kernel...
EFI stub: Loaded initrd from LINUX_EFI_INITRD_MEDIA_GUID device path
EFI stub: Generating empty DTB
EFI stub: Exiting boot services...
[    0.000000] Booting Linux on physical CPU 0x0000000000 [0x414fd0b1]
[    0.000000] Linux version 6.12.103-0-virt (buildozer@build-3-21-aarch64) (gcc (Alpine 14.2.0) 14.2.0, GNU ld (GNU Binutils) 2.43.1) #1-Alpine SMP PREEMPT_DYNAMIC 2026-08-10 14:25:03
[    0.000000] efi: EFI v2.7 by EDK II
[    0.000000] efi: SMBIOS 3.0=0x13fed0000 MEMATTR=0x13e176018 ACPI 2.0=0x13cb43018 INITRD=0x13cb40f18 MEMRESERVE=0x13cb40f98 
[    0.000000] ACPI: Early table checksum verification disabled
[    0.000000] ACPI: RSDP 0x000000013CB43018 000024 (v02 BOCHS )
[    0.000000] ACPI: XSDT 0x000000013CB43F18 000064 (v01 BOCHS  BXPC     00000001      01000013)
[    0.000000] ACPI: FACP 0x000000013CB43B18 000114 (v06 BOCHS  BXPC     00000001 BXPC 00000001)
[    0.000000] ACPI: DSDT 0x000000013CB41018 001506 (v02 BOCHS  BXPC     00000001 BXPC 00000001)
[    0.000000] ACPI: APIC 0x000000013CB43C98 0000FC (v04 BOCHS  BXPC     00000001 BXPC 00000001)
[    0.000000] ACPI: PPTT 0x000000013CB43E18 000074 (v02 BOCHS  BXPC     00000001 BXPC 00000001)
[    0.000000] ACPI: GTDT 0x000000013CB43098 000068 (v03 BOCHS  BXPC     00000001 BXPC 00000001)
[    0.000000] ACPI: MCFG 0x000000013CB43A98 00003C (v01 BOCHS  BXPC     00000001 BXPC 00000001)
[    0.000000] ACPI: SPCR 0x000000013CB43818 000050 (v02 BOCHS  BXPC     00000001 BXPC 00000001)
[    0.000000] ACPI: DBG2 0x000000013CB43A18 000057 (v00 BOCHS  BXPC     00000001 BXPC 00000001)
[    0.000000] ACPI: IORT 0x000000013CB43898 000054 (v05 BOCHS  BXPC     00000001 BXPC 00000001)
[    0.000000] ACPI: SPCR: console: pl011,mmio32,0x9000000,9600
[    0.000000] ACPI: Use ACPI SPCR as default console: Yes
[    0.000000] NUMA: Faking a node at [mem 0x0000000040000000-0x000000013fffffff]
[    0.000000] NODE_DATA(0) allocated [mem 0x13f453b80-0x13f455fff]
[    0.000000] Zone ranges:
[    0.000000]   DMA      [mem 0x0000000040000000-0x00000000ffffffff]
[    0.000000]   DMA32    empty
[    0.000000]   Normal   [mem 0x0000000100000000-0x000000013fffffff]
[    0.000000] Movable zone start for each node
[    0.000000] Early memory node ranges
[    0.000000]   node   0: [mem 0x0000000040000000-0x000000013c76ffff]
[    0.000000]   node   0: [mem 0x000000013c770000-0x000000013cb3ffff]
[    0.000000]   node   0: [mem 0x000000013cb40000-0x000000013fe1ffff]
[    0.000000]   node   0: [mem 0x000000013fe20000-0x000000013feaffff]
[    0.000000]   node   0: [mem 0x000000013feb0000-0x000000013febffff]
[    0.000000]   node   0: [mem 0x000000013fec0000-0x000000013ffdffff]
[    0.000000]   node   0: [mem 0x000000013ffe0000-0x000000013fffffff]
[    0.000000] Initmem setup node 0 [mem 0x0000000040000000-0x000000013fffffff]
[    0.000000] psci: probing for conduit method from ACPI.
[    0.000000] psci: PSCIv1.1 detected in firmware.
[    0.000000] psci: Using standard PSCI v0.2 function IDs
[    0.000000] psci: Trusted OS migration not required
[    0.000000] psci: SMC Calling Convention v1.0
[    0.000000] percpu: Embedded 33 pages/cpu s96984 r8192 d29992 u135168
[    0.000000] Detected PIPT I-cache on CPU0
[    0.000000] CPU features: detected: Spectre-v4
[    0.000000] CPU features: detected: Spectre-BHB
[    0.000000] CPU features: detected: Broken broadcast TLBI completion
[    0.000000] CPU features: detected: SSBS not fully self-synchronizing
[    0.000000] alternatives: applying boot alternatives
[    0.000000] Kernel command line: root=/dev/vda rw console=ttyAMA0 initrd=initrd
[    0.000000] Dentry cache hash table entries: 524288 (order: 10, 4194304 bytes, linear)
[    0.000000] Inode-cache hash table entries: 262144 (order: 9, 2097152 bytes, linear)
[    0.000000] Fallback order for Node 0: 0 
[    0.000000] Built 1 zonelists, mobility grouping on.  Total pages: 1048576
[    0.000000] Policy zone: Normal
[    0.000000] mem auto-init: stack:all(zero), heap alloc:on, heap free:off
[    0.000000] software IO TLB: area num 2.
[    0.000000] software IO TLB: mapped [mem 0x00000000fbfff000-0x00000000fffff000] (64MB)
[    0.000000] SLUB: HWalign=64, Order=0-3, MinObjects=0, CPUs=2, Nodes=1
[    0.000000] Dynamic Preempt: none
[    0.000000] rcu: Preemptible hierarchical RCU implementation.
[    0.000000] rcu: 	RCU restricting CPUs from NR_CPUS=4096 to nr_cpu_ids=2.
[    0.000000] 	Trampoline variant of Tasks RCU enabled.
[    0.000000] 	Tracing variant of Tasks RCU enabled.
[    0.000000] rcu: RCU calculated value of scheduler-enlistment delay is 10 jiffies.
[    0.000000] rcu: Adjusting geometry for rcu_fanout_leaf=16, nr_cpu_ids=2
[    0.000000] RCU Tasks: Setting shift to 1 and lim to 1 rcu_task_cb_adjust=1 rcu_task_cpu_ids=2.
[    0.000000] RCU Tasks Trace: Setting shift to 1 and lim to 1 rcu_task_cb_adjust=1 rcu_task_cpu_ids=2.
[    0.000000] NR_IRQS: 64, nr_irqs: 64, preallocated irqs: 0
[    0.000000] Root IRQ handler: gic_handle_irq
[    0.000000] GICv2m: ACPI overriding V2M MSI_TYPER (base:80, num:64)
[    0.000000] GICv2m: range[mem 0x08020000-0x08020fff], SPI[80:143]
[    0.000000] rcu: srcu_init: Setting srcu_struct sizes based on contention.
[    0.000000] clocksource: jiffies: mask: 0xffffffff max_cycles: 0xffffffff, max_idle_ns: 19112604462750000 ns
[    0.000000] arch_timer: cp15 timer(s) running at 62.50MHz (virt).
[    0.000000] clocksource: arch_sys_counter: mask: 0x1ffffffffffffff max_cycles: 0x1cd42e208c, max_idle_ns: 881590405314 ns
[    0.000123] sched_clock: 57 bits at 63MHz, resolution 16ns, wraps every 4398046511096ns
[    0.013004] kfence: initialized - using 2097152 bytes for 255 objects at 0x(____ptrval____)-0x(____ptrval____)
[    0.033827] Console: colour dummy device 80x25
[    0.046967] ACPI: Core revision 20240827
[    0.058786] Calibrating delay loop (skipped), value calculated using timer frequency.. 125.00 BogoMIPS (lpj=625000)
[    0.059094] pid_max: default: 32768 minimum: 301
[    0.073574] LSM: initializing lsm=lockdown,capability,landlock
[    0.079666] landlock: Up and running.
[    0.085861] Mount-cache hash table entries: 8192 (order: 4, 65536 bytes, linear)
[    0.086068] Mountpoint-cache hash table entries: 8192 (order: 4, 65536 bytes, linear)
[    0.220864] rcu: Hierarchical SRCU implementation.
[    0.222801] rcu: 	Max phase no-delay instances is 1000.
[    0.229767] Timer migration: 1 hierarchy levels; 8 children per group; 1 crossnode level
[    0.247075] Remapping and enabling EFI services.
[    0.258922] smp: Bringing up secondary CPUs ...
[    0.268528] Detected PIPT I-cache on CPU1
[    0.270144] CPU1: Booted secondary processor 0x0000000001 [0x414fd0b1]
[    0.282971] smp: Brought up 1 node, 2 CPUs
[    0.283037] SMP: Total of 2 processors activated.
[    0.283092] CPU: All CPU(s) started at EL1
[    0.283464] CPU features: detected: 32-bit EL0 Support
[    0.283565] CPU features: detected: Data cache clean to the PoU not required for I/D coherence
[    0.283648] CPU features: detected: Common not Private translations
[    0.283659] CPU features: detected: CRC32 instructions
[    0.284033] CPU features: detected: RCpc load-acquire (LDAPR)
[    0.284111] CPU features: detected: LSE atomic instructions
[    0.284123] CPU features: detected: Privileged Access Never
[    0.284131] CPU features: detected: RAS Extension Support
[    0.284209] CPU features: detected: Speculative Store Bypassing Safe (SSBS)
[    0.316289] alternatives: applying system-wide alternatives
[    0.341902] CPU features: detected: Hardware dirty bit management on CPU0-1
[    0.379539] Memory: 3995976K/4194304K available (12608K kernel code, 1950K rwdata, 7812K rodata, 1920K init, 9305K bss, 193644K reserved, 0K cma-reserved)
[    0.449244] devtmpfs: initialized
[    0.503304] futex hash table entries: 512 (order: 3, 32768 bytes, linear)
[    0.508914] 24304 pages in range for non-PLT usage
[    0.509045] 515824 pages in range for PLT usage
[    0.517118] pinctrl core: initialized pinctrl subsystem
[    0.532167] SMBIOS 3.0.0 present.
[    0.532771] DMI: QEMU QEMU Virtual Machine, BIOS edk2-stable202408-prebuilt.qemu.org 08/13/2024
[    0.533235] DMI: Memory slots populated: 1/1
[    0.585423] NET: Registered PF_NETLINK/PF_ROUTE protocol family
[    0.601439] DMA: preallocated 512 KiB GFP_KERNEL pool for atomic allocations
[    0.603022] DMA: preallocated 512 KiB GFP_KERNEL|GFP_DMA pool for atomic allocations
[    0.603843] DMA: preallocated 512 KiB GFP_KERNEL|GFP_DMA32 pool for atomic allocations
[    0.606339] audit: initializing netlink subsys (disabled)
[    0.617966] audit: type=2000 audit(0.480:1): state=initialized audit_enabled=0 res=1
[    0.629227] thermal_sys: Registered thermal governor 'step_wise'
[    0.634369] cpuidle: using governor ladder
[    0.634780] cpuidle: using governor menu
[    0.642616] hw-breakpoint: found 6 breakpoint and 4 watchpoint registers.
[    0.644106] ASID allocator initialised with 65536 entries
[    0.646007] acpiphp: ACPI Hot Plug PCI Controller Driver version: 0.5
[    0.648748] Serial: AMBA PL011 UART driver
[    0.681239] HugeTLB: registered 1.00 GiB page size, pre-allocated 0 pages
[    0.681304] HugeTLB: 0 KiB vmemmap can be freed for a 1.00 GiB page
[    0.681330] HugeTLB: registered 32.0 MiB page size, pre-allocated 0 pages
[    0.681339] HugeTLB: 0 KiB vmemmap can be freed for a 32.0 MiB page
[    0.681353] HugeTLB: registered 2.00 MiB page size, pre-allocated 0 pages
[    0.681361] HugeTLB: 0 KiB vmemmap can be freed for a 2.00 MiB page
[    0.681372] HugeTLB: registered 64.0 KiB page size, pre-allocated 0 pages
[    0.681379] HugeTLB: 0 KiB vmemmap can be freed for a 64.0 KiB page
[    0.726237] ACPI: Added _OSI(Module Device)
[    0.726354] ACPI: Added _OSI(Processor Device)
[    0.726370] ACPI: Added _OSI(Processor Aggregator Device)
[    0.776919] ACPI: 1 ACPI AML tables successfully acquired and loaded
[    0.845756] ACPI: Interpreter enabled
[    0.845946] ACPI: Using GIC for interrupt routing
[    0.846969] ACPI: MCFG table detected, 1 entries
[    0.950813] ACPI: CPU0 has been hot-added
[    0.951953] ACPI: CPU1 has been hot-added
[    0.981563] ARMH0011:00: ttyAMA0 at MMIO 0x9000000 (irq = 12, base_baud = 0) is a SBSA
[    0.983613] printk: legacy console [ttyAMA0] enabled
[    1.165691] ACPI: PCI: Interrupt link L000 configured for IRQ 35
[    1.166477] ACPI: PCI: Interrupt link L001 configured for IRQ 36
[    1.166922] ACPI: PCI: Interrupt link L002 configured for IRQ 37
[    1.167958] ACPI: PCI: Interrupt link L003 configured for IRQ 38
[    1.169321] ACPI: PCI Root Bridge [PCI0] (domain 0000 [bus 00-ff])
[    1.175272] acpi PNP0A08:00: _OSC: OS supports [ExtendedConfig ASPM ClockPM Segments MSI HPX-Type3]
[    1.184888] acpi PNP0A08:00: _OSC: platform does not support [LTR]
[    1.186108] acpi PNP0A08:00: _OSC: OS now controls [PCIeHotplug PME PCIeCapability]
[    1.195644] acpi PNP0A08:00: ECAM area [mem 0x4010000000-0x401fffffff] reserved by PNP0C02:00
[    1.196706] acpi PNP0A08:00: ECAM at [mem 0x4010000000-0x401fffffff] for [bus 00-ff]
[    1.198917] ACPI: Remapped I/O 0x000000003eff0000 to [io  0x0000-0xffff window]
[    1.208552] PCI host bridge to bus 0000:00
[    1.209469] pci_bus 0000:00: root bus resource [mem 0x10000000-0x3efeffff window]
[    1.209931] pci_bus 0000:00: root bus resource [io  0x0000-0xffff window]
[    1.210258] pci_bus 0000:00: root bus resource [mem 0x8000000000-0xffffffffff window]
[    1.210657] pci_bus 0000:00: root bus resource [bus 00-ff]
[    1.213010] pci 0000:00:00.0: [1b36:0008] type 00 class 0x060000 conventional PCI endpoint
[    1.220387] pci 0000:00:01.0: [8086:100e] type 00 class 0x020000 conventional PCI endpoint
[    1.223959] pci 0000:00:01.0: BAR 0 [mem 0x10040000-0x1005ffff]
[    1.224658] pci 0000:00:01.0: BAR 1 [io  0x0080-0x00bf]
[    1.225475] pci 0000:00:01.0: ROM [mem 0xfffc0000-0xffffffff pref]
[    1.227801] pci 0000:00:02.0: [1af4:1001] type 00 class 0x010000 conventional PCI endpoint
[    1.228353] pci 0000:00:02.0: BAR 0 [io  0x0000-0x007f]
[    1.228649] pci 0000:00:02.0: BAR 1 [mem 0x10060000-0x10060fff]
[    1.229061] pci 0000:00:02.0: BAR 4 [mem 0x8000000000-0x8000003fff 64bit pref]
[    1.234560] pci 0000:00:01.0: ROM [mem 0x10000000-0x1003ffff pref]: assigned
[    1.235341] pci 0000:00:01.0: BAR 0 [mem 0x10040000-0x1005ffff]: assigned
[    1.236163] pci 0000:00:02.0: BAR 4 [mem 0x8000000000-0x8000003fff 64bit pref]: assigned
[    1.236838] pci 0000:00:02.0: BAR 1 [mem 0x10060000-0x10060fff]: assigned
[    1.237204] pci 0000:00:02.0: BAR 0 [io  0x1000-0x107f]: assigned
[    1.240924] pci 0000:00:01.0: BAR 1 [io  0x1080-0x10bf]: assigned
[    1.242091] pci_bus 0000:00: resource 4 [mem 0x10000000-0x3efeffff window]
[    1.242546] pci_bus 0000:00: resource 5 [io  0x0000-0xffff window]
[    1.242870] pci_bus 0000:00: resource 6 [mem 0x8000000000-0xffffffffff window]
[    1.251037] iommu: Default domain type: Translated
[    1.251465] iommu: DMA domain TLB invalidation policy: lazy mode
[    1.270720] efivars: Registered efivars operations
[    1.302819] clocksource: Switched to clocksource arch_sys_counter
[    1.316141] VFS: Disk quotas dquot_6.6.0
[    1.317404] VFS: Dquot-cache hash table entries: 512 (order 0, 4096 bytes)
[    1.330210] pnp: PnP ACPI init
[    1.334962] system 00:00: [mem 0x4010000000-0x401fffffff window] could not be reserved
[    1.335739] pnp: PnP ACPI: found 1 devices
[    1.409818] NET: Registered PF_INET protocol family
[    1.412377] IP idents hash table entries: 65536 (order: 7, 524288 bytes, linear)
[    1.517029] tcp_listen_portaddr_hash hash table entries: 2048 (order: 3, 32768 bytes, linear)
[    1.517635] Table-perturb hash table entries: 65536 (order: 6, 262144 bytes, linear)
[    1.518171] TCP established hash table entries: 32768 (order: 6, 262144 bytes, linear)
[    1.520891] TCP bind hash table entries: 32768 (order: 8, 1048576 bytes, linear)
[    1.525660] TCP: Hash tables configured (established 32768 bind 32768)
[    1.530213] MPTCP token hash table entries: 4096 (order: 5, 98304 bytes, linear)
[    1.531279] UDP hash table entries: 2048 (order: 4, 65536 bytes, linear)
[    1.531907] UDP-Lite hash table entries: 2048 (order: 4, 65536 bytes, linear)
[    1.535471] NET: Registered PF_UNIX/PF_LOCAL protocol family
[    1.536350] NET: Registered PF_XDP protocol family
[    1.536965] PCI: CLS 0 bytes, default 64
[    1.546920] kvm [1]: HYP mode not available
[    1.550948] Unpacking initramfs...
[    1.552348] Initialise system trusted keyrings
[    1.562214] workingset: timestamp_bits=44 max_order=20 bucket_order=0
[    1.649204] Key type asymmetric registered
[    1.649625] Asymmetric key parser 'x509' registered
[    1.650489] Block layer SCSI generic (bsg) driver version 0.4 loaded (major 249)
[    1.652286] io scheduler mq-deadline registered
[    1.652960] io scheduler kyber registered
[    1.653689] io scheduler bfq registered
[    1.700666] ACPI: \_SB_.L002: Enabled at IRQ 37
[    1.701971] virtio-pci 0000:00:02.0: enabling device (0000 -> 0003)
[    1.715070] Serial: 8250/16550 driver, 4 ports, IRQ sharing enabled
[    1.740273] hv_vmbus: registering driver hyperv_keyboard
[    1.752065] rtc-efi rtc-efi.0: registered as rtc0
[    1.759019] rtc-efi rtc-efi.0: setting system clock to 2026-08-31T10:52:48 UTC (1788173568)
[    1.765979] NET: Registered PF_INET6 protocol family
[    1.787235] Segment Routing with IPv6
[    1.790593] In-situ OAM (IOAM) with IPv6
[    1.846476] Freeing initrd memory: 5268K
[    1.892348] registered taskstats version 1
[    1.898599] Loading compiled-in X.509 certificates
[    2.067813] Loaded X.509 cert 'alpinelinux.org: Alpine Linux kernel key: 87fa969a47f3e2a6aa35859eb932a17c95abcd82'
[    2.095673] Demotion targets for Node 0: null
[    2.098676] Key type .fscrypt registered
[    2.098961] Key type fscrypt-provisioning registered
[    2.136559] clk: Disabling unused clocks
[    2.137297] PM: genpd: Disabling unused power domains
[    2.215482] Freeing unused kernel memory: 1920K
[    2.217800] Run /init as init process
[    2.433586] Alpine Init 3.11.1-r0
Alpine Init 3.11.1-r0
[    2.445212] Loading boot drivers...
 * Loading boot drivers: [    2.511722] Loading boot drivers: ok.
ok.
SIMBOOT: kernel=6.12.103-0-virt
[    2.607892] Invalid ELF header magic: != ELF
[    2.642104] virtio_blk virtio0: 2/0/0 default/read/poll queues
[    2.666459] virtio_blk virtio0: [vda] 1411072 512-byte logical blocks (722 MB/689 MiB)
[    2.714685] Invalid ELF header magic: != ELF
[    2.734948] Invalid ELF header magic: != ELF
[    2.758390] Invalid ELF header magic: != ELF
[    2.781958] Invalid ELF header magic: != ELF
[    2.851673] Invalid ELF header magic: != ELF
[    3.058359] Invalid ELF header magic: != ELF
[    3.096685] e1000: Intel(R) PRO/1000 Network Driver
[    3.097029] e1000: Copyright (c) 1999-2006 Intel Corporation.
[    3.098989] ACPI: \_SB_.L001: Enabled at IRQ 36
[    3.099569] e1000 0000:00:01.0: enabling device (0000 -> 0003)
[    3.462595] e1000 0000:00:01.0 eth0: (PCI:33MHz:32-bit) 52:54:00:12:34:56
[    3.464745] e1000 0000:00:01.0 eth0: Intel(R) PRO/1000 Network Connection
Module                  Size  Used by    Not tainted
e1000                 163840  0 
ext4                  929792  0 
jbd2                  172032  1 ext4
mbcache                20480  1 ext4
crc32c_generic         12288  0 
crc16                  12288  1 ext4
virtio_blk             24576  0 
[    4.577940] EXT4-fs (vda): mounted filesystem 1799a7eb-09df-4b80-8c57-0424de58e445 r/w with ordered data mode. Quota mode: none.
SIMBOOT: root mounted rw, running real mfp.afx with binder stub
[   15.865737] e1000: eth0 NIC Link is Up 1000 Mbps Full Duplex, Flow Control: RX
=== VHAL: fetch toolchain ===
VHAL_WGET_TC_RC=0
-rw-r--r-- 1 root root 85323901 Aug 31 10:53 /tmp/musl-native.tar.gz
VHAL_WGET_SRC_RC=0
-rw-r--r-- 1 root root 12786 Aug 31 10:53 /tmp/virtual_hal.c
=== VHAL: extract ===
tar: invalid tar magic
VHAL_TAR_RC=1
ls: cannot access '/tmp/aarch64-linux-musl-native/bin/aarch64-linux-musl-gcc': No such file or directory
=== VHAL: compile ===
/bin/sh: line 5: /tmp/aarch64-linux-musl-native/bin/aarch64-linux-musl-gcc: No such file or directory
VHAL_GCC_RC=127
ls: cannot access '/lib/virtual_hal.so': No such file or directory
=== VHAL: done ===
MFP_PID=467
[   24.482578] random: crng init done
--- POLL 1: N=11 ---
[Thread debugging using libthread_db enabled]
Using host libthread_db library "/lib64/libthread_db.so.1".
0x0000ffff7e9475b0 in fstatat64 () from /lib64/libc.so.6
B4: 5c=0 7c=0 80=0 82=0
AF: 5c=1 7c=1 80=1 82=1
[Inferior 1 (process 467) detached]
--- POLL 2: N=22 ---
[Thread debugging using libthread_db enabled]
Using host libthread_db library "/lib64/libthread_db.so.1".
0x0000ffff7e8eb05c in ?? () from /lib64/libc.so.6
B4: 5c=1 7c=1 80=1 82=1
AF: 5c=1 7c=1 80=1 82=1
[Inferior 1 (process 467) detached]
