UEFI firmware (version edk2-stable202408-prebuilt.qemu.org built at 16:28:50 on Sep 12 2024)
ArmTrngLib could not be correctly initialized.
Error: Image at 0013FDB6000 start failed: 00000001
Error: Image at 0013FD6D000 start failed: Not Found
Error: Image at 0013FCBA000 start failed: Unsupported
Error: Image at 0013FB5E000 start failed: Aborted
Tpm2SubmitCommand - Tcg2 - Not Found
Tpm2GetCapabilityPcrs fail!
Tpm2SubmitCommand - Tcg2 - Not Found
Image type X64 can't be loaded on AARCH64 UEFI system.
[2J[01;01H[=3h[2J[01;01H[2J[01;01H[=3h[2J[01;01HEFI stub: Decompressing Linux Kernel...
EFI stub: Loaded initrd from LINUX_EFI_INITRD_MEDIA_GUID device path
EFI stub: Generating empty DTB
EFI stub: Exiting boot services...
[    0.000000] Booting Linux on physical CPU 0x0000000000 [0x414fd0b1]
[    0.000000] Linux version 6.12.103-0-virt (buildozer@build-3-21-aarch64) (gcc (Alpine 14.2.0) 14.2.0, GNU ld (GNU Binutils) 2.43.1) #1-Alpine SMP PREEMPT_DYNAMIC 2026-08-10 14:25:03
[    0.000000] efi: EFI v2.7 by EDK II
[    0.000000] efi: SMBIOS 3.0=0x13fed0000 MEMATTR=0x13e175018 ACPI 2.0=0x13cb43018 INITRD=0x13cb40f18 MEMRESERVE=0x13cb40f98 
[    0.000000] ACPI: Early table checksum verification disabled
[    0.000000] ACPI: RSDP 0x000000013CB43018 000024 (v02 BOCHS )
[    0.000000] ACPI: XSDT 0x000000013CB43F18 000064 (v01 BOCHS  BXPC     00000001      01000013)
[    0.000000] ACPI: FACP 0x000000013CB43B18 000114 (v06 BOCHS  BXPC     00000001 BXPC 00000001)
[    0.000000] ACPI: DSDT 0x000000013CB41018 001506 (v02 BOCHS  BXPC     00000001 BXPC 00000001)
[    0.000000] ACPI: APIC 0x000000013CB43C98 0000FC (v04 BOCHS  BXPC     00000001 BXPC 00000001)
[    0.000000] ACPI: PPTT 0x000000013CB43E18 000074 (v02 BOCHS  BXPC     00000001 BXPC 00000001)
[    0.000000] ACPI: GTDT 0x000000013CB43098 000068 (v03 BOCHS  BXPC     00000001 BXPC 00000001)
[    0.000000] ACPI: MCFG 0x000000013CB43A98 00003C (v01 BOCHS  BXPC     00000001 BXPC 00000001)
[    0.000000] ACPI: SPCR 0x000000013CB43818 000050 (v02 BOCHS  BXPC     00000001 BXPC 00000001)
[    0.000000] ACPI: DBG2 0x000000013CB43A18 000057 (v00 BOCHS  BXPC     00000001 BXPC 00000001)
[    0.000000] ACPI: IORT 0x000000013CB43898 000054 (v05 BOCHS  BXPC     00000001 BXPC 00000001)
[    0.000000] ACPI: SPCR: console: pl011,mmio32,0x9000000,9600
[    0.000000] ACPI: Use ACPI SPCR as default console: Yes
[    0.000000] NUMA: Faking a node at [mem 0x0000000040000000-0x000000013fffffff]
[    0.000000] NODE_DATA(0) allocated [mem 0x13f453b80-0x13f455fff]
[    0.000000] Zone ranges:
[    0.000000]   DMA      [mem 0x0000000040000000-0x00000000ffffffff]
[    0.000000]   DMA32    empty
[    0.000000]   Normal   [mem 0x0000000100000000-0x000000013fffffff]
[    0.000000] Movable zone start for each node
[    0.000000] Early memory node ranges
[    0.000000]   node   0: [mem 0x0000000040000000-0x000000013c76ffff]
[    0.000000]   node   0: [mem 0x000000013c770000-0x000000013cb3ffff]
[    0.000000]   node   0: [mem 0x000000013cb40000-0x000000013fe1ffff]
[    0.000000]   node   0: [mem 0x000000013fe20000-0x000000013feaffff]
[    0.000000]   node   0: [mem 0x000000013feb0000-0x000000013febffff]
[    0.000000]   node   0: [mem 0x000000013fec0000-0x000000013ffdffff]
[    0.000000]   node   0: [mem 0x000000013ffe0000-0x000000013fffffff]
[    0.000000] Initmem setup node 0 [mem 0x0000000040000000-0x000000013fffffff]
[    0.000000] psci: probing for conduit method from ACPI.
[    0.000000] psci: PSCIv1.1 detected in firmware.
[    0.000000] psci: Using standard PSCI v0.2 function IDs
[    0.000000] psci: Trusted OS migration not required
[    0.000000] psci: SMC Calling Convention v1.0
[    0.000000] percpu: Embedded 33 pages/cpu s96984 r8192 d29992 u135168
[    0.000000] Detected PIPT I-cache on CPU0
[    0.000000] CPU features: detected: Spectre-v4
[    0.000000] CPU features: detected: Spectre-BHB
[    0.000000] CPU features: detected: Broken broadcast TLBI completion
[    0.000000] CPU features: detected: SSBS not fully self-synchronizing
[    0.000000] alternatives: applying boot alternatives
[    0.000000] Kernel command line: root=/dev/vda rw console=ttyAMA0 initrd=initrd
[    0.000000] Dentry cache hash table entries: 524288 (order: 10, 4194304 bytes, linear)
[    0.000000] Inode-cache hash table entries: 262144 (order: 9, 2097152 bytes, linear)
[    0.000000] Fallback order for Node 0: 0 
[    0.000000] Built 1 zonelists, mobility grouping on.  Total pages: 1048576
[    0.000000] Policy zone: Normal
[    0.000000] mem auto-init: stack:all(zero), heap alloc:on, heap free:off
[    0.000000] software IO TLB: area num 2.
[    0.000000] software IO TLB: mapped [mem 0x00000000fbfff000-0x00000000fffff000] (64MB)
[    0.000000] SLUB: HWalign=64, Order=0-3, MinObjects=0, CPUs=2, Nodes=1
[    0.000000] Dynamic Preempt: none
[    0.000000] rcu: Preemptible hierarchical RCU implementation.
[    0.000000] rcu: 	RCU restricting CPUs from NR_CPUS=4096 to nr_cpu_ids=2.
[    0.000000] 	Trampoline variant of Tasks RCU enabled.
[    0.000000] 	Tracing variant of Tasks RCU enabled.
[    0.000000] rcu: RCU calculated value of scheduler-enlistment delay is 10 jiffies.
[    0.000000] rcu: Adjusting geometry for rcu_fanout_leaf=16, nr_cpu_ids=2
[    0.000000] RCU Tasks: Setting shift to 1 and lim to 1 rcu_task_cb_adjust=1 rcu_task_cpu_ids=2.
[    0.000000] RCU Tasks Trace: Setting shift to 1 and lim to 1 rcu_task_cb_adjust=1 rcu_task_cpu_ids=2.
[    0.000000] NR_IRQS: 64, nr_irqs: 64, preallocated irqs: 0
[    0.000000] Root IRQ handler: gic_handle_irq
[    0.000000] GICv2m: ACPI overriding V2M MSI_TYPER (base:80, num:64)
[    0.000000] GICv2m: range[mem 0x08020000-0x08020fff], SPI[80:143]
[    0.000000] rcu: srcu_init: Setting srcu_struct sizes based on contention.
[    0.000000] clocksource: jiffies: mask: 0xffffffff max_cycles: 0xffffffff, max_idle_ns: 19112604462750000 ns
[    0.000000] arch_timer: cp15 timer(s) running at 62.50MHz (virt).
[    0.000000] clocksource: arch_sys_counter: mask: 0x1ffffffffffffff max_cycles: 0x1cd42e208c, max_idle_ns: 881590405314 ns
[    0.000128] sched_clock: 57 bits at 63MHz, resolution 16ns, wraps every 4398046511096ns
[    0.015460] kfence: initialized - using 2097152 bytes for 255 objects at 0x(____ptrval____)-0x(____ptrval____)
[    0.042016] Console: colour dummy device 80x25
[    0.054896] ACPI: Core revision 20240827
[    0.068154] Calibrating delay loop (skipped), value calculated using timer frequency.. 125.00 BogoMIPS (lpj=625000)
[    0.068464] pid_max: default: 32768 minimum: 301
[    0.083254] LSM: initializing lsm=lockdown,capability,landlock
[    0.088375] landlock: Up and running.
[    0.098408] Mount-cache hash table entries: 8192 (order: 4, 65536 bytes, linear)
[    0.098603] Mountpoint-cache hash table entries: 8192 (order: 4, 65536 bytes, linear)
[    0.270391] rcu: Hierarchical SRCU implementation.
[    0.270536] rcu: 	Max phase no-delay instances is 1000.
[    0.275926] Timer migration: 1 hierarchy levels; 8 children per group; 1 crossnode level
[    0.290260] Remapping and enabling EFI services.
[    0.303574] smp: Bringing up secondary CPUs ...
[    0.313184] Detected PIPT I-cache on CPU1
[    0.315184] CPU1: Booted secondary processor 0x0000000001 [0x414fd0b1]
[    0.323748] smp: Brought up 1 node, 2 CPUs
[    0.323860] SMP: Total of 2 processors activated.
[    0.323936] CPU: All CPU(s) started at EL1
[    0.324363] CPU features: detected: 32-bit EL0 Support
[    0.324504] CPU features: detected: Data cache clean to the PoU not required for I/D coherence
[    0.324593] CPU features: detected: Common not Private translations
[    0.324604] CPU features: detected: CRC32 instructions
[    0.324989] CPU features: detected: RCpc load-acquire (LDAPR)
[    0.325062] CPU features: detected: LSE atomic instructions
[    0.325073] CPU features: detected: Privileged Access Never
[    0.325081] CPU features: detected: RAS Extension Support
[    0.325163] CPU features: detected: Speculative Store Bypassing Safe (SSBS)
[    0.340663] alternatives: applying system-wide alternatives
[    0.381326] CPU features: detected: Hardware dirty bit management on CPU0-1
[    0.439529] Memory: 3995972K/4194304K available (12608K kernel code, 1950K rwdata, 7812K rodata, 1920K init, 9305K bss, 193648K reserved, 0K cma-reserved)
[    0.574079] devtmpfs: initialized
[    0.732876] futex hash table entries: 512 (order: 3, 32768 bytes, linear)
[    0.734631] 24304 pages in range for non-PLT usage
[    0.734741] 515824 pages in range for PLT usage
[    0.743483] pinctrl core: initialized pinctrl subsystem
[    0.766526] SMBIOS 3.0.0 present.
[    0.768010] DMI: QEMU QEMU Virtual Machine, BIOS edk2-stable202408-prebuilt.qemu.org 08/13/2024
[    0.768592] DMI: Memory slots populated: 1/1
[    0.832153] NET: Registered PF_NETLINK/PF_ROUTE protocol family
[    0.850063] DMA: preallocated 512 KiB GFP_KERNEL pool for atomic allocations
[    0.852033] DMA: preallocated 512 KiB GFP_KERNEL|GFP_DMA pool for atomic allocations
[    0.854195] DMA: preallocated 512 KiB GFP_KERNEL|GFP_DMA32 pool for atomic allocations
[    0.855045] audit: initializing netlink subsys (disabled)
[    0.865313] audit: type=2000 audit(0.490:1): state=initialized audit_enabled=0 res=1
[    0.874289] thermal_sys: Registered thermal governor 'step_wise'
[    0.882338] cpuidle: using governor ladder
[    0.882985] cpuidle: using governor menu
[    0.887048] hw-breakpoint: found 6 breakpoint and 4 watchpoint registers.
[    0.888520] ASID allocator initialised with 65536 entries
[    0.889902] acpiphp: ACPI Hot Plug PCI Controller Driver version: 0.5
[    0.897354] Serial: AMBA PL011 UART driver
[    0.935966] HugeTLB: registered 1.00 GiB page size, pre-allocated 0 pages
[    0.936023] HugeTLB: 0 KiB vmemmap can be freed for a 1.00 GiB page
[    0.936048] HugeTLB: registered 32.0 MiB page size, pre-allocated 0 pages
[    0.936058] HugeTLB: 0 KiB vmemmap can be freed for a 32.0 MiB page
[    0.936071] HugeTLB: registered 2.00 MiB page size, pre-allocated 0 pages
[    0.936080] HugeTLB: 0 KiB vmemmap can be freed for a 2.00 MiB page
[    0.936093] HugeTLB: registered 64.0 KiB page size, pre-allocated 0 pages
[    0.936103] HugeTLB: 0 KiB vmemmap can be freed for a 64.0 KiB page
[    0.999826] ACPI: Added _OSI(Module Device)
[    0.999920] ACPI: Added _OSI(Processor Device)
[    0.999936] ACPI: Added _OSI(Processor Aggregator Device)
[    1.057888] ACPI: 1 ACPI AML tables successfully acquired and loaded
[    1.098060] ACPI: Interpreter enabled
[    1.098146] ACPI: Using GIC for interrupt routing
[    1.099329] ACPI: MCFG table detected, 1 entries
[    1.182699] ACPI: CPU0 has been hot-added
[    1.184487] ACPI: CPU1 has been hot-added
[    1.217424] ARMH0011:00: ttyAMA0 at MMIO 0x9000000 (irq = 12, base_baud = 0) is a SBSA
[    1.220734] printk: legacy console [ttyAMA0] enabled
[    1.325886] ACPI: PCI: Interrupt link L000 configured for IRQ 35
[    1.330603] ACPI: PCI: Interrupt link L001 configured for IRQ 36
[    1.331240] ACPI: PCI: Interrupt link L002 configured for IRQ 37
[    1.331661] ACPI: PCI: Interrupt link L003 configured for IRQ 38
[    1.332631] ACPI: PCI Root Bridge [PCI0] (domain 0000 [bus 00-ff])
[    1.335941] acpi PNP0A08:00: _OSC: OS supports [ExtendedConfig ASPM ClockPM Segments MSI HPX-Type3]
[    1.353068] acpi PNP0A08:00: _OSC: platform does not support [LTR]
[    1.355342] acpi PNP0A08:00: _OSC: OS now controls [PCIeHotplug PME PCIeCapability]
[    1.364707] acpi PNP0A08:00: ECAM area [mem 0x4010000000-0x401fffffff] reserved by PNP0C02:00
[    1.366103] acpi PNP0A08:00: ECAM at [mem 0x4010000000-0x401fffffff] for [bus 00-ff]
[    1.367968] ACPI: Remapped I/O 0x000000003eff0000 to [io  0x0000-0xffff window]
[    1.378961] PCI host bridge to bus 0000:00
[    1.380412] pci_bus 0000:00: root bus resource [mem 0x10000000-0x3efeffff window]
[    1.381085] pci_bus 0000:00: root bus resource [io  0x0000-0xffff window]
[    1.381441] pci_bus 0000:00: root bus resource [mem 0x8000000000-0xffffffffff window]
[    1.381864] pci_bus 0000:00: root bus resource [bus 00-ff]
[    1.384524] pci 0000:00:00.0: [1b36:0008] type 00 class 0x060000 conventional PCI endpoint
[    1.391467] pci 0000:00:01.0: [8086:100e] type 00 class 0x020000 conventional PCI endpoint
[    1.392064] pci 0000:00:01.0: BAR 0 [mem 0x10040000-0x1005ffff]
[    1.392339] pci 0000:00:01.0: BAR 1 [io  0x0080-0x00bf]
[    1.392583] pci 0000:00:01.0: ROM [mem 0xfffc0000-0xffffffff pref]
[    1.404091] pci 0000:00:02.0: [1af4:1001] type 00 class 0x010000 conventional PCI endpoint
[    1.404650] pci 0000:00:02.0: BAR 0 [io  0x0000-0x007f]
[    1.404937] pci 0000:00:02.0: BAR 1 [mem 0x10060000-0x10060fff]
[    1.405503] pci 0000:00:02.0: BAR 4 [mem 0x8000000000-0x8000003fff 64bit pref]
[    1.415256] pci 0000:00:01.0: ROM [mem 0x10000000-0x1003ffff pref]: assigned
[    1.416129] pci 0000:00:01.0: BAR 0 [mem 0x10040000-0x1005ffff]: assigned
[    1.416776] pci 0000:00:02.0: BAR 4 [mem 0x8000000000-0x8000003fff 64bit pref]: assigned
[    1.417315] pci 0000:00:02.0: BAR 1 [mem 0x10060000-0x10060fff]: assigned
[    1.417715] pci 0000:00:02.0: BAR 0 [io  0x1000-0x107f]: assigned
[    1.418084] pci 0000:00:01.0: BAR 1 [io  0x1080-0x10bf]: assigned
[    1.418956] pci_bus 0000:00: resource 4 [mem 0x10000000-0x3efeffff window]
[    1.419359] pci_bus 0000:00: resource 5 [io  0x0000-0xffff window]
[    1.419702] pci_bus 0000:00: resource 6 [mem 0x8000000000-0xffffffffff window]
[    1.429757] iommu: Default domain type: Translated
[    1.430588] iommu: DMA domain TLB invalidation policy: lazy mode
[    1.488221] efivars: Registered efivars operations
[    1.538655] clocksource: Switched to clocksource arch_sys_counter
[    1.580418] VFS: Disk quotas dquot_6.6.0
[    1.582029] VFS: Dquot-cache hash table entries: 512 (order 0, 4096 bytes)
[    1.593071] pnp: PnP ACPI init
[    1.604033] system 00:00: [mem 0x4010000000-0x401fffffff window] could not be reserved
[    1.605090] pnp: PnP ACPI: found 1 devices
[    1.803534] NET: Registered PF_INET protocol family
[    1.807570] IP idents hash table entries: 65536 (order: 7, 524288 bytes, linear)
[    1.933466] tcp_listen_portaddr_hash hash table entries: 2048 (order: 3, 32768 bytes, linear)
[    1.934312] Table-perturb hash table entries: 65536 (order: 6, 262144 bytes, linear)
[    1.935091] TCP established hash table entries: 32768 (order: 6, 262144 bytes, linear)
[    1.937528] TCP bind hash table entries: 32768 (order: 8, 1048576 bytes, linear)
[    1.938909] TCP: Hash tables configured (established 32768 bind 32768)
[    1.942394] MPTCP token hash table entries: 4096 (order: 5, 98304 bytes, linear)
[    1.947933] UDP hash table entries: 2048 (order: 4, 65536 bytes, linear)
[    1.949686] UDP-Lite hash table entries: 2048 (order: 4, 65536 bytes, linear)
[    1.953080] NET: Registered PF_UNIX/PF_LOCAL protocol family
[    1.954447] NET: Registered PF_XDP protocol family
[    1.955172] PCI: CLS 0 bytes, default 64
[    1.967887] kvm [1]: HYP mode not available
[    1.970214] Unpacking initramfs...
[    1.975569] Initialise system trusted keyrings
[    1.999946] workingset: timestamp_bits=44 max_order=20 bucket_order=0
[    2.117245] Key type asymmetric registered
[    2.117858] Asymmetric key parser 'x509' registered
[    2.119414] Block layer SCSI generic (bsg) driver version 0.4 loaded (major 249)
[    2.122434] io scheduler mq-deadline registered
[    2.122916] io scheduler kyber registered
[    2.125538] io scheduler bfq registered
[    2.167760] ACPI: \_SB_.L002: Enabled at IRQ 37
[    2.169848] virtio-pci 0000:00:02.0: enabling device (0000 -> 0003)
[    2.197820] Serial: 8250/16550 driver, 4 ports, IRQ sharing enabled
[    2.224838] hv_vmbus: registering driver hyperv_keyboard
[    2.237760] rtc-efi rtc-efi.0: registered as rtc0
[    2.241048] rtc-efi rtc-efi.0: setting system clock to 2026-09-17T10:39:52 UTC (1789641592)
[    2.250565] NET: Registered PF_INET6 protocol family
[    2.276607] Segment Routing with IPv6
[    2.279075] In-situ OAM (IOAM) with IPv6
[    2.332103] registered taskstats version 1
[    2.338384] Loading compiled-in X.509 certificates
[    2.446739] Freeing initrd memory: 5272K
[    2.681536] Loaded X.509 cert 'alpinelinux.org: Alpine Linux kernel key: 87fa969a47f3e2a6aa35859eb932a17c95abcd82'
[    2.713996] Demotion targets for Node 0: null
[    2.717135] Key type .fscrypt registered
[    2.717591] Key type fscrypt-provisioning registered
[    2.756637] clk: Disabling unused clocks
[    2.757396] PM: genpd: Disabling unused power domains
[    2.846165] Freeing unused kernel memory: 1920K
[    2.849319] Run /init as init process
[    3.107403] Alpine Init 3.11.1-r0
Alpine Init 3.11.1-r0
[    3.116423] Loading boot drivers...
 * Loading boot drivers: [    3.163669] Loading boot drivers: ok.
ok.
SIMBOOT: kernel=6.12.103-0-virt
[    3.256997] Invalid ELF header magic: != ELF
[    3.290733] virtio_blk virtio0: 2/0/0 default/read/poll queues
[    3.316004] virtio_blk virtio0: [vda] 1411072 512-byte logical blocks (722 MB/689 MiB)
[    3.353394] Invalid ELF header magic: != ELF
[    3.369662] Invalid ELF header magic: != ELF
[    3.385346] Invalid ELF header magic: != ELF
[    3.414778] Invalid ELF header magic: != ELF
[    3.475368] Invalid ELF header magic: != ELF
[    3.665393] Invalid ELF header magic: != ELF
[    3.696290] e1000: Intel(R) PRO/1000 Network Driver
[    3.696557] e1000: Copyright (c) 1999-2006 Intel Corporation.
[    3.698067] ACPI: \_SB_.L001: Enabled at IRQ 36
[    3.698545] e1000 0000:00:01.0: enabling device (0000 -> 0003)
[    4.085315] e1000 0000:00:01.0 eth0: (PCI:33MHz:32-bit) 52:54:00:12:34:56
[    4.086197] e1000 0000:00:01.0 eth0: Intel(R) PRO/1000 Network Connection
Module                  Size  Used by    Not tainted
e1000                 163840  0 
ext4                  929792  0 
jbd2                  172032  1 ext4
mbcache                20480  1 ext4
crc32c_generic         12288  0 
crc16                  12288  1 ext4
virtio_blk             24576  0 
[    5.338589] EXT4-fs (vda): mounted filesystem 1799a7eb-09df-4b80-8c57-0424de58e445 r/w with ordered data mode. Quota mode: none.
SIMBOOT: baked netdata_get_lpd_switch->mov w0,#1;ret
SIMBOOT: root mounted rw, running real mfp.afx with binder stub
THP_ENABLED=always madvise [never]
THP_DEFRAG=always defer defer+madvise madvise [never]
[   17.367042] e1000: eth0 NIC Link is Up 1000 Mbps Full Duplex, Flow Control: RX
=== VHAL: fetch toolchain ===
VHAL_WGET_TC_RC=0
-rw-r--r-- 1 root root 239206400 Sep 17 10:40 /tmp/musl-native.tar
VHAL_WGET_SRC_RC=0
-rw-r--r-- 1 root root 13902 Sep 17 10:40 /tmp/virtual_hal.c
=== VHAL: extract ===
VHAL_TAR_RC=0
-rwxr-xr-x 3 1000 1000 1428240 Nov 22  2021 /tmp/aarch64-linux-musl-native/bin/aarch64-linux-musl-gcc
=== VHAL: compile ===
VHAL_GCC_RC=0
-rwxr-xr-x 1 root root 17056 Sep 17 10:40 /lib/virtual_hal.so
=== VHAL: done ===
CACHE_WARMED
MemTotal:        4007848 kB
MemFree:         3945076 kB
MemAvailable:    3936980 kB
Buffers:            1156 kB
SIMBOOT_PREP_DONE
MFP_LOG_READER_PID=501
MFP_PID=502
[   42.762390] random: crng init done
GDBHOLD STARTED pid=515
HOLD_OK=0
[New LWP 505]
[New LWP 506]
[New LWP 507]
[New LWP 508]
POLL 10: N=11
--- GDBPATCH @POLL13 (N=22) try=1 ---
warning: process 502 is already traced by process 515
ptrace: Operation not permitted.
B4: 5c=/tmp/gdbpatch.txt:3: Error in sourced command file:
Cannot access memory at address 0xa913cc
--- GDBPATCH @POLL14 (N=22) try=2 ---
warning: process 502 is already traced by process 515
ptrace: Operation not permitted.
B4: 5c=/tmp/gdbpatch.txt:3: Error in sourced command file:
Cannot access memory at address 0xa913cc
--- GDBPATCH @POLL15 (N=22) try=3 ---
warning: process 502 is already traced by process 515
ptrace: Operation not permitted.
B4: 5c=/tmp/gdbpatch.txt:3: Error in sourced command file:
Cannot access memory at address 0xa913cc
--- GDBPATCH @POLL16 (N=30) try=4 ---
warning: process 502 is already traced by process 515
ptrace: Operation not permitted.
B4: 5c=/tmp/gdbpatch.txt:3: Error in sourced command file:
Cannot access memory at address 0xa913cc
--- GDBPATCH @POLL17 (N=44) try=5 ---
warning: process 502 is already traced by process 515
ptrace: Operation not permitted.
B4: 5c=/tmp/gdbpatch.txt:3: Error in sourced command file:
Cannot access memory at address 0xa913cc
--- GDBPATCH @POLL18 (N=44) try=6 ---
warning: process 502 is already traced by process 515
ptrace: Operation not permitted.
B4: 5c=/tmp/gdbpatch.txt:3: Error in sourced command file:
Cannot access memory at address 0xa913cc
--- GDBPATCH @POLL19 (N=44) try=7 ---
warning: process 502 is already traced by process 515
ptrace: Operation not permitted.
B4: 5c=/tmp/gdbpatch.txt:3: Error in sourced command file:
Cannot access memory at address 0xa913cc
--- GDBPATCH @POLL20 (N=44) try=8 ---
warning: process 502 is already traced by process 515
ptrace: Operation not permitted.
B4: 5c=/tmp/gdbpatch.txt:3: Error in sourced command file:
Cannot access memory at address 0xa913cc
POLL 20: N=44
POLL 30: N=95
POLL 31: passed print_info_status_init (N=104)
POLL_END N=104 tries=8
GDBHOLD STOPPED N=128
[New LWP 513]
[New LWP 514]
[Thread debugging using libthread_db enabled]
Using host libthread_db library "/lib64/libthread_db.so.1".
0x0000ffffba74b9f4 in unlink () from /lib64/libc.so.6
HOLD armed
Hardware watchpoint 1: *(unsigned int*)(0xa91370+0x7c)
Quit
LPD_OWNED fd=37 ino=91827 decport=43769
LPD_SOCK_READY k=1
SIMBOOT_LPD_PORT=43769
SIMBOOT_LPD_PORTS=AAF9
--- THREAD COUNT PRE-INJECT ---
