UEFI firmware (version edk2-stable202408-prebuilt.qemu.org built at 16:28:50 on Sep 12 2024)
ArmTrngLib could not be correctly initialized.
Error: Image at 0013FDB6000 start failed: 00000001
Error: Image at 0013FD6D000 start failed: Not Found
Error: Image at 0013FCBA000 start failed: Unsupported
Error: Image at 0013FB5E000 start failed: Aborted
Tpm2SubmitCommand - Tcg2 - Not Found
Tpm2GetCapabilityPcrs fail!
Tpm2SubmitCommand - Tcg2 - Not Found
Image type X64 can't be loaded on AARCH64 UEFI system.
[2J[01;01H[=3h[2J[01;01H[2J[01;01H[=3h[2J[01;01HEFI stub: Decompressing Linux Kernel...
EFI stub: Loaded initrd from LINUX_EFI_INITRD_MEDIA_GUID device path
EFI stub: Generating empty DTB
EFI stub: Exiting boot services...
[    0.000000] Booting Linux on physical CPU 0x0000000000 [0x414fd0b1]
[    0.000000] Linux version 6.12.103-0-virt (buildozer@build-3-21-aarch64) (gcc (Alpine 14.2.0) 14.2.0, GNU ld (GNU Binutils) 2.43.1) #1-Alpine SMP PREEMPT_DYNAMIC 2026-08-10 14:25:03
[    0.000000] efi: EFI v2.7 by EDK II
[    0.000000] efi: SMBIOS 3.0=0x13fed0000 MEMATTR=0x13e176018 ACPI 2.0=0x13cb43018 INITRD=0x13cb40f18 MEMRESERVE=0x13cb40f98 
[    0.000000] ACPI: Early table checksum verification disabled
[    0.000000] ACPI: RSDP 0x000000013CB43018 000024 (v02 BOCHS )
[    0.000000] ACPI: XSDT 0x000000013CB43F18 000064 (v01 BOCHS  BXPC     00000001      01000013)
[    0.000000] ACPI: FACP 0x000000013CB43B18 000114 (v06 BOCHS  BXPC     00000001 BXPC 00000001)
[    0.000000] ACPI: DSDT 0x000000013CB41018 001506 (v02 BOCHS  BXPC     00000001 BXPC 00000001)
[    0.000000] ACPI: APIC 0x000000013CB43C98 0000FC (v04 BOCHS  BXPC     00000001 BXPC 00000001)
[    0.000000] ACPI: PPTT 0x000000013CB43E18 000074 (v02 BOCHS  BXPC     00000001 BXPC 00000001)
[    0.000000] ACPI: GTDT 0x000000013CB43098 000068 (v03 BOCHS  BXPC     00000001 BXPC 00000001)
[    0.000000] ACPI: MCFG 0x000000013CB43A98 00003C (v01 BOCHS  BXPC     00000001 BXPC 00000001)
[    0.000000] ACPI: SPCR 0x000000013CB43818 000050 (v02 BOCHS  BXPC     00000001 BXPC 00000001)
[    0.000000] ACPI: DBG2 0x000000013CB43A18 000057 (v00 BOCHS  BXPC     00000001 BXPC 00000001)
[    0.000000] ACPI: IORT 0x000000013CB43898 000054 (v05 BOCHS  BXPC     00000001 BXPC 00000001)
[    0.000000] ACPI: SPCR: console: pl011,mmio32,0x9000000,9600
[    0.000000] ACPI: Use ACPI SPCR as default console: Yes
[    0.000000] NUMA: Faking a node at [mem 0x0000000040000000-0x000000013fffffff]
[    0.000000] NODE_DATA(0) allocated [mem 0x13f453b80-0x13f455fff]
[    0.000000] Zone ranges:
[    0.000000]   DMA      [mem 0x0000000040000000-0x00000000ffffffff]
[    0.000000]   DMA32    empty
[    0.000000]   Normal   [mem 0x0000000100000000-0x000000013fffffff]
[    0.000000] Movable zone start for each node
[    0.000000] Early memory node ranges
[    0.000000]   node   0: [mem 0x0000000040000000-0x000000013c76ffff]
[    0.000000]   node   0: [mem 0x000000013c770000-0x000000013cb3ffff]
[    0.000000]   node   0: [mem 0x000000013cb40000-0x000000013fe1ffff]
[    0.000000]   node   0: [mem 0x000000013fe20000-0x000000013feaffff]
[    0.000000]   node   0: [mem 0x000000013feb0000-0x000000013febffff]
[    0.000000]   node   0: [mem 0x000000013fec0000-0x000000013ffdffff]
[    0.000000]   node   0: [mem 0x000000013ffe0000-0x000000013fffffff]
[    0.000000] Initmem setup node 0 [mem 0x0000000040000000-0x000000013fffffff]
[    0.000000] psci: probing for conduit method from ACPI.
[    0.000000] psci: PSCIv1.1 detected in firmware.
[    0.000000] psci: Using standard PSCI v0.2 function IDs
[    0.000000] psci: Trusted OS migration not required
[    0.000000] psci: SMC Calling Convention v1.0
[    0.000000] percpu: Embedded 33 pages/cpu s96984 r8192 d29992 u135168
[    0.000000] Detected PIPT I-cache on CPU0
[    0.000000] CPU features: detected: Spectre-v4
[    0.000000] CPU features: detected: Spectre-BHB
[    0.000000] CPU features: detected: Broken broadcast TLBI completion
[    0.000000] CPU features: detected: SSBS not fully self-synchronizing
[    0.000000] alternatives: applying boot alternatives
[    0.000000] Kernel command line: root=/dev/vda rw console=ttyAMA0 initrd=initrd
[    0.000000] Dentry cache hash table entries: 524288 (order: 10, 4194304 bytes, linear)
[    0.000000] Inode-cache hash table entries: 262144 (order: 9, 2097152 bytes, linear)
[    0.000000] Fallback order for Node 0: 0 
[    0.000000] Built 1 zonelists, mobility grouping on.  Total pages: 1048576
[    0.000000] Policy zone: Normal
[    0.000000] mem auto-init: stack:all(zero), heap alloc:on, heap free:off
[    0.000000] software IO TLB: area num 2.
[    0.000000] software IO TLB: mapped [mem 0x00000000fbfff000-0x00000000fffff000] (64MB)
[    0.000000] SLUB: HWalign=64, Order=0-3, MinObjects=0, CPUs=2, Nodes=1
[    0.000000] Dynamic Preempt: none
[    0.000000] rcu: Preemptible hierarchical RCU implementation.
[    0.000000] rcu: 	RCU restricting CPUs from NR_CPUS=4096 to nr_cpu_ids=2.
[    0.000000] 	Trampoline variant of Tasks RCU enabled.
[    0.000000] 	Tracing variant of Tasks RCU enabled.
[    0.000000] rcu: RCU calculated value of scheduler-enlistment delay is 10 jiffies.
[    0.000000] rcu: Adjusting geometry for rcu_fanout_leaf=16, nr_cpu_ids=2
[    0.000000] RCU Tasks: Setting shift to 1 and lim to 1 rcu_task_cb_adjust=1 rcu_task_cpu_ids=2.
[    0.000000] RCU Tasks Trace: Setting shift to 1 and lim to 1 rcu_task_cb_adjust=1 rcu_task_cpu_ids=2.
[    0.000000] NR_IRQS: 64, nr_irqs: 64, preallocated irqs: 0
[    0.000000] Root IRQ handler: gic_handle_irq
[    0.000000] GICv2m: ACPI overriding V2M MSI_TYPER (base:80, num:64)
[    0.000000] GICv2m: range[mem 0x08020000-0x08020fff], SPI[80:143]
[    0.000000] rcu: srcu_init: Setting srcu_struct sizes based on contention.
[    0.000000] clocksource: jiffies: mask: 0xffffffff max_cycles: 0xffffffff, max_idle_ns: 19112604462750000 ns
[    0.000000] arch_timer: cp15 timer(s) running at 62.50MHz (virt).
[    0.000000] clocksource: arch_sys_counter: mask: 0x1ffffffffffffff max_cycles: 0x1cd42e208c, max_idle_ns: 881590405314 ns
[    0.000133] sched_clock: 57 bits at 63MHz, resolution 16ns, wraps every 4398046511096ns
[    0.014976] kfence: initialized - using 2097152 bytes for 255 objects at 0x(____ptrval____)-0x(____ptrval____)
[    0.045210] Console: colour dummy device 80x25
[    0.061978] ACPI: Core revision 20240827
[    0.077972] Calibrating delay loop (skipped), value calculated using timer frequency.. 125.00 BogoMIPS (lpj=625000)
[    0.078859] pid_max: default: 32768 minimum: 301
[    0.099980] LSM: initializing lsm=lockdown,capability,landlock
[    0.108215] landlock: Up and running.
[    0.112867] Mount-cache hash table entries: 8192 (order: 4, 65536 bytes, linear)
[    0.113071] Mountpoint-cache hash table entries: 8192 (order: 4, 65536 bytes, linear)
[    0.247848] rcu: Hierarchical SRCU implementation.
[    0.248020] rcu: 	Max phase no-delay instances is 1000.
[    0.252914] Timer migration: 1 hierarchy levels; 8 children per group; 1 crossnode level
[    0.268302] Remapping and enabling EFI services.
[    0.278127] smp: Bringing up secondary CPUs ...
[    0.284249] Detected PIPT I-cache on CPU1
[    0.285869] CPU1: Booted secondary processor 0x0000000001 [0x414fd0b1]
[    0.295846] smp: Brought up 1 node, 2 CPUs
[    0.295916] SMP: Total of 2 processors activated.
[    0.295968] CPU: All CPU(s) started at EL1
[    0.296313] CPU features: detected: 32-bit EL0 Support
[    0.296417] CPU features: detected: Data cache clean to the PoU not required for I/D coherence
[    0.296499] CPU features: detected: Common not Private translations
[    0.296508] CPU features: detected: CRC32 instructions
[    0.296806] CPU features: detected: RCpc load-acquire (LDAPR)
[    0.296873] CPU features: detected: LSE atomic instructions
[    0.296881] CPU features: detected: Privileged Access Never
[    0.296886] CPU features: detected: RAS Extension Support
[    0.296970] CPU features: detected: Speculative Store Bypassing Safe (SSBS)
[    0.319495] alternatives: applying system-wide alternatives
[    0.347244] CPU features: detected: Hardware dirty bit management on CPU0-1
[    0.386035] Memory: 3995976K/4194304K available (12608K kernel code, 1950K rwdata, 7812K rodata, 1920K init, 9305K bss, 193644K reserved, 0K cma-reserved)
[    0.458037] devtmpfs: initialized
[    0.513441] futex hash table entries: 512 (order: 3, 32768 bytes, linear)
[    0.514649] 24304 pages in range for non-PLT usage
[    0.514750] 515824 pages in range for PLT usage
[    0.519756] pinctrl core: initialized pinctrl subsystem
[    0.530790] SMBIOS 3.0.0 present.
[    0.531176] DMI: QEMU QEMU Virtual Machine, BIOS edk2-stable202408-prebuilt.qemu.org 08/13/2024
[    0.531575] DMI: Memory slots populated: 1/1
[    0.562729] NET: Registered PF_NETLINK/PF_ROUTE protocol family
[    0.573303] DMA: preallocated 512 KiB GFP_KERNEL pool for atomic allocations
[    0.575126] DMA: preallocated 512 KiB GFP_KERNEL|GFP_DMA pool for atomic allocations
[    0.576587] DMA: preallocated 512 KiB GFP_KERNEL|GFP_DMA32 pool for atomic allocations
[    0.577332] audit: initializing netlink subsys (disabled)
[    0.581966] audit: type=2000 audit(0.310:1): state=initialized audit_enabled=0 res=1
[    0.594250] thermal_sys: Registered thermal governor 'step_wise'
[    0.598374] cpuidle: using governor ladder
[    0.598879] cpuidle: using governor menu
[    0.608208] hw-breakpoint: found 6 breakpoint and 4 watchpoint registers.
[    0.610220] ASID allocator initialised with 65536 entries
[    0.611651] acpiphp: ACPI Hot Plug PCI Controller Driver version: 0.5
[    0.615978] Serial: AMBA PL011 UART driver
[    0.663271] HugeTLB: registered 1.00 GiB page size, pre-allocated 0 pages
[    0.663372] HugeTLB: 0 KiB vmemmap can be freed for a 1.00 GiB page
[    0.663398] HugeTLB: registered 32.0 MiB page size, pre-allocated 0 pages
[    0.663408] HugeTLB: 0 KiB vmemmap can be freed for a 32.0 MiB page
[    0.663422] HugeTLB: registered 2.00 MiB page size, pre-allocated 0 pages
[    0.663431] HugeTLB: 0 KiB vmemmap can be freed for a 2.00 MiB page
[    0.663444] HugeTLB: registered 64.0 KiB page size, pre-allocated 0 pages
[    0.663454] HugeTLB: 0 KiB vmemmap can be freed for a 64.0 KiB page
[    0.719481] ACPI: Added _OSI(Module Device)
[    0.719586] ACPI: Added _OSI(Processor Device)
[    0.719601] ACPI: Added _OSI(Processor Aggregator Device)
[    0.751604] ACPI: 1 ACPI AML tables successfully acquired and loaded
[    0.796127] ACPI: Interpreter enabled
[    0.796185] ACPI: Using GIC for interrupt routing
[    0.797211] ACPI: MCFG table detected, 1 entries
[    0.858297] ACPI: CPU0 has been hot-added
[    0.859328] ACPI: CPU1 has been hot-added
[    0.881397] ARMH0011:00: ttyAMA0 at MMIO 0x9000000 (irq = 12, base_baud = 0) is a SBSA
[    0.882992] printk: legacy console [ttyAMA0] enabled
[    0.961779] ACPI: PCI: Interrupt link L000 configured for IRQ 35
[    0.962452] ACPI: PCI: Interrupt link L001 configured for IRQ 36
[    0.962736] ACPI: PCI: Interrupt link L002 configured for IRQ 37
[    0.963109] ACPI: PCI: Interrupt link L003 configured for IRQ 38
[    0.963807] ACPI: PCI Root Bridge [PCI0] (domain 0000 [bus 00-ff])
[    0.966020] acpi PNP0A08:00: _OSC: OS supports [ExtendedConfig ASPM ClockPM Segments MSI HPX-Type3]
[    0.976355] acpi PNP0A08:00: _OSC: platform does not support [LTR]
[    0.977535] acpi PNP0A08:00: _OSC: OS now controls [PCIeHotplug PME PCIeCapability]
[    0.980942] acpi PNP0A08:00: ECAM area [mem 0x4010000000-0x401fffffff] reserved by PNP0C02:00
[    0.982069] acpi PNP0A08:00: ECAM at [mem 0x4010000000-0x401fffffff] for [bus 00-ff]
[    0.984408] ACPI: Remapped I/O 0x000000003eff0000 to [io  0x0000-0xffff window]
[    0.991948] PCI host bridge to bus 0000:00
[    0.992755] pci_bus 0000:00: root bus resource [mem 0x10000000-0x3efeffff window]
[    0.993052] pci_bus 0000:00: root bus resource [io  0x0000-0xffff window]
[    0.993356] pci_bus 0000:00: root bus resource [mem 0x8000000000-0xffffffffff window]
[    0.993873] pci_bus 0000:00: root bus resource [bus 00-ff]
[    0.996135] pci 0000:00:00.0: [1b36:0008] type 00 class 0x060000 conventional PCI endpoint
[    1.007003] pci 0000:00:01.0: [8086:100e] type 00 class 0x020000 conventional PCI endpoint
[    1.007674] pci 0000:00:01.0: BAR 0 [mem 0x10040000-0x1005ffff]
[    1.007977] pci 0000:00:01.0: BAR 1 [io  0x0080-0x00bf]
[    1.008232] pci 0000:00:01.0: ROM [mem 0xfffc0000-0xffffffff pref]
[    1.009668] pci 0000:00:02.0: [1af4:1001] type 00 class 0x010000 conventional PCI endpoint
[    1.009993] pci 0000:00:02.0: BAR 0 [io  0x0000-0x007f]
[    1.010168] pci 0000:00:02.0: BAR 1 [mem 0x10060000-0x10060fff]
[    1.010495] pci 0000:00:02.0: BAR 4 [mem 0x8000000000-0x8000003fff 64bit pref]
[    1.015749] pci 0000:00:01.0: ROM [mem 0x10000000-0x1003ffff pref]: assigned
[    1.016284] pci 0000:00:01.0: BAR 0 [mem 0x10040000-0x1005ffff]: assigned
[    1.016681] pci 0000:00:02.0: BAR 4 [mem 0x8000000000-0x8000003fff 64bit pref]: assigned
[    1.017058] pci 0000:00:02.0: BAR 1 [mem 0x10060000-0x10060fff]: assigned
[    1.017321] pci 0000:00:02.0: BAR 0 [io  0x1000-0x107f]: assigned
[    1.017552] pci 0000:00:01.0: BAR 1 [io  0x1080-0x10bf]: assigned
[    1.018066] pci_bus 0000:00: resource 4 [mem 0x10000000-0x3efeffff window]
[    1.018316] pci_bus 0000:00: resource 5 [io  0x0000-0xffff window]
[    1.018533] pci_bus 0000:00: resource 6 [mem 0x8000000000-0xffffffffff window]
[    1.029179] iommu: Default domain type: Translated
[    1.029464] iommu: DMA domain TLB invalidation policy: lazy mode
[    1.044198] efivars: Registered efivars operations
[    1.067538] clocksource: Switched to clocksource arch_sys_counter
[    1.082938] VFS: Disk quotas dquot_6.6.0
[    1.083767] VFS: Dquot-cache hash table entries: 512 (order 0, 4096 bytes)
[    1.093494] pnp: PnP ACPI init
[    1.099709] system 00:00: [mem 0x4010000000-0x401fffffff window] could not be reserved
[    1.100804] pnp: PnP ACPI: found 1 devices
[    1.182122] NET: Registered PF_INET protocol family
[    1.184844] IP idents hash table entries: 65536 (order: 7, 524288 bytes, linear)
[    1.261574] tcp_listen_portaddr_hash hash table entries: 2048 (order: 3, 32768 bytes, linear)
[    1.262286] Table-perturb hash table entries: 65536 (order: 6, 262144 bytes, linear)
[    1.262764] TCP established hash table entries: 32768 (order: 6, 262144 bytes, linear)
[    1.264464] TCP bind hash table entries: 32768 (order: 8, 1048576 bytes, linear)
[    1.265769] TCP: Hash tables configured (established 32768 bind 32768)
[    1.269137] MPTCP token hash table entries: 4096 (order: 5, 98304 bytes, linear)
[    1.272883] UDP hash table entries: 2048 (order: 4, 65536 bytes, linear)
[    1.273624] UDP-Lite hash table entries: 2048 (order: 4, 65536 bytes, linear)
[    1.276149] NET: Registered PF_UNIX/PF_LOCAL protocol family
[    1.276967] NET: Registered PF_XDP protocol family
[    1.277536] PCI: CLS 0 bytes, default 64
[    1.280290] kvm [1]: HYP mode not available
[    1.283691] Unpacking initramfs...
[    1.284932] Initialise system trusted keyrings
[    1.306101] workingset: timestamp_bits=44 max_order=20 bucket_order=0
[    1.434998] Key type asymmetric registered
[    1.435505] Asymmetric key parser 'x509' registered
[    1.440336] Block layer SCSI generic (bsg) driver version 0.4 loaded (major 249)
[    1.443636] io scheduler mq-deadline registered
[    1.444135] io scheduler kyber registered
[    1.445050] io scheduler bfq registered
[    1.483790] ACPI: \_SB_.L002: Enabled at IRQ 37
[    1.486477] virtio-pci 0000:00:02.0: enabling device (0000 -> 0003)
[    1.499078] Serial: 8250/16550 driver, 4 ports, IRQ sharing enabled
[    1.534301] hv_vmbus: registering driver hyperv_keyboard
[    1.543233] rtc-efi rtc-efi.0: registered as rtc0
[    1.545242] rtc-efi rtc-efi.0: setting system clock to 2026-08-28T07:49:14 UTC (1787903354)
[    1.549735] NET: Registered PF_INET6 protocol family
[    1.564214] Segment Routing with IPv6
[    1.564673] In-situ OAM (IOAM) with IPv6
[    1.617373] Freeing initrd memory: 5268K
[    1.657319] registered taskstats version 1
[    1.662800] Loading compiled-in X.509 certificates
[    1.817196] Loaded X.509 cert 'alpinelinux.org: Alpine Linux kernel key: 87fa969a47f3e2a6aa35859eb932a17c95abcd82'
[    1.842689] Demotion targets for Node 0: null
[    1.844654] Key type .fscrypt registered
[    1.844862] Key type fscrypt-provisioning registered
[    1.877269] clk: Disabling unused clocks
[    1.878018] PM: genpd: Disabling unused power domains
[    1.942978] Freeing unused kernel memory: 1920K
[    1.945623] Run /init as init process
[    2.148542] Alpine Init 3.11.1-r0
Alpine Init 3.11.1-r0
[    2.158610] Loading boot drivers...
 * Loading boot drivers: [    2.208256] Loading boot drivers: ok.
ok.
SIMBOOT: kernel=6.12.103-0-virt
[    2.263736] Invalid ELF header magic: != ELF
[    2.295930] virtio_blk virtio0: 2/0/0 default/read/poll queues
[    2.315761] virtio_blk virtio0: [vda] 1411072 512-byte logical blocks (722 MB/689 MiB)
[    2.351415] Invalid ELF header magic: != ELF
[    2.366319] Invalid ELF header magic: != ELF
[    2.380594] Invalid ELF header magic: != ELF
[    2.396181] Invalid ELF header magic: != ELF
[    2.450798] Invalid ELF header magic: != ELF
[    2.650705] Invalid ELF header magic: != ELF
[    2.684555] e1000: Intel(R) PRO/1000 Network Driver
[    2.684813] e1000: Copyright (c) 1999-2006 Intel Corporation.
[    2.686456] ACPI: \_SB_.L001: Enabled at IRQ 36
[    2.688604] e1000 0000:00:01.0: enabling device (0000 -> 0003)
[    3.064477] e1000 0000:00:01.0 eth0: (PCI:33MHz:32-bit) 52:54:00:12:34:56
[    3.070064] e1000 0000:00:01.0 eth0: Intel(R) PRO/1000 Network Connection
Module                  Size  Used by    Not tainted
e1000                 163840  0 
ext4                  929792  0 
jbd2                  172032  1 ext4
mbcache                20480  1 ext4
crc32c_generic         12288  0 
crc16                  12288  1 ext4
virtio_blk             24576  0 
[    4.273561] EXT4-fs (vda): mounted filesystem 1799a7eb-09df-4b80-8c57-0424de58e445 r/w with ordered data mode. Quota mode: none.
SIMBOOT: root mounted rw, running real mfp.afx with binder stub
[   15.524957] e1000: eth0 NIC Link is Up 1000 Mbps Full Duplex, Flow Control: RX
MFP_PID=459
[   21.523099] random: crng init done
--- POLL 1: N=11 ---
[Thread debugging using libthread_db enabled]
Using host libthread_db library "/lib64/libthread_db.so.1".
0x0000ffffb2f4e1f8 in fsync () from /lib64/libc.so.6
B4: 5c=0 7c=0 80=0 82=0
AF: 5c=1 7c=1 80=1 82=1
[Inferior 1 (process 459) detached]
--- POLL 2: N=11 ---
[Thread debugging using libthread_db enabled]
Using host libthread_db library "/lib64/libthread_db.so.1".
0x0000ffffb2f4e1f8 in fsync () from /lib64/libc.so.6
B4: 5c=1 7c=1 80=1 82=1
AF: 5c=1 7c=1 80=1 82=1
[Inferior 1 (process 459) detached]
--- POLL 3: N=44 ---
[Thread debugging using libthread_db enabled]
Using host libthread_db library "/lib64/libthread_db.so.1".
0x0000ffffb2f21ae0 in clock_nanosleep () from /lib64/libc.so.6
B4: 5c=1 7c=1 80=1 82=1
AF: 5c=1 7c=1 80=1 82=1
[Inferior 1 (process 459) detached]
--- POLL 4: N=44 ---
[Thread debugging using libthread_db enabled]
Using host libthread_db library "/lib64/libthread_db.so.1".
0x0000ffffb2f21ae0 in clock_nanosleep () from /lib64/libc.so.6
B4: 5c=1 7c=1 80=1 82=1
AF: 5c=1 7c=1 80=1 82=1
[Inferior 1 (process 459) detached]
--- POLL 5: N=62 ---
[Thread debugging using libthread_db enabled]
Using host libthread_db library "/lib64/libthread_db.so.1".
0x0000ffffb2f21ae4 in clock_nanosleep () from /lib64/libc.so.6
B4: 5c=0 7c=0 80=0 82=0
AF: 5c=1 7c=1 80=1 82=1
[Inferior 1 (process 459) detached]
--- POLL 6: N=135 ---
POLL: passed print_info_status_init (N=135)
--- ALIVE ---
174
--- LISTEN TCP ---
  sl  local_address rem_address   st tx_queue rx_queue tr tm->when retrnsmt   uid  timeout inode                                                     
   0: 00000000:D2AF 00000000:0000 0A 00000000:00000000 00:00000000 00000000     0        0 105256 1 00000000df684f46 100 0 0 10 0                    
SIMBOOT_LPD_HEX=D2AF
SIMBOOT_LPD_PORT=53935
--- HALD LOG ---
2147483648 hal_daemon process plog lib init 
--- PLOGD LOG ---
--- CMD REG TABLE ---
[New LWP 692]
[New LWP 693]
[New LWP 694]
[New LWP 696]
[New LWP 697]
[New LWP 698]
[New LWP 699]
[New LWP 700]
[New LWP 701]
[New LWP 702]
[New LWP 703]
[New LWP 704]
[New LWP 705]
[New LWP 706]
[New LWP 707]
[New LWP 708]
[New LWP 709]
[New LWP 710]
[New LWP 711]
[New LWP 712]
[New LWP 713]
[New LWP 714]
[New LWP 715]
[New LWP 716]
[Thread debugging using libthread_db enabled]
Using host libthread_db library "/lib64/libthread_db.so.1".
0x0000ffffb2f21ae0 in clock_nanosleep () from /lib64/libc.so.6
warning: could not convert '$h' from the host encoding (ANSI_X3.4-1968) to UTF-32.
This normally should not happen, please file a bug report.
node=0x2615cd00 cmd=0xd cb=0x6b7570 arg=(nil)
node=0x2615d6b0 cmd=0x7 cb=0x6974e4 arg=(nil)
node=0x2615e910 cmd=0xa cb=0x74fbcc arg=(nil)
node=0x2615e940 cmd=0xe cb=0x74fb0c arg=(nil)
node=0x2615b700 cmd=0 cb=0x73b71c arg=(nil)
node=0x26169750 cmd=0xc cb=0x6b8588 arg=(nil)
node=0x2615c9f0 cmd=0x6 cb=0x6cc6f8 arg=(nil)
node=0x2616ea30 cmd=0x11 cb=0x6a77cc arg=(nil)
node=0x261933b0 cmd=0xf cb=0x4b01f0 arg=(nil)
node=0x261933e0 cmd=0x2 cb=0x4b03a8 arg=(nil)
node=0x2623c460 cmd=0x3 cb=0x70aba0 arg=(nil)
node=0x262663d0 cmd=0x1 cb=0x722310 arg=(nil)
node=0x2627a5d0 cmd=0xb cb=0x678d20 arg=0x26266640
node=0x2627a600 cmd=0x10 cb=0x679120 arg=0x26266640
node=0x262d1940 cmd=0x4 cb=0x74105c arg=(nil)
node=0x910e20 cmd=0x1 cb=0x100000001 arg=0x30b00002
node=0x2615cd00 cmd=0xd cb=0x6b7570 arg=(nil)
node=0x2615d6b0 cmd=0x7 cb=0x6974e4 arg=(nil)
node=0x2615e910 cmd=0xa cb=0x74fbcc arg=(nil)
node=0x2615e940 cmd=0xe cb=0x74fb0c arg=(nil)
node=0x2615b700 cmd=0 cb=0x73b71c arg=(nil)
node=0x26169750 cmd=0xc cb=0x6b8588 arg=(nil)
node=0x2615c9f0 cmd=0x6 cb=0x6cc6f8 arg=(nil)
node=0x2616ea30 cmd=0x11 cb=0x6a77cc arg=(nil)
node=0x261933b0 cmd=0xf cb=0x4b01f0 arg=(nil)
node=0x261933e0 cmd=0x2 cb=0x4b03a8 arg=(nil)
node=0x2623c460 cmd=0x3 cb=0x70aba0 arg=(nil)
node=0x262663d0 cmd=0x1 cb=0x722310 arg=(nil)
node=0x2627a5d0 cmd=0xb cb=0x678d20 arg=0x26266640
node=0x2627a600 cmd=0x10 cb=0x679120 arg=0x26266640
node=0x262d1940 cmd=0x4 cb=0x74105c arg=(nil)
node=0x910e20 cmd=0x1 cb=0x100000001 arg=0x30b00002
node=0x2615cd00 cmd=0xd cb=0x6b7570 arg=(nil)
node=0x2615d6b0 cmd=0x7 cb=0x6974e4 arg=(nil)
node=0x2615e910 cmd=0xa cb=0x74fbcc arg=(nil)
node=0x2615e940 cmd=0xe cb=0x74fb0c arg=(nil)
node=0x2615b700 cmd=0 cb=0x73b71c arg=(nil)
node=0x26169750 cmd=0xc cb=0x6b8588 arg=(nil)
node=0x2615c9f0 cmd=0x6 cb=0x6cc6f8 arg=(nil)
node=0x2616ea30 cmd=0x11 cb=0x6a77cc arg=(nil)
node=0x261933b0 cmd=0xf cb=0x4b01f0 arg=(nil)
node=0x261933e0 cmd=0x2 cb=0x4b03a8 arg=(nil)
node=0x2623c460 cmd=0x3 cb=0x70aba0 arg=(nil)
node=0x262663d0 cmd=0x1 cb=0x722310 arg=(nil)
node=0x2627a5d0 cmd=0xb cb=0x678d20 arg=0x26266640
node=0x2627a600 cmd=0x10 cb=0x679120 arg=0x26266640
node=0x262d1940 cmd=0x4 cb=0x74105c arg=(nil)
node=0x910e20 cmd=0x1 cb=0x100000001 arg=0x30b00002
node=0x2615cd00 cmd=0xd cb=0x6b7570 arg=(nil)
node=0x2615d6b0 cmd=0x7 cb=0x6974e4 arg=(nil)
node=0x2615e910 cmd=0xa cb=0x74fbcc arg=(nil)
node=0x2615e940 cmd=0xe cb=0x74fb0c arg=(nil)
node=0x2615b700 cmd=0 cb=0x73b71c arg=(nil)
node=0x26169750 cmd=0xc cb=0x6b8588 arg=(nil)
node=0x2615c9f0 cmd=0x6 cb=0x6cc6f8 arg=(nil)
node=0x2616ea30 cmd=0x11 cb=0x6a77cc arg=(nil)
node=0x261933b0 cmd=0xf cb=0x4b01f0 arg=(nil)
node=0x261933e0 cmd=0x2 cb=0x4b03a8 arg=(nil)
node=0x2623c460 cmd=0x3 cb=0x70aba0 arg=(nil)
node=0x262663d0 cmd=0x1 cb=0x722310 arg=(nil)
[Inferior 1 (process 459) detached]
--- PORTS ALL ---
local_address st
00000000:D2AF 0A
TRACE GDB STARTED
READY FOR INJECT
--- MID PORTS ---
local_address st
00000000:D2AF 0A
[  298.445372] hrtimer: interrupt took 13934000 ns
--- GDB TRACE ---
[New LWP 697]
[New LWP 698]
[New LWP 699]
[New LWP 700]
[New LWP 701]
[New LWP 702]
[New LWP 703]
[New LWP 704]
[New LWP 705]
[New LWP 706]
[New LWP 707]
[New LWP 708]
[New LWP 709]
[New LWP 710]
[New LWP 711]
[New LWP 712]
[New LWP 713]
[New LWP 714]
[New LWP 715]
[New LWP 716]
[Thread debugging using libthread_db enabled]
Using host libthread_db library "/lib64/libthread_db.so.1".
0x0000ffffb2f21ae0 in clock_nanosleep () from /lib64/libc.so.6
Breakpoint 1 at 0x6b7570: file system_manager/job_pedkapi.c, line 591.
Breakpoint 2 at 0x6b6adc: file system_manager/job_pedkapi.c, line 272.
Breakpoint 3 at 0x6b6b64: file system_manager/job_pedkapi.c, line 300.
Breakpoint 4 at 0x6b7060: file system_manager/job_pedkapi.c, line 449.
Breakpoint 5 at 0x6b740c: file system_manager/job_pedkapi.c, line 551.
Breakpoint 6 at 0x6b7500: file system_manager/job_pedkapi.c, line 578.
Breakpoint 7 at 0x6b7158: file system_manager/job_pedkapi.c, line 476.
--- MFP LOG SIZE ---
46903670 /tmp/mfp.log
--- MFP LOG RAW tail ---
[07:54:13.353] pi_hal_gpio_get                - intf/hal_gpio.c      L30    [HAL][ERROR]  -->  pi_hal_gpio_get error handle 
KEEPING MFP ALIVE (pid 459)
SIMBOOT: mfp run finished, keeping shell
/bin/sh: can't access tty; job control turned off
~ # [6n[ 2722.510090] mfp.afx invoked oom-killer: gfp_mask=0x140cca(GFP_HIGHUSER_MOVABLE|__GFP_COMP), order=0, oom_score_adj=0
[ 2722.523084] CPU: 1 UID: 0 PID: 710 Comm: mfp.afx Not tainted 6.12.103-0-virt #1-Alpine
[ 2722.525742] Hardware name: QEMU QEMU Virtual Machine, BIOS edk2-stable202408-prebuilt.qemu.org 08/13/2024
[ 2722.526828] Call trace:
[ 2722.527014]  dump_backtrace+0xf0/0x140
[ 2722.530905]  show_stack+0x28/0x4c
[ 2722.530936]  dump_stack_lvl+0x60/0x94
[ 2722.531302]  dump_stack+0x18/0x30
[ 2722.531327]  dump_header+0x40/0x1a0
[ 2722.531352]  oom_kill_process+0x2cc/0x348
[ 2722.531723]  out_of_memory+0xec/0x5c8
[ 2722.531749]  __alloc_pages_noprof+0xa7c/0xf60
[ 2722.531779]  alloc_pages_mpol_noprof+0x94/0x24c
[ 2722.531809]  alloc_pages_noprof+0x5c/0xf4
[ 2722.531834]  folio_alloc_noprof+0x24/0xa0
[ 2722.531858]  filemap_alloc_folio_noprof+0x154/0x160
[ 2722.532165]  __filemap_get_folio+0x224/0x3cc
[ 2722.532189]  filemap_fault+0x118/0x89c
[ 2722.532211]  __do_fault+0x3c/0x140
[ 2722.532241]  __handle_mm_fault+0xaec/0x17e0
[ 2722.532265]  handle_mm_fault+0xc8/0x320
[ 2722.532289]  do_page_fault+0x134/0x600
[ 2722.532317]  do_translation_fault+0x100/0x140
[ 2722.532342]  do_mem_abort+0x4c/0xc0
[ 2722.532370]  el0_ia+0x68/0x184
[ 2722.532392]  el0t_64_sync_handler+0xc0/0x100
[ 2722.532417]  el0t_64_sync+0x190/0x194
[ 2722.543709] Mem-Info:
[ 2722.544384] active_anon:865247 inactive_anon:112186 isolated_anon:0
[ 2722.544384]  active_file:16 inactive_file:18 isolated_file:0
[ 2722.544384]  unevictable:2910 dirty:0 writeback:0
[ 2722.544384]  slab_reclaimable:677 slab_unreclaimable:2460
[ 2722.544384]  mapped:417 shmem:41430 pagetables:2103
[ 2722.544384]  sec_pagetables:0 bounce:0
[ 2722.544384]  kernel_misc_reclaimable:0
[ 2722.544384]  free:12009 free_pcp:408 free_cma:0
[ 2722.547194] Node 0 active_anon:92720kB inactive_anon:3817012kB active_file:64kB inactive_file:72kB unevictable:11640kB isolated(anon):0kB isolated(file):0kB mapped:1668kB dirty:0kB writeback:0kB shmem:165720kB shmem_thp:0kB shmem_pmdmapped:0kB anon_thp:227328kB writeback_tmp:0kB kernel_stack:4144kB pagetables:8412kB sec_pagetables:0kB all_unreclaimable? no
[ 2722.549369] Node 0 DMA free:37652kB boost:0kB min:34308kB low:42884kB high:51460kB reserved_highatomic:0KB active_anon:2735572kB inactive_anon:266928kB active_file:0kB inactive_file:628kB unevictable:0kB writepending:0kB present:3145728kB managed:3048256kB mlocked:0kB bounce:0kB free_pcp:1124kB local_pcp:912kB free_cma:0kB
[ 2722.554587] lowmem_reserve[]: 0 0 931 931
[ 2722.555195] Node 0 Normal free:10384kB boost:0kB min:10744kB low:13428kB high:16112kB reserved_highatomic:0KB active_anon:82000kB inactive_anon:825232kB active_file:24kB inactive_file:436kB unevictable:11640kB writepending:0kB present:1048576kB managed:959592kB mlocked:0kB bounce:0kB free_pcp:508kB local_pcp:508kB free_cma:0kB
[ 2722.556605] lowmem_reserve[]: 0 0 0 0
[ 2722.557070] Node 0 DMA: 11*4kB (UME) 7*8kB (UE) 11*16kB (UE) 12*32kB (UE) 10*64kB (UE) 5*128kB (UME) 4*256kB (U) 1*512kB (U) 5*1024kB (UME) 4*2048kB (UME) 5*4096kB (UME) = 37268kB
[ 2722.563911] Node 0 Normal: 103*4kB (UME) 46*8kB (UME) 38*16kB (UME) 24*32kB (UE) 12*64kB (UE) 10*128kB (ME) 6*256kB (UM) 3*512kB (UM) 1*1024kB (M) 1*2048kB (M) 0*4096kB = 10348kB
[ 2722.566092] Node 0 hugepages_total=0 hugepages_free=0 hugepages_surp=0 hugepages_size=1048576kB
[ 2722.567610] Node 0 hugepages_total=0 hugepages_free=0 hugepages_surp=0 hugepages_size=32768kB
[ 2722.568174] Node 0 hugepages_total=0 hugepages_free=0 hugepages_surp=0 hugepages_size=2048kB
[ 2722.568709] Node 0 hugepages_total=0 hugepages_free=0 hugepages_surp=0 hugepages_size=64kB
[ 2722.569353] 44568 total pagecache pages
[ 2722.571271] 0 pages in swap cache
[ 2722.571853] Free swap  = 0kB
[ 2722.572087] Total swap = 0kB
[ 2722.572409] 1048576 pages RAM
[ 2722.572626] 0 pages HighMem/MovableOnly
[ 2722.572884] 46614 pages reserved
[ 2722.573199] Tasks state (memory values in pages):
[ 2722.573516] [  pid  ]   uid  tgid total_vm      rss rss_anon rss_file rss_shmem pgtables_bytes swapents oom_score_adj name
[ 2722.576490] [    450]     0   450     5926      256      256        0         0    57344        0             0 hal_daemon
[ 2722.577514] [    459]     0   459  1324429   912252   912104      148         0  8212480        0             0 mfp.afx
[ 2722.578373] [    738]     0   738    58923    23591    23532       59         0   266240        0             0 gdb
[ 2722.579217] oom-kill:constraint=CONSTRAINT_NONE,nodemask=(null),cpuset=/,mems_allowed=0,global_oom,task_memcg=/,task=mfp.afx,pid=459,uid=0
[ 2722.584910] Out of memory: Killed process 459 (mfp.afx) total-vm:5297716kB, anon-rss:3648416kB, file-rss:592kB, shmem-rss:0kB, UID:0 pgtables:8020kB oom_score_adj:0
[ 2725.988777] oom_reaper: reaped process 459 (mfp.afx), now anon-rss:12kB, file-rss:80kB, shmem-rss:0kB
