UEFI firmware (version edk2-stable202408-prebuilt.qemu.org built at 16:28:50 on Sep 12 2024)
ArmTrngLib could not be correctly initialized.
Error: Image at 000BFDB6000 start failed: 00000001
Error: Image at 000BFD6D000 start failed: Not Found
Error: Image at 000BFCBA000 start failed: Unsupported
Error: Image at 000BFB5E000 start failed: Aborted
Tpm2SubmitCommand - Tcg2 - Not Found
Tpm2GetCapabilityPcrs fail!
Tpm2SubmitCommand - Tcg2 - Not Found
Image type X64 can't be loaded on AARCH64 UEFI system.
[2J[01;01H[=3h[2J[01;01H[2J[01;01H[=3h[2J[01;01HEFI stub: Decompressing Linux Kernel...
EFI stub: Loaded initrd from LINUX_EFI_INITRD_MEDIA_GUID device path
EFI stub: Generating empty DTB
EFI stub: Exiting boot services...
[    0.000000] Booting Linux on physical CPU 0x0000000000 [0x414fd0b1]
[    0.000000] Linux version 6.12.103-0-virt (buildozer@build-3-21-aarch64) (gcc (Alpine 14.2.0) 14.2.0, GNU ld (GNU Binutils) 2.43.1) #1-Alpine SMP PREEMPT_DYNAMIC 2026-08-10 14:25:03
[    0.000000] efi: EFI v2.7 by EDK II
[    0.000000] efi: SMBIOS 3.0=0xbfed0000 MEMATTR=0xbe18b018 ACPI 2.0=0xbcb43018 INITRD=0xbcb40f18 MEMRESERVE=0xbcb40f98 
[    0.000000] ACPI: Early table checksum verification disabled
[    0.000000] ACPI: RSDP 0x00000000BCB43018 000024 (v02 BOCHS )
[    0.000000] ACPI: XSDT 0x00000000BCB43F18 000064 (v01 BOCHS  BXPC     00000001      01000013)
[    0.000000] ACPI: FACP 0x00000000BCB43B18 000114 (v06 BOCHS  BXPC     00000001 BXPC 00000001)
[    0.000000] ACPI: DSDT 0x00000000BCB41018 001506 (v02 BOCHS  BXPC     00000001 BXPC 00000001)
[    0.000000] ACPI: APIC 0x00000000BCB43C98 0000FC (v04 BOCHS  BXPC     00000001 BXPC 00000001)
[    0.000000] ACPI: PPTT 0x00000000BCB43E18 000074 (v02 BOCHS  BXPC     00000001 BXPC 00000001)
[    0.000000] ACPI: GTDT 0x00000000BCB43098 000068 (v03 BOCHS  BXPC     00000001 BXPC 00000001)
[    0.000000] ACPI: MCFG 0x00000000BCB43A98 00003C (v01 BOCHS  BXPC     00000001 BXPC 00000001)
[    0.000000] ACPI: SPCR 0x00000000BCB43818 000050 (v02 BOCHS  BXPC     00000001 BXPC 00000001)
[    0.000000] ACPI: DBG2 0x00000000BCB43A18 000057 (v00 BOCHS  BXPC     00000001 BXPC 00000001)
[    0.000000] ACPI: IORT 0x00000000BCB43898 000054 (v05 BOCHS  BXPC     00000001 BXPC 00000001)
[    0.000000] ACPI: SPCR: console: pl011,mmio32,0x9000000,9600
[    0.000000] ACPI: Use ACPI SPCR as default console: Yes
[    0.000000] NUMA: Faking a node at [mem 0x0000000040000000-0x00000000bfffffff]
[    0.000000] NODE_DATA(0) allocated [mem 0xbf855b80-0xbf857fff]
[    0.000000] Zone ranges:
[    0.000000]   DMA      [mem 0x0000000040000000-0x00000000bfffffff]
[    0.000000]   DMA32    empty
[    0.000000]   Normal   empty
[    0.000000] Movable zone start for each node
[    0.000000] Early memory node ranges
[    0.000000]   node   0: [mem 0x0000000040000000-0x00000000bc76ffff]
[    0.000000]   node   0: [mem 0x00000000bc770000-0x00000000bcb3ffff]
[    0.000000]   node   0: [mem 0x00000000bcb40000-0x00000000bfe1ffff]
[    0.000000]   node   0: [mem 0x00000000bfe20000-0x00000000bfeaffff]
[    0.000000]   node   0: [mem 0x00000000bfeb0000-0x00000000bfebffff]
[    0.000000]   node   0: [mem 0x00000000bfec0000-0x00000000bffdffff]
[    0.000000]   node   0: [mem 0x00000000bffe0000-0x00000000bfffffff]
[    0.000000] Initmem setup node 0 [mem 0x0000000040000000-0x00000000bfffffff]
[    0.000000] psci: probing for conduit method from ACPI.
[    0.000000] psci: PSCIv1.1 detected in firmware.
[    0.000000] psci: Using standard PSCI v0.2 function IDs
[    0.000000] psci: Trusted OS migration not required
[    0.000000] psci: SMC Calling Convention v1.0
[    0.000000] percpu: Embedded 33 pages/cpu s96984 r8192 d29992 u135168
[    0.000000] Detected PIPT I-cache on CPU0
[    0.000000] CPU features: detected: Spectre-v4
[    0.000000] CPU features: detected: Spectre-BHB
[    0.000000] CPU features: detected: Broken broadcast TLBI completion
[    0.000000] CPU features: detected: SSBS not fully self-synchronizing
[    0.000000] alternatives: applying boot alternatives
[    0.000000] Kernel command line: modules=virtio_blk,ext4 rootfstype=ext4 root=/dev/vda rw init=/bin/sh console=ttyAMA0 initrd=initrd
[    0.000000] Unknown kernel command line parameters "modules=virtio_blk,ext4", will be passed to user space.
[    0.000000] Dentry cache hash table entries: 262144 (order: 9, 2097152 bytes, linear)
[    0.000000] Inode-cache hash table entries: 131072 (order: 8, 1048576 bytes, linear)
[    0.000000] Fallback order for Node 0: 0 
[    0.000000] Built 1 zonelists, mobility grouping on.  Total pages: 524288
[    0.000000] Policy zone: DMA
[    0.000000] mem auto-init: stack:all(zero), heap alloc:on, heap free:off
[    0.000000] software IO TLB: SWIOTLB bounce buffer size adjusted to 2MB
[    0.000000] software IO TLB: area num 2.
[    0.000000] software IO TLB: mapped [mem 0x00000000bf2b4000-0x00000000bf4b4000] (2MB)
[    0.000000] SLUB: HWalign=64, Order=0-3, MinObjects=0, CPUs=2, Nodes=1
[    0.000000] Dynamic Preempt: none
[    0.000000] rcu: Preemptible hierarchical RCU implementation.
[    0.000000] rcu: 	RCU restricting CPUs from NR_CPUS=4096 to nr_cpu_ids=2.
[    0.000000] 	Trampoline variant of Tasks RCU enabled.
[    0.000000] 	Tracing variant of Tasks RCU enabled.
[    0.000000] rcu: RCU calculated value of scheduler-enlistment delay is 10 jiffies.
[    0.000000] rcu: Adjusting geometry for rcu_fanout_leaf=16, nr_cpu_ids=2
[    0.000000] RCU Tasks: Setting shift to 1 and lim to 1 rcu_task_cb_adjust=1 rcu_task_cpu_ids=2.
[    0.000000] RCU Tasks Trace: Setting shift to 1 and lim to 1 rcu_task_cb_adjust=1 rcu_task_cpu_ids=2.
[    0.000000] NR_IRQS: 64, nr_irqs: 64, preallocated irqs: 0
[    0.000000] Root IRQ handler: gic_handle_irq
[    0.000000] GICv2m: ACPI overriding V2M MSI_TYPER (base:80, num:64)
[    0.000000] GICv2m: range[mem 0x08020000-0x08020fff], SPI[80:143]
[    0.000000] rcu: srcu_init: Setting srcu_struct sizes based on contention.
[    0.000000] clocksource: jiffies: mask: 0xffffffff max_cycles: 0xffffffff, max_idle_ns: 19112604462750000 ns
[    0.000000] arch_timer: cp15 timer(s) running at 62.50MHz (virt).
[    0.000000] clocksource: arch_sys_counter: mask: 0x1ffffffffffffff max_cycles: 0x1cd42e208c, max_idle_ns: 881590405314 ns
[    0.001094] sched_clock: 57 bits at 63MHz, resolution 16ns, wraps every 4398046511096ns
[    0.331980] kfence: initialized - using 2097152 bytes for 255 objects at 0x(____ptrval____)-0x(____ptrval____)
[    0.695700] Console: colour dummy device 80x25
[    0.852413] ACPI: Core revision 20240827
[    0.984460] Calibrating delay loop (skipped), value calculated using timer frequency.. 125.00 BogoMIPS (lpj=625000)
[    0.990004] pid_max: default: 32768 minimum: 301
[    1.177747] LSM: initializing lsm=lockdown,capability,landlock
[    1.313851] landlock: Up and running.
[    1.448870] Mount-cache hash table entries: 4096 (order: 3, 32768 bytes, linear)
[    1.450555] Mountpoint-cache hash table entries: 4096 (order: 3, 32768 bytes, linear)
[    3.658738] rcu: Hierarchical SRCU implementation.
[    3.659415] rcu: 	Max phase no-delay instances is 1000.
[    3.901061] Timer migration: 1 hierarchy levels; 8 children per group; 1 crossnode level
[    4.352447] Remapping and enabling EFI services.
[    4.527144] smp: Bringing up secondary CPUs ...
[    4.666606] Detected PIPT I-cache on CPU1
[    4.683240] CPU1: Booted secondary processor 0x0000000001 [0x414fd0b1]
[    4.916543] smp: Brought up 1 node, 2 CPUs
[    4.917086] SMP: Total of 2 processors activated.
[    4.917716] CPU: All CPU(s) started at EL1
[    4.923654] CPU features: detected: 32-bit EL0 Support
[    4.927956] CPU features: detected: Data cache clean to the PoU not required for I/D coherence
[    4.930249] CPU features: detected: Common not Private translations
[    4.930574] CPU features: detected: CRC32 instructions
[    4.933519] CPU features: detected: RCpc load-acquire (LDAPR)
[    4.934194] CPU features: detected: LSE atomic instructions
[    4.934284] CPU features: detected: Privileged Access Never
[    4.934343] CPU features: detected: RAS Extension Support
[    4.935052] CPU features: detected: Speculative Store Bypassing Safe (SSBS)
[    6.365408] alternatives: applying system-wide alternatives
[    7.644677] CPU features: detected: Hardware dirty bit management on CPU0-1
[    9.196065] Memory: 2003472K/2097152K available (12608K kernel code, 1950K rwdata, 7812K rodata, 1920K init, 9305K bss, 89376K reserved, 0K cma-reserved)
[   11.965203] devtmpfs: initialized
[   13.915778] futex hash table entries: 512 (order: 3, 32768 bytes, linear)
[   13.947971] 24304 pages in range for non-PLT usage
[   13.948598] 515824 pages in range for PLT usage
[   14.193444] pinctrl core: initialized pinctrl subsystem
[   14.874703] SMBIOS 3.0.0 present.
[   14.878907] DMI: QEMU QEMU Virtual Machine, BIOS edk2-stable202408-prebuilt.qemu.org 08/13/2024
[   14.882551] DMI: Memory slots populated: 1/1
[   15.996491] NET: Registered PF_NETLINK/PF_ROUTE protocol family
[   16.324391] DMA: preallocated 256 KiB GFP_KERNEL pool for atomic allocations
[   16.335359] DMA: preallocated 256 KiB GFP_KERNEL|GFP_DMA pool for atomic allocations
[   16.346677] DMA: preallocated 256 KiB GFP_KERNEL|GFP_DMA32 pool for atomic allocations
[   16.350268] audit: initializing netlink subsys (disabled)
[   16.722845] thermal_sys: Registered thermal governor 'step_wise'
[   16.869811] audit: type=2000 audit(4.400:1): state=initialized audit_enabled=0 res=1
[   17.306510] cpuidle: using governor ladder
[   17.335341] cpuidle: using governor menu
[   17.481303] hw-breakpoint: found 6 breakpoint and 4 watchpoint registers.
[   17.518930] ASID allocator initialised with 65536 entries
[   17.525631] acpiphp: ACPI Hot Plug PCI Controller Driver version: 0.5
[   17.661448] Serial: AMBA PL011 UART driver
[   18.592292] HugeTLB: registered 1.00 GiB page size, pre-allocated 0 pages
[   18.592637] HugeTLB: 0 KiB vmemmap can be freed for a 1.00 GiB page
[   18.593133] HugeTLB: registered 32.0 MiB page size, pre-allocated 0 pages
[   18.593335] HugeTLB: 0 KiB vmemmap can be freed for a 32.0 MiB page
[   18.593704] HugeTLB: registered 2.00 MiB page size, pre-allocated 0 pages
[   18.593790] HugeTLB: 0 KiB vmemmap can be freed for a 2.00 MiB page
[   18.593934] HugeTLB: registered 64.0 KiB page size, pre-allocated 0 pages
[   18.594099] HugeTLB: 0 KiB vmemmap can be freed for a 64.0 KiB page
[   19.711585] ACPI: Added _OSI(Module Device)
[   19.712219] ACPI: Added _OSI(Processor Device)
[   19.712326] ACPI: Added _OSI(Processor Aggregator Device)
[   21.476902] ACPI: 1 ACPI AML tables successfully acquired and loaded
[   22.350974] ACPI: Interpreter enabled
[   22.351421] ACPI: Using GIC for interrupt routing
[   22.367722] ACPI: MCFG table detected, 1 entries
[   23.929545] ACPI: CPU0 has been hot-added
[   24.049908] ACPI: CPU1 has been hot-added
[   24.627340] ARMH0011:00: ttyAMA0 at MMIO 0x9000000 (irq = 12, base_baud = 0) is a SBSA
[   24.654959] printk: legacy console [ttyAMA0] enabled
[   27.160935] ACPI: PCI: Interrupt link L000 configured for IRQ 35
[   27.165826] ACPI: PCI: Interrupt link L001 configured for IRQ 36
[   27.168382] ACPI: PCI: Interrupt link L002 configured for IRQ 37
[   27.240246] ACPI: PCI: Interrupt link L003 configured for IRQ 38
[   27.248312] ACPI: PCI Root Bridge [PCI0] (domain 0000 [bus 00-ff])
[   27.480990] acpi PNP0A08:00: _OSC: OS supports [ExtendedConfig ASPM ClockPM Segments MSI HPX-Type3]
[   27.752342] acpi PNP0A08:00: _OSC: platform does not support [LTR]
[   27.775692] acpi PNP0A08:00: _OSC: OS now controls [PCIeHotplug PME PCIeCapability]
[   27.914611] acpi PNP0A08:00: ECAM area [mem 0x4010000000-0x401fffffff] reserved by PNP0C02:00
[   27.927052] acpi PNP0A08:00: ECAM at [mem 0x4010000000-0x401fffffff] for [bus 00-ff]
[   27.943287] ACPI: Remapped I/O 0x000000003eff0000 to [io  0x0000-0xffff window]
[   28.146583] PCI host bridge to bus 0000:00
[   28.195048] pci_bus 0000:00: root bus resource [mem 0x10000000-0x3efeffff window]
[   28.202742] pci_bus 0000:00: root bus resource [io  0x0000-0xffff window]
[   28.210244] pci_bus 0000:00: root bus resource [mem 0x8000000000-0xffffffffff window]
[   28.216258] pci_bus 0000:00: root bus resource [bus 00-ff]
[   28.280539] pci 0000:00:00.0: [1b36:0008] type 00 class 0x060000 conventional PCI endpoint
[   28.600919] pci 0000:00:01.0: [1af4:1000] type 00 class 0x020000 conventional PCI endpoint
[   28.630005] pci 0000:00:01.0: BAR 0 [io  0x0080-0x009f]
[   28.632365] pci 0000:00:01.0: BAR 1 [mem 0x10041000-0x10041fff]
[   28.718668] pci 0000:00:01.0: BAR 4 [mem 0x8000000000-0x8000003fff 64bit pref]
[   28.796982] pci 0000:00:01.0: ROM [mem 0xfffc0000-0xffffffff pref]
[   28.832980] pci 0000:00:02.0: [1af4:1001] type 00 class 0x010000 conventional PCI endpoint
[   28.836459] pci 0000:00:02.0: BAR 0 [io  0x0000-0x007f]
[   28.913080] pci 0000:00:02.0: BAR 1 [mem 0x10040000-0x10040fff]
[   28.915257] pci 0000:00:02.0: BAR 4 [mem 0x8000004000-0x8000007fff 64bit pref]
[   29.028409] pci 0000:00:01.0: ROM [mem 0x10000000-0x1003ffff pref]: assigned
[   29.036405] pci 0000:00:01.0: BAR 4 [mem 0x8000000000-0x8000003fff 64bit pref]: assigned
[   29.057701] pci 0000:00:02.0: BAR 4 [mem 0x8000004000-0x8000007fff 64bit pref]: assigned
[   29.063551] pci 0000:00:01.0: BAR 1 [mem 0x10040000-0x10040fff]: assigned
[   29.067861] pci 0000:00:02.0: BAR 1 [mem 0x10041000-0x10041fff]: assigned
[   29.075904] pci 0000:00:02.0: BAR 0 [io  0x1000-0x107f]: assigned
[   29.078516] pci 0000:00:01.0: BAR 0 [io  0x1080-0x109f]: assigned
[   29.179137] pci_bus 0000:00: resource 4 [mem 0x10000000-0x3efeffff window]
[   29.183733] pci_bus 0000:00: resource 5 [io  0x0000-0xffff window]
[   29.185989] pci_bus 0000:00: resource 6 [mem 0x8000000000-0xffffffffff window]
[   29.682835] iommu: Default domain type: Translated
[   29.685705] iommu: DMA domain TLB invalidation policy: lazy mode
[   29.931070] efivars: Registered efivars operations
[   30.628793] clocksource: Switched to clocksource arch_sys_counter
[   30.852844] VFS: Disk quotas dquot_6.6.0
[   30.864326] VFS: Dquot-cache hash table entries: 512 (order 0, 4096 bytes)
[   31.140217] pnp: PnP ACPI init
[   31.244495] system 00:00: [mem 0x4010000000-0x401fffffff window] could not be reserved
[   31.302194] pnp: PnP ACPI: found 1 devices
[   32.982806] NET: Registered PF_INET protocol family
[   33.024806] IP idents hash table entries: 32768 (order: 6, 262144 bytes, linear)
[   36.550313] hrtimer: interrupt took 392765296 ns
[   36.571791] tcp_listen_portaddr_hash hash table entries: 1024 (order: 2, 16384 bytes, linear)
[   36.648453] Table-perturb hash table entries: 65536 (order: 6, 262144 bytes, linear)
[   36.660487] TCP established hash table entries: 16384 (order: 5, 131072 bytes, linear)
[   36.677021] TCP bind hash table entries: 16384 (order: 7, 524288 bytes, linear)
[   36.684037] TCP: Hash tables configured (established 16384 bind 16384)
[   37.130254] MPTCP token hash table entries: 2048 (order: 4, 49152 bytes, linear)
[   37.256811] UDP hash table entries: 1024 (order: 3, 32768 bytes, linear)
[   37.280783] UDP-Lite hash table entries: 1024 (order: 3, 32768 bytes, linear)
[   37.439120] NET: Registered PF_UNIX/PF_LOCAL protocol family
[   37.494814] NET: Registered PF_XDP protocol family
[   37.502170] PCI: CLS 0 bytes, default 64
[   37.918423] kvm [1]: HYP mode not available
[   37.935536] Unpacking initramfs...
[   38.313935] Initialise system trusted keyrings
[   38.533886] workingset: timestamp_bits=44 max_order=19 bucket_order=0
[   41.094871] Key type asymmetric registered
[   41.098287] Asymmetric key parser 'x509' registered
[   41.174235] Block layer SCSI generic (bsg) driver version 0.4 loaded (major 249)
[   41.272973] io scheduler mq-deadline registered
[   41.279823] io scheduler kyber registered
[   41.293912] io scheduler bfq registered
[   42.401400] ACPI: \_SB_.L001: Enabled at IRQ 36
[   42.462260] virtio-pci 0000:00:01.0: enabling device (0000 -> 0003)
[   42.714522] ACPI: \_SB_.L002: Enabled at IRQ 37
[   42.718814] virtio-pci 0000:00:02.0: enabling device (0000 -> 0003)
[   42.882102] Serial: 8250/16550 driver, 4 ports, IRQ sharing enabled
[   43.461330] hv_vmbus: registering driver hyperv_keyboard
[   43.733385] rtc-efi rtc-efi.0: registered as rtc0
[   43.907729] rtc-efi rtc-efi.0: setting system clock to 2026-08-21T10:15:48 UTC (1787307348)
[   44.135337] NET: Registered PF_INET6 protocol family
[   44.576352] Segment Routing with IPv6
[   44.581400] In-situ OAM (IOAM) with IPv6
[   46.896270] registered taskstats version 1
[   47.081883] Loading compiled-in X.509 certificates
[   51.296289] Freeing initrd memory: 5180K
[   59.752534] Loaded X.509 cert 'alpinelinux.org: Alpine Linux kernel key: 87fa969a47f3e2a6aa35859eb932a17c95abcd82'
[   60.851090] Demotion targets for Node 0: null
[   60.878746] Key type .fscrypt registered
[   60.930622] Key type fscrypt-provisioning registered
[   61.846293] clk: Disabling unused clocks
[   61.885126] PM: genpd: Disabling unused power domains
[   64.715966] Freeing unused kernel memory: 1920K
[   64.760820] Run /init as init process
[   74.013644] Alpine Init 3.11.1-r0
Alpine Init 3.11.1-r0
[   75.175858] Loading boot drivers...
 * Loading boot drivers: [   77.073187] Loading boot drivers: ok.
ok.
SIMDBG: kernel=6.12.103-0-virt
SIMDBG: moddir: /lib/modules/6.12.103-0-virt
kernel/fs/ext4/ext4.ko.gz: kernel/fs/jbd2/jbd2.ko.gz kernel/fs/mbcache.ko.gz kernel/crypto/crc32c_generic.ko.gz
kernel/fs/jbd2/jbd2.ko.gz: kernel/crypto/crc32c_generic.ko.gz
kernel/fs/mbcache.ko.gz:
kernel/crypto/crc32c_generic.ko.gz:
kernel/drivers/block/virtio_blk.ko.gz:
kernel/drivers/virtio/virtio_mmio.ko.gz:
modprobe: FATAL: Module virtio_blk not found in directory /lib/modules/6.12.103-0-virt
modprobe: FATAL: Module ext4 not found in directory /lib/modules/6.12.103-0-virt
ls: /dev/vda*: No such file or directory
ls: /dev/vdb*: No such file or directory
SIMDBG: lsmod:
Module                  Size  Used by    Not tainted
SIMDBG: done
[   87.115775] Mounting root...
 * Mounting root: mount: mounting /dev/vda on /sysroot failed: No such device
[  182.008297] Mounting root: failed. 
failed. 
initramfs emergency recovery shell launched. Type 'exit' to continue boot
sh: can't access tty; job control turned off
~ # [6n