UEFI firmware (version edk2-stable202408-prebuilt.qemu.org built at 16:28:50 on Sep 12 2024)
ArmTrngLib could not be correctly initialized.
Error: Image at 0013FDB6000 start failed: 00000001
Error: Image at 0013FD6D000 start failed: Not Found
Error: Image at 0013FCBA000 start failed: Unsupported
Error: Image at 0013FB5E000 start failed: Aborted
Tpm2SubmitCommand - Tcg2 - Not Found
Tpm2GetCapabilityPcrs fail!
Tpm2SubmitCommand - Tcg2 - Not Found
Image type X64 can't be loaded on AARCH64 UEFI system.
[2J[01;01H[=3h[2J[01;01H[2J[01;01H[=3h[2J[01;01HEFI stub: Decompressing Linux Kernel...
EFI stub: Loaded initrd from LINUX_EFI_INITRD_MEDIA_GUID device path
EFI stub: Generating empty DTB
EFI stub: Exiting boot services...
[    0.000000] Booting Linux on physical CPU 0x0000000000 [0x414fd0b1]
[    0.000000] Linux version 6.12.103-0-virt (buildozer@build-3-21-aarch64) (gcc (Alpine 14.2.0) 14.2.0, GNU ld (GNU Binutils) 2.43.1) #1-Alpine SMP PREEMPT_DYNAMIC 2026-08-10 14:25:03
[    0.000000] efi: EFI v2.7 by EDK II
[    0.000000] efi: SMBIOS 3.0=0x13fed0000 MEMATTR=0x13e176018 ACPI 2.0=0x13cb43018 INITRD=0x13cb40f18 MEMRESERVE=0x13cb40f98 
[    0.000000] ACPI: Early table checksum verification disabled
[    0.000000] ACPI: RSDP 0x000000013CB43018 000024 (v02 BOCHS )
[    0.000000] ACPI: XSDT 0x000000013CB43F18 000064 (v01 BOCHS  BXPC     00000001      01000013)
[    0.000000] ACPI: FACP 0x000000013CB43B18 000114 (v06 BOCHS  BXPC     00000001 BXPC 00000001)
[    0.000000] ACPI: DSDT 0x000000013CB41018 001506 (v02 BOCHS  BXPC     00000001 BXPC 00000001)
[    0.000000] ACPI: APIC 0x000000013CB43C98 0000FC (v04 BOCHS  BXPC     00000001 BXPC 00000001)
[    0.000000] ACPI: PPTT 0x000000013CB43E18 000074 (v02 BOCHS  BXPC     00000001 BXPC 00000001)
[    0.000000] ACPI: GTDT 0x000000013CB43098 000068 (v03 BOCHS  BXPC     00000001 BXPC 00000001)
[    0.000000] ACPI: MCFG 0x000000013CB43A98 00003C (v01 BOCHS  BXPC     00000001 BXPC 00000001)
[    0.000000] ACPI: SPCR 0x000000013CB43818 000050 (v02 BOCHS  BXPC     00000001 BXPC 00000001)
[    0.000000] ACPI: DBG2 0x000000013CB43A18 000057 (v00 BOCHS  BXPC     00000001 BXPC 00000001)
[    0.000000] ACPI: IORT 0x000000013CB43898 000054 (v05 BOCHS  BXPC     00000001 BXPC 00000001)
[    0.000000] ACPI: SPCR: console: pl011,mmio32,0x9000000,9600
[    0.000000] ACPI: Use ACPI SPCR as default console: Yes
[    0.000000] NUMA: Faking a node at [mem 0x0000000040000000-0x000000013fffffff]
[    0.000000] NODE_DATA(0) allocated [mem 0x13f453b80-0x13f455fff]
[    0.000000] Zone ranges:
[    0.000000]   DMA      [mem 0x0000000040000000-0x00000000ffffffff]
[    0.000000]   DMA32    empty
[    0.000000]   Normal   [mem 0x0000000100000000-0x000000013fffffff]
[    0.000000] Movable zone start for each node
[    0.000000] Early memory node ranges
[    0.000000]   node   0: [mem 0x0000000040000000-0x000000013c76ffff]
[    0.000000]   node   0: [mem 0x000000013c770000-0x000000013cb3ffff]
[    0.000000]   node   0: [mem 0x000000013cb40000-0x000000013fe1ffff]
[    0.000000]   node   0: [mem 0x000000013fe20000-0x000000013feaffff]
[    0.000000]   node   0: [mem 0x000000013feb0000-0x000000013febffff]
[    0.000000]   node   0: [mem 0x000000013fec0000-0x000000013ffdffff]
[    0.000000]   node   0: [mem 0x000000013ffe0000-0x000000013fffffff]
[    0.000000] Initmem setup node 0 [mem 0x0000000040000000-0x000000013fffffff]
[    0.000000] psci: probing for conduit method from ACPI.
[    0.000000] psci: PSCIv1.1 detected in firmware.
[    0.000000] psci: Using standard PSCI v0.2 function IDs
[    0.000000] psci: Trusted OS migration not required
[    0.000000] psci: SMC Calling Convention v1.0
[    0.000000] percpu: Embedded 33 pages/cpu s96984 r8192 d29992 u135168
[    0.000000] Detected PIPT I-cache on CPU0
[    0.000000] CPU features: detected: Spectre-v4
[    0.000000] CPU features: detected: Spectre-BHB
[    0.000000] CPU features: detected: Broken broadcast TLBI completion
[    0.000000] CPU features: detected: SSBS not fully self-synchronizing
[    0.000000] alternatives: applying boot alternatives
[    0.000000] Kernel command line: root=/dev/vda rw console=ttyAMA0 initrd=initrd
[    0.000000] Dentry cache hash table entries: 524288 (order: 10, 4194304 bytes, linear)
[    0.000000] Inode-cache hash table entries: 262144 (order: 9, 2097152 bytes, linear)
[    0.000000] Fallback order for Node 0: 0 
[    0.000000] Built 1 zonelists, mobility grouping on.  Total pages: 1048576
[    0.000000] Policy zone: Normal
[    0.000000] mem auto-init: stack:all(zero), heap alloc:on, heap free:off
[    0.000000] software IO TLB: area num 2.
[    0.000000] software IO TLB: mapped [mem 0x00000000fbfff000-0x00000000fffff000] (64MB)
[    0.000000] SLUB: HWalign=64, Order=0-3, MinObjects=0, CPUs=2, Nodes=1
[    0.000000] Dynamic Preempt: none
[    0.000000] rcu: Preemptible hierarchical RCU implementation.
[    0.000000] rcu: 	RCU restricting CPUs from NR_CPUS=4096 to nr_cpu_ids=2.
[    0.000000] 	Trampoline variant of Tasks RCU enabled.
[    0.000000] 	Tracing variant of Tasks RCU enabled.
[    0.000000] rcu: RCU calculated value of scheduler-enlistment delay is 10 jiffies.
[    0.000000] rcu: Adjusting geometry for rcu_fanout_leaf=16, nr_cpu_ids=2
[    0.000000] RCU Tasks: Setting shift to 1 and lim to 1 rcu_task_cb_adjust=1 rcu_task_cpu_ids=2.
[    0.000000] RCU Tasks Trace: Setting shift to 1 and lim to 1 rcu_task_cb_adjust=1 rcu_task_cpu_ids=2.
[    0.000000] NR_IRQS: 64, nr_irqs: 64, preallocated irqs: 0
[    0.000000] Root IRQ handler: gic_handle_irq
[    0.000000] GICv2m: ACPI overriding V2M MSI_TYPER (base:80, num:64)
[    0.000000] GICv2m: range[mem 0x08020000-0x08020fff], SPI[80:143]
[    0.000000] rcu: srcu_init: Setting srcu_struct sizes based on contention.
[    0.000000] clocksource: jiffies: mask: 0xffffffff max_cycles: 0xffffffff, max_idle_ns: 19112604462750000 ns
[    0.000000] arch_timer: cp15 timer(s) running at 62.50MHz (virt).
[    0.000000] clocksource: arch_sys_counter: mask: 0x1ffffffffffffff max_cycles: 0x1cd42e208c, max_idle_ns: 881590405314 ns
[    0.000139] sched_clock: 57 bits at 63MHz, resolution 16ns, wraps every 4398046511096ns
[    0.011087] kfence: initialized - using 2097152 bytes for 255 objects at 0x(____ptrval____)-0x(____ptrval____)
[    0.028706] Console: colour dummy device 80x25
[    0.040856] ACPI: Core revision 20240827
[    0.052479] Calibrating delay loop (skipped), value calculated using timer frequency.. 125.00 BogoMIPS (lpj=625000)
[    0.052885] pid_max: default: 32768 minimum: 301
[    0.066511] LSM: initializing lsm=lockdown,capability,landlock
[    0.076268] landlock: Up and running.
[    0.082288] Mount-cache hash table entries: 8192 (order: 4, 65536 bytes, linear)
[    0.082478] Mountpoint-cache hash table entries: 8192 (order: 4, 65536 bytes, linear)
[    0.211384] rcu: Hierarchical SRCU implementation.
[    0.211511] rcu: 	Max phase no-delay instances is 1000.
[    0.221344] Timer migration: 1 hierarchy levels; 8 children per group; 1 crossnode level
[    0.231461] Remapping and enabling EFI services.
[    0.243096] smp: Bringing up secondary CPUs ...
[    0.254522] Detected PIPT I-cache on CPU1
[    0.256347] CPU1: Booted secondary processor 0x0000000001 [0x414fd0b1]
[    0.264910] smp: Brought up 1 node, 2 CPUs
[    0.265016] SMP: Total of 2 processors activated.
[    0.265101] CPU: All CPU(s) started at EL1
[    0.265546] CPU features: detected: 32-bit EL0 Support
[    0.265659] CPU features: detected: Data cache clean to the PoU not required for I/D coherence
[    0.265751] CPU features: detected: Common not Private translations
[    0.265766] CPU features: detected: CRC32 instructions
[    0.266142] CPU features: detected: RCpc load-acquire (LDAPR)
[    0.266224] CPU features: detected: LSE atomic instructions
[    0.266236] CPU features: detected: Privileged Access Never
[    0.266246] CPU features: detected: RAS Extension Support
[    0.266364] CPU features: detected: Speculative Store Bypassing Safe (SSBS)
[    0.294831] alternatives: applying system-wide alternatives
[    0.327399] CPU features: detected: Hardware dirty bit management on CPU0-1
[    0.382015] Memory: 3995976K/4194304K available (12608K kernel code, 1950K rwdata, 7812K rodata, 1920K init, 9305K bss, 193644K reserved, 0K cma-reserved)
[    0.470354] devtmpfs: initialized
[    0.524012] futex hash table entries: 512 (order: 3, 32768 bytes, linear)
[    0.525259] 24304 pages in range for non-PLT usage
[    0.525352] 515824 pages in range for PLT usage
[    0.532640] pinctrl core: initialized pinctrl subsystem
[    0.544103] SMBIOS 3.0.0 present.
[    0.544687] DMI: QEMU QEMU Virtual Machine, BIOS edk2-stable202408-prebuilt.qemu.org 08/13/2024
[    0.545320] DMI: Memory slots populated: 1/1
[    0.588263] NET: Registered PF_NETLINK/PF_ROUTE protocol family
[    0.598885] DMA: preallocated 512 KiB GFP_KERNEL pool for atomic allocations
[    0.600331] DMA: preallocated 512 KiB GFP_KERNEL|GFP_DMA pool for atomic allocations
[    0.603266] DMA: preallocated 512 KiB GFP_KERNEL|GFP_DMA32 pool for atomic allocations
[    0.604459] audit: initializing netlink subsys (disabled)
[    0.609648] audit: type=2000 audit(0.500:1): state=initialized audit_enabled=0 res=1
[    0.619156] thermal_sys: Registered thermal governor 'step_wise'
[    0.622258] cpuidle: using governor ladder
[    0.622823] cpuidle: using governor menu
[    0.626593] hw-breakpoint: found 6 breakpoint and 4 watchpoint registers.
[    0.627797] ASID allocator initialised with 65536 entries
[    0.628917] acpiphp: ACPI Hot Plug PCI Controller Driver version: 0.5
[    0.631876] Serial: AMBA PL011 UART driver
[    0.661544] HugeTLB: registered 1.00 GiB page size, pre-allocated 0 pages
[    0.661605] HugeTLB: 0 KiB vmemmap can be freed for a 1.00 GiB page
[    0.661636] HugeTLB: registered 32.0 MiB page size, pre-allocated 0 pages
[    0.661648] HugeTLB: 0 KiB vmemmap can be freed for a 32.0 MiB page
[    0.661662] HugeTLB: registered 2.00 MiB page size, pre-allocated 0 pages
[    0.661671] HugeTLB: 0 KiB vmemmap can be freed for a 2.00 MiB page
[    0.661685] HugeTLB: registered 64.0 KiB page size, pre-allocated 0 pages
[    0.661694] HugeTLB: 0 KiB vmemmap can be freed for a 64.0 KiB page
[    0.706321] ACPI: Added _OSI(Module Device)
[    0.706425] ACPI: Added _OSI(Processor Device)
[    0.706442] ACPI: Added _OSI(Processor Aggregator Device)
[    0.742548] ACPI: 1 ACPI AML tables successfully acquired and loaded
[    0.779943] ACPI: Interpreter enabled
[    0.780029] ACPI: Using GIC for interrupt routing
[    0.781349] ACPI: MCFG table detected, 1 entries
[    0.869753] ACPI: CPU0 has been hot-added
[    0.872768] ACPI: CPU1 has been hot-added
[    0.910294] ARMH0011:00: ttyAMA0 at MMIO 0x9000000 (irq = 12, base_baud = 0) is a SBSA
[    0.913015] printk: legacy console [ttyAMA0] enabled
[    1.040042] ACPI: PCI: Interrupt link L000 configured for IRQ 35
[    1.040786] ACPI: PCI: Interrupt link L001 configured for IRQ 36
[    1.041185] ACPI: PCI: Interrupt link L002 configured for IRQ 37
[    1.041555] ACPI: PCI: Interrupt link L003 configured for IRQ 38
[    1.042524] ACPI: PCI Root Bridge [PCI0] (domain 0000 [bus 00-ff])
[    1.046642] acpi PNP0A08:00: _OSC: OS supports [ExtendedConfig ASPM ClockPM Segments MSI HPX-Type3]
[    1.066656] acpi PNP0A08:00: _OSC: platform does not support [LTR]
[    1.068384] acpi PNP0A08:00: _OSC: OS now controls [PCIeHotplug PME PCIeCapability]
[    1.072927] acpi PNP0A08:00: ECAM area [mem 0x4010000000-0x401fffffff] reserved by PNP0C02:00
[    1.074034] acpi PNP0A08:00: ECAM at [mem 0x4010000000-0x401fffffff] for [bus 00-ff]
[    1.079357] ACPI: Remapped I/O 0x000000003eff0000 to [io  0x0000-0xffff window]
[    1.099650] PCI host bridge to bus 0000:00
[    1.100581] pci_bus 0000:00: root bus resource [mem 0x10000000-0x3efeffff window]
[    1.100977] pci_bus 0000:00: root bus resource [io  0x0000-0xffff window]
[    1.103114] pci_bus 0000:00: root bus resource [mem 0x8000000000-0xffffffffff window]
[    1.103863] pci_bus 0000:00: root bus resource [bus 00-ff]
[    1.107950] pci 0000:00:00.0: [1b36:0008] type 00 class 0x060000 conventional PCI endpoint
[    1.127083] pci 0000:00:01.0: [8086:100e] type 00 class 0x020000 conventional PCI endpoint
[    1.127961] pci 0000:00:01.0: BAR 0 [mem 0x10040000-0x1005ffff]
[    1.128362] pci 0000:00:01.0: BAR 1 [io  0x0080-0x00bf]
[    1.128738] pci 0000:00:01.0: ROM [mem 0xfffc0000-0xffffffff pref]
[    1.130521] pci 0000:00:02.0: [1af4:1001] type 00 class 0x010000 conventional PCI endpoint
[    1.131218] pci 0000:00:02.0: BAR 0 [io  0x0000-0x007f]
[    1.131489] pci 0000:00:02.0: BAR 1 [mem 0x10060000-0x10060fff]
[    1.131848] pci 0000:00:02.0: BAR 4 [mem 0x8000000000-0x8000003fff 64bit pref]
[    1.138870] pci 0000:00:01.0: ROM [mem 0x10000000-0x1003ffff pref]: assigned
[    1.140395] pci 0000:00:01.0: BAR 0 [mem 0x10040000-0x1005ffff]: assigned
[    1.141005] pci 0000:00:02.0: BAR 4 [mem 0x8000000000-0x8000003fff 64bit pref]: assigned
[    1.141633] pci 0000:00:02.0: BAR 1 [mem 0x10060000-0x10060fff]: assigned
[    1.142304] pci 0000:00:02.0: BAR 0 [io  0x1000-0x107f]: assigned
[    1.142715] pci 0000:00:01.0: BAR 1 [io  0x1080-0x10bf]: assigned
[    1.143469] pci_bus 0000:00: resource 4 [mem 0x10000000-0x3efeffff window]
[    1.144323] pci_bus 0000:00: resource 5 [io  0x0000-0xffff window]
[    1.144705] pci_bus 0000:00: resource 6 [mem 0x8000000000-0xffffffffff window]
[    1.154563] iommu: Default domain type: Translated
[    1.155026] iommu: DMA domain TLB invalidation policy: lazy mode
[    1.174550] efivars: Registered efivars operations
[    1.214304] clocksource: Switched to clocksource arch_sys_counter
[    1.228919] VFS: Disk quotas dquot_6.6.0
[    1.229704] VFS: Dquot-cache hash table entries: 512 (order 0, 4096 bytes)
[    1.241411] pnp: PnP ACPI init
[    1.250440] system 00:00: [mem 0x4010000000-0x401fffffff window] could not be reserved
[    1.253523] pnp: PnP ACPI: found 1 devices
[    1.346879] NET: Registered PF_INET protocol family
[    1.355000] IP idents hash table entries: 65536 (order: 7, 524288 bytes, linear)
[    1.493342] tcp_listen_portaddr_hash hash table entries: 2048 (order: 3, 32768 bytes, linear)
[    1.495090] Table-perturb hash table entries: 65536 (order: 6, 262144 bytes, linear)
[    1.496653] TCP established hash table entries: 32768 (order: 6, 262144 bytes, linear)
[    1.499921] TCP bind hash table entries: 32768 (order: 8, 1048576 bytes, linear)
[    1.504633] TCP: Hash tables configured (established 32768 bind 32768)
[    1.510528] MPTCP token hash table entries: 4096 (order: 5, 98304 bytes, linear)
[    1.513126] UDP hash table entries: 2048 (order: 4, 65536 bytes, linear)
[    1.515292] UDP-Lite hash table entries: 2048 (order: 4, 65536 bytes, linear)
[    1.522664] NET: Registered PF_UNIX/PF_LOCAL protocol family
[    1.524735] NET: Registered PF_XDP protocol family
[    1.525867] PCI: CLS 0 bytes, default 64
[    1.540194] kvm [1]: HYP mode not available
[    1.549429] Initialise system trusted keyrings
[    1.552593] Unpacking initramfs...
[    1.557686] workingset: timestamp_bits=44 max_order=20 bucket_order=0
[    1.664111] Key type asymmetric registered
[    1.664737] Asymmetric key parser 'x509' registered
[    1.666794] Block layer SCSI generic (bsg) driver version 0.4 loaded (major 249)
[    1.672951] io scheduler mq-deadline registered
[    1.673526] io scheduler kyber registered
[    1.675109] io scheduler bfq registered
[    1.713126] ACPI: \_SB_.L002: Enabled at IRQ 37
[    1.715187] virtio-pci 0000:00:02.0: enabling device (0000 -> 0003)
[    1.726817] Serial: 8250/16550 driver, 4 ports, IRQ sharing enabled
[    1.757274] hv_vmbus: registering driver hyperv_keyboard
[    1.763814] rtc-efi rtc-efi.0: registered as rtc0
[    1.767168] rtc-efi rtc-efi.0: setting system clock to 2026-08-28T08:49:12 UTC (1787906952)
[    1.776279] NET: Registered PF_INET6 protocol family
[    1.800268] Segment Routing with IPv6
[    1.804207] In-situ OAM (IOAM) with IPv6
[    1.895528] registered taskstats version 1
[    1.911380] Loading compiled-in X.509 certificates
[    1.941618] Freeing initrd memory: 5268K
[    2.171082] Loaded X.509 cert 'alpinelinux.org: Alpine Linux kernel key: 87fa969a47f3e2a6aa35859eb932a17c95abcd82'
[    2.197847] Demotion targets for Node 0: null
[    2.203450] Key type .fscrypt registered
[    2.204262] Key type fscrypt-provisioning registered
[    2.239470] clk: Disabling unused clocks
[    2.240548] PM: genpd: Disabling unused power domains
[    2.313736] Freeing unused kernel memory: 1920K
[    2.318554] Run /init as init process
[    2.547722] Alpine Init 3.11.1-r0
Alpine Init 3.11.1-r0
[    2.556614] Loading boot drivers...
 * Loading boot drivers: [    2.607270] Loading boot drivers: ok.
ok.
SIMBOOT: kernel=6.12.103-0-virt
[    2.679966] Invalid ELF header magic: != ELF
[    2.714449] virtio_blk virtio0: 2/0/0 default/read/poll queues
[    2.740705] virtio_blk virtio0: [vda] 1411072 512-byte logical blocks (722 MB/689 MiB)
[    2.779800] Invalid ELF header magic: != ELF
[    2.798675] Invalid ELF header magic: != ELF
[    2.816887] Invalid ELF header magic: != ELF
[    2.846105] Invalid ELF header magic: != ELF
[    2.927273] Invalid ELF header magic: != ELF
[    3.130904] Invalid ELF header magic: != ELF
[    3.166302] e1000: Intel(R) PRO/1000 Network Driver
[    3.166570] e1000: Copyright (c) 1999-2006 Intel Corporation.
[    3.169910] ACPI: \_SB_.L001: Enabled at IRQ 36
[    3.170552] e1000 0000:00:01.0: enabling device (0000 -> 0003)
[    3.526052] e1000 0000:00:01.0 eth0: (PCI:33MHz:32-bit) 52:54:00:12:34:56
[    3.527479] e1000 0000:00:01.0 eth0: Intel(R) PRO/1000 Network Connection
Module                  Size  Used by    Not tainted
e1000                 163840  0 
ext4                  929792  0 
jbd2                  172032  1 ext4
mbcache                20480  1 ext4
crc32c_generic         12288  0 
crc16                  12288  1 ext4
virtio_blk             24576  0 
[    4.665332] EXT4-fs (vda): mounted filesystem 1799a7eb-09df-4b80-8c57-0424de58e445 r/w with ordered data mode. Quota mode: none.
SIMBOOT: root mounted rw, running real mfp.afx with binder stub
[   15.937924] e1000: eth0 NIC Link is Up 1000 Mbps Full Duplex, Flow Control: RX
MFP_PID=462
[   20.104379] random: crng init done
--- POLL 1: N=11 ---
[Thread debugging using libthread_db enabled]
Using host libthread_db library "/lib64/libthread_db.so.1".
0x0000ffff8ed2d920 in ?? () from /lib64/libsqlite3mc.so.0
B4: 5c=0 7c=0 80=0 82=0
AF: 5c=1 7c=1 80=1 82=1
[Inferior 1 (process 462) detached]
--- POLL 2: N=22 ---
[Thread debugging using libthread_db enabled]
Using host libthread_db library "/lib64/libthread_db.so.1".
0x0000ffff8e0eb05c in ?? () from /lib64/libc.so.6
B4: 5c=1 7c=1 80=1 82=1
AF: 5c=1 7c=1 80=1 82=1
[Inferior 1 (process 462) detached]
--- POLL 3: N=44 ---
[Thread debugging using libthread_db enabled]
Using host libthread_db library "/lib64/libthread_db.so.1".
0x0000ffff8e0eb05c in ?? () from /lib64/libc.so.6
B4: 5c=1 7c=1 80=1 82=1
AF: 5c=1 7c=1 80=1 82=1
[Inferior 1 (process 462) detached]
--- POLL 4: N=62 ---
[Thread debugging using libthread_db enabled]
Using host libthread_db library "/lib64/libthread_db.so.1".
0x0000ffff8e121ae0 in clock_nanosleep () from /lib64/libc.so.6
B4: 5c=0 7c=0 80=0 82=0
AF: 5c=1 7c=1 80=1 82=1
[Inferior 1 (process 462) detached]
--- POLL 5: N=179 ---
POLL: passed print_info_status_init (N=179)
--- ALIVE ---
179
--- LISTEN TCP ---
  sl  local_address rem_address   st tx_queue rx_queue tr tm->when retrnsmt   uid  timeout inode                                                     
   0: 00000000:86EB 00000000:0000 0A 00000000:00000000 00:00000000 00000000     0        0 55996 1 000000001154198a 100 0 0 10 0                     
SIMBOOT_LPD_HEX=86EB
SIMBOOT_LPD_PORT=34539
--- HALD LOG ---
2147483648 hal_daemon process plog lib init 
--- PLOGD LOG ---
--- CMD REG TABLE ---
[New LWP 679]
[New LWP 680]
[New LWP 681]
[New LWP 682]
[New LWP 683]
[New LWP 685]
[New LWP 686]
[New LWP 688]
[New LWP 693]
[New LWP 694]
[New LWP 695]
[New LWP 696]
[New LWP 697]
[New LWP 698]
[New LWP 699]
[New LWP 700]
[New LWP 701]
[New LWP 702]
[New LWP 703]
[New LWP 704]
[New LWP 705]
[New LWP 706]
[New LWP 707]
[New LWP 708]
[Thread debugging using libthread_db enabled]
Using host libthread_db library "/lib64/libthread_db.so.1".
0x0000ffff8e121ae0 in clock_nanosleep () from /lib64/libc.so.6
warning: could not convert '$h' from the host encoding (ANSI_X3.4-1968) to UTF-32.
This normally should not happen, please file a bug report.
node=0x39642d00 cmd=0xd cb=0x6b7570 arg=(nil)
node=0x396436b0 cmd=0x7 cb=0x6974e4 arg=(nil)
node=0x39644910 cmd=0xa cb=0x74fbcc arg=(nil)
node=0x39644940 cmd=0xe cb=0x74fb0c arg=(nil)
node=0x3964f830 cmd=0 cb=0x73b71c arg=(nil)
node=0x396418a0 cmd=0xc cb=0x6b8588 arg=(nil)
node=0x3964f6a0 cmd=0x6 cb=0x6cc6f8 arg=(nil)
node=0x39642a70 cmd=0x11 cb=0x6a77cc arg=(nil)
node=0x39679400 cmd=0xf cb=0x4b01f0 arg=(nil)
node=0x39679430 cmd=0x2 cb=0x4b03a8 arg=(nil)
node=0x397223f0 cmd=0x3 cb=0x70aba0 arg=(nil)
node=0x3974c360 cmd=0x1 cb=0x722310 arg=(nil)
node=0x39760560 cmd=0xb cb=0x678d20 arg=0x3974c5d0
node=0x39760590 cmd=0x10 cb=0x679120 arg=0x3974c5d0
node=0x397b78d0 cmd=0x4 cb=0x74105c arg=(nil)
node=0x910e20 cmd=0x1 cb=0x100000001 arg=0x30b00002
node=0x39642d00 cmd=0xd cb=0x6b7570 arg=(nil)
node=0x396436b0 cmd=0x7 cb=0x6974e4 arg=(nil)
node=0x39644910 cmd=0xa cb=0x74fbcc arg=(nil)
node=0x39644940 cmd=0xe cb=0x74fb0c arg=(nil)
node=0x3964f830 cmd=0 cb=0x73b71c arg=(nil)
node=0x396418a0 cmd=0xc cb=0x6b8588 arg=(nil)
node=0x3964f6a0 cmd=0x6 cb=0x6cc6f8 arg=(nil)
node=0x39642a70 cmd=0x11 cb=0x6a77cc arg=(nil)
node=0x39679400 cmd=0xf cb=0x4b01f0 arg=(nil)
node=0x39679430 cmd=0x2 cb=0x4b03a8 arg=(nil)
node=0x397223f0 cmd=0x3 cb=0x70aba0 arg=(nil)
node=0x3974c360 cmd=0x1 cb=0x722310 arg=(nil)
node=0x39760560 cmd=0xb cb=0x678d20 arg=0x3974c5d0
node=0x39760590 cmd=0x10 cb=0x679120 arg=0x3974c5d0
node=0x397b78d0 cmd=0x4 cb=0x74105c arg=(nil)
node=0x910e20 cmd=0x1 cb=0x100000001 arg=0x30b00002
node=0x39642d00 cmd=0xd cb=0x6b7570 arg=(nil)
node=0x396436b0 cmd=0x7 cb=0x6974e4 arg=(nil)
node=0x39644910 cmd=0xa cb=0x74fbcc arg=(nil)
node=0x39644940 cmd=0xe cb=0x74fb0c arg=(nil)
node=0x3964f830 cmd=0 cb=0x73b71c arg=(nil)
node=0x396418a0 cmd=0xc cb=0x6b8588 arg=(nil)
node=0x3964f6a0 cmd=0x6 cb=0x6cc6f8 arg=(nil)
node=0x39642a70 cmd=0x11 cb=0x6a77cc arg=(nil)
node=0x39679400 cmd=0xf cb=0x4b01f0 arg=(nil)
node=0x39679430 cmd=0x2 cb=0x4b03a8 arg=(nil)
node=0x397223f0 cmd=0x3 cb=0x70aba0 arg=(nil)
node=0x3974c360 cmd=0x1 cb=0x722310 arg=(nil)
node=0x39760560 cmd=0xb cb=0x678d20 arg=0x3974c5d0
node=0x39760590 cmd=0x10 cb=0x679120 arg=0x3974c5d0
node=0x397b78d0 cmd=0x4 cb=0x74105c arg=(nil)
node=0x910e20 cmd=0x1 cb=0x100000001 arg=0x30b00002
node=0x39642d00 cmd=0xd cb=0x6b7570 arg=(nil)
node=0x396436b0 cmd=0x7 cb=0x6974e4 arg=(nil)
node=0x39644910 cmd=0xa cb=0x74fbcc arg=(nil)
node=0x39644940 cmd=0xe cb=0x74fb0c arg=(nil)
node=0x3964f830 cmd=0 cb=0x73b71c arg=(nil)
node=0x396418a0 cmd=0xc cb=0x6b8588 arg=(nil)
node=0x3964f6a0 cmd=0x6 cb=0x6cc6f8 arg=(nil)
node=0x39642a70 cmd=0x11 cb=0x6a77cc arg=(nil)
node=0x39679400 cmd=0xf cb=0x4b01f0 arg=(nil)
node=0x39679430 cmd=0x2 cb=0x4b03a8 arg=(nil)
node=0x397223f0 cmd=0x3 cb=0x70aba0 arg=(nil)
node=0x3974c360 cmd=0x1 cb=0x722310 arg=(nil)
[Inferior 1 (process 462) detached]
--- PORTS ALL ---
local_address st
00000000:86EB 0A
TRACE GDB STARTED
READY FOR INJECT
--- MID PORTS ---
local_address st
00000000:86EB 0A
0F02000A:86EB 08
--- GDB TRACE ---
[  299.917403] hrtimer: interrupt took 41406400 ns
Breakpoint 5 at 0x6b6b64: file system_manager/job_pedkapi.c, line 300.
Breakpoint 6 at 0x6b7060: file system_manager/job_pedkapi.c, line 449.
Breakpoint 7 at 0x6b740c: file system_manager/job_pedkapi.c, line 551.
Breakpoint 8 at 0x6b7500: file system_manager/job_pedkapi.c, line 578.
Breakpoint 9 at 0x6b7158: file system_manager/job_pedkapi.c, line 476.
[Switching to Thread 0xffff74118b60 (LWP 514)]
TRACE HIT ibc_type0a_74c960
TRACE HIT pedk_disp_74c38c
TRACE HIT job_disp_6b7570
TRACE HIT sub514_6b6adc
TRACE HIT ibc_type0a_74c960
TRACE HIT pedk_disp_74c38c
TRACE HIT job_disp_6b7570
TRACE HIT sub514_6b6adc
TRACE HIT ibc_type0a_74c960
TRACE HIT pedk_disp_74c38c
TRACE HIT job_disp_6b7570
TRACE HIT sub514_6b6adc
TRACE HIT ibc_type0a_74c960
TRACE HIT pedk_disp_74c38c
TRACE HIT job_disp_6b7570
TRACE HIT sub514_6b6adc
TRACE HIT ibc_type0a_74c960
TRACE HIT pedk_disp_74c38c
TRACE HIT job_disp_6b7570
TRACE HIT sub514_6b6adc
TRACE HIT ibc_type0a_74c960
TRACE HIT pedk_disp_74c38c
TRACE HIT job_disp_6b7570
TRACE HIT sub514_6b6adc
--- MFP LOG SIZE ---
24886835 /tmp/mfp.log
--- MFP LOG RAW tail ---
[08:54:17.208] pi_hal_gpio_get                - intf/hal_gpio.c      L30    [HAL][ERROR]  -->  pi_hal_gpio_get error handle 
KEEPING MFP ALIVE (pid 462)
SIMBOOT: mfp run finished, keeping shell
/bin/sh: can't access tty; job control turned off
~ # [6n