UEFI firmware (version edk2-stable202408-prebuilt.qemu.org built at 16:28:50 on Sep 12 2024)
ArmTrngLib could not be correctly initialized.
Error: Image at 000BFDB6000 start failed: 00000001
Error: Image at 000BFD6D000 start failed: Not Found
Error: Image at 000BFCBA000 start failed: Unsupported
Error: Image at 000BFB5E000 start failed: Aborted
Tpm2SubmitCommand - Tcg2 - Not Found
Tpm2GetCapabilityPcrs fail!
Tpm2SubmitCommand - Tcg2 - Not Found
Image type X64 can't be loaded on AARCH64 UEFI system.
[2J[01;01H[=3h[2J[01;01H[2J[01;01H[=3h[2J[01;01HEFI stub: Decompressing Linux Kernel...
EFI stub: Loaded initrd from LINUX_EFI_INITRD_MEDIA_GUID device path
EFI stub: Generating empty DTB
EFI stub: Exiting boot services...
[    0.000000] Booting Linux on physical CPU 0x0000000000 [0x414fd0b1]
[    0.000000] Linux version 6.12.103-0-virt (buildozer@build-3-21-aarch64) (gcc (Alpine 14.2.0) 14.2.0, GNU ld (GNU Binutils) 2.43.1) #1-Alpine SMP PREEMPT_DYNAMIC 2026-08-10 14:25:03
[    0.000000] efi: EFI v2.7 by EDK II
[    0.000000] efi: SMBIOS 3.0=0xbfed0000 MEMATTR=0xbe176018 ACPI 2.0=0xbcb43018 INITRD=0xbcb40f18 MEMRESERVE=0xbcb40f98 
[    0.000000] ACPI: Early table checksum verification disabled
[    0.000000] ACPI: RSDP 0x00000000BCB43018 000024 (v02 BOCHS )
[    0.000000] ACPI: XSDT 0x00000000BCB43F18 000064 (v01 BOCHS  BXPC     00000001      01000013)
[    0.000000] ACPI: FACP 0x00000000BCB43B18 000114 (v06 BOCHS  BXPC     00000001 BXPC 00000001)
[    0.000000] ACPI: DSDT 0x00000000BCB41018 001506 (v02 BOCHS  BXPC     00000001 BXPC 00000001)
[    0.000000] ACPI: APIC 0x00000000BCB43C98 0000FC (v04 BOCHS  BXPC     00000001 BXPC 00000001)
[    0.000000] ACPI: PPTT 0x00000000BCB43E18 000074 (v02 BOCHS  BXPC     00000001 BXPC 00000001)
[    0.000000] ACPI: GTDT 0x00000000BCB43098 000068 (v03 BOCHS  BXPC     00000001 BXPC 00000001)
[    0.000000] ACPI: MCFG 0x00000000BCB43A98 00003C (v01 BOCHS  BXPC     00000001 BXPC 00000001)
[    0.000000] ACPI: SPCR 0x00000000BCB43818 000050 (v02 BOCHS  BXPC     00000001 BXPC 00000001)
[    0.000000] ACPI: DBG2 0x00000000BCB43A18 000057 (v00 BOCHS  BXPC     00000001 BXPC 00000001)
[    0.000000] ACPI: IORT 0x00000000BCB43898 000054 (v05 BOCHS  BXPC     00000001 BXPC 00000001)
[    0.000000] ACPI: SPCR: console: pl011,mmio32,0x9000000,9600
[    0.000000] ACPI: Use ACPI SPCR as default console: Yes
[    0.000000] NUMA: Faking a node at [mem 0x0000000040000000-0x00000000bfffffff]
[    0.000000] NODE_DATA(0) allocated [mem 0xbf855b80-0xbf857fff]
[    0.000000] Zone ranges:
[    0.000000]   DMA      [mem 0x0000000040000000-0x00000000bfffffff]
[    0.000000]   DMA32    empty
[    0.000000]   Normal   empty
[    0.000000] Movable zone start for each node
[    0.000000] Early memory node ranges
[    0.000000]   node   0: [mem 0x0000000040000000-0x00000000bc76ffff]
[    0.000000]   node   0: [mem 0x00000000bc770000-0x00000000bcb3ffff]
[    0.000000]   node   0: [mem 0x00000000bcb40000-0x00000000bfe1ffff]
[    0.000000]   node   0: [mem 0x00000000bfe20000-0x00000000bfeaffff]
[    0.000000]   node   0: [mem 0x00000000bfeb0000-0x00000000bfebffff]
[    0.000000]   node   0: [mem 0x00000000bfec0000-0x00000000bffdffff]
[    0.000000]   node   0: [mem 0x00000000bffe0000-0x00000000bfffffff]
[    0.000000] Initmem setup node 0 [mem 0x0000000040000000-0x00000000bfffffff]
[    0.000000] psci: probing for conduit method from ACPI.
[    0.000000] psci: PSCIv1.1 detected in firmware.
[    0.000000] psci: Using standard PSCI v0.2 function IDs
[    0.000000] psci: Trusted OS migration not required
[    0.000000] psci: SMC Calling Convention v1.0
[    0.000000] percpu: Embedded 33 pages/cpu s96984 r8192 d29992 u135168
[    0.000000] Detected PIPT I-cache on CPU0
[    0.000000] CPU features: detected: Spectre-v4
[    0.000000] CPU features: detected: Spectre-BHB
[    0.000000] CPU features: detected: Broken broadcast TLBI completion
[    0.000000] CPU features: detected: SSBS not fully self-synchronizing
[    0.000000] alternatives: applying boot alternatives
[    0.000000] Kernel command line: root=/dev/vda rw console=ttyAMA0 initrd=initrd
[    0.000000] Dentry cache hash table entries: 262144 (order: 9, 2097152 bytes, linear)
[    0.000000] Inode-cache hash table entries: 131072 (order: 8, 1048576 bytes, linear)
[    0.000000] Fallback order for Node 0: 0 
[    0.000000] Built 1 zonelists, mobility grouping on.  Total pages: 524288
[    0.000000] Policy zone: DMA
[    0.000000] mem auto-init: stack:all(zero), heap alloc:on, heap free:off
[    0.000000] software IO TLB: SWIOTLB bounce buffer size adjusted to 2MB
[    0.000000] software IO TLB: area num 2.
[    0.000000] software IO TLB: mapped [mem 0x00000000bf2b4000-0x00000000bf4b4000] (2MB)
[    0.000000] SLUB: HWalign=64, Order=0-3, MinObjects=0, CPUs=2, Nodes=1
[    0.000000] Dynamic Preempt: none
[    0.000000] rcu: Preemptible hierarchical RCU implementation.
[    0.000000] rcu: 	RCU restricting CPUs from NR_CPUS=4096 to nr_cpu_ids=2.
[    0.000000] 	Trampoline variant of Tasks RCU enabled.
[    0.000000] 	Tracing variant of Tasks RCU enabled.
[    0.000000] rcu: RCU calculated value of scheduler-enlistment delay is 10 jiffies.
[    0.000000] rcu: Adjusting geometry for rcu_fanout_leaf=16, nr_cpu_ids=2
[    0.000000] RCU Tasks: Setting shift to 1 and lim to 1 rcu_task_cb_adjust=1 rcu_task_cpu_ids=2.
[    0.000000] RCU Tasks Trace: Setting shift to 1 and lim to 1 rcu_task_cb_adjust=1 rcu_task_cpu_ids=2.
[    0.000000] NR_IRQS: 64, nr_irqs: 64, preallocated irqs: 0
[    0.000000] Root IRQ handler: gic_handle_irq
[    0.000000] GICv2m: ACPI overriding V2M MSI_TYPER (base:80, num:64)
[    0.000000] GICv2m: range[mem 0x08020000-0x08020fff], SPI[80:143]
[    0.000000] rcu: srcu_init: Setting srcu_struct sizes based on contention.
[    0.000000] clocksource: jiffies: mask: 0xffffffff max_cycles: 0xffffffff, max_idle_ns: 19112604462750000 ns
[    0.000000] arch_timer: cp15 timer(s) running at 62.50MHz (virt).
[    0.000000] clocksource: arch_sys_counter: mask: 0x1ffffffffffffff max_cycles: 0x1cd42e208c, max_idle_ns: 881590405314 ns
[    0.000143] sched_clock: 57 bits at 63MHz, resolution 16ns, wraps every 4398046511096ns
[    0.016481] kfence: initialized - using 2097152 bytes for 255 objects at 0x(____ptrval____)-0x(____ptrval____)
[    0.048594] Console: colour dummy device 80x25
[    0.063282] ACPI: Core revision 20240827
[    0.082049] Calibrating delay loop (skipped), value calculated using timer frequency.. 125.00 BogoMIPS (lpj=625000)
[    0.082421] pid_max: default: 32768 minimum: 301
[    0.098060] LSM: initializing lsm=lockdown,capability,landlock
[    0.107657] landlock: Up and running.
[    0.114219] Mount-cache hash table entries: 4096 (order: 3, 32768 bytes, linear)
[    0.114380] Mountpoint-cache hash table entries: 4096 (order: 3, 32768 bytes, linear)
[    0.294199] rcu: Hierarchical SRCU implementation.
[    0.294355] rcu: 	Max phase no-delay instances is 1000.
[    0.299604] Timer migration: 1 hierarchy levels; 8 children per group; 1 crossnode level
[    0.328539] Remapping and enabling EFI services.
[    0.345690] smp: Bringing up secondary CPUs ...
[    0.376150] Detected PIPT I-cache on CPU1
[    0.398266] CPU1: Booted secondary processor 0x0000000001 [0x414fd0b1]
[    0.478536] smp: Brought up 1 node, 2 CPUs
[    0.478631] SMP: Total of 2 processors activated.
[    0.478707] CPU: All CPU(s) started at EL1
[    0.479103] CPU features: detected: 32-bit EL0 Support
[    0.479193] CPU features: detected: Data cache clean to the PoU not required for I/D coherence
[    0.479268] CPU features: detected: Common not Private translations
[    0.479277] CPU features: detected: CRC32 instructions
[    0.479589] CPU features: detected: RCpc load-acquire (LDAPR)
[    0.479663] CPU features: detected: LSE atomic instructions
[    0.479673] CPU features: detected: Privileged Access Never
[    0.479681] CPU features: detected: RAS Extension Support
[    0.479757] CPU features: detected: Speculative Store Bypassing Safe (SSBS)
[    0.517266] alternatives: applying system-wide alternatives
[    0.549701] CPU features: detected: Hardware dirty bit management on CPU0-1
[    0.626039] Memory: 2003132K/2097152K available (12608K kernel code, 1950K rwdata, 7812K rodata, 1920K init, 9305K bss, 89464K reserved, 0K cma-reserved)
[    0.779509] devtmpfs: initialized
[    0.927228] futex hash table entries: 512 (order: 3, 32768 bytes, linear)
[    0.929014] 24304 pages in range for non-PLT usage
[    0.929138] 515824 pages in range for PLT usage
[    0.946883] pinctrl core: initialized pinctrl subsystem
[    0.968358] SMBIOS 3.0.0 present.
[    0.968919] DMI: QEMU QEMU Virtual Machine, BIOS edk2-stable202408-prebuilt.qemu.org 08/13/2024
[    0.969542] DMI: Memory slots populated: 1/1
[    1.043786] NET: Registered PF_NETLINK/PF_ROUTE protocol family
[    1.060748] DMA: preallocated 256 KiB GFP_KERNEL pool for atomic allocations
[    1.062442] DMA: preallocated 256 KiB GFP_KERNEL|GFP_DMA pool for atomic allocations
[    1.066273] DMA: preallocated 256 KiB GFP_KERNEL|GFP_DMA32 pool for atomic allocations
[    1.066999] audit: initializing netlink subsys (disabled)
[    1.073699] audit: type=2000 audit(0.520:1): state=initialized audit_enabled=0 res=1
[    1.083932] thermal_sys: Registered thermal governor 'step_wise'
[    1.089045] cpuidle: using governor ladder
[    1.089955] cpuidle: using governor menu
[    1.094847] hw-breakpoint: found 6 breakpoint and 4 watchpoint registers.
[    1.096305] ASID allocator initialised with 65536 entries
[    1.098001] acpiphp: ACPI Hot Plug PCI Controller Driver version: 0.5
[    1.102497] Serial: AMBA PL011 UART driver
[    1.144450] HugeTLB: registered 1.00 GiB page size, pre-allocated 0 pages
[    1.144498] HugeTLB: 0 KiB vmemmap can be freed for a 1.00 GiB page
[    1.144520] HugeTLB: registered 32.0 MiB page size, pre-allocated 0 pages
[    1.144528] HugeTLB: 0 KiB vmemmap can be freed for a 32.0 MiB page
[    1.144539] HugeTLB: registered 2.00 MiB page size, pre-allocated 0 pages
[    1.144547] HugeTLB: 0 KiB vmemmap can be freed for a 2.00 MiB page
[    1.144560] HugeTLB: registered 64.0 KiB page size, pre-allocated 0 pages
[    1.144568] HugeTLB: 0 KiB vmemmap can be freed for a 64.0 KiB page
[    1.197988] ACPI: Added _OSI(Module Device)
[    1.198102] ACPI: Added _OSI(Processor Device)
[    1.198117] ACPI: Added _OSI(Processor Aggregator Device)
[    1.239107] ACPI: 1 ACPI AML tables successfully acquired and loaded
[    1.280508] ACPI: Interpreter enabled
[    1.280585] ACPI: Using GIC for interrupt routing
[    1.283012] ACPI: MCFG table detected, 1 entries
[    1.374883] ACPI: CPU0 has been hot-added
[    1.379126] ACPI: CPU1 has been hot-added
[    1.414027] ARMH0011:00: ttyAMA0 at MMIO 0x9000000 (irq = 12, base_baud = 0) is a SBSA
[    1.416980] printk: legacy console [ttyAMA0] enabled
[    1.650521] ACPI: PCI: Interrupt link L000 configured for IRQ 35
[    1.652025] ACPI: PCI: Interrupt link L001 configured for IRQ 36
[    1.652954] ACPI: PCI: Interrupt link L002 configured for IRQ 37
[    1.653619] ACPI: PCI: Interrupt link L003 configured for IRQ 38
[    1.660231] ACPI: PCI Root Bridge [PCI0] (domain 0000 [bus 00-ff])
[    1.665415] acpi PNP0A08:00: _OSC: OS supports [ExtendedConfig ASPM ClockPM Segments MSI HPX-Type3]
[    1.684960] acpi PNP0A08:00: _OSC: platform does not support [LTR]
[    1.693309] acpi PNP0A08:00: _OSC: OS now controls [PCIeHotplug PME PCIeCapability]
[    1.701559] acpi PNP0A08:00: ECAM area [mem 0x4010000000-0x401fffffff] reserved by PNP0C02:00
[    1.707028] acpi PNP0A08:00: ECAM at [mem 0x4010000000-0x401fffffff] for [bus 00-ff]
[    1.709414] ACPI: Remapped I/O 0x000000003eff0000 to [io  0x0000-0xffff window]
[    1.719827] PCI host bridge to bus 0000:00
[    1.724678] pci_bus 0000:00: root bus resource [mem 0x10000000-0x3efeffff window]
[    1.725261] pci_bus 0000:00: root bus resource [io  0x0000-0xffff window]
[    1.725630] pci_bus 0000:00: root bus resource [mem 0x8000000000-0xffffffffff window]
[    1.726395] pci_bus 0000:00: root bus resource [bus 00-ff]
[    1.729812] pci 0000:00:00.0: [1b36:0008] type 00 class 0x060000 conventional PCI endpoint
[    1.749196] pci 0000:00:01.0: [8086:100e] type 00 class 0x020000 conventional PCI endpoint
[    1.750748] pci 0000:00:01.0: BAR 0 [mem 0x10040000-0x1005ffff]
[    1.751320] pci 0000:00:01.0: BAR 1 [io  0x0080-0x00bf]
[    1.751774] pci 0000:00:01.0: ROM [mem 0xfffc0000-0xffffffff pref]
[    1.758066] pci 0000:00:02.0: [1af4:1001] type 00 class 0x010000 conventional PCI endpoint
[    1.758684] pci 0000:00:02.0: BAR 0 [io  0x0000-0x007f]
[    1.758986] pci 0000:00:02.0: BAR 1 [mem 0x10060000-0x10060fff]
[    1.759457] pci 0000:00:02.0: BAR 4 [mem 0x8000000000-0x8000003fff 64bit pref]
[    1.764703] pci 0000:00:01.0: ROM [mem 0x10000000-0x1003ffff pref]: assigned
[    1.765578] pci 0000:00:01.0: BAR 0 [mem 0x10040000-0x1005ffff]: assigned
[    1.766265] pci 0000:00:02.0: BAR 4 [mem 0x8000000000-0x8000003fff 64bit pref]: assigned
[    1.766958] pci 0000:00:02.0: BAR 1 [mem 0x10060000-0x10060fff]: assigned
[    1.767365] pci 0000:00:02.0: BAR 0 [io  0x1000-0x107f]: assigned
[    1.767722] pci 0000:00:01.0: BAR 1 [io  0x1080-0x10bf]: assigned
[    1.768632] pci_bus 0000:00: resource 4 [mem 0x10000000-0x3efeffff window]
[    1.769086] pci_bus 0000:00: resource 5 [io  0x0000-0xffff window]
[    1.769410] pci_bus 0000:00: resource 6 [mem 0x8000000000-0xffffffffff window]
[    1.784292] iommu: Default domain type: Translated
[    1.784724] iommu: DMA domain TLB invalidation policy: lazy mode
[    1.814139] efivars: Registered efivars operations
[    1.869818] clocksource: Switched to clocksource arch_sys_counter
[    1.897712] VFS: Disk quotas dquot_6.6.0
[    1.898589] VFS: Dquot-cache hash table entries: 512 (order 0, 4096 bytes)
[    1.918022] pnp: PnP ACPI init
[    1.931909] system 00:00: [mem 0x4010000000-0x401fffffff window] could not be reserved
[    1.933205] pnp: PnP ACPI: found 1 devices
[    2.044336] NET: Registered PF_INET protocol family
[    2.047444] IP idents hash table entries: 32768 (order: 6, 262144 bytes, linear)
[    2.186349] tcp_listen_portaddr_hash hash table entries: 1024 (order: 2, 16384 bytes, linear)
[    2.187332] Table-perturb hash table entries: 65536 (order: 6, 262144 bytes, linear)
[    2.190499] TCP established hash table entries: 16384 (order: 5, 131072 bytes, linear)
[    2.192166] TCP bind hash table entries: 16384 (order: 7, 524288 bytes, linear)
[    2.193091] TCP: Hash tables configured (established 16384 bind 16384)
[    2.198170] MPTCP token hash table entries: 2048 (order: 4, 49152 bytes, linear)
[    2.199608] UDP hash table entries: 1024 (order: 3, 32768 bytes, linear)
[    2.200571] UDP-Lite hash table entries: 1024 (order: 3, 32768 bytes, linear)
[    2.206670] NET: Registered PF_UNIX/PF_LOCAL protocol family
[    2.208703] NET: Registered PF_XDP protocol family
[    2.209742] PCI: CLS 0 bytes, default 64
[    2.215182] kvm [1]: HYP mode not available
[    2.225643] Unpacking initramfs...
[    2.226801] Initialise system trusted keyrings
[    2.240928] workingset: timestamp_bits=44 max_order=19 bucket_order=0
[    2.375318] Key type asymmetric registered
[    2.375955] Asymmetric key parser 'x509' registered
[    2.377448] Block layer SCSI generic (bsg) driver version 0.4 loaded (major 249)
[    2.380583] io scheduler mq-deadline registered
[    2.381064] io scheduler kyber registered
[    2.382069] io scheduler bfq registered
[    2.445565] ACPI: \_SB_.L002: Enabled at IRQ 37
[    2.447558] virtio-pci 0000:00:02.0: enabling device (0000 -> 0003)
[    2.461903] Serial: 8250/16550 driver, 4 ports, IRQ sharing enabled
[    2.501247] hv_vmbus: registering driver hyperv_keyboard
[    2.517817] rtc-efi rtc-efi.0: registered as rtc0
[    2.527126] rtc-efi rtc-efi.0: setting system clock to 2026-08-26T07:20:42 UTC (1787728842)
[    2.533754] NET: Registered PF_INET6 protocol family
[    2.569075] Segment Routing with IPv6
[    2.569994] In-situ OAM (IOAM) with IPv6
[    2.680722] registered taskstats version 1
[    2.692994] Loading compiled-in X.509 certificates
[    2.853542] Freeing initrd memory: 5268K
[    3.327739] Loaded X.509 cert 'alpinelinux.org: Alpine Linux kernel key: 87fa969a47f3e2a6aa35859eb932a17c95abcd82'
[    3.385072] Demotion targets for Node 0: null
[    3.393797] Key type .fscrypt registered
[    3.394167] Key type fscrypt-provisioning registered
[    3.480091] clk: Disabling unused clocks
[    3.483883] PM: genpd: Disabling unused power domains
[    3.619400] Freeing unused kernel memory: 1920K
[    3.644570] Run /init as init process
[    4.778549] Alpine Init 3.11.1-r0
Alpine Init 3.11.1-r0
[    4.798040] Loading boot drivers...
 * Loading boot drivers: [    4.930695] Loading boot drivers: ok.
ok.
SIMBOOT: kernel=6.12.103-0-virt
[    5.135996] Invalid ELF header magic: != ELF
[    5.229668] virtio_blk virtio0: 2/0/0 default/read/poll queues
[    5.270138] virtio_blk virtio0: [vda] 1411072 512-byte logical blocks (722 MB/689 MiB)
[    5.351620] Invalid ELF header magic: != ELF
[    5.398814] Invalid ELF header magic: != ELF
[    5.514365] Invalid ELF header magic: != ELF
[    5.567140] Invalid ELF header magic: != ELF
[    5.917298] Invalid ELF header magic: != ELF
[    6.599714] Invalid ELF header magic: != ELF
[    6.699030] e1000: Intel(R) PRO/1000 Network Driver
[    6.699466] e1000: Copyright (c) 1999-2006 Intel Corporation.
[    6.702483] ACPI: \_SB_.L001: Enabled at IRQ 36
[    6.703424] e1000 0000:00:01.0: enabling device (0000 -> 0003)
[    7.247448] e1000 0000:00:01.0 eth0: (PCI:33MHz:32-bit) 52:54:00:12:34:56
[    7.248914] e1000 0000:00:01.0 eth0: Intel(R) PRO/1000 Network Connection
Module                  Size  Used by    Not tainted
e1000                 163840  0 
ext4                  929792  0 
jbd2                  172032  1 ext4
mbcache                20480  1 ext4
crc32c_generic         12288  0 
crc16                  12288  1 ext4
virtio_blk             24576  0 
[    8.496946] EXT4-fs (vda): mounted filesystem 1799a7eb-09df-4b80-8c57-0424de58e445 r/w with ordered data mode. Quota mode: none.
SIMBOOT: root mounted rw, running real mfp.afx with binder stub
[   26.410864] e1000: eth0 NIC Link is Up 1000 Mbps Full Duplex, Flow Control: RX
MFP_PID=462
[   34.686500] random: crng init done
--- POLL 1: N=11 ---
[Inferior 1 (process 462) detached]
--- POLL 2: N=11 ---
[   93.492917] hrtimer: interrupt took 201371296 ns
[Inferior 1 (process 462) detached]
--- POLL 3: N=11 ---
[Inferior 1 (process 462) detached]
--- POLL 4: N=11 ---
[Inferior 1 (process 462) detached]
--- BT@POLL4 ---
0x0000ffffbbd4e1f8 in fsync () from /lib64/libc.so.6
[Switching to thread 1 (Thread 0xffffbb943960 (LWP 462))]
#0  0x0000ffffbbd4e1f8 in fsync () from /lib64/libc.so.6
#0  0x0000ffffbbd4e1f8 in fsync () from /lib64/libc.so.6
#1  0x0000ffffbca14034 in ?? () from /lib64/libsqlite3mc.so.0
#2  0x0000ffffbca70bb4 in ?? () from /lib64/libsqlite3mc.so.0
#3  0x0000ffffbca7cf0c in ?? () from /lib64/libsqlite3mc.so.0
#4  0x0000ffffbca7e46c in ?? () from /lib64/libsqlite3mc.so.0
#5  0x0000ffffbca80824 in ?? () from /lib64/libsqlite3mc.so.0
#6  0x0000ffffbcacc6bc in ?? () from /lib64/libsqlite3mc.so.0
#7  0x0000ffffbcacd3c8 in sqlite3_step () from /lib64/libsqlite3mc.so.0
[Inferior 1 (process 462) detached]
--- POLL 5: N=22 ---
[Inferior 1 (process 462) detached]
--- POLL 6: N=44 ---
[Inferior 1 (process 462) detached]
--- POLL 7: N=44 ---
[Inferior 1 (process 462) detached]
--- POLL 8: N=62 ---
[Inferior 1 (process 462) detached]
--- BT@POLL8 ---
[New LWP 670]
[New LWP 671]
[Thread debugging using libthread_db enabled]
Using host libthread_db library "/lib64/libthread_db.so.1".
0x0000ffffbbd4a574 in mkdir () from /lib64/libc.so.6
[Switching to thread 1 (Thread 0xffffbb943960 (LWP 462))]
#0  0x0000ffffbbd4a574 in mkdir () from /lib64/libc.so.6
#0  0x0000ffffbbd4a574 in mkdir () from /lib64/libc.so.6
#1  0x000000000070469c in scan_out_prolog () at scan/scan_out/scan_out.c:1036
#2  0x00000000006cd6f8 in scan_prolog () at scan/scan.c:61
#3  0x00000000006a8014 in main () at main/main.c:216
[Inferior 1 (process 462) detached]
--- POLL 9: N=180 ---
POLL: passed print_info_status_init (N=180)
--- ALIVE ---
193
--- LISTEN TCP ---
  sl  local_address rem_address   st tx_queue rx_queue tr tm->when retrnsmt   uid  timeout inode                                                     
   0: 0100007F:C737 00000000:0000 0A 00000000:00000000 00:00000000 00000000     0        0 59857 1 000000001dca7da6 100 0 0 10 0                     
--- HANDLES(corrected) ---
[New LWP 767]
[Thread debugging using libthread_db enabled]
Using host libthread_db library "/lib64/libthread_db.so.1".
0x0000ffffbbd21ae0 in clock_nanosleep () from /lib64/libc.so.6
$1 = 0xffffbce8d7e8
$2 = 0xffffbce8d7f8
$3 = 0x27145bf0
[Inferior 1 (process 462) detached]
--- MAIN BT ---
[New LWP 767]
[New LWP 778]
[Thread debugging using libthread_db enabled]
Using host libthread_db library "/lib64/libthread_db.so.1".
0x0000ffffbbd21ae0 in clock_nanosleep () from /lib64/libc.so.6
[Switching to thread 1 (Thread 0xffffbb943960 (LWP 462))]
#0  0x0000ffffbbd21ae0 in clock_nanosleep () from /lib64/libc.so.6
#0  0x0000ffffbbd21ae0 in clock_nanosleep () from /lib64/libc.so.6
#1  0x0000ffffbbd3189c in nanosleep () from /lib64/libc.so.6
#2  0x0000ffffbbd41174 in sleep () from /lib64/libc.so.6
#3  0x00000000006a8060 in main () at main/main.c:250
[Inferior 1 (process 462) detached]
--- FUNC DIST ---
BT=791
    119 ??
     30 select
     12 clock_nanosleep
      6 #0  binder_parse
      4 read
      4 binder_thr
      4 binder_parse@plt
      4 binder_parse
      3 write
      3 #0  binder_thr
      2 epoll_pwait
      1 msgrcv
      1 mprotect
      1 getpid
      1 accept
      1 __lll_lock_wait_private
--- PORT913X THREADS ---
--- SERVER THREAD ---
#0  0x0000ffffbbd56608 in accept () from /lib64/libc.so.6
--- LPD LOG ---
---------------------pedk_mgr_prolog-------int------------
[35m[osal/pol/os/Linux/pol_linux.c:55]tid(556) statck size(0x00004000) name(server_thread)[0m
[35m[osal/pol/os/Linux/pol_linux.c:55]tid(557) statck size(0x00004000) name(pedk_ibc_recv)[0m
strat bind
strat listen
 panel_pedk_init  
cmd register ok = panel - pedk
[DEBUG][IPC][scan_ipc_init]scan_ipc_init binder_start front start 
[DEBUG][IPC][scan_ipc_init]scan_ipc_init binder_start back start 
 copy_pedk_init  
--- INJECT TEST (busybox nc) ---
ls: cannot access '/bin/nc': No such file or directory
ls: cannot access '/usr/bin/nc': No such file or directory
-rwsr-xr-x 1 root root 820672 Aug 14 10:17 /bin/busybox
telnet
READY FOR INJECT
--- INJECT MID BT ---
BTMID=983
[Thread debugging using libthread_db enabled]
Using host libthread_db library "/lib64/libthread_db.so.1".
Thread 196 (Thread 0xffff5328bb60 (LWP 778) "mfp.afx"):
#0  0x0000ffffbbd52150 in select () from /lib64/libc.so.6
#1  0x00000000006c1058 in _internal_thread (arg=0xe94a60 <jsm+48>) at proxy_transfer/ctimer.c:45
Thread 195 (Thread 0xffff53babb60 (LWP 767) "mfp.afx"):
#0  0x0000ffffbbd52150 in select () from /lib64/libc.so.6
Thread 194 (Thread 0xffff53dbbb60 (LWP 766) "mfp.afx"):
Thread 193 (Thread 0xffff53fc9b60 (LWP 764) "mfp.afx"):
#1  0x0000ffffbbced834 in pthread_cond_wait () from /lib64/libc.so.6
Thread 192 (Thread 0xffff540d9b60 (LWP 763) "mfp.afx"):
Thread 191 (Thread 0xffff541e9b60 (LWP 762) "mfp.afx"):
Thread 190 (Thread 0xffff549f9b60 (LWP 761) "mfp.afx"):
#0  0x0000ffffbbd52150 in select () from /lib64/libc.so.6
Thread 189 (Thread 0xffff54c09b60 (LWP 759) "mfp.afx"):
Thread 188 (Thread 0xffff55517b60 (LWP 758) "mfp.afx"):
#0  0x0000ffffbbd52150 in select () from /lib64/libc.so.6
Thread 187 (Thread 0xffff55727b60 (LWP 756) "mfp.afx"):
Thread 186 (Thread 0xffff55935b60 (LWP 755) "mfp.afx"):
Thread 185 (Thread 0xffff55a45b60 (LWP 754) "mfp.afx"):
--- MFP LOG SIZE ---
25292673 /tmp/mfp.log
--- MFP LOG (no wait_for_peer) ---
[07:39:54.649] pi_hal_gpio_get                - intf/hal_gpio.c      L30    [HAL][ERROR]  -->  pi_hal_gpio_get error handle 
[07:39:54.858] pi_hal_gpio_get                - intf/hal_gpio.c      L30    [HAL][ERROR]  -->  pi_hal_gpio_get error handle 
[07:39:55.290] pi_hal_gpio_get                - intf/hal_gpio.c      L30    [HAL][ERROR]  -->  pi_hal_gpio_get error handle 
[07:39:55.614] pi_hal_gpio_get                - intf/hal_gpio.c      L30    [HAL][ERROR]  -->  pi_hal_gpio_get error handle 
[07:39:55.993] pi_hal_gpio_get                - intf/hal_gpio.c      L30    [HAL][ERROR]  -->  pi_hal_gpio_get error handle 
[07:39:56.211] pi_hal_gpio_get                - intf/hal_gpio.c      L30    [HAL][ERROR]  -->  pi_hal_gpio_get error handle 
[07:39:56.414] pi_hal_gpio_get                - intf/hal_gpio.c      L30    [HAL][ERROR]  -->  pi_hal_gpio_get error handle 
[07:39:56.845] pi_hal_gpio_get                - intf/hal_gpio.c      L30    [HAL][ERROR]  -->  pi_hal_gpio_get error handle 
[07:39:57.046] pi_hal_gpio_get                - intf/hal_gpio.c      L30    [HAL][ERROR]  -->  pi_hal_gpio_get error handle 
[07:39:57.543] pi_hal_gpio_get                - intf/hal_gpio.c      L30    [HAL][ERROR]  -->  pi_hal_gpio_get error handle 
[07:39:57.847] pi_hal_gpio_get                - intf/hal_gpio.c      L30    [HAL][ERROR]  -->  pi_hal_gpio_get error handle 
[07:39:58.049] pi_hal_gpio_get                - intf/hal_gpio.c      L30    [HAL][ERROR]  -->  pi_hal_gpio_get error handle 
[07:39:58.383] pi_hal_gpio_get                - intf/hal_gpio.c      L30    [HAL][ERROR]  -->  pi_hal_gpio_get error handle 
[07:39:58.590] pi_hal_gpio_get                - intf/hal_gpio.c      L30    [HAL][ERROR]  -->  pi_hal_gpio_get error handle 
[07:39:58.893] pi_hal_gpio_get                - intf/hal_gpio.c      L30    [HAL][ERROR]  -->  pi_hal_gpio_get error handle 
[07:39:59.112] pi_hal_gpio_get                - intf/hal_gpio.c      L30    [HAL][ERROR]  -->  pi_hal_gpio_get error handle 
[07:39:59.349] pi_hal_gpio_get                - intf/hal_gpio.c      L30    [HAL][ERROR]  -->  pi_hal_gpio_get error handle 
[07:40:00.025] pi_hal_gpio_get                - intf/hal_gpio.c      L30    [HAL][ERROR]  -->  pi_hal_gpio_get error handle 
[07:40:00.227] pi_hal_gpio_get                - intf/hal_gpio.c      L30    [HAL][ERROR]  -->  pi_hal_gpio_get error handle 
[07:40:00.465] pi_hal_gpio_get                - intf/hal_gpio.c      L30    [HAL][ERROR]  -->  pi_hal_gpio_get error handle 
[07:40:00.713] pi_hal_gpio_get                - intf/hal_gpio.c      L30    [HAL][ERROR]  -->  pi_hal_gpio_get error handle 
[07:40:01.027] pi_hal_gpio_get                - intf/hal_gpio.c      L30    [HAL][ERROR]  -->  pi_hal_gpio_get error handle 
[07:40:02.578] pi_hal_gpio_get                - intf/hal_gpio.c      L30    [HAL][ERROR]  -->  pi_hal_gpio_get error handle 
[07:40:02.858] pi_hal_gpio_get                - intf/hal_gpio.c      L30    [HAL][ERROR]  -->  pi_hal_gpio_get error handle 
[07:40:03.227] pi_hal_gpio_get                - intf/hal_gpio.c      L30    [HAL][ERROR]  -->  pi_hal_gpio_get error handle 
[07:40:03.429] pi_hal_gpio_get                - intf/hal_gpio.c      L30    [HAL][ERROR]  -->  pi_hal_gpio_get error handle 
[07:40:03.646] pi_hal_gpio_get                - intf/hal_gpio.c      L30    [HAL][ERROR]  -->  pi_hal_gpio_get error handle 
[07:40:03.962] pi_hal_gpio_get                - intf/hal_gpio.c      L30    [HAL][ERROR]  -->  pi_hal_gpio_get error handle 
[07:40:04.243] pi_hal_gpio_get                - intf/hal_gpio.c      L30    [HAL][ERROR]  -->  pi_hal_gpio_get error handle 
[07:40:04.457] pi_hal_gpio_get                - intf/hal_gpio.c      L30    [HAL][ERROR]  -->  pi_hal_gpio_get error handle 
[07:40:04.762] pi_hal_gpio_get                - intf/hal_gpio.c      L30    [HAL][ERROR]  -->  pi_hal_gpio_get error handle 
[07:40:05.563] pi_hal_gpio_get                - intf/hal_gpio.c      L30    [HAL][ERROR]  -->  pi_hal_gpio_get error handle 
[07:40:05.866] pi_hal_gpio_get                - intf/hal_gpio.c      L30    [HAL][ERROR]  -->  pi_hal_gpio_get error handle 
[07:40:06.073] pi_hal_gpio_get                - intf/hal_gpio.c      L30    [HAL][ERROR]  -->  pi_hal_gpio_get error handle 
[07:40:06.416] pi_hal_gpio_get                - intf/hal_gpio.c      L30    [HAL][ERROR]  -->  pi_hal_gpio_get error handle 
[07:40:06.880] pi_hal_gpio_get                - intf/hal_gpio.c      L30    [HAL][ERROR]  -->  pi_hal_gpio_get error handle 
[07:40:07.207] pi_hal_gpio_get                - intf/hal_gpio.c      L30    [HAL][ERROR]  -->  pi_hal_gpio_get error handle 
[07:40:07.409] pi_hal_gpio_get                - intf/hal_gpio.c      L30    [HAL][ERROR]  -->  pi_hal_gpio_get error handle 
[07:40:07.765] pi_hal_gpio_get                - intf/hal_gpio.c      L30    [HAL][ERROR]  -->  pi_hal_gpio_get error handle 
[07:40:08.110] pi_hal_gpio_get                - intf/hal_gpio.c      L30    [HAL][ERROR]  -->  pi_hal_gpio_get error handle 
--- MFP LOG JOB ---
