UEFI firmware (version edk2-stable202408-prebuilt.qemu.org built at 16:28:50 on Sep 12 2024)
ArmTrngLib could not be correctly initialized.
Error: Image at 0013FDB6000 start failed: 00000001
Error: Image at 0013FD6D000 start failed: Not Found
Error: Image at 0013FCBA000 start failed: Unsupported
Error: Image at 0013FB5E000 start failed: Aborted
Tpm2SubmitCommand - Tcg2 - Not Found
Tpm2GetCapabilityPcrs fail!
Tpm2SubmitCommand - Tcg2 - Not Found
Image type X64 can't be loaded on AARCH64 UEFI system.
[2J[01;01H[=3h[2J[01;01H[2J[01;01H[=3h[2J[01;01HEFI stub: Decompressing Linux Kernel...
EFI stub: Loaded initrd from LINUX_EFI_INITRD_MEDIA_GUID device path
EFI stub: Generating empty DTB
EFI stub: Exiting boot services...
[    0.000000] Booting Linux on physical CPU 0x0000000000 [0x414fd0b1]
[    0.000000] Linux version 6.12.103-0-virt (buildozer@build-3-21-aarch64) (gcc (Alpine 14.2.0) 14.2.0, GNU ld (GNU Binutils) 2.43.1) #1-Alpine SMP PREEMPT_DYNAMIC 2026-08-10 14:25:03
[    0.000000] efi: EFI v2.7 by EDK II
[    0.000000] efi: SMBIOS 3.0=0x13fed0000 MEMATTR=0x13e176018 ACPI 2.0=0x13cb43018 INITRD=0x13cb40f18 MEMRESERVE=0x13cb40f98 
[    0.000000] ACPI: Early table checksum verification disabled
[    0.000000] ACPI: RSDP 0x000000013CB43018 000024 (v02 BOCHS )
[    0.000000] ACPI: XSDT 0x000000013CB43F18 000064 (v01 BOCHS  BXPC     00000001      01000013)
[    0.000000] ACPI: FACP 0x000000013CB43B18 000114 (v06 BOCHS  BXPC     00000001 BXPC 00000001)
[    0.000000] ACPI: DSDT 0x000000013CB41018 001506 (v02 BOCHS  BXPC     00000001 BXPC 00000001)
[    0.000000] ACPI: APIC 0x000000013CB43C98 0000FC (v04 BOCHS  BXPC     00000001 BXPC 00000001)
[    0.000000] ACPI: PPTT 0x000000013CB43E18 000074 (v02 BOCHS  BXPC     00000001 BXPC 00000001)
[    0.000000] ACPI: GTDT 0x000000013CB43098 000068 (v03 BOCHS  BXPC     00000001 BXPC 00000001)
[    0.000000] ACPI: MCFG 0x000000013CB43A98 00003C (v01 BOCHS  BXPC     00000001 BXPC 00000001)
[    0.000000] ACPI: SPCR 0x000000013CB43818 000050 (v02 BOCHS  BXPC     00000001 BXPC 00000001)
[    0.000000] ACPI: DBG2 0x000000013CB43A18 000057 (v00 BOCHS  BXPC     00000001 BXPC 00000001)
[    0.000000] ACPI: IORT 0x000000013CB43898 000054 (v05 BOCHS  BXPC     00000001 BXPC 00000001)
[    0.000000] ACPI: SPCR: console: pl011,mmio32,0x9000000,9600
[    0.000000] ACPI: Use ACPI SPCR as default console: Yes
[    0.000000] NUMA: Faking a node at [mem 0x0000000040000000-0x000000013fffffff]
[    0.000000] NODE_DATA(0) allocated [mem 0x13f453b80-0x13f455fff]
[    0.000000] Zone ranges:
[    0.000000]   DMA      [mem 0x0000000040000000-0x00000000ffffffff]
[    0.000000]   DMA32    empty
[    0.000000]   Normal   [mem 0x0000000100000000-0x000000013fffffff]
[    0.000000] Movable zone start for each node
[    0.000000] Early memory node ranges
[    0.000000]   node   0: [mem 0x0000000040000000-0x000000013c76ffff]
[    0.000000]   node   0: [mem 0x000000013c770000-0x000000013cb3ffff]
[    0.000000]   node   0: [mem 0x000000013cb40000-0x000000013fe1ffff]
[    0.000000]   node   0: [mem 0x000000013fe20000-0x000000013feaffff]
[    0.000000]   node   0: [mem 0x000000013feb0000-0x000000013febffff]
[    0.000000]   node   0: [mem 0x000000013fec0000-0x000000013ffdffff]
[    0.000000]   node   0: [mem 0x000000013ffe0000-0x000000013fffffff]
[    0.000000] Initmem setup node 0 [mem 0x0000000040000000-0x000000013fffffff]
[    0.000000] psci: probing for conduit method from ACPI.
[    0.000000] psci: PSCIv1.1 detected in firmware.
[    0.000000] psci: Using standard PSCI v0.2 function IDs
[    0.000000] psci: Trusted OS migration not required
[    0.000000] psci: SMC Calling Convention v1.0
[    0.000000] percpu: Embedded 33 pages/cpu s96984 r8192 d29992 u135168
[    0.000000] Detected PIPT I-cache on CPU0
[    0.000000] CPU features: detected: Spectre-v4
[    0.000000] CPU features: detected: Spectre-BHB
[    0.000000] CPU features: detected: Broken broadcast TLBI completion
[    0.000000] CPU features: detected: SSBS not fully self-synchronizing
[    0.000000] alternatives: applying boot alternatives
[    0.000000] Kernel command line: root=/dev/vda rw console=ttyAMA0 initrd=initrd
[    0.000000] Dentry cache hash table entries: 524288 (order: 10, 4194304 bytes, linear)
[    0.000000] Inode-cache hash table entries: 262144 (order: 9, 2097152 bytes, linear)
[    0.000000] Fallback order for Node 0: 0 
[    0.000000] Built 1 zonelists, mobility grouping on.  Total pages: 1048576
[    0.000000] Policy zone: Normal
[    0.000000] mem auto-init: stack:all(zero), heap alloc:on, heap free:off
[    0.000000] software IO TLB: area num 2.
[    0.000000] software IO TLB: mapped [mem 0x00000000fbfff000-0x00000000fffff000] (64MB)
[    0.000000] SLUB: HWalign=64, Order=0-3, MinObjects=0, CPUs=2, Nodes=1
[    0.000000] Dynamic Preempt: none
[    0.000000] rcu: Preemptible hierarchical RCU implementation.
[    0.000000] rcu: 	RCU restricting CPUs from NR_CPUS=4096 to nr_cpu_ids=2.
[    0.000000] 	Trampoline variant of Tasks RCU enabled.
[    0.000000] 	Tracing variant of Tasks RCU enabled.
[    0.000000] rcu: RCU calculated value of scheduler-enlistment delay is 10 jiffies.
[    0.000000] rcu: Adjusting geometry for rcu_fanout_leaf=16, nr_cpu_ids=2
[    0.000000] RCU Tasks: Setting shift to 1 and lim to 1 rcu_task_cb_adjust=1 rcu_task_cpu_ids=2.
[    0.000000] RCU Tasks Trace: Setting shift to 1 and lim to 1 rcu_task_cb_adjust=1 rcu_task_cpu_ids=2.
[    0.000000] NR_IRQS: 64, nr_irqs: 64, preallocated irqs: 0
[    0.000000] Root IRQ handler: gic_handle_irq
[    0.000000] GICv2m: ACPI overriding V2M MSI_TYPER (base:80, num:64)
[    0.000000] GICv2m: range[mem 0x08020000-0x08020fff], SPI[80:143]
[    0.000000] rcu: srcu_init: Setting srcu_struct sizes based on contention.
[    0.000000] clocksource: jiffies: mask: 0xffffffff max_cycles: 0xffffffff, max_idle_ns: 19112604462750000 ns
[    0.000000] arch_timer: cp15 timer(s) running at 62.50MHz (virt).
[    0.000000] clocksource: arch_sys_counter: mask: 0x1ffffffffffffff max_cycles: 0x1cd42e208c, max_idle_ns: 881590405314 ns
[    0.000296] sched_clock: 57 bits at 63MHz, resolution 16ns, wraps every 4398046511096ns
[    0.023354] kfence: initialized - using 2097152 bytes for 255 objects at 0x(____ptrval____)-0x(____ptrval____)
[    0.054997] Console: colour dummy device 80x25
[    0.072370] ACPI: Core revision 20240827
[    0.090348] Calibrating delay loop (skipped), value calculated using timer frequency.. 125.00 BogoMIPS (lpj=625000)
[    0.091522] pid_max: default: 32768 minimum: 301
[    0.119166] LSM: initializing lsm=lockdown,capability,landlock
[    0.130835] landlock: Up and running.
[    0.146104] Mount-cache hash table entries: 8192 (order: 4, 65536 bytes, linear)
[    0.146388] Mountpoint-cache hash table entries: 8192 (order: 4, 65536 bytes, linear)
[    0.507125] rcu: Hierarchical SRCU implementation.
[    0.507302] rcu: 	Max phase no-delay instances is 1000.
[    0.520572] Timer migration: 1 hierarchy levels; 8 children per group; 1 crossnode level
[    0.582823] Remapping and enabling EFI services.
[    0.601592] smp: Bringing up secondary CPUs ...
[    0.650299] Detected PIPT I-cache on CPU1
[    0.656643] CPU1: Booted secondary processor 0x0000000001 [0x414fd0b1]
[    0.681423] smp: Brought up 1 node, 2 CPUs
[    0.681546] SMP: Total of 2 processors activated.
[    0.681632] CPU: All CPU(s) started at EL1
[    0.682106] CPU features: detected: 32-bit EL0 Support
[    0.682273] CPU features: detected: Data cache clean to the PoU not required for I/D coherence
[    0.682420] CPU features: detected: Common not Private translations
[    0.682436] CPU features: detected: CRC32 instructions
[    0.682843] CPU features: detected: RCpc load-acquire (LDAPR)
[    0.682922] CPU features: detected: LSE atomic instructions
[    0.682933] CPU features: detected: Privileged Access Never
[    0.682941] CPU features: detected: RAS Extension Support
[    0.684337] CPU features: detected: Speculative Store Bypassing Safe (SSBS)
[    0.739260] alternatives: applying system-wide alternatives
[    1.098072] CPU features: detected: Hardware dirty bit management on CPU0-1
[    1.389497] Memory: 3995976K/4194304K available (12608K kernel code, 1950K rwdata, 7812K rodata, 1920K init, 9305K bss, 193644K reserved, 0K cma-reserved)
[    2.335562] devtmpfs: initialized
[    2.487425] futex hash table entries: 512 (order: 3, 32768 bytes, linear)
[    2.489371] 24304 pages in range for non-PLT usage
[    2.489508] 515824 pages in range for PLT usage
[    2.506793] pinctrl core: initialized pinctrl subsystem
[    2.540326] SMBIOS 3.0.0 present.
[    2.541018] DMI: QEMU QEMU Virtual Machine, BIOS edk2-stable202408-prebuilt.qemu.org 08/13/2024
[    2.541747] DMI: Memory slots populated: 1/1
[    2.642097] NET: Registered PF_NETLINK/PF_ROUTE protocol family
[    2.671454] DMA: preallocated 512 KiB GFP_KERNEL pool for atomic allocations
[    2.673515] DMA: preallocated 512 KiB GFP_KERNEL|GFP_DMA pool for atomic allocations
[    2.675187] DMA: preallocated 512 KiB GFP_KERNEL|GFP_DMA32 pool for atomic allocations
[    2.676097] audit: initializing netlink subsys (disabled)
[    2.687315] audit: type=2000 audit(1.020:1): state=initialized audit_enabled=0 res=1
[    2.702095] thermal_sys: Registered thermal governor 'step_wise'
[    2.707327] cpuidle: using governor ladder
[    2.707945] cpuidle: using governor menu
[    2.719770] hw-breakpoint: found 6 breakpoint and 4 watchpoint registers.
[    2.721376] ASID allocator initialised with 65536 entries
[    2.722808] acpiphp: ACPI Hot Plug PCI Controller Driver version: 0.5
[    2.731489] Serial: AMBA PL011 UART driver
[    2.770817] HugeTLB: registered 1.00 GiB page size, pre-allocated 0 pages
[    2.770881] HugeTLB: 0 KiB vmemmap can be freed for a 1.00 GiB page
[    2.770907] HugeTLB: registered 32.0 MiB page size, pre-allocated 0 pages
[    2.770918] HugeTLB: 0 KiB vmemmap can be freed for a 32.0 MiB page
[    2.770933] HugeTLB: registered 2.00 MiB page size, pre-allocated 0 pages
[    2.770943] HugeTLB: 0 KiB vmemmap can be freed for a 2.00 MiB page
[    2.770957] HugeTLB: registered 64.0 KiB page size, pre-allocated 0 pages
[    2.770967] HugeTLB: 0 KiB vmemmap can be freed for a 64.0 KiB page
[    2.838334] ACPI: Added _OSI(Module Device)
[    2.838446] ACPI: Added _OSI(Processor Device)
[    2.838462] ACPI: Added _OSI(Processor Aggregator Device)
[    2.891962] ACPI: 1 ACPI AML tables successfully acquired and loaded
[    2.990680] ACPI: Interpreter enabled
[    2.990766] ACPI: Using GIC for interrupt routing
[    3.001184] ACPI: MCFG table detected, 1 entries
[    3.204397] ACPI: CPU0 has been hot-added
[    3.206327] ACPI: CPU1 has been hot-added
[    3.269003] ARMH0011:00: ttyAMA0 at MMIO 0x9000000 (irq = 12, base_baud = 0) is a SBSA
[    3.271999] printk: legacy console [ttyAMA0] enabled
[    3.438785] ACPI: PCI: Interrupt link L000 configured for IRQ 35
[    3.439637] ACPI: PCI: Interrupt link L001 configured for IRQ 36
[    3.440162] ACPI: PCI: Interrupt link L002 configured for IRQ 37
[    3.440856] ACPI: PCI: Interrupt link L003 configured for IRQ 38
[    3.442716] ACPI: PCI Root Bridge [PCI0] (domain 0000 [bus 00-ff])
[    3.452464] acpi PNP0A08:00: _OSC: OS supports [ExtendedConfig ASPM ClockPM Segments MSI HPX-Type3]
[    3.471524] acpi PNP0A08:00: _OSC: platform does not support [LTR]
[    3.473598] acpi PNP0A08:00: _OSC: OS now controls [PCIeHotplug PME PCIeCapability]
[    3.485653] acpi PNP0A08:00: ECAM area [mem 0x4010000000-0x401fffffff] reserved by PNP0C02:00
[    3.487093] acpi PNP0A08:00: ECAM at [mem 0x4010000000-0x401fffffff] for [bus 00-ff]
[    3.489164] ACPI: Remapped I/O 0x000000003eff0000 to [io  0x0000-0xffff window]
[    3.503592] PCI host bridge to bus 0000:00
[    3.505053] pci_bus 0000:00: root bus resource [mem 0x10000000-0x3efeffff window]
[    3.505897] pci_bus 0000:00: root bus resource [io  0x0000-0xffff window]
[    3.506301] pci_bus 0000:00: root bus resource [mem 0x8000000000-0xffffffffff window]
[    3.506988] pci_bus 0000:00: root bus resource [bus 00-ff]
[    3.517140] pci 0000:00:00.0: [1b36:0008] type 00 class 0x060000 conventional PCI endpoint
[    3.533812] pci 0000:00:01.0: [8086:100e] type 00 class 0x020000 conventional PCI endpoint
[    3.534874] pci 0000:00:01.0: BAR 0 [mem 0x10040000-0x1005ffff]
[    3.535400] pci 0000:00:01.0: BAR 1 [io  0x0080-0x00bf]
[    3.536197] pci 0000:00:01.0: ROM [mem 0xfffc0000-0xffffffff pref]
[    3.538897] pci 0000:00:02.0: [1af4:1001] type 00 class 0x010000 conventional PCI endpoint
[    3.539574] pci 0000:00:02.0: BAR 0 [io  0x0000-0x007f]
[    3.539917] pci 0000:00:02.0: BAR 1 [mem 0x10060000-0x10060fff]
[    3.540363] pci 0000:00:02.0: BAR 4 [mem 0x8000000000-0x8000003fff 64bit pref]
[    3.551706] pci 0000:00:01.0: ROM [mem 0x10000000-0x1003ffff pref]: assigned
[    3.552484] pci 0000:00:01.0: BAR 0 [mem 0x10040000-0x1005ffff]: assigned
[    3.553109] pci 0000:00:02.0: BAR 4 [mem 0x8000000000-0x8000003fff 64bit pref]: assigned
[    3.553729] pci 0000:00:02.0: BAR 1 [mem 0x10060000-0x10060fff]: assigned
[    3.554539] pci 0000:00:02.0: BAR 0 [io  0x1000-0x107f]: assigned
[    3.554927] pci 0000:00:01.0: BAR 1 [io  0x1080-0x10bf]: assigned
[    3.555881] pci_bus 0000:00: resource 4 [mem 0x10000000-0x3efeffff window]
[    3.556319] pci_bus 0000:00: resource 5 [io  0x0000-0xffff window]
[    3.556655] pci_bus 0000:00: resource 6 [mem 0x8000000000-0xffffffffff window]
[    3.573022] iommu: Default domain type: Translated
[    3.573482] iommu: DMA domain TLB invalidation policy: lazy mode
[    3.599226] efivars: Registered efivars operations
[    3.624898] clocksource: Switched to clocksource arch_sys_counter
[    3.658919] VFS: Disk quotas dquot_6.6.0
[    3.668106] VFS: Dquot-cache hash table entries: 512 (order 0, 4096 bytes)
[    3.673326] pnp: PnP ACPI init
[    3.682539] system 00:00: [mem 0x4010000000-0x401fffffff window] could not be reserved
[    3.683431] pnp: PnP ACPI: found 1 devices
[    3.748543] NET: Registered PF_INET protocol family
[    3.752795] IP idents hash table entries: 65536 (order: 7, 524288 bytes, linear)
[    3.869035] tcp_listen_portaddr_hash hash table entries: 2048 (order: 3, 32768 bytes, linear)
[    3.869726] Table-perturb hash table entries: 65536 (order: 6, 262144 bytes, linear)
[    3.870322] TCP established hash table entries: 32768 (order: 6, 262144 bytes, linear)
[    3.871566] TCP bind hash table entries: 32768 (order: 8, 1048576 bytes, linear)
[    3.872331] TCP: Hash tables configured (established 32768 bind 32768)
[    3.875433] MPTCP token hash table entries: 4096 (order: 5, 98304 bytes, linear)
[    3.880214] UDP hash table entries: 2048 (order: 4, 65536 bytes, linear)
[    3.883706] UDP-Lite hash table entries: 2048 (order: 4, 65536 bytes, linear)
[    3.886919] NET: Registered PF_UNIX/PF_LOCAL protocol family
[    3.887901] NET: Registered PF_XDP protocol family
[    3.888534] PCI: CLS 0 bytes, default 64
[    3.892767] kvm [1]: HYP mode not available
[    3.906091] Unpacking initramfs...
[    3.909570] Initialise system trusted keyrings
[    3.929962] workingset: timestamp_bits=44 max_order=20 bucket_order=0
[    4.074811] Key type asymmetric registered
[    4.075496] Asymmetric key parser 'x509' registered
[    4.081758] Block layer SCSI generic (bsg) driver version 0.4 loaded (major 249)
[    4.085016] io scheduler mq-deadline registered
[    4.085545] io scheduler kyber registered
[    4.086568] io scheduler bfq registered
[    4.142444] ACPI: \_SB_.L002: Enabled at IRQ 37
[    4.149382] virtio-pci 0000:00:02.0: enabling device (0000 -> 0003)
[    4.183030] Serial: 8250/16550 driver, 4 ports, IRQ sharing enabled
[    4.208569] hv_vmbus: registering driver hyperv_keyboard
[    4.224530] rtc-efi rtc-efi.0: registered as rtc0
[    4.232507] rtc-efi rtc-efi.0: setting system clock to 2026-09-03T03:53:14 UTC (1788407594)
[    4.238336] NET: Registered PF_INET6 protocol family
[    4.272775] Segment Routing with IPv6
[    4.273658] In-situ OAM (IOAM) with IPv6
[    4.355551] registered taskstats version 1
[    4.367272] Loading compiled-in X.509 certificates
[    4.398766] Freeing initrd memory: 5268K
[    4.687806] Loaded X.509 cert 'alpinelinux.org: Alpine Linux kernel key: 87fa969a47f3e2a6aa35859eb932a17c95abcd82'
[    4.748569] Demotion targets for Node 0: null
[    4.752145] Key type .fscrypt registered
[    4.752385] Key type fscrypt-provisioning registered
[    4.818048] clk: Disabling unused clocks
[    4.819639] PM: genpd: Disabling unused power domains
[    5.656894] Freeing unused kernel memory: 1920K
[    5.671841] Run /init as init process
[    6.564913] Alpine Init 3.11.1-r0
Alpine Init 3.11.1-r0
[    6.576787] Loading boot drivers...
 * Loading boot drivers: [    6.691002] Loading boot drivers: ok.
ok.
SIMBOOT: kernel=6.12.103-0-virt
[    6.902394] Invalid ELF header magic: != ELF
[    7.063061] virtio_blk virtio0: 2/0/0 default/read/poll queues
[    7.113210] virtio_blk virtio0: [vda] 1411072 512-byte logical blocks (722 MB/689 MiB)
[    7.197779] Invalid ELF header magic: != ELF
[    7.236316] Invalid ELF header magic: != ELF
[    7.270775] Invalid ELF header magic: != ELF
[    7.316316] Invalid ELF header magic: != ELF
[    7.422538] Invalid ELF header magic: != ELF
[    7.716870] Invalid ELF header magic: != ELF
[    7.801318] e1000: Intel(R) PRO/1000 Network Driver
[    7.801601] e1000: Copyright (c) 1999-2006 Intel Corporation.
[    7.803363] ACPI: \_SB_.L001: Enabled at IRQ 36
[    7.804203] e1000 0000:00:01.0: enabling device (0000 -> 0003)
[    8.253427] e1000 0000:00:01.0 eth0: (PCI:33MHz:32-bit) 52:54:00:12:34:56
[    8.254945] e1000 0000:00:01.0 eth0: Intel(R) PRO/1000 Network Connection
Module                  Size  Used by    Not tainted
e1000                 163840  0 
ext4                  929792  0 
jbd2                  172032  1 ext4
mbcache                20480  1 ext4
crc32c_generic         12288  0 
crc16                  12288  1 ext4
virtio_blk             24576  0 
[    9.416492] EXT4-fs (vda): mounted filesystem 1799a7eb-09df-4b80-8c57-0424de58e445 r/w with ordered data mode. Quota mode: none.
SIMBOOT: root mounted rw, running real mfp.afx with binder stub
[   21.197055] e1000: eth0 NIC Link is Up 1000 Mbps Full Duplex, Flow Control: RX
=== VHAL: fetch toolchain ===
VHAL_WGET_TC_RC=0
-rw-r--r-- 1 root root 239206400 Sep  3 03:53 /tmp/musl-native.tar
VHAL_WGET_SRC_RC=0
-rw-r--r-- 1 root root 13902 Sep  3 03:53 /tmp/virtual_hal.c
=== VHAL: extract ===
VHAL_TAR_RC=0
-rwxr-xr-x 3 1000 1000 1428240 Nov 22  2021 /tmp/aarch64-linux-musl-native/bin/aarch64-linux-musl-gcc
=== VHAL: compile ===
VHAL_GCC_RC=0
-rwxr-xr-x 1 root root 17056 Sep  3 03:53 /lib/virtual_hal.so
=== VHAL: done ===
MFP_PID=474
[   51.333923] random: crng init done
--- POLL 1: N=11 ---
POLL: early init (N=11), wait before gdb patch
--- POLL 2: N=11 ---
POLL: early init (N=11), wait before gdb patch
--- POLL 3: N=44 ---
[Thread debugging using libthread_db enabled]
Using host libthread_db library "/lib64/libthread_db.so.1".
0x0000ffff96971ae4 in clock_nanosleep () from /lib64/libc.so.6
B4: 5c=0 7c=0 80=0 82=0
AF: 5c=1 7c=1 80=1 82=1
[Inferior 1 (process 474) detached]
--- POLL 4: N=62 ---
--- POLL 5: N=62 ---
--- POLL 6: N=62 ---
--- POLL 7: N=62 ---
--- POLL 8: N=62 ---
--- POLL 9: N=62 ---
--- BT@POLL9 ---
Using host libthread_db library "/lib64/libthread_db.so.1".
0x0000ffff96971ae0 in clock_nanosleep () from /lib64/libc.so.6
[Switching to thread 1 (Thread 0xffff96460960 (LWP 474))]
#0  0x0000ffff96971ae0 in clock_nanosleep () from /lib64/libc.so.6
#0  0x0000ffff96971ae0 in clock_nanosleep () from /lib64/libc.so.6
#1  0x0000ffff9698189c in nanosleep () from /lib64/libc.so.6
#2  0x0000ffff973e6154 in pi_msleep (msec=500) at osal/pol/pol_time.c:298
#3  0x00000000005ef110 in print_info_status_init () at print/print_info/print_info_status/print_info_status.c:1734
#4  0x00000000005ec1ec in print_info_prolog () at print/print_info/print_info_if/print_info_if.c:564
#5  0x00000000005f32fc in print_func () at print/print.c:14
#6  0x00000000006a8004 in main () at main/main.c:210
[Inferior 1 (process 474) detached]
--- POLL 10: N=62 ---
--- POLL 11: N=63 ---
--- POLL 12: N=63 ---
[  210.829639] hrtimer: interrupt took 65494608 ns
--- POLL 13: N=63 ---
--- POLL 14: N=63 ---
--- POLL 15: N=63 ---
--- POLL 16: N=63 ---
--- POLL 17: N=63 ---
--- POLL 18: N=63 ---
--- BT@POLL18 ---
0x0000ffff9699bbac in write () from /lib64/libc.so.6
[Switching to thread 1 (Thread 0xffff96460960 (LWP 474))]
#0  0x0000ffff9699bbac in write () from /lib64/libc.so.6
#0  0x0000ffff9699bbac in write () from /lib64/libc.so.6
#1  0x0000ffff969370e4 in _IO_file_write () from /lib64/libc.so.6
#2  0x0000ffff969354fc in ?? () from /lib64/libc.so.6
#3  0x0000ffff96936270 in _IO_do_write () from /lib64/libc.so.6
#4  0x0000ffff96936810 in _IO_file_overflow () from /lib64/libc.so.6
#5  0x0000ffff9690e3e4 in ?? () from /lib64/libc.so.6
#6  0x0000ffff9690e0e4 in ?? () from /lib64/libc.so.6
#7  0x0000ffff9690e574 in ?? () from /lib64/libc.so.6
[Inferior 1 (process 474) detached]
--- POLL 19: N=63 ---
--- POLL 20: N=63 ---
--- POLL 21: N=63 ---
--- POLL 22: N=63 ---
--- POLL 23: N=63 ---
--- POLL 24: N=63 ---
--- POLL 25: N=63 ---
--- POLL 26: N=63 ---
--- POLL 27: N=63 ---
--- BT@POLL27 ---
Using host libthread_db library "/lib64/libthread_db.so.1".
0x0000ffff96971ae0 in clock_nanosleep () from /lib64/libc.so.6
[Switching to thread 1 (Thread 0xffff96460960 (LWP 474))]
#0  0x0000ffff96971ae0 in clock_nanosleep () from /lib64/libc.so.6
#0  0x0000ffff96971ae0 in clock_nanosleep () from /lib64/libc.so.6
#1  0x0000ffff9698189c in nanosleep () from /lib64/libc.so.6
#2  0x0000ffff973e6154 in pi_msleep (msec=500) at osal/pol/pol_time.c:298
#3  0x00000000005ef110 in print_info_status_init () at print/print_info/print_info_status/print_info_status.c:1734
#4  0x00000000005ec1ec in print_info_prolog () at print/print_info/print_info_if/print_info_if.c:564
#5  0x00000000005f32fc in print_func () at print/print.c:14
#6  0x00000000006a8004 in main () at main/main.c:210
[Inferior 1 (process 474) detached]
--- POLL 28: N=63 ---
--- POLL 29: N=63 ---
--- POLL 30: N=63 ---
--- POLL 31: N=63 ---
--- POLL 32: N=63 ---
--- POLL 33: N=63 ---
--- POLL 34: N=63 ---
--- POLL 35: N=63 ---
--- POLL 36: N=63 ---
--- BT@POLL36 ---
Using host libthread_db library "/lib64/libthread_db.so.1".
0x0000ffff96971ae0 in clock_nanosleep () from /lib64/libc.so.6
[Switching to thread 1 (Thread 0xffff96460960 (LWP 474))]
#0  0x0000ffff96971ae0 in clock_nanosleep () from /lib64/libc.so.6
#0  0x0000ffff96971ae0 in clock_nanosleep () from /lib64/libc.so.6
#1  0x0000ffff9698189c in nanosleep () from /lib64/libc.so.6
#2  0x0000ffff973e6154 in pi_msleep (msec=500) at osal/pol/pol_time.c:298
#3  0x00000000005ef110 in print_info_status_init () at print/print_info/print_info_status/print_info_status.c:1734
#4  0x00000000005ec1ec in print_info_prolog () at print/print_info/print_info_if/print_info_if.c:564
#5  0x00000000005f32fc in print_func () at print/print.c:14
#6  0x00000000006a8004 in main () at main/main.c:210
[Inferior 1 (process 474) detached]
--- POLL 37: N=63 ---
--- POLL 38: N=63 ---
--- POLL 39: N=63 ---
--- POLL 40: N=63 ---
--- POLL 41: N=63 ---
--- POLL 42: N=63 ---
--- POLL 43: N=63 ---
--- POLL 44: N=63 ---
--- POLL 45: N=63 ---
--- BT@POLL45 ---
Using host libthread_db library "/lib64/libthread_db.so.1".
0x0000ffff96971ae0 in clock_nanosleep () from /lib64/libc.so.6
[Switching to thread 1 (Thread 0xffff96460960 (LWP 474))]
#0  0x0000ffff96971ae0 in clock_nanosleep () from /lib64/libc.so.6
#0  0x0000ffff96971ae0 in clock_nanosleep () from /lib64/libc.so.6
#1  0x0000ffff9698189c in nanosleep () from /lib64/libc.so.6
#2  0x0000ffff973e6154 in pi_msleep (msec=500) at osal/pol/pol_time.c:298
#3  0x00000000005ef110 in print_info_status_init () at print/print_info/print_info_status/print_info_status.c:1734
#4  0x00000000005ec1ec in print_info_prolog () at print/print_info/print_info_if/print_info_if.c:564
#5  0x00000000005f32fc in print_func () at print/print.c:14
#6  0x00000000006a8004 in main () at main/main.c:210
[Inferior 1 (process 474) detached]
--- POLL 46: N=63 ---
--- POLL 47: N=63 ---
--- POLL 48: N=63 ---
--- POLL 49: N=63 ---
--- POLL 50: N=63 ---
--- POLL 51: N=63 ---
--- POLL 52: N=63 ---
--- POLL 53: N=63 ---
--- POLL 54: N=63 ---
--- BT@POLL54 ---
Using host libthread_db library "/lib64/libthread_db.so.1".
0x0000ffff96971ae0 in clock_nanosleep () from /lib64/libc.so.6
[Switching to thread 1 (Thread 0xffff96460960 (LWP 474))]
#0  0x0000ffff96971ae0 in clock_nanosleep () from /lib64/libc.so.6
#0  0x0000ffff96971ae0 in clock_nanosleep () from /lib64/libc.so.6
#1  0x0000ffff9698189c in nanosleep () from /lib64/libc.so.6
#2  0x0000ffff973e6154 in pi_msleep (msec=500) at osal/pol/pol_time.c:298
#3  0x00000000005ef110 in print_info_status_init () at print/print_info/print_info_status/print_info_status.c:1734
#4  0x00000000005ec1ec in print_info_prolog () at print/print_info/print_info_if/print_info_if.c:564
#5  0x00000000005f32fc in print_func () at print/print.c:14
#6  0x00000000006a8004 in main () at main/main.c:210
[Inferior 1 (process 474) detached]
--- POLL 55: N=63 ---
--- POLL 56: N=63 ---
--- POLL 57: N=63 ---
--- POLL 58: N=63 ---
--- POLL 59: N=63 ---
--- POLL 60: N=63 ---
--- ALIVE ---
63
--- LISTEN TCP ---
  sl  local_address rem_address   st tx_queue rx_queue tr tm->when retrnsmt   uid  timeout inode                                                     
   0: 00000000:A62B 00000000:0000 0A 00000000:00000000 00:00000000 00000000     0        0 74324 1 0000000024bd5b2f 100 0 0 10 0                     
SIMBOOT_LPD_HEX=A62B
SIMBOOT_LPD_PORT=42539
--- HALD LOG ---
2147483648 hal_daemon process plog lib init 
--- PLOGD LOG ---
--- CMD REG TABLE ---
[New LWP 523]
[New LWP 524]
[New LWP 525]
[New LWP 526]
[New LWP 527]
[New LWP 539]
[New LWP 540]
[New LWP 541]
[New LWP 542]
[New LWP 543]
[New LWP 544]
[New LWP 545]
[New LWP 546]
[New LWP 547]
[New LWP 548]
[New LWP 549]
[New LWP 550]
[New LWP 551]
[New LWP 552]
[New LWP 553]
[New LWP 554]
[New LWP 555]
[New LWP 556]
[New LWP 594]
[Thread debugging using libthread_db enabled]
Using host libthread_db library "/lib64/libthread_db.so.1".
0x0000ffff96971ae0 in clock_nanosleep () from /lib64/libc.so.6
warning: could not convert '$h' from the host encoding (ANSI_X3.4-1968) to UTF-32.
This normally should not happen, please file a bug report.
node=0x1dc7ad00 cmd=0xd cb=0x6b7570 arg=(nil)
node=0x1dc7aa30 cmd=0x7 cb=0x6974e4 arg=(nil)
node=0x1dc84e10 cmd=0xa cb=0x74fbcc arg=(nil)
node=0x1dc84e40 cmd=0xe cb=0x74fb0c arg=(nil)
node=0x1dc851e0 cmd=0 cb=0x73b71c arg=(nil)
node=0x1dc84f00 cmd=0xc cb=0x6b8588 arg=(nil)
node=0x1dc88ed0 cmd=0x6 cb=0x6cc6f8 arg=(nil)
node=0x1dc89880 cmd=0x11 cb=0x6a77cc arg=(nil)
node=0x910e20 cmd=0x1 cb=0x100000001 arg=0x30b00002
node=0x1dc7ad00 cmd=0xd cb=0x6b7570 arg=(nil)
node=0x1dc7aa30 cmd=0x7 cb=0x6974e4 arg=(nil)
node=0x1dc84e10 cmd=0xa cb=0x74fbcc arg=(nil)
node=0x1dc84e40 cmd=0xe cb=0x74fb0c arg=(nil)
node=0x1dc851e0 cmd=0 cb=0x73b71c arg=(nil)
node=0x1dc84f00 cmd=0xc cb=0x6b8588 arg=(nil)
node=0x1dc88ed0 cmd=0x6 cb=0x6cc6f8 arg=(nil)
node=0x1dc89880 cmd=0x11 cb=0x6a77cc arg=(nil)
node=0x910e20 cmd=0x1 cb=0x100000001 arg=0x30b00002
node=0x1dc7ad00 cmd=0xd cb=0x6b7570 arg=(nil)
node=0x1dc7aa30 cmd=0x7 cb=0x6974e4 arg=(nil)
node=0x1dc84e10 cmd=0xa cb=0x74fbcc arg=(nil)
node=0x1dc84e40 cmd=0xe cb=0x74fb0c arg=(nil)
node=0x1dc851e0 cmd=0 cb=0x73b71c arg=(nil)
node=0x1dc84f00 cmd=0xc cb=0x6b8588 arg=(nil)
node=0x1dc88ed0 cmd=0x6 cb=0x6cc6f8 arg=(nil)
node=0x1dc89880 cmd=0x11 cb=0x6a77cc arg=(nil)
node=0x910e20 cmd=0x1 cb=0x100000001 arg=0x30b00002
node=0x1dc7ad00 cmd=0xd cb=0x6b7570 arg=(nil)
node=0x1dc7aa30 cmd=0x7 cb=0x6974e4 arg=(nil)
node=0x1dc84e10 cmd=0xa cb=0x74fbcc arg=(nil)
node=0x1dc84e40 cmd=0xe cb=0x74fb0c arg=(nil)
node=0x1dc851e0 cmd=0 cb=0x73b71c arg=(nil)
node=0x1dc84f00 cmd=0xc cb=0x6b8588 arg=(nil)
node=0x1dc88ed0 cmd=0x6 cb=0x6cc6f8 arg=(nil)
node=0x1dc89880 cmd=0x11 cb=0x6a77cc arg=(nil)
node=0x910e20 cmd=0x1 cb=0x100000001 arg=0x30b00002
node=0x1dc7ad00 cmd=0xd cb=0x6b7570 arg=(nil)
node=0x1dc7aa30 cmd=0x7 cb=0x6974e4 arg=(nil)
node=0x1dc84e10 cmd=0xa cb=0x74fbcc arg=(nil)
node=0x1dc84e40 cmd=0xe cb=0x74fb0c arg=(nil)
node=0x1dc851e0 cmd=0 cb=0x73b71c arg=(nil)
node=0x1dc84f00 cmd=0xc cb=0x6b8588 arg=(nil)
node=0x1dc88ed0 cmd=0x6 cb=0x6cc6f8 arg=(nil)
node=0x1dc89880 cmd=0x11 cb=0x6a77cc arg=(nil)
node=0x910e20 cmd=0x1 cb=0x100000001 arg=0x30b00002
node=0x1dc7ad00 cmd=0xd cb=0x6b7570 arg=(nil)
node=0x1dc7aa30 cmd=0x7 cb=0x6974e4 arg=(nil)
node=0x1dc84e10 cmd=0xa cb=0x74fbcc arg=(nil)
node=0x1dc84e40 cmd=0xe cb=0x74fb0c arg=(nil)
node=0x1dc851e0 cmd=0 cb=0x73b71c arg=(nil)
node=0x1dc84f00 cmd=0xc cb=0x6b8588 arg=(nil)
node=0x1dc88ed0 cmd=0x6 cb=0x6cc6f8 arg=(nil)
node=0x1dc89880 cmd=0x11 cb=0x6a77cc arg=(nil)
node=0x910e20 cmd=0x1 cb=0x100000001 arg=0x30b00002
node=0x1dc7ad00 cmd=0xd cb=0x6b7570 arg=(nil)
node=0x1dc7aa30 cmd=0x7 cb=0x6974e4 arg=(nil)
node=0x1dc84e10 cmd=0xa cb=0x74fbcc arg=(nil)
node=0x1dc84e40 cmd=0xe cb=0x74fb0c arg=(nil)
node=0x1dc851e0 cmd=0 cb=0x73b71c arg=(nil)
node=0x1dc84f00 cmd=0xc cb=0x6b8588 arg=(nil)
[Inferior 1 (process 474) detached]
--- LPD ENABLE ---
[New LWP 555]
[New LWP 556]
[New LWP 594]
[Thread debugging using libthread_db enabled]
Using host libthread_db library "/lib64/libthread_db.so.1".
0x0000ffff96971ae0 in clock_nanosleep () from /lib64/libc.so.6
warning: could not convert '$h' from the host encoding (ANSI_X3.4-1968) to UTF-32.
This normally should not happen, please file a bug report.
HANDLE=(nil)
/tmp/gdblpd.txt:5: Error in sourced command file:
Cannot access memory at address 0x10
[Inferior 1 (process 474) detached]
GDBLPD_RETRY_1
