UEFI firmware (version edk2-stable202408-prebuilt.qemu.org built at 16:28:50 on Sep 12 2024)
ArmTrngLib could not be correctly initialized.
Error: Image at 000BFDB6000 start failed: 00000001
Error: Image at 000BFD6D000 start failed: Not Found
Error: Image at 000BFCBA000 start failed: Unsupported
Error: Image at 000BFB5E000 start failed: Aborted
Tpm2SubmitCommand - Tcg2 - Not Found
Tpm2GetCapabilityPcrs fail!
Tpm2SubmitCommand - Tcg2 - Not Found
Image type X64 can't be loaded on AARCH64 UEFI system.
[2J[01;01H[=3h[2J[01;01H[2J[01;01H[=3h[2J[01;01HEFI stub: Decompressing Linux Kernel...
EFI stub: Loaded initrd from LINUX_EFI_INITRD_MEDIA_GUID device path
EFI stub: Generating empty DTB
EFI stub: Exiting boot services...
[    0.000000] Booting Linux on physical CPU 0x0000000000 [0x414fd0b1]
[    0.000000] Linux version 6.12.81-0-virt (buildozer@build-3-21-aarch64) (gcc (Alpine 14.2.0) 14.2.0, GNU ld (GNU Binutils) 2.43.1) #1-Alpine SMP PREEMPT_DYNAMIC 2026-04-11 16:37:46
[    0.000000] efi: EFI v2.7 by EDK II
[    0.000000] efi: SMBIOS 3.0=0xbfed0000 MEMATTR=0xbde43018 ACPI 2.0=0xbcb43018 INITRD=0xbcb40f18 MEMRESERVE=0xbcb40f98 
[    0.000000] ACPI: Early table checksum verification disabled
[    0.000000] ACPI: RSDP 0x00000000BCB43018 000024 (v02 BOCHS )
[    0.000000] ACPI: XSDT 0x00000000BCB43F18 000064 (v01 BOCHS  BXPC     00000001      01000013)
[    0.000000] ACPI: FACP 0x00000000BCB43B18 000114 (v06 BOCHS  BXPC     00000001 BXPC 00000001)
[    0.000000] ACPI: DSDT 0x00000000BCB41018 001506 (v02 BOCHS  BXPC     00000001 BXPC 00000001)
[    0.000000] ACPI: APIC 0x00000000BCB43C98 0000FC (v04 BOCHS  BXPC     00000001 BXPC 00000001)
[    0.000000] ACPI: PPTT 0x00000000BCB43E18 000074 (v02 BOCHS  BXPC     00000001 BXPC 00000001)
[    0.000000] ACPI: GTDT 0x00000000BCB43098 000068 (v03 BOCHS  BXPC     00000001 BXPC 00000001)
[    0.000000] ACPI: MCFG 0x00000000BCB43A98 00003C (v01 BOCHS  BXPC     00000001 BXPC 00000001)
[    0.000000] ACPI: SPCR 0x00000000BCB43818 000050 (v02 BOCHS  BXPC     00000001 BXPC 00000001)
[    0.000000] ACPI: DBG2 0x00000000BCB43A18 000057 (v00 BOCHS  BXPC     00000001 BXPC 00000001)
[    0.000000] ACPI: IORT 0x00000000BCB43898 000054 (v05 BOCHS  BXPC     00000001 BXPC 00000001)
[    0.000000] ACPI: SPCR: console: pl011,mmio32,0x9000000,9600
[    0.000000] ACPI: Use ACPI SPCR as default console: Yes
[    0.000000] NUMA: Faking a node at [mem 0x0000000040000000-0x00000000bfffffff]
[    0.000000] NODE_DATA(0) allocated [mem 0xbf855b80-0xbf857fff]
[    0.000000] Zone ranges:
[    0.000000]   DMA      [mem 0x0000000040000000-0x00000000bfffffff]
[    0.000000]   DMA32    empty
[    0.000000]   Normal   empty
[    0.000000] Movable zone start for each node
[    0.000000] Early memory node ranges
[    0.000000]   node   0: [mem 0x0000000040000000-0x00000000bc76ffff]
[    0.000000]   node   0: [mem 0x00000000bc770000-0x00000000bcb3ffff]
[    0.000000]   node   0: [mem 0x00000000bcb40000-0x00000000bfe1ffff]
[    0.000000]   node   0: [mem 0x00000000bfe20000-0x00000000bfeaffff]
[    0.000000]   node   0: [mem 0x00000000bfeb0000-0x00000000bfebffff]
[    0.000000]   node   0: [mem 0x00000000bfec0000-0x00000000bffdffff]
[    0.000000]   node   0: [mem 0x00000000bffe0000-0x00000000bfffffff]
[    0.000000] Initmem setup node 0 [mem 0x0000000040000000-0x00000000bfffffff]
[    0.000000] psci: probing for conduit method from ACPI.
[    0.000000] psci: PSCIv1.1 detected in firmware.
[    0.000000] psci: Using standard PSCI v0.2 function IDs
[    0.000000] psci: Trusted OS migration not required
[    0.000000] psci: SMC Calling Convention v1.0
[    0.000000] percpu: Embedded 33 pages/cpu s96920 r8192 d30056 u135168
[    0.000000] Detected PIPT I-cache on CPU0
[    0.000000] CPU features: detected: Spectre-v4
[    0.000000] CPU features: detected: Spectre-BHB
[    0.000000] CPU features: detected: SSBS not fully self-synchronizing
[    0.000000] alternatives: applying boot alternatives
[    0.000000] Kernel command line: root=/dev/vda rw console=ttyAMA0 initrd=initrd
[    0.000000] Dentry cache hash table entries: 262144 (order: 9, 2097152 bytes, linear)
[    0.000000] Inode-cache hash table entries: 131072 (order: 8, 1048576 bytes, linear)
[    0.000000] Fallback order for Node 0: 0 
[    0.000000] Built 1 zonelists, mobility grouping on.  Total pages: 524288
[    0.000000] Policy zone: DMA
[    0.000000] mem auto-init: stack:all(zero), heap alloc:on, heap free:off
[    0.000000] software IO TLB: SWIOTLB bounce buffer size adjusted to 2MB
[    0.000000] software IO TLB: area num 2.
[    0.000000] software IO TLB: mapped [mem 0x00000000bf2b4000-0x00000000bf4b4000] (2MB)
[    0.000000] SLUB: HWalign=64, Order=0-3, MinObjects=0, CPUs=2, Nodes=1
[    0.000000] Dynamic Preempt: none
[    0.000000] rcu: Preemptible hierarchical RCU implementation.
[    0.000000] rcu: 	RCU restricting CPUs from NR_CPUS=4096 to nr_cpu_ids=2.
[    0.000000] 	Trampoline variant of Tasks RCU enabled.
[    0.000000] 	Tracing variant of Tasks RCU enabled.
[    0.000000] rcu: RCU calculated value of scheduler-enlistment delay is 10 jiffies.
[    0.000000] rcu: Adjusting geometry for rcu_fanout_leaf=16, nr_cpu_ids=2
[    0.000000] RCU Tasks: Setting shift to 1 and lim to 1 rcu_task_cb_adjust=1 rcu_task_cpu_ids=2.
[    0.000000] RCU Tasks Trace: Setting shift to 1 and lim to 1 rcu_task_cb_adjust=1 rcu_task_cpu_ids=2.
[    0.000000] NR_IRQS: 64, nr_irqs: 64, preallocated irqs: 0
[    0.000000] Root IRQ handler: gic_handle_irq
[    0.000000] GICv2m: ACPI overriding V2M MSI_TYPER (base:80, num:64)
[    0.000000] GICv2m: range[mem 0x08020000-0x08020fff], SPI[80:143]
[    0.000000] rcu: srcu_init: Setting srcu_struct sizes based on contention.
[    0.000000] arch_timer: cp15 timer(s) running at 62.50MHz (virt).
[    0.000000] clocksource: arch_sys_counter: mask: 0x1ffffffffffffff max_cycles: 0x1cd42e208c, max_idle_ns: 881590405314 ns
[    0.000962] sched_clock: 57 bits at 63MHz, resolution 16ns, wraps every 4398046511096ns
[    0.426926] kfence: initialized - using 2097152 bytes for 255 objects at 0x(____ptrval____)-0x(____ptrval____)
[    1.208240] Console: colour dummy device 80x25
[    1.542048] ACPI: Core revision 20240827
[    1.704465] Calibrating delay loop (skipped), value calculated using timer frequency.. 125.00 BogoMIPS (lpj=625000)
[    1.759037] pid_max: default: 32768 minimum: 301
[    2.195889] LSM: initializing lsm=lockdown,capability,landlock
[    2.504770] landlock: Up and running.
[    2.618473] Mount-cache hash table entries: 4096 (order: 3, 32768 bytes, linear)
[    2.619184] Mountpoint-cache hash table entries: 4096 (order: 3, 32768 bytes, linear)
[    6.294283] rcu: Hierarchical SRCU implementation.
[    6.295219] rcu: 	Max phase no-delay instances is 1000.
[    6.443785] Timer migration: 1 hierarchy levels; 8 children per group; 1 crossnode level
[    6.821236] Remapping and enabling EFI services.
[    7.080595] smp: Bringing up secondary CPUs ...
[    7.249163] Detected PIPT I-cache on CPU1
[    7.322446] CPU1: Booted secondary processor 0x0000000001 [0x414fd0b1]
[    7.767529] smp: Brought up 1 node, 2 CPUs
[    7.768181] SMP: Total of 2 processors activated.
[    7.768762] CPU: All CPU(s) started at EL1
[    7.772258] CPU features: detected: 32-bit EL0 Support
[    7.773008] CPU features: detected: Data cache clean to the PoU not required for I/D coherence
[    7.773487] CPU features: detected: Common not Private translations
[    7.773546] CPU features: detected: CRC32 instructions
[    7.780444] CPU features: detected: RCpc load-acquire (LDAPR)
[    7.782731] CPU features: detected: LSE atomic instructions
[    7.783021] CPU features: detected: Privileged Access Never
[    7.783260] CPU features: detected: RAS Extension Support
[    7.783887] CPU features: detected: Speculative Store Bypassing Safe (SSBS)
[    8.656430] alternatives: applying system-wide alternatives
[    9.684817] CPU features: detected: Hardware dirty bit management on CPU0-1
[   11.177246] Memory: 2000096K/2097152K available (12608K kernel code, 1962K rwdata, 7804K rodata, 1920K init, 9307K bss, 92752K reserved, 0K cma-reserved)
[   12.426075] devtmpfs: initialized
[   13.592319] clocksource: jiffies: mask: 0xffffffff max_cycles: 0xffffffff, max_idle_ns: 19112604462750000 ns
[   13.667423] futex hash table entries: 512 (order: 3, 32768 bytes, linear)
[   13.680029] 24304 pages in range for non-PLT usage
[   13.680690] 515824 pages in range for PLT usage
[   14.013960] pinctrl core: initialized pinctrl subsystem
[   14.419493] SMBIOS 3.0.0 present.
[   14.425790] DMI: QEMU QEMU Virtual Machine, BIOS edk2-stable202408-prebuilt.qemu.org 08/13/2024
[   14.431356] DMI: Memory slots populated: 1/1
[   15.552094] NET: Registered PF_NETLINK/PF_ROUTE protocol family
[   15.795560] DMA: preallocated 256 KiB GFP_KERNEL pool for atomic allocations
[   15.833581] DMA: preallocated 256 KiB GFP_KERNEL|GFP_DMA pool for atomic allocations
[   15.837001] DMA: preallocated 256 KiB GFP_KERNEL|GFP_DMA32 pool for atomic allocations
[   15.840197] audit: initializing netlink subsys (disabled)
[   15.940539] audit: type=2000 audit(5.630:1): state=initialized audit_enabled=0 res=1
[   16.132919] thermal_sys: Registered thermal governor 'step_wise'
[   16.218517] cpuidle: using governor ladder
[   16.222355] cpuidle: using governor menu
[   16.278973] hw-breakpoint: found 6 breakpoint and 4 watchpoint registers.
[   16.341326] ASID allocator initialised with 65536 entries
[   16.348365] acpiphp: ACPI Hot Plug PCI Controller Driver version: 0.5
[   16.395318] Serial: AMBA PL011 UART driver
[   16.821289] HugeTLB: registered 1.00 GiB page size, pre-allocated 0 pages
[   16.821565] HugeTLB: 0 KiB vmemmap can be freed for a 1.00 GiB page
[   16.821720] HugeTLB: registered 32.0 MiB page size, pre-allocated 0 pages
[   16.821774] HugeTLB: 0 KiB vmemmap can be freed for a 32.0 MiB page
[   16.821839] HugeTLB: registered 2.00 MiB page size, pre-allocated 0 pages
[   16.822162] HugeTLB: 0 KiB vmemmap can be freed for a 2.00 MiB page
[   16.822272] HugeTLB: registered 64.0 KiB page size, pre-allocated 0 pages
[   16.822329] HugeTLB: 0 KiB vmemmap can be freed for a 64.0 KiB page
[   17.682764] ACPI: Added _OSI(Module Device)
[   17.683309] ACPI: Added _OSI(Processor Device)
[   17.683643] ACPI: Added _OSI(Processor Aggregator Device)
[   18.291971] ACPI: 1 ACPI AML tables successfully acquired and loaded
[   18.831269] ACPI: Interpreter enabled
[   18.831577] ACPI: Using GIC for interrupt routing
[   18.839708] ACPI: MCFG table detected, 1 entries
[   20.411777] ACPI: CPU0 has been hot-added
[   20.451437] ACPI: CPU1 has been hot-added
[   21.112586] ARMH0011:00: ttyAMA0 at MMIO 0x9000000 (irq = 12, base_baud = 0) is a SBSA
[   21.170904] printk: legacy console [ttyAMA0] enabled
[   24.870715] ACPI: PCI: Interrupt link L000 configured for IRQ 35
[   24.874826] ACPI: PCI: Interrupt link L001 configured for IRQ 36
[   24.877022] ACPI: PCI: Interrupt link L002 configured for IRQ 37
[   24.888016] ACPI: PCI: Interrupt link L003 configured for IRQ 38
[   24.928555] ACPI: PCI Root Bridge [PCI0] (domain 0000 [bus 00-ff])
[   25.041147] acpi PNP0A08:00: _OSC: OS supports [ExtendedConfig ASPM ClockPM Segments MSI HPX-Type3]
[   25.419236] acpi PNP0A08:00: _OSC: platform does not support [LTR]
[   25.534636] acpi PNP0A08:00: _OSC: OS now controls [PCIeHotplug PME PCIeCapability]
[   25.750796] acpi PNP0A08:00: ECAM area [mem 0x4010000000-0x401fffffff] reserved by PNP0C02:00
[   25.808151] acpi PNP0A08:00: ECAM at [mem 0x4010000000-0x401fffffff] for [bus 00-ff]
[   25.853028] ACPI: Remapped I/O 0x000000003eff0000 to [io  0x0000-0xffff window]
[   26.013202] PCI host bridge to bus 0000:00
[   26.045224] pci_bus 0000:00: root bus resource [mem 0x10000000-0x3efeffff window]
[   26.057587] pci_bus 0000:00: root bus resource [io  0x0000-0xffff window]
[   26.063798] pci_bus 0000:00: root bus resource [mem 0x8000000000-0xffffffffff window]
[   26.094759] pci_bus 0000:00: root bus resource [bus 00-ff]
[   26.141566] pci 0000:00:00.0: [1b36:0008] type 00 class 0x060000 conventional PCI endpoint
[   26.364593] pci 0000:00:01.0: [1af4:1000] type 00 class 0x020000 conventional PCI endpoint
[   26.388896] pci 0000:00:01.0: BAR 0 [io  0x0080-0x009f]
[   26.391957] pci 0000:00:01.0: BAR 1 [mem 0x10041000-0x10041fff]
[   26.395107] pci 0000:00:01.0: BAR 4 [mem 0x8000000000-0x8000003fff 64bit pref]
[   26.436704] pci 0000:00:01.0: ROM [mem 0xfffc0000-0xffffffff pref]
[   26.473608] pci 0000:00:02.0: [1af4:1001] type 00 class 0x010000 conventional PCI endpoint
[   26.482428] pci 0000:00:02.0: BAR 0 [io  0x0000-0x007f]
[   26.502720] pci 0000:00:02.0: BAR 1 [mem 0x10040000-0x10040fff]
[   26.505104] pci 0000:00:02.0: BAR 4 [mem 0x8000004000-0x8000007fff 64bit pref]
[   26.639894] pci 0000:00:01.0: ROM [mem 0x10000000-0x1003ffff pref]: assigned
[   26.748551] pci 0000:00:01.0: BAR 4 [mem 0x8000000000-0x8000003fff 64bit pref]: assigned
[   26.752771] pci 0000:00:02.0: BAR 4 [mem 0x8000004000-0x8000007fff 64bit pref]: assigned
[   26.755626] pci 0000:00:01.0: BAR 1 [mem 0x10040000-0x10040fff]: assigned
[   26.763128] pci 0000:00:02.0: BAR 1 [mem 0x10041000-0x10041fff]: assigned
[   26.785974] pci 0000:00:02.0: BAR 0 [io  0x1000-0x107f]: assigned
[   26.791102] pci 0000:00:01.0: BAR 0 [io  0x1080-0x109f]: assigned
[   26.830987] pci_bus 0000:00: resource 4 [mem 0x10000000-0x3efeffff window]
[   26.878243] pci_bus 0000:00: resource 5 [io  0x0000-0xffff window]
[   26.909510] pci_bus 0000:00: resource 6 [mem 0x8000000000-0xffffffffff window]
[   27.231340] iommu: Default domain type: Translated
[   27.234570] iommu: DMA domain TLB invalidation policy: lazy mode
[   27.613894] efivars: Registered efivars operations
[   28.207914] clocksource: Switched to clocksource arch_sys_counter
[   29.418760] VFS: Disk quotas dquot_6.6.0
[   29.422245] VFS: Dquot-cache hash table entries: 512 (order 0, 4096 bytes)
[   29.941653] pnp: PnP ACPI init
[   30.464548] system 00:00: [mem 0x4010000000-0x401fffffff window] could not be reserved
[   30.476758] pnp: PnP ACPI: found 1 devices
[   32.481552] hrtimer: interrupt took 180821600 ns
[   35.169187] NET: Registered PF_INET protocol family
[   35.222831] IP idents hash table entries: 32768 (order: 6, 262144 bytes, linear)
[   39.596892] tcp_listen_portaddr_hash hash table entries: 1024 (order: 2, 16384 bytes, linear)
[   39.605304] Table-perturb hash table entries: 65536 (order: 6, 262144 bytes, linear)
[   39.612296] TCP established hash table entries: 16384 (order: 5, 131072 bytes, linear)
[   40.185220] TCP bind hash table entries: 16384 (order: 7, 524288 bytes, linear)
[   40.200676] TCP: Hash tables configured (established 16384 bind 16384)
[   40.364277] MPTCP token hash table entries: 2048 (order: 4, 49152 bytes, linear)
[   40.379776] UDP hash table entries: 1024 (order: 3, 32768 bytes, linear)
[   40.430621] UDP-Lite hash table entries: 1024 (order: 3, 32768 bytes, linear)
[   40.800751] NET: Registered PF_UNIX/PF_LOCAL protocol family
[   40.823062] NET: Registered PF_XDP protocol family
[   40.916010] PCI: CLS 0 bytes, default 64
[   41.194804] kvm [1]: HYP mode not available
[   41.329936] Unpacking initramfs...
[   41.611023] Initialise system trusted keyrings
[   42.216658] workingset: timestamp_bits=44 max_order=19 bucket_order=0
[   44.749814] Key type asymmetric registered
[   44.754489] Asymmetric key parser 'x509' registered
[   44.765662] Block layer SCSI generic (bsg) driver version 0.4 loaded (major 249)
[   44.951305] io scheduler mq-deadline registered
[   44.959036] io scheduler kyber registered
[   44.994704] io scheduler bfq registered
[   48.156414] ACPI: \_SB_.L001: Enabled at IRQ 36
[   48.418468] virtio-pci 0000:00:01.0: enabling device (0000 -> 0003)
[   48.725395] ACPI: \_SB_.L002: Enabled at IRQ 37
[   48.814567] virtio-pci 0000:00:02.0: enabling device (0000 -> 0003)
[   49.135777] Serial: 8250/16550 driver, 4 ports, IRQ sharing enabled
[   50.386202] hv_vmbus: registering driver hyperv_keyboard
[   50.806908] rtc-efi rtc-efi.0: registered as rtc0
[   50.871934] rtc-efi rtc-efi.0: setting system clock to 2026-08-21T08:27:10 UTC (1787300830)
[   51.216326] NET: Registered PF_INET6 protocol family
[   52.225433] Segment Routing with IPv6
[   52.234340] In-situ OAM (IOAM) with IPv6
[   53.627130] registered taskstats version 1
[   53.855571] Loading compiled-in X.509 certificates
[   69.669875] Freeing initrd memory: 8556K
[   78.249803] Loaded X.509 cert 'alpinelinux.org: Alpine Linux kernel key: 87fa969a47f3e2a6aa35859eb932a17c95abcd82'
[   80.938446] Demotion targets for Node 0: null
[   81.017151] Key type .fscrypt registered
[   81.032157] Key type fscrypt-provisioning registered
[   83.996981] clk: Disabling unused clocks
[   84.009641] PM: genpd: Disabling unused power domains
[   86.270217] Freeing unused kernel memory: 1920K
[   86.370579] Run /init as init process
[  102.377656] Alpine Init 3.11.1-r0
Alpine Init 3.11.1-r0
[  102.500192] Loading boot drivers...
 * Loading boot drivers: [  104.837417] loop: module loaded
[  105.085804] squashfs: version 4.0 (2009/01/31) Phillip Lougher
[  108.320451] ACPI: bus type drm_connector registered
[  110.399048] Loading boot drivers: ok.
ok.
[  111.406584] Mounting root...
 * Mounting root: [  142.337740] virtio_blk virtio1: 2/0/0 default/read/poll queues
[  143.079176] virtio_blk virtio1: [vda] 1411072 512-byte logical blocks (722 MB/689 MiB)
mount: mounting /dev/vda on /sysroot failed: Invalid argument
[  245.809803] Mounting root: failed. 
failed. 
initramfs emergency recovery shell launched. Type 'exit' to continue boot
sh: can't access tty; job control turned off
~ # [6n