UEFI firmware (version edk2-stable202408-prebuilt.qemu.org built at 16:28:50 on Sep 12 2024)
ArmTrngLib could not be correctly initialized.
Error: Image at 000BFDB6000 start failed: 00000001
Error: Image at 000BFD6D000 start failed: Not Found
Error: Image at 000BFCBA000 start failed: Unsupported
Error: Image at 000BFB5E000 start failed: Aborted
Tpm2SubmitCommand - Tcg2 - Not Found
Tpm2GetCapabilityPcrs fail!
Tpm2SubmitCommand - Tcg2 - Not Found
Image type X64 can't be loaded on AARCH64 UEFI system.
[2J[01;01H[=3h[2J[01;01H[2J[01;01H[=3h[2J[01;01HEFI stub: Decompressing Linux Kernel...
EFI stub: Loaded initrd from LINUX_EFI_INITRD_MEDIA_GUID device path
EFI stub: Generating empty DTB
EFI stub: Exiting boot services...
[    0.000000] Booting Linux on physical CPU 0x0000000000 [0x414fd0b1]
[    0.000000] Linux version 6.12.103-0-virt (buildozer@build-3-21-aarch64) (gcc (Alpine 14.2.0) 14.2.0, GNU ld (GNU Binutils) 2.43.1) #1-Alpine SMP PREEMPT_DYNAMIC 2026-08-10 14:25:03
[    0.000000] efi: EFI v2.7 by EDK II
[    0.000000] efi: SMBIOS 3.0=0xbfed0000 MEMATTR=0xbe18a018 ACPI 2.0=0xbcb43018 INITRD=0xbcb40f18 MEMRESERVE=0xbcb40f98 
[    0.000000] ACPI: Early table checksum verification disabled
[    0.000000] ACPI: RSDP 0x00000000BCB43018 000024 (v02 BOCHS )
[    0.000000] ACPI: XSDT 0x00000000BCB43F18 000064 (v01 BOCHS  BXPC     00000001      01000013)
[    0.000000] ACPI: FACP 0x00000000BCB43B18 000114 (v06 BOCHS  BXPC     00000001 BXPC 00000001)
[    0.000000] ACPI: DSDT 0x00000000BCB41018 001506 (v02 BOCHS  BXPC     00000001 BXPC 00000001)
[    0.000000] ACPI: APIC 0x00000000BCB43C98 0000FC (v04 BOCHS  BXPC     00000001 BXPC 00000001)
[    0.000000] ACPI: PPTT 0x00000000BCB43E18 000074 (v02 BOCHS  BXPC     00000001 BXPC 00000001)
[    0.000000] ACPI: GTDT 0x00000000BCB43098 000068 (v03 BOCHS  BXPC     00000001 BXPC 00000001)
[    0.000000] ACPI: MCFG 0x00000000BCB43A98 00003C (v01 BOCHS  BXPC     00000001 BXPC 00000001)
[    0.000000] ACPI: SPCR 0x00000000BCB43818 000050 (v02 BOCHS  BXPC     00000001 BXPC 00000001)
[    0.000000] ACPI: DBG2 0x00000000BCB43A18 000057 (v00 BOCHS  BXPC     00000001 BXPC 00000001)
[    0.000000] ACPI: IORT 0x00000000BCB43898 000054 (v05 BOCHS  BXPC     00000001 BXPC 00000001)
[    0.000000] ACPI: SPCR: console: pl011,mmio32,0x9000000,9600
[    0.000000] ACPI: Use ACPI SPCR as default console: Yes
[    0.000000] NUMA: Faking a node at [mem 0x0000000040000000-0x00000000bfffffff]
[    0.000000] NODE_DATA(0) allocated [mem 0xbf855b80-0xbf857fff]
[    0.000000] Zone ranges:
[    0.000000]   DMA      [mem 0x0000000040000000-0x00000000bfffffff]
[    0.000000]   DMA32    empty
[    0.000000]   Normal   empty
[    0.000000] Movable zone start for each node
[    0.000000] Early memory node ranges
[    0.000000]   node   0: [mem 0x0000000040000000-0x00000000bc76ffff]
[    0.000000]   node   0: [mem 0x00000000bc770000-0x00000000bcb3ffff]
[    0.000000]   node   0: [mem 0x00000000bcb40000-0x00000000bfe1ffff]
[    0.000000]   node   0: [mem 0x00000000bfe20000-0x00000000bfeaffff]
[    0.000000]   node   0: [mem 0x00000000bfeb0000-0x00000000bfebffff]
[    0.000000]   node   0: [mem 0x00000000bfec0000-0x00000000bffdffff]
[    0.000000]   node   0: [mem 0x00000000bffe0000-0x00000000bfffffff]
[    0.000000] Initmem setup node 0 [mem 0x0000000040000000-0x00000000bfffffff]
[    0.000000] psci: probing for conduit method from ACPI.
[    0.000000] psci: PSCIv1.1 detected in firmware.
[    0.000000] psci: Using standard PSCI v0.2 function IDs
[    0.000000] psci: Trusted OS migration not required
[    0.000000] psci: SMC Calling Convention v1.0
[    0.000000] percpu: Embedded 33 pages/cpu s96984 r8192 d29992 u135168
[    0.000000] Detected PIPT I-cache on CPU0
[    0.000000] CPU features: detected: Spectre-v4
[    0.000000] CPU features: detected: Spectre-BHB
[    0.000000] CPU features: detected: Broken broadcast TLBI completion
[    0.000000] CPU features: detected: SSBS not fully self-synchronizing
[    0.000000] alternatives: applying boot alternatives
[    0.000000] Kernel command line: root=/dev/vda rw console=ttyAMA0 initrd=initrd
[    0.000000] Dentry cache hash table entries: 262144 (order: 9, 2097152 bytes, linear)
[    0.000000] Inode-cache hash table entries: 131072 (order: 8, 1048576 bytes, linear)
[    0.000000] Fallback order for Node 0: 0 
[    0.000000] Built 1 zonelists, mobility grouping on.  Total pages: 524288
[    0.000000] Policy zone: DMA
[    0.000000] mem auto-init: stack:all(zero), heap alloc:on, heap free:off
[    0.000000] software IO TLB: SWIOTLB bounce buffer size adjusted to 2MB
[    0.000000] software IO TLB: area num 2.
[    0.000000] software IO TLB: mapped [mem 0x00000000bf2b4000-0x00000000bf4b4000] (2MB)
[    0.000000] SLUB: HWalign=64, Order=0-3, MinObjects=0, CPUs=2, Nodes=1
[    0.000000] Dynamic Preempt: none
[    0.000000] rcu: Preemptible hierarchical RCU implementation.
[    0.000000] rcu: 	RCU restricting CPUs from NR_CPUS=4096 to nr_cpu_ids=2.
[    0.000000] 	Trampoline variant of Tasks RCU enabled.
[    0.000000] 	Tracing variant of Tasks RCU enabled.
[    0.000000] rcu: RCU calculated value of scheduler-enlistment delay is 10 jiffies.
[    0.000000] rcu: Adjusting geometry for rcu_fanout_leaf=16, nr_cpu_ids=2
[    0.000000] RCU Tasks: Setting shift to 1 and lim to 1 rcu_task_cb_adjust=1 rcu_task_cpu_ids=2.
[    0.000000] RCU Tasks Trace: Setting shift to 1 and lim to 1 rcu_task_cb_adjust=1 rcu_task_cpu_ids=2.
[    0.000000] NR_IRQS: 64, nr_irqs: 64, preallocated irqs: 0
[    0.000000] Root IRQ handler: gic_handle_irq
[    0.000000] GICv2m: ACPI overriding V2M MSI_TYPER (base:80, num:64)
[    0.000000] GICv2m: range[mem 0x08020000-0x08020fff], SPI[80:143]
[    0.000000] rcu: srcu_init: Setting srcu_struct sizes based on contention.
[    0.000000] clocksource: jiffies: mask: 0xffffffff max_cycles: 0xffffffff, max_idle_ns: 19112604462750000 ns
[    0.000000] arch_timer: cp15 timer(s) running at 62.50MHz (virt).
[    0.000000] clocksource: arch_sys_counter: mask: 0x1ffffffffffffff max_cycles: 0x1cd42e208c, max_idle_ns: 881590405314 ns
[    0.000151] sched_clock: 57 bits at 63MHz, resolution 16ns, wraps every 4398046511096ns
[    0.019501] kfence: initialized - using 2097152 bytes for 255 objects at 0x(____ptrval____)-0x(____ptrval____)
[    0.072015] Console: colour dummy device 80x25
[    0.088886] ACPI: Core revision 20240827
[    0.104853] Calibrating delay loop (skipped), value calculated using timer frequency.. 125.00 BogoMIPS (lpj=625000)
[    0.105181] pid_max: default: 32768 minimum: 301
[    0.122119] LSM: initializing lsm=lockdown,capability,landlock
[    0.128770] landlock: Up and running.
[    0.137539] Mount-cache hash table entries: 4096 (order: 3, 32768 bytes, linear)
[    0.137709] Mountpoint-cache hash table entries: 4096 (order: 3, 32768 bytes, linear)
[    0.318680] rcu: Hierarchical SRCU implementation.
[    0.318842] rcu: 	Max phase no-delay instances is 1000.
[    0.325370] Timer migration: 1 hierarchy levels; 8 children per group; 1 crossnode level
[    0.343607] Remapping and enabling EFI services.
[    0.356277] smp: Bringing up secondary CPUs ...
[    0.487574] Detected PIPT I-cache on CPU1
[    0.489605] CPU1: Booted secondary processor 0x0000000001 [0x414fd0b1]
[    0.501356] smp: Brought up 1 node, 2 CPUs
[    0.501463] SMP: Total of 2 processors activated.
[    0.501543] CPU: All CPU(s) started at EL1
[    0.502011] CPU features: detected: 32-bit EL0 Support
[    0.502137] CPU features: detected: Data cache clean to the PoU not required for I/D coherence
[    0.502232] CPU features: detected: Common not Private translations
[    0.502244] CPU features: detected: CRC32 instructions
[    0.502647] CPU features: detected: RCpc load-acquire (LDAPR)
[    0.502730] CPU features: detected: LSE atomic instructions
[    0.502743] CPU features: detected: Privileged Access Never
[    0.502752] CPU features: detected: RAS Extension Support
[    0.502836] CPU features: detected: Speculative Store Bypassing Safe (SSBS)
[    0.520773] alternatives: applying system-wide alternatives
[    0.831009] CPU features: detected: Hardware dirty bit management on CPU0-1
[    0.914034] Memory: 2003216K/2097152K available (12608K kernel code, 1950K rwdata, 7812K rodata, 1920K init, 9305K bss, 89380K reserved, 0K cma-reserved)
[    1.059560] devtmpfs: initialized
[    1.125051] futex hash table entries: 512 (order: 3, 32768 bytes, linear)
[    1.128274] 24304 pages in range for non-PLT usage
[    1.128737] 515824 pages in range for PLT usage
[    1.143079] pinctrl core: initialized pinctrl subsystem
[    1.158479] SMBIOS 3.0.0 present.
[    1.159083] DMI: QEMU QEMU Virtual Machine, BIOS edk2-stable202408-prebuilt.qemu.org 08/13/2024
[    1.160093] DMI: Memory slots populated: 1/1
[    1.226360] NET: Registered PF_NETLINK/PF_ROUTE protocol family
[    1.250678] DMA: preallocated 256 KiB GFP_KERNEL pool for atomic allocations
[    1.251958] DMA: preallocated 256 KiB GFP_KERNEL|GFP_DMA pool for atomic allocations
[    1.253289] DMA: preallocated 256 KiB GFP_KERNEL|GFP_DMA32 pool for atomic allocations
[    1.256671] audit: initializing netlink subsys (disabled)
[    1.287715] thermal_sys: Registered thermal governor 'step_wise'
[    1.292169] audit: type=2000 audit(0.650:1): state=initialized audit_enabled=0 res=1
[    1.320745] cpuidle: using governor ladder
[    1.323400] cpuidle: using governor menu
[    1.327321] hw-breakpoint: found 6 breakpoint and 4 watchpoint registers.
[    1.331676] ASID allocator initialised with 65536 entries
[    1.333151] acpiphp: ACPI Hot Plug PCI Controller Driver version: 0.5
[    1.338851] Serial: AMBA PL011 UART driver
[    1.412219] HugeTLB: registered 1.00 GiB page size, pre-allocated 0 pages
[    1.413999] HugeTLB: 0 KiB vmemmap can be freed for a 1.00 GiB page
[    1.414097] HugeTLB: registered 32.0 MiB page size, pre-allocated 0 pages
[    1.414110] HugeTLB: 0 KiB vmemmap can be freed for a 32.0 MiB page
[    1.414123] HugeTLB: registered 2.00 MiB page size, pre-allocated 0 pages
[    1.414131] HugeTLB: 0 KiB vmemmap can be freed for a 2.00 MiB page
[    1.414145] HugeTLB: registered 64.0 KiB page size, pre-allocated 0 pages
[    1.414153] HugeTLB: 0 KiB vmemmap can be freed for a 64.0 KiB page
[    1.474675] ACPI: Added _OSI(Module Device)
[    1.474765] ACPI: Added _OSI(Processor Device)
[    1.474779] ACPI: Added _OSI(Processor Aggregator Device)
[    1.685956] ACPI: 1 ACPI AML tables successfully acquired and loaded
[    1.776839] ACPI: Interpreter enabled
[    1.776935] ACPI: Using GIC for interrupt routing
[    1.778044] ACPI: MCFG table detected, 1 entries
[    2.042094] ACPI: CPU0 has been hot-added
[    2.044006] ACPI: CPU1 has been hot-added
[    2.103747] ARMH0011:00: ttyAMA0 at MMIO 0x9000000 (irq = 12, base_baud = 0) is a SBSA
[    2.107100] printk: legacy console [ttyAMA0] enabled
[    2.260899] ACPI: PCI: Interrupt link L000 configured for IRQ 35
[    2.261902] ACPI: PCI: Interrupt link L001 configured for IRQ 36
[    2.265316] ACPI: PCI: Interrupt link L002 configured for IRQ 37
[    2.266896] ACPI: PCI: Interrupt link L003 configured for IRQ 38
[    2.269159] ACPI: PCI Root Bridge [PCI0] (domain 0000 [bus 00-ff])
[    2.274836] acpi PNP0A08:00: _OSC: OS supports [ExtendedConfig ASPM ClockPM Segments MSI HPX-Type3]
[    2.290711] acpi PNP0A08:00: _OSC: platform does not support [LTR]
[    2.292960] acpi PNP0A08:00: _OSC: OS now controls [PCIeHotplug PME PCIeCapability]
[    2.305807] acpi PNP0A08:00: ECAM area [mem 0x4010000000-0x401fffffff] reserved by PNP0C02:00
[    2.307424] acpi PNP0A08:00: ECAM at [mem 0x4010000000-0x401fffffff] for [bus 00-ff]
[    2.309637] ACPI: Remapped I/O 0x000000003eff0000 to [io  0x0000-0xffff window]
[    2.323878] PCI host bridge to bus 0000:00
[    2.325689] pci_bus 0000:00: root bus resource [mem 0x10000000-0x3efeffff window]
[    2.326265] pci_bus 0000:00: root bus resource [io  0x0000-0xffff window]
[    2.327210] pci_bus 0000:00: root bus resource [mem 0x8000000000-0xffffffffff window]
[    2.327958] pci_bus 0000:00: root bus resource [bus 00-ff]
[    2.334678] pci 0000:00:00.0: [1b36:0008] type 00 class 0x060000 conventional PCI endpoint
[    2.356566] pci 0000:00:01.0: [1af4:1000] type 00 class 0x020000 conventional PCI endpoint
[    2.360189] pci 0000:00:01.0: BAR 0 [io  0x0080-0x009f]
[    2.360738] pci 0000:00:01.0: BAR 1 [mem 0x10041000-0x10041fff]
[    2.361250] pci 0000:00:01.0: BAR 4 [mem 0x8000000000-0x8000003fff 64bit pref]
[    2.367536] pci 0000:00:01.0: ROM [mem 0xfffc0000-0xffffffff pref]
[    2.377191] pci 0000:00:02.0: [1af4:1001] type 00 class 0x010000 conventional PCI endpoint
[    2.378139] pci 0000:00:02.0: BAR 0 [io  0x0000-0x007f]
[    2.378460] pci 0000:00:02.0: BAR 1 [mem 0x10040000-0x10040fff]
[    2.389477] pci 0000:00:02.0: BAR 4 [mem 0x8000004000-0x8000007fff 64bit pref]
[    2.400116] pci 0000:00:01.0: ROM [mem 0x10000000-0x1003ffff pref]: assigned
[    2.401130] pci 0000:00:01.0: BAR 4 [mem 0x8000000000-0x8000003fff 64bit pref]: assigned
[    2.401919] pci 0000:00:02.0: BAR 4 [mem 0x8000004000-0x8000007fff 64bit pref]: assigned
[    2.402475] pci 0000:00:01.0: BAR 1 [mem 0x10040000-0x10040fff]: assigned
[    2.403746] pci 0000:00:02.0: BAR 1 [mem 0x10041000-0x10041fff]: assigned
[    2.405232] pci 0000:00:02.0: BAR 0 [io  0x1000-0x107f]: assigned
[    2.405660] pci 0000:00:01.0: BAR 0 [io  0x1080-0x109f]: assigned
[    2.406492] pci_bus 0000:00: resource 4 [mem 0x10000000-0x3efeffff window]
[    2.406892] pci_bus 0000:00: resource 5 [io  0x0000-0xffff window]
[    2.407206] pci_bus 0000:00: resource 6 [mem 0x8000000000-0xffffffffff window]
[    2.423643] iommu: Default domain type: Translated
[    2.424097] iommu: DMA domain TLB invalidation policy: lazy mode
[    2.448277] efivars: Registered efivars operations
[    2.493543] clocksource: Switched to clocksource arch_sys_counter
[    2.540013] VFS: Disk quotas dquot_6.6.0
[    2.540876] VFS: Dquot-cache hash table entries: 512 (order 0, 4096 bytes)
[    2.552965] pnp: PnP ACPI init
[    2.562013] system 00:00: [mem 0x4010000000-0x401fffffff window] could not be reserved
[    2.565761] pnp: PnP ACPI: found 1 devices
[    2.657821] NET: Registered PF_INET protocol family
[    2.661900] IP idents hash table entries: 32768 (order: 6, 262144 bytes, linear)
[    2.810197] tcp_listen_portaddr_hash hash table entries: 1024 (order: 2, 16384 bytes, linear)
[    2.811285] Table-perturb hash table entries: 65536 (order: 6, 262144 bytes, linear)
[    2.812065] TCP established hash table entries: 16384 (order: 5, 131072 bytes, linear)
[    2.818174] TCP bind hash table entries: 16384 (order: 7, 524288 bytes, linear)
[    2.820828] TCP: Hash tables configured (established 16384 bind 16384)
[    2.827546] MPTCP token hash table entries: 2048 (order: 4, 49152 bytes, linear)
[    2.833623] UDP hash table entries: 1024 (order: 3, 32768 bytes, linear)
[    2.834862] UDP-Lite hash table entries: 1024 (order: 3, 32768 bytes, linear)
[    2.843471] NET: Registered PF_UNIX/PF_LOCAL protocol family
[    2.847785] NET: Registered PF_XDP protocol family
[    2.848848] PCI: CLS 0 bytes, default 64
[    2.873472] kvm [1]: HYP mode not available
[    2.873697] Unpacking initramfs...
[    2.888367] Initialise system trusted keyrings
[    2.904994] workingset: timestamp_bits=44 max_order=19 bucket_order=0
[    3.048106] Key type asymmetric registered
[    3.048785] Asymmetric key parser 'x509' registered
[    3.050536] Block layer SCSI generic (bsg) driver version 0.4 loaded (major 249)
[    3.052770] io scheduler mq-deadline registered
[    3.053339] io scheduler kyber registered
[    3.054877] io scheduler bfq registered
[    3.110407] ACPI: \_SB_.L001: Enabled at IRQ 36
[    3.115160] virtio-pci 0000:00:01.0: enabling device (0000 -> 0003)
[    3.126645] ACPI: \_SB_.L002: Enabled at IRQ 37
[    3.127239] virtio-pci 0000:00:02.0: enabling device (0000 -> 0003)
[    3.140672] Serial: 8250/16550 driver, 4 ports, IRQ sharing enabled
[    3.170490] hv_vmbus: registering driver hyperv_keyboard
[    3.195408] rtc-efi rtc-efi.0: registered as rtc0
[    3.203296] rtc-efi rtc-efi.0: setting system clock to 2026-08-24T02:45:14 UTC (1787539514)
[    3.211097] NET: Registered PF_INET6 protocol family
[    3.248395] Segment Routing with IPv6
[    3.249560] In-situ OAM (IOAM) with IPv6
[    3.365026] registered taskstats version 1
[    3.375388] Loading compiled-in X.509 certificates
[    3.383255] Freeing initrd memory: 5184K
[    3.798484] Loaded X.509 cert 'alpinelinux.org: Alpine Linux kernel key: 87fa969a47f3e2a6aa35859eb932a17c95abcd82'
[    3.849385] Demotion targets for Node 0: null
[    3.854385] Key type .fscrypt registered
[    3.854806] Key type fscrypt-provisioning registered
[    3.927428] clk: Disabling unused clocks
[    3.933973] PM: genpd: Disabling unused power domains
[    4.056824] Freeing unused kernel memory: 1920K
[    4.060862] Run /init as init process
[    4.474051] Alpine Init 3.11.1-r0
Alpine Init 3.11.1-r0
[    4.488439] Loading boot drivers...
 * Loading boot drivers: [    4.574206] Loading boot drivers: ok.
ok.
SIMBOOT: kernel=6.12.103-0-virt
[    4.707930] Invalid ELF header magic: != ELF
[    4.758661] virtio_blk virtio1: 2/0/0 default/read/poll queues
[    4.801382] virtio_blk virtio1: [vda] 1411072 512-byte logical blocks (722 MB/689 MiB)
[    4.856186] Invalid ELF header magic: != ELF
[    4.888766] Invalid ELF header magic: != ELF
[    4.915721] Invalid ELF header magic: != ELF
[    4.948762] Invalid ELF header magic: != ELF
[    5.051286] Invalid ELF header magic: != ELF
[    6.489458] EXT4-fs (vda): mounted filesystem 1799a7eb-09df-4b80-8c57-0424de58e445 r/w with ordered data mode. Quota mode: none.
SIMBOOT: root mounted rw, running real mfp.afx with binder stub
/init: line 719: open( /strace.log 2>&1 | head -50; echo "=== STRACE MMAP ==="; grep mmap /strace.log 2>&1 | head -25; echo "=== STRACE BINDER ==="; grep -i binder /strace.log 2>&1 | head -10; echo "=== STRACE IOCTL HEAD ==="; grep ioctl /strace.log 2>&1 | head -20; echo "=== STRACE TAIL ==="; tail -25 /strace.log 2>&1; echo "=== GDB BT ==="; timeout 40 gdb -q -p $MFP2 -batch -ex "set pagination off" -ex "thread apply all bt 6" 2>&1 | head -110; echo done: not found
/bin/sh: -c: line 1: syntax error near unexpected token `('
/bin/sh: -c: line 1: `mknod /dev/pantumpci-main c 1 5 2>&1; mknod /dev/pantumpci-main-video c 1 5 2>&1; mknod /dev/netlog_dev c 1 5 2>&1; mkdir -p /tmp/.plog /tslog /configs/plog /tmp; touch /tslog/pol_log /configs/plog/plog_json_config.json; (/usr/bin/plog_daemon > /plogd.log 2>&1 &); sleep 1; (/usr/bin/hal_daemon > /hald.log 2>&1 &); sleep 5; echo "STUB_LS: $(ls -la /lib/libbinder_stub.so 2>&1)"; echo "STUB_TEST: $(LD_PRELOAD=/lib/libbinder_stub.so /usr/bin/date 2>&1; echo rc=$?)"; export LD_PRELOAD=/lib/libbinder_stub.so; strace -f -o /strace.log -e trace=openat,open,ioctl,mmap,connect,poll,futex,read,write,close,fcntl,clone /usr/bin/mfp.afx > /mfp.log 2>&1 & MFP=$!; echo "MFP_PID=$MFP"; unset LD_PRELOAD; sleep 90; MFP2=$(pgrep -x mfp.afx); echo "MFP2=$MFP2"; echo "=== FD LIST ==="; ls -la /proc/$MFP2/fd/ 2>&1 | head -40; echo "=== MAIN SYSCALL ==="; cat /proc/$MFP2/syscall 2>&1; echo "=== WCHAN ==="; for t in /proc/$MFP2/task/*; do echo "$(basename $t): $(cat $t/wchan 2>/dev/null)"; done 2>&1 | head -30; echo "=== STRACE OPENS ==="; grep -E openat('
SIMBOOT: mfp run finished, keeping shell
/bin/sh: can't access tty; job control turned off
~ # [6n