UEFI firmware (version edk2-stable202408-prebuilt.qemu.org built at 16:28:50 on Sep 12 2024)
ArmTrngLib could not be correctly initialized.
Error: Image at 000BFDB6000 start failed: 00000001
Error: Image at 000BFD6D000 start failed: Not Found
Error: Image at 000BFCBA000 start failed: Unsupported
Error: Image at 000BFB5E000 start failed: Aborted
Tpm2SubmitCommand - Tcg2 - Not Found
Tpm2GetCapabilityPcrs fail!
Tpm2SubmitCommand - Tcg2 - Not Found
Image type X64 can't be loaded on AARCH64 UEFI system.
[2J[01;01H[=3h[2J[01;01H[2J[01;01H[=3h[2J[01;01HEFI stub: Decompressing Linux Kernel...
EFI stub: Loaded initrd from LINUX_EFI_INITRD_MEDIA_GUID device path
EFI stub: Generating empty DTB
EFI stub: Exiting boot services...
[    0.000000] Booting Linux on physical CPU 0x0000000000 [0x414fd0b1]
[    0.000000] Linux version 6.12.103-0-virt (buildozer@build-3-21-aarch64) (gcc (Alpine 14.2.0) 14.2.0, GNU ld (GNU Binutils) 2.43.1) #1-Alpine SMP PREEMPT_DYNAMIC 2026-08-10 14:25:03
[    0.000000] efi: EFI v2.7 by EDK II
[    0.000000] efi: SMBIOS 3.0=0xbfed0000 MEMATTR=0xbe176018 ACPI 2.0=0xbcb43018 INITRD=0xbcb40f18 MEMRESERVE=0xbcb40f98 
[    0.000000] ACPI: Early table checksum verification disabled
[    0.000000] ACPI: RSDP 0x00000000BCB43018 000024 (v02 BOCHS )
[    0.000000] ACPI: XSDT 0x00000000BCB43F18 000064 (v01 BOCHS  BXPC     00000001      01000013)
[    0.000000] ACPI: FACP 0x00000000BCB43B18 000114 (v06 BOCHS  BXPC     00000001 BXPC 00000001)
[    0.000000] ACPI: DSDT 0x00000000BCB41018 001506 (v02 BOCHS  BXPC     00000001 BXPC 00000001)
[    0.000000] ACPI: APIC 0x00000000BCB43C98 0000FC (v04 BOCHS  BXPC     00000001 BXPC 00000001)
[    0.000000] ACPI: PPTT 0x00000000BCB43E18 000074 (v02 BOCHS  BXPC     00000001 BXPC 00000001)
[    0.000000] ACPI: GTDT 0x00000000BCB43098 000068 (v03 BOCHS  BXPC     00000001 BXPC 00000001)
[    0.000000] ACPI: MCFG 0x00000000BCB43A98 00003C (v01 BOCHS  BXPC     00000001 BXPC 00000001)
[    0.000000] ACPI: SPCR 0x00000000BCB43818 000050 (v02 BOCHS  BXPC     00000001 BXPC 00000001)
[    0.000000] ACPI: DBG2 0x00000000BCB43A18 000057 (v00 BOCHS  BXPC     00000001 BXPC 00000001)
[    0.000000] ACPI: IORT 0x00000000BCB43898 000054 (v05 BOCHS  BXPC     00000001 BXPC 00000001)
[    0.000000] ACPI: SPCR: console: pl011,mmio32,0x9000000,9600
[    0.000000] ACPI: Use ACPI SPCR as default console: Yes
[    0.000000] NUMA: Faking a node at [mem 0x0000000040000000-0x00000000bfffffff]
[    0.000000] NODE_DATA(0) allocated [mem 0xbf855b80-0xbf857fff]
[    0.000000] Zone ranges:
[    0.000000]   DMA      [mem 0x0000000040000000-0x00000000bfffffff]
[    0.000000]   DMA32    empty
[    0.000000]   Normal   empty
[    0.000000] Movable zone start for each node
[    0.000000] Early memory node ranges
[    0.000000]   node   0: [mem 0x0000000040000000-0x00000000bc76ffff]
[    0.000000]   node   0: [mem 0x00000000bc770000-0x00000000bcb3ffff]
[    0.000000]   node   0: [mem 0x00000000bcb40000-0x00000000bfe1ffff]
[    0.000000]   node   0: [mem 0x00000000bfe20000-0x00000000bfeaffff]
[    0.000000]   node   0: [mem 0x00000000bfeb0000-0x00000000bfebffff]
[    0.000000]   node   0: [mem 0x00000000bfec0000-0x00000000bffdffff]
[    0.000000]   node   0: [mem 0x00000000bffe0000-0x00000000bfffffff]
[    0.000000] Initmem setup node 0 [mem 0x0000000040000000-0x00000000bfffffff]
[    0.000000] psci: probing for conduit method from ACPI.
[    0.000000] psci: PSCIv1.1 detected in firmware.
[    0.000000] psci: Using standard PSCI v0.2 function IDs
[    0.000000] psci: Trusted OS migration not required
[    0.000000] psci: SMC Calling Convention v1.0
[    0.000000] percpu: Embedded 33 pages/cpu s96984 r8192 d29992 u135168
[    0.000000] Detected PIPT I-cache on CPU0
[    0.000000] CPU features: detected: Spectre-v4
[    0.000000] CPU features: detected: Spectre-BHB
[    0.000000] CPU features: detected: Broken broadcast TLBI completion
[    0.000000] CPU features: detected: SSBS not fully self-synchronizing
[    0.000000] alternatives: applying boot alternatives
[    0.000000] Kernel command line: root=/dev/vda rw console=ttyAMA0 initrd=initrd
[    0.000000] Dentry cache hash table entries: 262144 (order: 9, 2097152 bytes, linear)
[    0.000000] Inode-cache hash table entries: 131072 (order: 8, 1048576 bytes, linear)
[    0.000000] Fallback order for Node 0: 0 
[    0.000000] Built 1 zonelists, mobility grouping on.  Total pages: 524288
[    0.000000] Policy zone: DMA
[    0.000000] mem auto-init: stack:all(zero), heap alloc:on, heap free:off
[    0.000000] software IO TLB: SWIOTLB bounce buffer size adjusted to 2MB
[    0.000000] software IO TLB: area num 2.
[    0.000000] software IO TLB: mapped [mem 0x00000000bf2b4000-0x00000000bf4b4000] (2MB)
[    0.000000] SLUB: HWalign=64, Order=0-3, MinObjects=0, CPUs=2, Nodes=1
[    0.000000] Dynamic Preempt: none
[    0.000000] rcu: Preemptible hierarchical RCU implementation.
[    0.000000] rcu: 	RCU restricting CPUs from NR_CPUS=4096 to nr_cpu_ids=2.
[    0.000000] 	Trampoline variant of Tasks RCU enabled.
[    0.000000] 	Tracing variant of Tasks RCU enabled.
[    0.000000] rcu: RCU calculated value of scheduler-enlistment delay is 10 jiffies.
[    0.000000] rcu: Adjusting geometry for rcu_fanout_leaf=16, nr_cpu_ids=2
[    0.000000] RCU Tasks: Setting shift to 1 and lim to 1 rcu_task_cb_adjust=1 rcu_task_cpu_ids=2.
[    0.000000] RCU Tasks Trace: Setting shift to 1 and lim to 1 rcu_task_cb_adjust=1 rcu_task_cpu_ids=2.
[    0.000000] NR_IRQS: 64, nr_irqs: 64, preallocated irqs: 0
[    0.000000] Root IRQ handler: gic_handle_irq
[    0.000000] GICv2m: ACPI overriding V2M MSI_TYPER (base:80, num:64)
[    0.000000] GICv2m: range[mem 0x08020000-0x08020fff], SPI[80:143]
[    0.000000] rcu: srcu_init: Setting srcu_struct sizes based on contention.
[    0.000000] clocksource: jiffies: mask: 0xffffffff max_cycles: 0xffffffff, max_idle_ns: 19112604462750000 ns
[    0.000000] arch_timer: cp15 timer(s) running at 62.50MHz (virt).
[    0.000000] clocksource: arch_sys_counter: mask: 0x1ffffffffffffff max_cycles: 0x1cd42e208c, max_idle_ns: 881590405314 ns
[    0.000186] sched_clock: 57 bits at 63MHz, resolution 16ns, wraps every 4398046511096ns
[    0.018443] kfence: initialized - using 2097152 bytes for 255 objects at 0x(____ptrval____)-0x(____ptrval____)
[    0.052022] Console: colour dummy device 80x25
[    0.071620] ACPI: Core revision 20240827
[    0.089993] Calibrating delay loop (skipped), value calculated using timer frequency.. 125.00 BogoMIPS (lpj=625000)
[    0.090291] pid_max: default: 32768 minimum: 301
[    0.119528] LSM: initializing lsm=lockdown,capability,landlock
[    0.124330] landlock: Up and running.
[    0.140355] Mount-cache hash table entries: 4096 (order: 3, 32768 bytes, linear)
[    0.140522] Mountpoint-cache hash table entries: 4096 (order: 3, 32768 bytes, linear)
[    0.373495] rcu: Hierarchical SRCU implementation.
[    0.373650] rcu: 	Max phase no-delay instances is 1000.
[    0.403672] Timer migration: 1 hierarchy levels; 8 children per group; 1 crossnode level
[    0.436708] Remapping and enabling EFI services.
[    0.452806] smp: Bringing up secondary CPUs ...
[    0.468071] Detected PIPT I-cache on CPU1
[    0.469991] CPU1: Booted secondary processor 0x0000000001 [0x414fd0b1]
[    0.485887] smp: Brought up 1 node, 2 CPUs
[    0.485957] SMP: Total of 2 processors activated.
[    0.486013] CPU: All CPU(s) started at EL1
[    0.486325] CPU features: detected: 32-bit EL0 Support
[    0.486390] CPU features: detected: Data cache clean to the PoU not required for I/D coherence
[    0.486454] CPU features: detected: Common not Private translations
[    0.486461] CPU features: detected: CRC32 instructions
[    0.486721] CPU features: detected: RCpc load-acquire (LDAPR)
[    0.486774] CPU features: detected: LSE atomic instructions
[    0.486781] CPU features: detected: Privileged Access Never
[    0.486786] CPU features: detected: RAS Extension Support
[    0.486839] CPU features: detected: Speculative Store Bypassing Safe (SSBS)
[    0.522563] alternatives: applying system-wide alternatives
[    0.585214] CPU features: detected: Hardware dirty bit management on CPU0-1
[    0.651060] Memory: 2003132K/2097152K available (12608K kernel code, 1950K rwdata, 7812K rodata, 1920K init, 9305K bss, 89464K reserved, 0K cma-reserved)
[    0.766895] devtmpfs: initialized
[    0.823885] futex hash table entries: 512 (order: 3, 32768 bytes, linear)
[    0.835967] 24304 pages in range for non-PLT usage
[    0.836113] 515824 pages in range for PLT usage
[    0.853768] pinctrl core: initialized pinctrl subsystem
[    0.888506] SMBIOS 3.0.0 present.
[    0.888991] DMI: QEMU QEMU Virtual Machine, BIOS edk2-stable202408-prebuilt.qemu.org 08/13/2024
[    0.889494] DMI: Memory slots populated: 1/1
[    0.955746] NET: Registered PF_NETLINK/PF_ROUTE protocol family
[    0.974050] DMA: preallocated 256 KiB GFP_KERNEL pool for atomic allocations
[    0.983311] DMA: preallocated 256 KiB GFP_KERNEL|GFP_DMA pool for atomic allocations
[    0.984416] DMA: preallocated 256 KiB GFP_KERNEL|GFP_DMA32 pool for atomic allocations
[    0.985726] audit: initializing netlink subsys (disabled)
[    0.991730] audit: type=2000 audit(0.570:1): state=initialized audit_enabled=0 res=1
[    1.007010] thermal_sys: Registered thermal governor 'step_wise'
[    1.020544] cpuidle: using governor ladder
[    1.021118] cpuidle: using governor menu
[    1.023570] hw-breakpoint: found 6 breakpoint and 4 watchpoint registers.
[    1.031173] ASID allocator initialised with 65536 entries
[    1.032566] acpiphp: ACPI Hot Plug PCI Controller Driver version: 0.5
[    1.035980] Serial: AMBA PL011 UART driver
[    1.085636] HugeTLB: registered 1.00 GiB page size, pre-allocated 0 pages
[    1.085713] HugeTLB: 0 KiB vmemmap can be freed for a 1.00 GiB page
[    1.085741] HugeTLB: registered 32.0 MiB page size, pre-allocated 0 pages
[    1.085752] HugeTLB: 0 KiB vmemmap can be freed for a 32.0 MiB page
[    1.085764] HugeTLB: registered 2.00 MiB page size, pre-allocated 0 pages
[    1.085773] HugeTLB: 0 KiB vmemmap can be freed for a 2.00 MiB page
[    1.085784] HugeTLB: registered 64.0 KiB page size, pre-allocated 0 pages
[    1.085791] HugeTLB: 0 KiB vmemmap can be freed for a 64.0 KiB page
[    1.151727] ACPI: Added _OSI(Module Device)
[    1.151848] ACPI: Added _OSI(Processor Device)
[    1.151866] ACPI: Added _OSI(Processor Aggregator Device)
[    1.204439] ACPI: 1 ACPI AML tables successfully acquired and loaded
[    1.268760] ACPI: Interpreter enabled
[    1.268846] ACPI: Using GIC for interrupt routing
[    1.269916] ACPI: MCFG table detected, 1 entries
[    1.501732] ACPI: CPU0 has been hot-added
[    1.503752] ACPI: CPU1 has been hot-added
[    1.549093] ARMH0011:00: ttyAMA0 at MMIO 0x9000000 (irq = 12, base_baud = 0) is a SBSA
[    1.554481] printk: legacy console [ttyAMA0] enabled
[    1.714790] ACPI: PCI: Interrupt link L000 configured for IRQ 35
[    1.715768] ACPI: PCI: Interrupt link L001 configured for IRQ 36
[    1.716234] ACPI: PCI: Interrupt link L002 configured for IRQ 37
[    1.716751] ACPI: PCI: Interrupt link L003 configured for IRQ 38
[    1.717568] ACPI: PCI Root Bridge [PCI0] (domain 0000 [bus 00-ff])
[    1.720048] acpi PNP0A08:00: _OSC: OS supports [ExtendedConfig ASPM ClockPM Segments MSI HPX-Type3]
[    1.737593] acpi PNP0A08:00: _OSC: platform does not support [LTR]
[    1.739433] acpi PNP0A08:00: _OSC: OS now controls [PCIeHotplug PME PCIeCapability]
[    1.753067] acpi PNP0A08:00: ECAM area [mem 0x4010000000-0x401fffffff] reserved by PNP0C02:00
[    1.754500] acpi PNP0A08:00: ECAM at [mem 0x4010000000-0x401fffffff] for [bus 00-ff]
[    1.756688] ACPI: Remapped I/O 0x000000003eff0000 to [io  0x0000-0xffff window]
[    1.788934] PCI host bridge to bus 0000:00
[    1.789651] pci_bus 0000:00: root bus resource [mem 0x10000000-0x3efeffff window]
[    1.790000] pci_bus 0000:00: root bus resource [io  0x0000-0xffff window]
[    1.790216] pci_bus 0000:00: root bus resource [mem 0x8000000000-0xffffffffff window]
[    1.790583] pci_bus 0000:00: root bus resource [bus 00-ff]
[    1.801741] pci 0000:00:00.0: [1b36:0008] type 00 class 0x060000 conventional PCI endpoint
[    1.819029] pci 0000:00:01.0: [8086:100e] type 00 class 0x020000 conventional PCI endpoint
[    1.820022] pci 0000:00:01.0: BAR 0 [mem 0x10040000-0x1005ffff]
[    1.820438] pci 0000:00:01.0: BAR 1 [io  0x0080-0x00bf]
[    1.820963] pci 0000:00:01.0: ROM [mem 0xfffc0000-0xffffffff pref]
[    1.822893] pci 0000:00:02.0: [1af4:1001] type 00 class 0x010000 conventional PCI endpoint
[    1.823257] pci 0000:00:02.0: BAR 0 [io  0x0000-0x007f]
[    1.823444] pci 0000:00:02.0: BAR 1 [mem 0x10060000-0x10060fff]
[    1.823711] pci 0000:00:02.0: BAR 4 [mem 0x8000000000-0x8000003fff 64bit pref]
[    1.836813] pci 0000:00:01.0: ROM [mem 0x10000000-0x1003ffff pref]: assigned
[    1.837349] pci 0000:00:01.0: BAR 0 [mem 0x10040000-0x1005ffff]: assigned
[    1.837759] pci 0000:00:02.0: BAR 4 [mem 0x8000000000-0x8000003fff 64bit pref]: assigned
[    1.838195] pci 0000:00:02.0: BAR 1 [mem 0x10060000-0x10060fff]: assigned
[    1.838464] pci 0000:00:02.0: BAR 0 [io  0x1000-0x107f]: assigned
[    1.838698] pci 0000:00:01.0: BAR 1 [io  0x1080-0x10bf]: assigned
[    1.839244] pci_bus 0000:00: resource 4 [mem 0x10000000-0x3efeffff window]
[    1.839496] pci_bus 0000:00: resource 5 [io  0x0000-0xffff window]
[    1.839704] pci_bus 0000:00: resource 6 [mem 0x8000000000-0xffffffffff window]
[    1.857312] iommu: Default domain type: Translated
[    1.857574] iommu: DMA domain TLB invalidation policy: lazy mode
[    1.887544] efivars: Registered efivars operations
[    1.939595] clocksource: Switched to clocksource arch_sys_counter
[    1.972077] VFS: Disk quotas dquot_6.6.0
[    1.972687] VFS: Dquot-cache hash table entries: 512 (order 0, 4096 bytes)
[    1.988274] pnp: PnP ACPI init
[    2.006719] system 00:00: [mem 0x4010000000-0x401fffffff window] could not be reserved
[    2.007614] pnp: PnP ACPI: found 1 devices
[    2.135036] NET: Registered PF_INET protocol family
[    2.137642] IP idents hash table entries: 32768 (order: 6, 262144 bytes, linear)
[    2.371790] tcp_listen_portaddr_hash hash table entries: 1024 (order: 2, 16384 bytes, linear)
[    2.372472] Table-perturb hash table entries: 65536 (order: 6, 262144 bytes, linear)
[    2.372894] TCP established hash table entries: 16384 (order: 5, 131072 bytes, linear)
[    2.373721] TCP bind hash table entries: 16384 (order: 7, 524288 bytes, linear)
[    2.374267] TCP: Hash tables configured (established 16384 bind 16384)
[    2.386389] MPTCP token hash table entries: 2048 (order: 4, 49152 bytes, linear)
[    2.387290] UDP hash table entries: 1024 (order: 3, 32768 bytes, linear)
[    2.387889] UDP-Lite hash table entries: 1024 (order: 3, 32768 bytes, linear)
[    2.390898] NET: Registered PF_UNIX/PF_LOCAL protocol family
[    2.400416] NET: Registered PF_XDP protocol family
[    2.401558] PCI: CLS 0 bytes, default 64
[    2.419047] kvm [1]: HYP mode not available
[    2.419948] Unpacking initramfs...
[    2.432283] Initialise system trusted keyrings
[    2.438997] workingset: timestamp_bits=44 max_order=19 bucket_order=0
[    2.606317] Key type asymmetric registered
[    2.606926] Asymmetric key parser 'x509' registered
[    2.616859] Block layer SCSI generic (bsg) driver version 0.4 loaded (major 249)
[    2.619862] io scheduler mq-deadline registered
[    2.620790] io scheduler kyber registered
[    2.621847] io scheduler bfq registered
[    2.703460] ACPI: \_SB_.L002: Enabled at IRQ 37
[    2.704799] virtio-pci 0000:00:02.0: enabling device (0000 -> 0003)
[    2.723085] Serial: 8250/16550 driver, 4 ports, IRQ sharing enabled
[    2.757587] hv_vmbus: registering driver hyperv_keyboard
[    2.788030] rtc-efi rtc-efi.0: registered as rtc0
[    2.789288] rtc-efi rtc-efi.0: setting system clock to 2026-08-25T06:39:46 UTC (1787639986)
[    2.802628] NET: Registered PF_INET6 protocol family
[    2.837702] Segment Routing with IPv6
[    2.838615] In-situ OAM (IOAM) with IPv6
[    3.020781] registered taskstats version 1
[    3.035917] Loading compiled-in X.509 certificates
[    3.105624] Freeing initrd memory: 5268K
[    3.840342] Loaded X.509 cert 'alpinelinux.org: Alpine Linux kernel key: 87fa969a47f3e2a6aa35859eb932a17c95abcd82'
[    3.936674] Demotion targets for Node 0: null
[    3.940854] Key type .fscrypt registered
[    3.954082] Key type fscrypt-provisioning registered
[    4.035529] clk: Disabling unused clocks
[    4.036349] PM: genpd: Disabling unused power domains
[    4.156265] Freeing unused kernel memory: 1920K
[    4.168210] Run /init as init process
[    4.603962] Alpine Init 3.11.1-r0
Alpine Init 3.11.1-r0
[    4.620347] Loading boot drivers...
 * Loading boot drivers: [    4.705874] Loading boot drivers: ok.
ok.
SIMBOOT: kernel=6.12.103-0-virt
[    4.824225] Invalid ELF header magic: != ELF
[    4.890066] virtio_blk virtio0: 2/0/0 default/read/poll queues
[    4.936156] virtio_blk virtio0: [vda] 1411072 512-byte logical blocks (722 MB/689 MiB)
[    5.004668] Invalid ELF header magic: != ELF
[    5.036824] Invalid ELF header magic: != ELF
[    5.069868] Invalid ELF header magic: != ELF
[    5.106996] Invalid ELF header magic: != ELF
[    5.220562] Invalid ELF header magic: != ELF
[    5.584340] Invalid ELF header magic: != ELF
[    5.638288] e1000: Intel(R) PRO/1000 Network Driver
[    5.638581] e1000: Copyright (c) 1999-2006 Intel Corporation.
[    5.640516] ACPI: \_SB_.L001: Enabled at IRQ 36
[    5.649217] e1000 0000:00:01.0: enabling device (0000 -> 0003)
[    6.238297] e1000 0000:00:01.0 eth0: (PCI:33MHz:32-bit) 52:54:00:12:34:56
[    6.239168] e1000 0000:00:01.0 eth0: Intel(R) PRO/1000 Network Connection
Module                  Size  Used by    Not tainted
e1000                 163840  0 
ext4                  929792  0 
jbd2                  172032  1 ext4
mbcache                20480  1 ext4
crc32c_generic         12288  0 
crc16                  12288  1 ext4
virtio_blk             24576  0 
[    7.439931] EXT4-fs (vda): mounted filesystem 1799a7eb-09df-4b80-8c57-0424de58e445 r/w with ordered data mode. Quota mode: none.
SIMBOOT: root mounted rw, running real mfp.afx with binder stub
[   14.951878] e1000: eth0 NIC Link is Up 1000 Mbps Full Duplex, Flow Control: RX
--- STRACE VER ---
strace -- version 6.7
Copyright (c) 1991-2024 The strace developers <https://strace.io>.
MFP_PID=448 (strace parent)
[   25.446829] random: crng init done
[  102.717681] hrtimer: interrupt took 83472608 ns
--- STRACE FILE ---
-rw-r--r-- 1 root root 933321 Aug 25 06:50 /tmp/strace.log
--- MFP LOG HEAD ---
2147483648 mfp process plog lib init 
pntp socket client init 
[2026-08-25 06:40:04.003 ] pcie_integrate_features:463 ULOG WARN vd:3 , send_offset:32768 , recv_offset:0
[2026-08-25 06:40:04.251 ] pcie_integrate_features:463 ULOG WARN vd:5 , send_offset:32768 , recv_offset:0
error:miss key;line:=
[06:41:38.843] hal_core_init                  - core/hal_core_init.c L29    [HAL][INFO]  -->  Enter and init hal lib
[06:41:38.913] cjson_get_dev_config           - core/hal_cjson_class.c L723   [HAL][INFO]  -->  Module touch do not have device config
[06:41:38.915] cjson_get_dev_config           - core/hal_cjson_class.c L723   [HAL][INFO]  -->  Module backlight do not have device config
[06:41:38.915] cjson_get_dev_config           - core/hal_cjson_class.c L723   [HAL][INFO]  -->  Module frambuffer do not have device config
[06:41:38.998] cjson_get_dev_config           - core/hal_cjson_class.c L723   [HAL][INFO]  -->  Module low_power do not have device config
[06:41:38.998] cjson_get_dev_config           - core/hal_cjson_class.c L723   [HAL][INFO]  -->  Module print_comm do not have device config
[06:41:39.000] cjson_get_dev_config           - core/hal_cjson_class.c L723   [HAL][INFO]  -->  Module scan_comm do not have device config
[06:41:39.031] cjson_get_dev_config           - core/hal_cjson_class.c L723   [HAL][INFO]  -->  Module beep do not have device config
[06:41:39.032] cjson_get_dev_config           - core/hal_cjson_class.c L723   [HAL][INFO]  -->  Module speaker do not have device config
[06:41:39.033] cjson_get_dev_config           - core/hal_cjson_class.c L723   [HAL][INFO]  -->  Module fan do not have device config
[06:41:39.040] cjson_get_dev_config           - core/hal_cjson_class.c L723   [HAL][INFO]  -->  Module usb_host do not have device config
[06:41:39.044] hal_core_init                  - core/hal_core_init.c L57    [HAL][DEBUG]  -->  Module node touch (id 2), do not need to call module init 
[06:41:39.045] hal_core_init                  - core/hal_core_init.c L57    [HAL][DEBUG]  -->  Module node backlight (id 3), do not need to call module init 
[06:41:39.045] hal_core_init                  - core/hal_core_init.c L57    [HAL][DEBUG]  -->  Module node fb (id 4), do not need to call module init 
[06:41:39.046] hal_core_init                  - core/hal_core_init.c L57    [HAL][DEBUG]  -->  Module node beep (id 11), do not need to call module init 
[06:41:39.047] hal_core_init                  - core/hal_core_init.c L57    [HAL][DEBUG]  -->  
--- PEDK/BIND ---
---------------------pedk_mgr_prolog-------int------------
[35m[osal/pol/os/Linux/pol_linux.c:55]tid(481) statck size(0x00004000) name(server_thread)[0m
strat bind
strat listen
[35m[osal/pol/os/Linux/pol_linux.c:55]tid(482) statck size(0x00004000) name(pedk_ibc_recv)[0m
 panel_pedk_init  
cmd register ok = panel - pedk
--- KILL ---
--- BIND/SOCKET ---
453   socket(AF_UNIX, SOCK_STREAM, 0)   = 4
453   connect(4, {sa_family=AF_UNIX, sun_path="/tmp/.logserver"}, 110) = -1 ECONNREFUSED (Connection refused)
453   socket(AF_UNIX, SOCK_STREAM, 0)   = 4
453   connect(4, {sa_family=AF_UNIX, sun_path="/tmp/.logserver"}, 110) = -1 ECONNREFUSED (Connection refused)
453   socket(AF_UNIX, SOCK_STREAM, 0)   = 4
453   connect(4, {sa_family=AF_UNIX, sun_path="/tmp/.logserver"}, 110) = -1 ECONNREFUSED (Connection refused)
453   socket(AF_UNIX, SOCK_STREAM, 0)   = 4
453   connect(4, {sa_family=AF_UNIX, sun_path="/tmp/.logserver"}, 110) = -1 ECONNREFUSED (Connection refused)
453   socket(AF_UNIX, SOCK_STREAM, 0)   = 4
453   connect(4, {sa_family=AF_UNIX, sun_path="/tmp/.logserver"}, 110) = -1 ECONNREFUSED (Connection refused)
453   socket(AF_UNIX, SOCK_STREAM, 0)   = 4
453   connect(4, {sa_family=AF_UNIX, sun_path="/tmp/.logserver"}, 110) = -1 ECONNREFUSED (Connection refused)
453   socket(AF_UNIX, SOCK_STREAM, 0)   = 4
453   connect(4, {sa_family=AF_UNIX, sun_path="/tmp/.logserver"}, 110) = -1 ECONNREFUSED (Connection refused)
453   socket(AF_UNIX, SOCK_STREAM, 0)   = 4
453   connect(4, {sa_family=AF_UNIX, sun_path="/tmp/.logserver"}, 110) = -1 ECONNREFUSED (Connection refused)
453   socket(AF_UNIX, SOCK_STREAM, 0)   = 4
453   connect(4, {sa_family=AF_UNIX, sun_path="/tmp/.logserver"}, 110) = -1 ECONNREFUSED (Connection refused)
453   socket(AF_UNIX, SOCK_STREAM, 0)   = 4
453   connect(4, {sa_family=AF_UNIX, sun_path="/tmp/.logserver"}, 110) = -1 ECONNREFUSED (Connection refused)
453   socket(AF_UNIX, SOCK_STREAM, 0)   = 7
453   connect(7, {sa_family=AF_UNIX, sun_path="/tmp/.logserver"}, 110) = -1 ECONNREFUSED (Connection refused)
453   socket(AF_UNIX, SOCK_STREAM, 0)   = 7
453   connect(7, {sa_family=AF_UNIX, sun_path="/tmp/.logserver"}, 110) = -1 ECONNREFUSED (Connection refused)
453   socket(AF_UNIX, SOCK_STREAM, 0)   = 7
453   connect(7, {sa_family=AF_UNIX, sun_path="/tmp/.logserver"}, 110) = -1 ECONNREFUSED (Connection refused)
453   socket(AF_UNIX, SOCK_STREAM, 0)   = 7
453   connect(7, {sa_family=AF_UNIX, sun_path="/tmp/.logserver"}, 110) = -1 ECONNREFUSED (Connection refused)
453   socket(AF_UNIX, SOCK_STREAM, 0)   = 7
453   connect(7, {sa_family=AF_UNIX, sun_path="/tmp/.logserver"}, 110) = -1 ECONNREFUSED (Connection refused)
453   socket(AF_UNIX, SOCK_STREAM, 0)   = 7
453   connect(7, {sa_family=AF_UNIX, sun_path="/tmp/.logserver"}, 110) = -1 ECONNREFUSED (Connection refused)
453   socket(AF_UNIX, SOCK_STREAM, 0)   = 7
453   connect(7, {sa_family=AF_UNIX, sun_path="/tmp/.logserver"}, 110) = -1 ECONNREFUSED (Connection refused)
453   socket(AF_UNIX, SOCK_STREAM, 0)   = 7
453   connect(7, {sa_family=AF_UNIX, sun_path="/tmp/.logserver"}, 110) = -1 ECONNREFUSED (Connection refused)
453   socket(AF_UNIX, SOCK_STREAM, 0)   = 7
453   connect(7, {sa_family=AF_UNIX, sun_path="/tmp/.logserver"}, 110) = -1 ECONNREFUSED (Connection refused)
453   socket(AF_UNIX, SOCK_STREAM, 0)   = 15
453   connect(15, {sa_family=AF_UNIX, sun_path="/tmp/.logserver"}, 110) = -1 ECONNREFUSED (Connection refused)
--- ERRNO ---
453   connect(4, {sa_family=AF_UNIX, sun_path="/tmp/.logserver"}, 110) = -1 ECONNREFUSED (Connection refused)
453   connect(4, {sa_family=AF_UNIX, sun_path="/tmp/.logserver"}, 110) = -1 ECONNREFUSED (Connection refused)
453   connect(4, {sa_family=AF_UNIX, sun_path="/tmp/.logserver"}, 110) = -1 ECONNREFUSED (Connection refused)
453   connect(4, {sa_family=AF_UNIX, sun_path="/tmp/.logserver"}, 110) = -1 ECONNREFUSED (Connection refused)
453   connect(4, {sa_family=AF_UNIX, sun_path="/tmp/.logserver"}, 110) = -1 ECONNREFUSED (Connection refused)
453   connect(4, {sa_family=AF_UNIX, sun_path="/tmp/.logserver"}, 110) = -1 ECONNREFUSED (Connection refused)
453   connect(4, {sa_family=AF_UNIX, sun_path="/tmp/.logserver"}, 110) = -1 ECONNREFUSED (Connection refused)
453   connect(4, {sa_family=AF_UNIX, sun_path="/tmp/.logserver"}, 110) = -1 ECONNREFUSED (Connection refused)
453   connect(4, {sa_family=AF_UNIX, sun_path="/tmp/.logserver"}, 110) = -1 ECONNREFUSED (Connection refused)
453   connect(4, {sa_family=AF_UNIX, sun_path="/tmp/.logserver"}, 110) = -1 ECONNREFUSED (Connection refused)
453   connect(7, {sa_family=AF_UNIX, sun_path="/tmp/.logserver"}, 110) = -1 ECONNREFUSED (Connection refused)
453   connect(7, {sa_family=AF_UNIX, sun_path="/tmp/.logserver"}, 110) = -1 ECONNREFUSED (Connection refused)
453   connect(7, {sa_family=AF_UNIX, sun_path="/tmp/.logserver"}, 110) = -1 ECONNREFUSED (Connection refused)
453   connect(7, {sa_family=AF_UNIX, sun_path="/tmp/.logserver"}, 110) = -1 ECONNREFUSED (Connection refused)
453   connect(7, {sa_family=AF_UNIX, sun_path="/tmp/.logserver"}, 110) = -1 ECONNREFUSED (Connection refused)
453   connect(7, {sa_family=AF_UNIX, sun_path="/tmp/.logserver"}, 110) = -1 ECONNREFUSED (Connection refused)
453   connect(7, {sa_family=AF_UNIX, sun_path="/tmp/.logserver"}, 110) = -1 ECONNREFUSED (Connection refused)
453   connect(7, {sa_family=AF_UNIX, sun_path="/tmp/.logserver"}, 110) = -1 ECONNREFUSED (Connection refused)
453   connect(7, {sa_family=AF_UNIX, sun_path="/tmp/.logserver"}, 110) = -1 ECONNREFUSED (Connection refused)
453   connect(15, {sa_family=AF_UNIX, sun_path="/tmp/.logserver"}, 110) = -1 ECONNREFUSED (Connection refused)
done
SIMBOOT: mfp run finished, keeping shell
/bin/sh: can't access tty; job control turned off
~ # [6n