UEFI firmware (version edk2-stable202408-prebuilt.qemu.org built at 16:28:50 on Sep 12 2024)
ArmTrngLib could not be correctly initialized.
Error: Image at 000BFDB6000 start failed: 00000001
Error: Image at 000BFD6D000 start failed: Not Found
Error: Image at 000BFCBA000 start failed: Unsupported
Error: Image at 000BFB5E000 start failed: Aborted
Tpm2SubmitCommand - Tcg2 - Not Found
Tpm2GetCapabilityPcrs fail!
Tpm2SubmitCommand - Tcg2 - Not Found
Image type X64 can't be loaded on AARCH64 UEFI system.
[2J[01;01H[=3h[2J[01;01H[2J[01;01H[=3h[2J[01;01HEFI stub: Decompressing Linux Kernel...
EFI stub: Loaded initrd from LINUX_EFI_INITRD_MEDIA_GUID device path
EFI stub: Generating empty DTB
EFI stub: Exiting boot services...
[    0.000000] Booting Linux on physical CPU 0x0000000000 [0x414fd0b1]
[    0.000000] Linux version 6.12.103-0-virt (buildozer@build-3-21-aarch64) (gcc (Alpine 14.2.0) 14.2.0, GNU ld (GNU Binutils) 2.43.1) #1-Alpine SMP PREEMPT_DYNAMIC 2026-08-10 14:25:03
[    0.000000] efi: EFI v2.7 by EDK II
[    0.000000] efi: SMBIOS 3.0=0xbfed0000 MEMATTR=0xbe18a018 ACPI 2.0=0xbcb43018 INITRD=0xbcb40f18 MEMRESERVE=0xbcb40f98 
[    0.000000] ACPI: Early table checksum verification disabled
[    0.000000] ACPI: RSDP 0x00000000BCB43018 000024 (v02 BOCHS )
[    0.000000] ACPI: XSDT 0x00000000BCB43F18 000064 (v01 BOCHS  BXPC     00000001      01000013)
[    0.000000] ACPI: FACP 0x00000000BCB43B18 000114 (v06 BOCHS  BXPC     00000001 BXPC 00000001)
[    0.000000] ACPI: DSDT 0x00000000BCB41018 001506 (v02 BOCHS  BXPC     00000001 BXPC 00000001)
[    0.000000] ACPI: APIC 0x00000000BCB43C98 0000FC (v04 BOCHS  BXPC     00000001 BXPC 00000001)
[    0.000000] ACPI: PPTT 0x00000000BCB43E18 000074 (v02 BOCHS  BXPC     00000001 BXPC 00000001)
[    0.000000] ACPI: GTDT 0x00000000BCB43098 000068 (v03 BOCHS  BXPC     00000001 BXPC 00000001)
[    0.000000] ACPI: MCFG 0x00000000BCB43A98 00003C (v01 BOCHS  BXPC     00000001 BXPC 00000001)
[    0.000000] ACPI: SPCR 0x00000000BCB43818 000050 (v02 BOCHS  BXPC     00000001 BXPC 00000001)
[    0.000000] ACPI: DBG2 0x00000000BCB43A18 000057 (v00 BOCHS  BXPC     00000001 BXPC 00000001)
[    0.000000] ACPI: IORT 0x00000000BCB43898 000054 (v05 BOCHS  BXPC     00000001 BXPC 00000001)
[    0.000000] ACPI: SPCR: console: pl011,mmio32,0x9000000,9600
[    0.000000] ACPI: Use ACPI SPCR as default console: Yes
[    0.000000] NUMA: Faking a node at [mem 0x0000000040000000-0x00000000bfffffff]
[    0.000000] NODE_DATA(0) allocated [mem 0xbf855b80-0xbf857fff]
[    0.000000] Zone ranges:
[    0.000000]   DMA      [mem 0x0000000040000000-0x00000000bfffffff]
[    0.000000]   DMA32    empty
[    0.000000]   Normal   empty
[    0.000000] Movable zone start for each node
[    0.000000] Early memory node ranges
[    0.000000]   node   0: [mem 0x0000000040000000-0x00000000bc76ffff]
[    0.000000]   node   0: [mem 0x00000000bc770000-0x00000000bcb3ffff]
[    0.000000]   node   0: [mem 0x00000000bcb40000-0x00000000bfe1ffff]
[    0.000000]   node   0: [mem 0x00000000bfe20000-0x00000000bfeaffff]
[    0.000000]   node   0: [mem 0x00000000bfeb0000-0x00000000bfebffff]
[    0.000000]   node   0: [mem 0x00000000bfec0000-0x00000000bffdffff]
[    0.000000]   node   0: [mem 0x00000000bffe0000-0x00000000bfffffff]
[    0.000000] Initmem setup node 0 [mem 0x0000000040000000-0x00000000bfffffff]
[    0.000000] psci: probing for conduit method from ACPI.
[    0.000000] psci: PSCIv1.1 detected in firmware.
[    0.000000] psci: Using standard PSCI v0.2 function IDs
[    0.000000] psci: Trusted OS migration not required
[    0.000000] psci: SMC Calling Convention v1.0
[    0.000000] percpu: Embedded 33 pages/cpu s96984 r8192 d29992 u135168
[    0.000000] Detected PIPT I-cache on CPU0
[    0.000000] CPU features: detected: Spectre-v4
[    0.000000] CPU features: detected: Spectre-BHB
[    0.000000] CPU features: detected: Broken broadcast TLBI completion
[    0.000000] CPU features: detected: SSBS not fully self-synchronizing
[    0.000000] alternatives: applying boot alternatives
[    0.000000] Kernel command line: root=/dev/vda rw console=ttyAMA0 initrd=initrd
[    0.000000] Dentry cache hash table entries: 262144 (order: 9, 2097152 bytes, linear)
[    0.000000] Inode-cache hash table entries: 131072 (order: 8, 1048576 bytes, linear)
[    0.000000] Fallback order for Node 0: 0 
[    0.000000] Built 1 zonelists, mobility grouping on.  Total pages: 524288
[    0.000000] Policy zone: DMA
[    0.000000] mem auto-init: stack:all(zero), heap alloc:on, heap free:off
[    0.000000] software IO TLB: SWIOTLB bounce buffer size adjusted to 2MB
[    0.000000] software IO TLB: area num 2.
[    0.000000] software IO TLB: mapped [mem 0x00000000bf2b4000-0x00000000bf4b4000] (2MB)
[    0.000000] SLUB: HWalign=64, Order=0-3, MinObjects=0, CPUs=2, Nodes=1
[    0.000000] Dynamic Preempt: none
[    0.000000] rcu: Preemptible hierarchical RCU implementation.
[    0.000000] rcu: 	RCU restricting CPUs from NR_CPUS=4096 to nr_cpu_ids=2.
[    0.000000] 	Trampoline variant of Tasks RCU enabled.
[    0.000000] 	Tracing variant of Tasks RCU enabled.
[    0.000000] rcu: RCU calculated value of scheduler-enlistment delay is 10 jiffies.
[    0.000000] rcu: Adjusting geometry for rcu_fanout_leaf=16, nr_cpu_ids=2
[    0.000000] RCU Tasks: Setting shift to 1 and lim to 1 rcu_task_cb_adjust=1 rcu_task_cpu_ids=2.
[    0.000000] RCU Tasks Trace: Setting shift to 1 and lim to 1 rcu_task_cb_adjust=1 rcu_task_cpu_ids=2.
[    0.000000] NR_IRQS: 64, nr_irqs: 64, preallocated irqs: 0
[    0.000000] Root IRQ handler: gic_handle_irq
[    0.000000] GICv2m: ACPI overriding V2M MSI_TYPER (base:80, num:64)
[    0.000000] GICv2m: range[mem 0x08020000-0x08020fff], SPI[80:143]
[    0.000000] rcu: srcu_init: Setting srcu_struct sizes based on contention.
[    0.000000] clocksource: jiffies: mask: 0xffffffff max_cycles: 0xffffffff, max_idle_ns: 19112604462750000 ns
[    0.000000] arch_timer: cp15 timer(s) running at 62.50MHz (virt).
[    0.000000] clocksource: arch_sys_counter: mask: 0x1ffffffffffffff max_cycles: 0x1cd42e208c, max_idle_ns: 881590405314 ns
[    0.000144] sched_clock: 57 bits at 63MHz, resolution 16ns, wraps every 4398046511096ns
[    0.176587] kfence: initialized - using 2097152 bytes for 255 objects at 0x(____ptrval____)-0x(____ptrval____)
[    0.224102] Console: colour dummy device 80x25
[    0.265144] ACPI: Core revision 20240827
[    0.391882] Calibrating delay loop (skipped), value calculated using timer frequency.. 125.00 BogoMIPS (lpj=625000)
[    0.392308] pid_max: default: 32768 minimum: 301
[    0.441271] LSM: initializing lsm=lockdown,capability,landlock
[    0.450196] landlock: Up and running.
[    0.456927] Mount-cache hash table entries: 4096 (order: 3, 32768 bytes, linear)
[    0.457112] Mountpoint-cache hash table entries: 4096 (order: 3, 32768 bytes, linear)
[    0.727591] rcu: Hierarchical SRCU implementation.
[    0.727760] rcu: 	Max phase no-delay instances is 1000.
[    0.750242] Timer migration: 1 hierarchy levels; 8 children per group; 1 crossnode level
[    0.766895] Remapping and enabling EFI services.
[    0.776871] smp: Bringing up secondary CPUs ...
[    0.793526] Detected PIPT I-cache on CPU1
[    0.796824] CPU1: Booted secondary processor 0x0000000001 [0x414fd0b1]
[    0.822136] smp: Brought up 1 node, 2 CPUs
[    0.822267] SMP: Total of 2 processors activated.
[    0.822360] CPU: All CPU(s) started at EL1
[    0.822856] CPU features: detected: 32-bit EL0 Support
[    0.822986] CPU features: detected: Data cache clean to the PoU not required for I/D coherence
[    0.823085] CPU features: detected: Common not Private translations
[    0.823097] CPU features: detected: CRC32 instructions
[    0.823517] CPU features: detected: RCpc load-acquire (LDAPR)
[    0.823600] CPU features: detected: LSE atomic instructions
[    0.823613] CPU features: detected: Privileged Access Never
[    0.823622] CPU features: detected: RAS Extension Support
[    0.823708] CPU features: detected: Speculative Store Bypassing Safe (SSBS)
[    0.861521] alternatives: applying system-wide alternatives
[    0.948839] CPU features: detected: Hardware dirty bit management on CPU0-1
[    1.020984] Memory: 2003216K/2097152K available (12608K kernel code, 1950K rwdata, 7812K rodata, 1920K init, 9305K bss, 89380K reserved, 0K cma-reserved)
[    1.316686] devtmpfs: initialized
[    1.377275] futex hash table entries: 512 (order: 3, 32768 bytes, linear)
[    1.383582] 24304 pages in range for non-PLT usage
[    1.383728] 515824 pages in range for PLT usage
[    1.402883] pinctrl core: initialized pinctrl subsystem
[    1.460401] SMBIOS 3.0.0 present.
[    1.461195] DMI: QEMU QEMU Virtual Machine, BIOS edk2-stable202408-prebuilt.qemu.org 08/13/2024
[    1.461997] DMI: Memory slots populated: 1/1
[    1.620109] NET: Registered PF_NETLINK/PF_ROUTE protocol family
[    1.637278] DMA: preallocated 256 KiB GFP_KERNEL pool for atomic allocations
[    1.639141] DMA: preallocated 256 KiB GFP_KERNEL|GFP_DMA pool for atomic allocations
[    1.640085] DMA: preallocated 256 KiB GFP_KERNEL|GFP_DMA32 pool for atomic allocations
[    1.640988] audit: initializing netlink subsys (disabled)
[    1.652828] audit: type=2000 audit(0.650:1): state=initialized audit_enabled=0 res=1
[    1.670843] thermal_sys: Registered thermal governor 'step_wise'
[    1.683784] cpuidle: using governor ladder
[    1.688659] cpuidle: using governor menu
[    1.692543] hw-breakpoint: found 6 breakpoint and 4 watchpoint registers.
[    1.694212] ASID allocator initialised with 65536 entries
[    1.698700] acpiphp: ACPI Hot Plug PCI Controller Driver version: 0.5
[    1.705641] Serial: AMBA PL011 UART driver
[    1.865604] HugeTLB: registered 1.00 GiB page size, pre-allocated 0 pages
[    1.865680] HugeTLB: 0 KiB vmemmap can be freed for a 1.00 GiB page
[    1.865709] HugeTLB: registered 32.0 MiB page size, pre-allocated 0 pages
[    1.865720] HugeTLB: 0 KiB vmemmap can be freed for a 32.0 MiB page
[    1.865734] HugeTLB: registered 2.00 MiB page size, pre-allocated 0 pages
[    1.865744] HugeTLB: 0 KiB vmemmap can be freed for a 2.00 MiB page
[    1.865758] HugeTLB: registered 64.0 KiB page size, pre-allocated 0 pages
[    1.865767] HugeTLB: 0 KiB vmemmap can be freed for a 64.0 KiB page
[    1.952779] ACPI: Added _OSI(Module Device)
[    1.952877] ACPI: Added _OSI(Processor Device)
[    1.952892] ACPI: Added _OSI(Processor Aggregator Device)
[    2.022776] ACPI: 1 ACPI AML tables successfully acquired and loaded
[    2.117771] ACPI: Interpreter enabled
[    2.117856] ACPI: Using GIC for interrupt routing
[    2.119133] ACPI: MCFG table detected, 1 entries
[    2.275996] ACPI: CPU0 has been hot-added
[    2.285258] ACPI: CPU1 has been hot-added
[    2.324208] ARMH0011:00: ttyAMA0 at MMIO 0x9000000 (irq = 12, base_baud = 0) is a SBSA
[    2.340759] printk: legacy console [ttyAMA0] enabled
[    2.739199] ACPI: PCI: Interrupt link L000 configured for IRQ 35
[    2.740096] ACPI: PCI: Interrupt link L001 configured for IRQ 36
[    2.740577] ACPI: PCI: Interrupt link L002 configured for IRQ 37
[    2.740997] ACPI: PCI: Interrupt link L003 configured for IRQ 38
[    2.742137] ACPI: PCI Root Bridge [PCI0] (domain 0000 [bus 00-ff])
[    2.749226] acpi PNP0A08:00: _OSC: OS supports [ExtendedConfig ASPM ClockPM Segments MSI HPX-Type3]
[    2.885743] acpi PNP0A08:00: _OSC: platform does not support [LTR]
[    2.894059] acpi PNP0A08:00: _OSC: OS now controls [PCIeHotplug PME PCIeCapability]
[    2.904864] acpi PNP0A08:00: ECAM area [mem 0x4010000000-0x401fffffff] reserved by PNP0C02:00
[    2.906574] acpi PNP0A08:00: ECAM at [mem 0x4010000000-0x401fffffff] for [bus 00-ff]
[    2.909630] ACPI: Remapped I/O 0x000000003eff0000 to [io  0x0000-0xffff window]
[    2.923707] PCI host bridge to bus 0000:00
[    2.925141] pci_bus 0000:00: root bus resource [mem 0x10000000-0x3efeffff window]
[    2.925697] pci_bus 0000:00: root bus resource [io  0x0000-0xffff window]
[    2.926391] pci_bus 0000:00: root bus resource [mem 0x8000000000-0xffffffffff window]
[    2.927245] pci_bus 0000:00: root bus resource [bus 00-ff]
[    2.943355] pci 0000:00:00.0: [1b36:0008] type 00 class 0x060000 conventional PCI endpoint
[    2.959822] pci 0000:00:01.0: [1af4:1000] type 00 class 0x020000 conventional PCI endpoint
[    2.966530] pci 0000:00:01.0: BAR 0 [io  0x0080-0x009f]
[    2.967378] pci 0000:00:01.0: BAR 1 [mem 0x10041000-0x10041fff]
[    2.967848] pci 0000:00:01.0: BAR 4 [mem 0x8000000000-0x8000003fff 64bit pref]
[    2.968491] pci 0000:00:01.0: ROM [mem 0xfffc0000-0xffffffff pref]
[    2.973679] pci 0000:00:02.0: [1af4:1001] type 00 class 0x010000 conventional PCI endpoint
[    2.974247] pci 0000:00:02.0: BAR 0 [io  0x0000-0x007f]
[    2.974572] pci 0000:00:02.0: BAR 1 [mem 0x10040000-0x10040fff]
[    2.974955] pci 0000:00:02.0: BAR 4 [mem 0x8000004000-0x8000007fff 64bit pref]
[    3.003368] pci 0000:00:01.0: ROM [mem 0x10000000-0x1003ffff pref]: assigned
[    3.017048] pci 0000:00:01.0: BAR 4 [mem 0x8000000000-0x8000003fff 64bit pref]: assigned
[    3.074216] pci 0000:00:02.0: BAR 4 [mem 0x8000004000-0x8000007fff 64bit pref]: assigned
[    3.076129] pci 0000:00:01.0: BAR 1 [mem 0x10040000-0x10040fff]: assigned
[    3.077308] pci 0000:00:02.0: BAR 1 [mem 0x10041000-0x10041fff]: assigned
[    3.077947] pci 0000:00:02.0: BAR 0 [io  0x1000-0x107f]: assigned
[    3.078534] pci 0000:00:01.0: BAR 0 [io  0x1080-0x109f]: assigned
[    3.104324] pci_bus 0000:00: resource 4 [mem 0x10000000-0x3efeffff window]
[    3.105442] pci_bus 0000:00: resource 5 [io  0x0000-0xffff window]
[    3.140737] pci_bus 0000:00: resource 6 [mem 0x8000000000-0xffffffffff window]
[    3.188870] iommu: Default domain type: Translated
[    3.189818] iommu: DMA domain TLB invalidation policy: lazy mode
[    3.233733] efivars: Registered efivars operations
[    3.333930] clocksource: Switched to clocksource arch_sys_counter
[    3.356267] VFS: Disk quotas dquot_6.6.0
[    3.357219] VFS: Dquot-cache hash table entries: 512 (order 0, 4096 bytes)
[    3.388777] pnp: PnP ACPI init
[    3.403226] system 00:00: [mem 0x4010000000-0x401fffffff window] could not be reserved
[    3.404960] pnp: PnP ACPI: found 1 devices
[    3.560169] NET: Registered PF_INET protocol family
[    3.569597] IP idents hash table entries: 32768 (order: 6, 262144 bytes, linear)
[    3.727804] tcp_listen_portaddr_hash hash table entries: 1024 (order: 2, 16384 bytes, linear)
[    3.729969] Table-perturb hash table entries: 65536 (order: 6, 262144 bytes, linear)
[    3.732116] TCP established hash table entries: 16384 (order: 5, 131072 bytes, linear)
[    3.734784] TCP bind hash table entries: 16384 (order: 7, 524288 bytes, linear)
[    3.735927] TCP: Hash tables configured (established 16384 bind 16384)
[    3.741119] MPTCP token hash table entries: 2048 (order: 4, 49152 bytes, linear)
[    3.742792] UDP hash table entries: 1024 (order: 3, 32768 bytes, linear)
[    3.744230] UDP-Lite hash table entries: 1024 (order: 3, 32768 bytes, linear)
[    3.755336] NET: Registered PF_UNIX/PF_LOCAL protocol family
[    3.757105] NET: Registered PF_XDP protocol family
[    3.758082] PCI: CLS 0 bytes, default 64
[    3.768043] kvm [1]: HYP mode not available
[    3.777075] Initialise system trusted keyrings
[    3.787648] Unpacking initramfs...
[    3.790788] workingset: timestamp_bits=44 max_order=19 bucket_order=0
[    3.957146] Key type asymmetric registered
[    3.957782] Asymmetric key parser 'x509' registered
[    3.959293] Block layer SCSI generic (bsg) driver version 0.4 loaded (major 249)
[    3.968976] io scheduler mq-deadline registered
[    3.969550] io scheduler kyber registered
[    3.970957] io scheduler bfq registered
[    4.038113] ACPI: \_SB_.L001: Enabled at IRQ 36
[    4.041058] virtio-pci 0000:00:01.0: enabling device (0000 -> 0003)
[    4.056157] ACPI: \_SB_.L002: Enabled at IRQ 37
[    4.056747] virtio-pci 0000:00:02.0: enabling device (0000 -> 0003)
[    4.084562] Serial: 8250/16550 driver, 4 ports, IRQ sharing enabled
[    4.138261] hv_vmbus: registering driver hyperv_keyboard
[    4.158530] rtc-efi rtc-efi.0: registered as rtc0
[    4.167126] rtc-efi rtc-efi.0: setting system clock to 2026-08-24T02:35:07 UTC (1787538907)
[    4.176278] NET: Registered PF_INET6 protocol family
[    4.230963] Segment Routing with IPv6
[    4.232754] In-situ OAM (IOAM) with IPv6
[    4.357007] registered taskstats version 1
[    4.369400] Loading compiled-in X.509 certificates
[    4.451185] Freeing initrd memory: 5184K
[    4.972697] Loaded X.509 cert 'alpinelinux.org: Alpine Linux kernel key: 87fa969a47f3e2a6aa35859eb932a17c95abcd82'
[    5.044107] Demotion targets for Node 0: null
[    5.053584] Key type .fscrypt registered
[    5.053962] Key type fscrypt-provisioning registered
[    5.127849] clk: Disabling unused clocks
[    5.136480] PM: genpd: Disabling unused power domains
[    5.300973] Freeing unused kernel memory: 1920K
[    5.305310] Run /init as init process
[    5.818445] Alpine Init 3.11.1-r0
Alpine Init 3.11.1-r0
[    5.835393] Loading boot drivers...
 * Loading boot drivers: [    5.951450] Loading boot drivers: ok.
ok.
SIMBOOT: kernel=6.12.103-0-virt
[    6.074275] Invalid ELF header magic: != ELF
[    6.143782] virtio_blk virtio1: 2/0/0 default/read/poll queues
[    6.189751] virtio_blk virtio1: [vda] 1411072 512-byte logical blocks (722 MB/689 MiB)
[    6.266373] Invalid ELF header magic: != ELF
[    6.300762] Invalid ELF header magic: != ELF
[    6.339542] Invalid ELF header magic: != ELF
[    6.390046] Invalid ELF header magic: != ELF
[    6.506306] Invalid ELF header magic: != ELF
[    8.076644] EXT4-fs (vda): mounted filesystem 1799a7eb-09df-4b80-8c57-0424de58e445 r/w with ordered data mode. Quota mode: none.
SIMBOOT: root mounted rw, running real mfp.afx with binder stub
STUB_LS: -rw-r--r-- 1 root root 1068 Aug 24 02:35 /lib/libbinder_stub.so
STUB_TEST: Mon Aug 24 02:35:17 UTC 2026
rc=0
MFP_PID=436
[   21.599111] random: crng init done
[   79.008998] hrtimer: interrupt took 68611600 ns
=== SYSCALL MAIN ===
running
=== WCHAN ===
436: 0
=== STRACE IOCTL ===
445   ioctl(15, _IOC(_IOC_WRITE, 0x74, 0x8, 0x10), 0xffff7a2b7208) = -1 ENOTTY (Inappropriate ioctl for device)
445   ioctl(15, _IOC(_IOC_WRITE, 0x74, 0x8, 0x10), 0xffff7a2b7208) = -1 ENOTTY (Inappropriate ioctl for device)
445   ioctl(15, _IOC(_IOC_WRITE, 0x74, 0x8, 0x10), 0xffff7a2b7208) = -1 ENOTTY (Inappropriate ioctl for device)
445   ioctl(15, _IOC(_IOC_WRITE, 0x74, 0x8, 0x10), 0xffff7a2b7208) = -1 ENOTTY (Inappropriate ioctl for device)
445   ioctl(15, _IOC(_IOC_WRITE, 0x74, 0x8, 0x10), 0xffff7a2b7208) = -1 ENOTTY (Inappropriate ioctl for device)
445   ioctl(15, _IOC(_IOC_WRITE, 0x74, 0x8, 0x10), 0xffff7a2b7208) = -1 ENOTTY (Inappropriate ioctl for device)
445   ioctl(15, _IOC(_IOC_WRITE, 0x74, 0x8, 0x10), 0xffff7a2b7208) = -1 ENOTTY (Inappropriate ioctl for device)
445   ioctl(15, _IOC(_IOC_WRITE, 0x74, 0x8, 0x10), 0xffff7a2b7208) = -1 ENOTTY (Inappropriate ioctl for device)
445   ioctl(15, _IOC(_IOC_WRITE, 0x74, 0x8, 0x10), 0xffff7a2b7208) = -1 ENOTTY (Inappropriate ioctl for device)
445   ioctl(15, _IOC(_IOC_WRITE, 0x74, 0x8, 0x10), 0xffff7a2b7208) = -1 ENOTTY (Inappropriate ioctl for device)
445   ioctl(15, _IOC(_IOC_WRITE, 0x74, 0x8, 0x10), 0xffff7a2b7208) = -1 ENOTTY (Inappropriate ioctl for device)
445   ioctl(15, _IOC(_IOC_WRITE, 0x74, 0x8, 0x10), 0xffff7a2b7208) = -1 ENOTTY (Inappropriate ioctl for device)
445   ioctl(15, _IOC(_IOC_WRITE, 0x74, 0x8, 0x10), 0xffff7a2b7208) = -1 ENOTTY (Inappropriate ioctl for device)
445   ioctl(15, _IOC(_IOC_WRITE, 0x74, 0x8, 0x10), 0xffff7a2b7208) = -1 ENOTTY (Inappropriate ioctl for device)
445   ioctl(15, _IOC(_IOC_WRITE, 0x74, 0x8, 0x10), 0xffff7a2b7208) = -1 ENOTTY (Inappropriate ioctl for device)
445   ioctl(15, _IOC(_IOC_WRITE, 0x74, 0x8, 0x10), 0xffff7a2b7208) = -1 ENOTTY (Inappropriate ioctl for device)
445   ioctl(15, _IOC(_IOC_WRITE, 0x74, 0x8, 0x10), 0xffff7a2b7208) = -1 ENOTTY (Inappropriate ioctl for device)
445   ioctl(15, _IOC(_IOC_WRITE, 0x74, 0x8, 0x10), 0xffff7a2b7208) = -1 ENOTTY (Inappropriate ioctl for device)
445   ioctl(15, _IOC(_IOC_WRITE, 0x74, 0x8, 0x10), 0xffff7a2b7208) = -1 ENOTTY (Inappropriate ioctl for device)
445   ioctl(15, _IOC(_IOC_WRITE, 0x74, 0x8, 0x10), 0xffff7a2b7208) = -1 ENOTTY (Inappropriate ioctl for device)
445   ioctl(15, _IOC(_IOC_WRITE, 0x74, 0x8, 0x10), 0xffff7a2b7208) = -1 ENOTTY (Inappropriate ioctl for device)
445   ioctl(15, _IOC(_IOC_WRITE, 0x74, 0x8, 0x10), 0xffff7a2b7208) = -1 ENOTTY (Inappropriate ioctl for device)
445   ioctl(15, _IOC(_IOC_WRITE, 0x74, 0x8, 0x10), 0xffff7a2b7208) = -1 ENOTTY (Inappropriate ioctl for device)
445   ioctl(15, _IOC(_IOC_WRITE, 0x74, 0x8, 0x10), 0xffff7a2b7208) = -1 ENOTTY (Inappropriate ioctl for device)
445   ioctl(15, _IOC(_IOC_WRITE, 0x74, 0x8, 0x10), 0xffff7a2b7208) = -1 ENOTTY (Inappropriate ioctl for device)
=== STRACE FUTEX ===
441   futex(0xffff8187f580, FUTEX_WAKE_PRIVATE, 1 <unfinished ...>
441   <... futex resumed>)              = 0
440   futex(0xffff8187f580, FUTEX_WAIT_PRIVATE, 2, NULL <unfinished ...>
441   futex(0xffff8187f580, FUTEX_WAKE_PRIVATE, 1 <unfinished ...>
440   <... futex resumed>)              = 0
441   <... futex resumed>)              = 1
440   futex(0xffff8187f580, FUTEX_WAKE_PRIVATE, 1 <unfinished ...>
440   <... futex resumed>)              = 0
440   futex(0xffff8187f580, FUTEX_WAIT_PRIVATE, 2, NULL <unfinished ...>
451   futex(0xffff8187f580, FUTEX_WAIT_PRIVATE, 2, NULL <unfinished ...>
=== STRACE CONNECT ===
441   connect(8, {sa_family=AF_UNIX, sun_path="/tmp/.logserver"}, 110) = 0
=== STRACE TAIL ===
445   ioctl(15, _IOC(_IOC_WRITE, 0x74, 0x8, 0x10), 0xffff7a2b7208) = -1 ENOTTY (Inappropriate ioctl for device)
445   write(19, "\1\0\0\0\0\0\0\0", 8)  = 8
445   ioctl(15, _IOC(_IOC_WRITE, 0x74, 0x8, 0x10), 0xffff7a2b7208) = -1 ENOTTY (Inappropriate ioctl for device)
445   write(19, "\1\0\0\0\0\0\0\0", 8)  = 8
445   ioctl(15, _IOC(_IOC_WRITE, 0x74, 0x8, 0x10), 0xffff7a2b7208) = -1 ENOTTY (Inappropriate ioctl for device)
445   write(19, "\1\0\0\0\0\0\0\0", 8)  = 8
445   ioctl(15, _IOC(_IOC_WRITE, 0x74, 0x8, 0x10), 0xffff7a2b7208) = -1 ENOTTY (Inappropriate ioctl for device)
445   write(19, "\1\0\0\0\0\0\0\0", 8)  = 8
445   ioctl(15, _IOC(_IOC_WRITE, 0x74, 0x8, 0x10), 0xffff7a2b7208) = -1 ENOTTY (Inappropriate ioctl for device)
445   write(19, "\1\0\0\0\0\0\0\0", 8)  = 8
445   ioctl(15, _IOC(_IOC_WRITE, 0x74, 0x8, 0x10), 0xffff7a2b7208) = -1 ENOTTY (Inappropriate ioctl for device)
445   write(19, "\1\0\0\0\0\0\0\0", 8)  = 8
445   ioctl(15, _IOC(_IOC_WRITE, 0x74, 0x8, 0x10), 0xffff7a2b7208) = -1 ENOTTY (Inappropriate ioctl for device)
445   write(19, "\1\0\0\0\0\0\0\0", 8)  = 8
445   ioctl(15, _IOC(_IOC_WRITE, 0x74, 0x8, 0x10), 0xffff7a2b7208) = -1 ENOTTY (Inappropriate ioctl for device)
445   write(19, "\1\0\0\0\0\0\0\0", 8)  = 8
445   ioctl(15, _IOC(_IOC_WRITE, 0x74, 0x8, 0x10), 0xffff7a2b7208) = -1 ENOTTY (Inappropriate ioctl for device)
445   write(19, "\1\0\0\0\0\0\0\0", 8)  = 8
445   ioctl(15, _IOC(_IOC_WRITE, 0x74, 0x8, 0x10), 0xffff7a2b7208) = -1 ENOTTY (Inappropriate ioctl for device)
445   write(19, "\1\0\0\0\0\0\0\0", 8)  = 8
445   ioctl(15, _IOC(_IOC_WRITE, 0x74, 0x8, 0x10), 0xffff7a2b7208) = -1 ENOTTY (Inappropriate ioctl for device)
445   write(19, "\1\0\0\0\0\0\0\0", 8)  = 8
445   ioctl(15, _IOC(_IOC_WRITE, 0x74, 0x8, 0x10), 0xffff7a2b7208) = -1 ENOTTY (Inappropriate ioctl for device)
445   write(19, "\1\0\0\0\0\0\0\0", 8)  = 8
445   ioctl(15, _IOC(_IOC_WRITE, 0x74, 0x8, 0x10), 0xffff7a2b7208) = -1 ENOTTY (Inappropriate ioctl for device)
445   write(19, "\1\0\0\0\0\0\0\0", 8)  = 8
445   ioctl(15, _IOC(_IOC_WRITE, 0x74, 0x8, 0x10), 0xffff7a2b7208) = -1 ENOTTY (Inappropriate ioctl for device)
445   write(19, "\1\0\0\0\0\0\0\0", 8)  = 8
445   ioctl(15, _IOC(_IOC_WRITE, 0x74, 0x8, 0x10), 0xffff7a2b7208) = -1 ENOTTY (Inappropriate ioctl for device)
445   write(19, "\1\0\0\0\0\0\0\0", 8)  = 8
445   ioctl(15, _IOC(_IOC_WRITE, 0x74, 0x8, 0x10), 0xffff7a2b7208) = -1 ENOTTY (Inappropriate ioctl for device)
445   write(19, "\1\0\0\0\0\0\0\0", 8)  = 8
445   ioctl(15, _IOC(_IOC_WRITE, 0x74, 0x8, 0x10), 0xffff7a2b7208) = -1 ENOTTY (Inappropriate ioctl for device)
445   write(19, "\1\0\0\0\0\0\0\0", 8)  = 8
445   ioctl(15, _IOC(_IOC_WRITE, 0x74, 0x8, 0x10), 0xffff7a2b7208) = -1 ENOTTY (Inappropriate ioctl for device)
445   write(19, "\1\0\0\0\0\0\0\0", 8)  = 8
445   ioctl(15, _IOC(_IOC_WRITE, 0x74, 0x8, 0x10), 0xffff7a2b7208) = -1 ENOTTY (Inappropriate ioctl for device)
445   write(19, "\1\0\0\0\0\0\0\0", 8)  = 8
445   ioctl(15, _IOC(_IOC_WRITE, 0x74, 0x8, 0x10), 0xffff7a2b7208) = -1 ENOTTY (Inappropriate ioctl for device)
445   write(19, "\1\0\0\0\0\0\0\0", 8)  = 8
=== MFP PLOG ===
=== MFP LOG head ===
1 mfp process plog lib init 
mfp publisher client thread tid 441 start 
pntp socket client init 
=== GDB BT ===
[Thread debugging using libthread_db enabled]
Using host libthread_db library "/lib64/libthread_db.so.1".
0x0000ffff90ef38ac in wait4 () from /lib64/libc.so.6

Thread 1 (Thread 0xffff90e1c020 (LWP 436) "strace"):
#0  0x0000ffff90ef38ac in wait4 () from /lib64/libc.so.6
#1  0x0000000000403698 in ?? ()
#2  0x0000ffff90e491fc in ?? () from /lib64/libc.so.6
#3  0x0000ffff90e492d8 in __libc_start_main () from /lib64/libc.so.6
#4  0x0000000000403b70 in ?? ()
[Inferior 1 (process 436) detached]
done
SIMBOOT: mfp run finished, keeping shell
/bin/sh: can't access tty; job control turned off
~ # [6n