UEFI firmware (version edk2-stable202408-prebuilt.qemu.org built at 16:28:50 on Sep 12 2024)
ArmTrngLib could not be correctly initialized.
Error: Image at 0013FDB6000 start failed: 00000001
Error: Image at 0013FD6D000 start failed: Not Found
Error: Image at 0013FCBA000 start failed: Unsupported
Error: Image at 0013FB5E000 start failed: Aborted
Tpm2SubmitCommand - Tcg2 - Not Found
Tpm2GetCapabilityPcrs fail!
Tpm2SubmitCommand - Tcg2 - Not Found
Image type X64 can't be loaded on AARCH64 UEFI system.
[2J[01;01H[=3h[2J[01;01H[2J[01;01H[=3h[2J[01;01HEFI stub: Decompressing Linux Kernel...
EFI stub: Loaded initrd from LINUX_EFI_INITRD_MEDIA_GUID device path
EFI stub: Generating empty DTB
EFI stub: Exiting boot services...
[    0.000000] Booting Linux on physical CPU 0x0000000000 [0x414fd0b1]
[    0.000000] Linux version 6.12.103-0-virt (buildozer@build-3-21-aarch64) (gcc (Alpine 14.2.0) 14.2.0, GNU ld (GNU Binutils) 2.43.1) #1-Alpine SMP PREEMPT_DYNAMIC 2026-08-10 14:25:03
[    0.000000] efi: EFI v2.7 by EDK II
[    0.000000] efi: SMBIOS 3.0=0x13fed0000 MEMATTR=0x13e176018 ACPI 2.0=0x13cb43018 INITRD=0x13cb40f18 MEMRESERVE=0x13cb40f98 
[    0.000000] ACPI: Early table checksum verification disabled
[    0.000000] ACPI: RSDP 0x000000013CB43018 000024 (v02 BOCHS )
[    0.000000] ACPI: XSDT 0x000000013CB43F18 000064 (v01 BOCHS  BXPC     00000001      01000013)
[    0.000000] ACPI: FACP 0x000000013CB43B18 000114 (v06 BOCHS  BXPC     00000001 BXPC 00000001)
[    0.000000] ACPI: DSDT 0x000000013CB41018 001506 (v02 BOCHS  BXPC     00000001 BXPC 00000001)
[    0.000000] ACPI: APIC 0x000000013CB43C98 0000FC (v04 BOCHS  BXPC     00000001 BXPC 00000001)
[    0.000000] ACPI: PPTT 0x000000013CB43E18 000074 (v02 BOCHS  BXPC     00000001 BXPC 00000001)
[    0.000000] ACPI: GTDT 0x000000013CB43098 000068 (v03 BOCHS  BXPC     00000001 BXPC 00000001)
[    0.000000] ACPI: MCFG 0x000000013CB43A98 00003C (v01 BOCHS  BXPC     00000001 BXPC 00000001)
[    0.000000] ACPI: SPCR 0x000000013CB43818 000050 (v02 BOCHS  BXPC     00000001 BXPC 00000001)
[    0.000000] ACPI: DBG2 0x000000013CB43A18 000057 (v00 BOCHS  BXPC     00000001 BXPC 00000001)
[    0.000000] ACPI: IORT 0x000000013CB43898 000054 (v05 BOCHS  BXPC     00000001 BXPC 00000001)
[    0.000000] ACPI: SPCR: console: pl011,mmio32,0x9000000,9600
[    0.000000] ACPI: Use ACPI SPCR as default console: Yes
[    0.000000] NUMA: Faking a node at [mem 0x0000000040000000-0x000000013fffffff]
[    0.000000] NODE_DATA(0) allocated [mem 0x13f453b80-0x13f455fff]
[    0.000000] Zone ranges:
[    0.000000]   DMA      [mem 0x0000000040000000-0x00000000ffffffff]
[    0.000000]   DMA32    empty
[    0.000000]   Normal   [mem 0x0000000100000000-0x000000013fffffff]
[    0.000000] Movable zone start for each node
[    0.000000] Early memory node ranges
[    0.000000]   node   0: [mem 0x0000000040000000-0x000000013c76ffff]
[    0.000000]   node   0: [mem 0x000000013c770000-0x000000013cb3ffff]
[    0.000000]   node   0: [mem 0x000000013cb40000-0x000000013fe1ffff]
[    0.000000]   node   0: [mem 0x000000013fe20000-0x000000013feaffff]
[    0.000000]   node   0: [mem 0x000000013feb0000-0x000000013febffff]
[    0.000000]   node   0: [mem 0x000000013fec0000-0x000000013ffdffff]
[    0.000000]   node   0: [mem 0x000000013ffe0000-0x000000013fffffff]
[    0.000000] Initmem setup node 0 [mem 0x0000000040000000-0x000000013fffffff]
[    0.000000] psci: probing for conduit method from ACPI.
[    0.000000] psci: PSCIv1.1 detected in firmware.
[    0.000000] psci: Using standard PSCI v0.2 function IDs
[    0.000000] psci: Trusted OS migration not required
[    0.000000] psci: SMC Calling Convention v1.0
[    0.000000] percpu: Embedded 33 pages/cpu s96984 r8192 d29992 u135168
[    0.000000] Detected PIPT I-cache on CPU0
[    0.000000] CPU features: detected: Spectre-v4
[    0.000000] CPU features: detected: Spectre-BHB
[    0.000000] CPU features: detected: Broken broadcast TLBI completion
[    0.000000] CPU features: detected: SSBS not fully self-synchronizing
[    0.000000] alternatives: applying boot alternatives
[    0.000000] Kernel command line: root=/dev/vda rw console=ttyAMA0 initrd=initrd
[    0.000000] Dentry cache hash table entries: 524288 (order: 10, 4194304 bytes, linear)
[    0.000000] Inode-cache hash table entries: 262144 (order: 9, 2097152 bytes, linear)
[    0.000000] Fallback order for Node 0: 0 
[    0.000000] Built 1 zonelists, mobility grouping on.  Total pages: 1048576
[    0.000000] Policy zone: Normal
[    0.000000] mem auto-init: stack:all(zero), heap alloc:on, heap free:off
[    0.000000] software IO TLB: area num 2.
[    0.000000] software IO TLB: mapped [mem 0x00000000fbfff000-0x00000000fffff000] (64MB)
[    0.000000] SLUB: HWalign=64, Order=0-3, MinObjects=0, CPUs=2, Nodes=1
[    0.000000] Dynamic Preempt: none
[    0.000000] rcu: Preemptible hierarchical RCU implementation.
[    0.000000] rcu: 	RCU restricting CPUs from NR_CPUS=4096 to nr_cpu_ids=2.
[    0.000000] 	Trampoline variant of Tasks RCU enabled.
[    0.000000] 	Tracing variant of Tasks RCU enabled.
[    0.000000] rcu: RCU calculated value of scheduler-enlistment delay is 10 jiffies.
[    0.000000] rcu: Adjusting geometry for rcu_fanout_leaf=16, nr_cpu_ids=2
[    0.000000] RCU Tasks: Setting shift to 1 and lim to 1 rcu_task_cb_adjust=1 rcu_task_cpu_ids=2.
[    0.000000] RCU Tasks Trace: Setting shift to 1 and lim to 1 rcu_task_cb_adjust=1 rcu_task_cpu_ids=2.
[    0.000000] NR_IRQS: 64, nr_irqs: 64, preallocated irqs: 0
[    0.000000] Root IRQ handler: gic_handle_irq
[    0.000000] GICv2m: ACPI overriding V2M MSI_TYPER (base:80, num:64)
[    0.000000] GICv2m: range[mem 0x08020000-0x08020fff], SPI[80:143]
[    0.000000] rcu: srcu_init: Setting srcu_struct sizes based on contention.
[    0.000000] clocksource: jiffies: mask: 0xffffffff max_cycles: 0xffffffff, max_idle_ns: 19112604462750000 ns
[    0.000000] arch_timer: cp15 timer(s) running at 62.50MHz (virt).
[    0.000000] clocksource: arch_sys_counter: mask: 0x1ffffffffffffff max_cycles: 0x1cd42e208c, max_idle_ns: 881590405314 ns
[    0.000137] sched_clock: 57 bits at 63MHz, resolution 16ns, wraps every 4398046511096ns
[    0.014444] kfence: initialized - using 2097152 bytes for 255 objects at 0x(____ptrval____)-0x(____ptrval____)
[    0.039640] Console: colour dummy device 80x25
[    0.051936] ACPI: Core revision 20240827
[    0.070605] Calibrating delay loop (skipped), value calculated using timer frequency.. 125.00 BogoMIPS (lpj=625000)
[    0.070912] pid_max: default: 32768 minimum: 301
[    0.098414] LSM: initializing lsm=lockdown,capability,landlock
[    0.103916] landlock: Up and running.
[    0.119383] Mount-cache hash table entries: 8192 (order: 4, 65536 bytes, linear)
[    0.119618] Mountpoint-cache hash table entries: 8192 (order: 4, 65536 bytes, linear)
[    0.402428] rcu: Hierarchical SRCU implementation.
[    0.402577] rcu: 	Max phase no-delay instances is 1000.
[    0.408738] Timer migration: 1 hierarchy levels; 8 children per group; 1 crossnode level
[    0.441261] Remapping and enabling EFI services.
[    0.453404] smp: Bringing up secondary CPUs ...
[    0.464337] Detected PIPT I-cache on CPU1
[    0.467263] CPU1: Booted secondary processor 0x0000000001 [0x414fd0b1]
[    0.476946] smp: Brought up 1 node, 2 CPUs
[    0.477058] SMP: Total of 2 processors activated.
[    0.477139] CPU: All CPU(s) started at EL1
[    0.477604] CPU features: detected: 32-bit EL0 Support
[    0.477706] CPU features: detected: Data cache clean to the PoU not required for I/D coherence
[    0.477808] CPU features: detected: Common not Private translations
[    0.477823] CPU features: detected: CRC32 instructions
[    0.478178] CPU features: detected: RCpc load-acquire (LDAPR)
[    0.478269] CPU features: detected: LSE atomic instructions
[    0.478280] CPU features: detected: Privileged Access Never
[    0.478288] CPU features: detected: RAS Extension Support
[    0.478358] CPU features: detected: Speculative Store Bypassing Safe (SSBS)
[    0.510210] alternatives: applying system-wide alternatives
[    0.564618] CPU features: detected: Hardware dirty bit management on CPU0-1
[    0.633756] Memory: 3995976K/4194304K available (12608K kernel code, 1950K rwdata, 7812K rodata, 1920K init, 9305K bss, 193644K reserved, 0K cma-reserved)
[    0.733966] devtmpfs: initialized
[    0.800221] futex hash table entries: 512 (order: 3, 32768 bytes, linear)
[    0.802802] 24304 pages in range for non-PLT usage
[    0.802931] 515824 pages in range for PLT usage
[    0.827475] pinctrl core: initialized pinctrl subsystem
[    0.847013] SMBIOS 3.0.0 present.
[    0.847603] DMI: QEMU QEMU Virtual Machine, BIOS edk2-stable202408-prebuilt.qemu.org 08/13/2024
[    0.848534] DMI: Memory slots populated: 1/1
[    0.903882] NET: Registered PF_NETLINK/PF_ROUTE protocol family
[    0.922342] DMA: preallocated 512 KiB GFP_KERNEL pool for atomic allocations
[    0.932819] DMA: preallocated 512 KiB GFP_KERNEL|GFP_DMA pool for atomic allocations
[    0.935447] DMA: preallocated 512 KiB GFP_KERNEL|GFP_DMA32 pool for atomic allocations
[    0.936489] audit: initializing netlink subsys (disabled)
[    0.943287] audit: type=2000 audit(0.520:1): state=initialized audit_enabled=0 res=1
[    0.954066] thermal_sys: Registered thermal governor 'step_wise'
[    0.957984] cpuidle: using governor ladder
[    0.964865] cpuidle: using governor menu
[    0.973767] hw-breakpoint: found 6 breakpoint and 4 watchpoint registers.
[    0.975850] ASID allocator initialised with 65536 entries
[    0.977054] acpiphp: ACPI Hot Plug PCI Controller Driver version: 0.5
[    0.982399] Serial: AMBA PL011 UART driver
[    1.048863] HugeTLB: registered 1.00 GiB page size, pre-allocated 0 pages
[    1.048938] HugeTLB: 0 KiB vmemmap can be freed for a 1.00 GiB page
[    1.048970] HugeTLB: registered 32.0 MiB page size, pre-allocated 0 pages
[    1.048980] HugeTLB: 0 KiB vmemmap can be freed for a 32.0 MiB page
[    1.048992] HugeTLB: registered 2.00 MiB page size, pre-allocated 0 pages
[    1.049000] HugeTLB: 0 KiB vmemmap can be freed for a 2.00 MiB page
[    1.049011] HugeTLB: registered 64.0 KiB page size, pre-allocated 0 pages
[    1.049018] HugeTLB: 0 KiB vmemmap can be freed for a 64.0 KiB page
[    1.199936] ACPI: Added _OSI(Module Device)
[    1.200162] ACPI: Added _OSI(Processor Device)
[    1.200182] ACPI: Added _OSI(Processor Aggregator Device)
[    1.324964] ACPI: 1 ACPI AML tables successfully acquired and loaded
[    1.469200] ACPI: Interpreter enabled
[    1.469552] ACPI: Using GIC for interrupt routing
[    1.473853] ACPI: MCFG table detected, 1 entries
[    1.705353] ACPI: CPU0 has been hot-added
[    1.707966] ACPI: CPU1 has been hot-added
[    1.885246] ARMH0011:00: ttyAMA0 at MMIO 0x9000000 (irq = 12, base_baud = 0) is a SBSA
[    1.891047] printk: legacy console [ttyAMA0] enabled
[    2.094369] ACPI: PCI: Interrupt link L000 configured for IRQ 35
[    2.149350] ACPI: PCI: Interrupt link L001 configured for IRQ 36
[    2.149895] ACPI: PCI: Interrupt link L002 configured for IRQ 37
[    2.150290] ACPI: PCI: Interrupt link L003 configured for IRQ 38
[    2.151430] ACPI: PCI Root Bridge [PCI0] (domain 0000 [bus 00-ff])
[    2.224102] acpi PNP0A08:00: _OSC: OS supports [ExtendedConfig ASPM ClockPM Segments MSI HPX-Type3]
[    2.267190] acpi PNP0A08:00: _OSC: platform does not support [LTR]
[    2.272789] acpi PNP0A08:00: _OSC: OS now controls [PCIeHotplug PME PCIeCapability]
[    2.286748] acpi PNP0A08:00: ECAM area [mem 0x4010000000-0x401fffffff] reserved by PNP0C02:00
[    2.291081] acpi PNP0A08:00: ECAM at [mem 0x4010000000-0x401fffffff] for [bus 00-ff]
[    2.315372] ACPI: Remapped I/O 0x000000003eff0000 to [io  0x0000-0xffff window]
[    2.333825] PCI host bridge to bus 0000:00
[    2.335121] pci_bus 0000:00: root bus resource [mem 0x10000000-0x3efeffff window]
[    2.335607] pci_bus 0000:00: root bus resource [io  0x0000-0xffff window]
[    2.335935] pci_bus 0000:00: root bus resource [mem 0x8000000000-0xffffffffff window]
[    2.336778] pci_bus 0000:00: root bus resource [bus 00-ff]
[    2.340514] pci 0000:00:00.0: [1b36:0008] type 00 class 0x060000 conventional PCI endpoint
[    2.360168] pci 0000:00:01.0: [8086:100e] type 00 class 0x020000 conventional PCI endpoint
[    2.367944] pci 0000:00:01.0: BAR 0 [mem 0x10040000-0x1005ffff]
[    2.368675] pci 0000:00:01.0: BAR 1 [io  0x0080-0x00bf]
[    2.369077] pci 0000:00:01.0: ROM [mem 0xfffc0000-0xffffffff pref]
[    2.371655] pci 0000:00:02.0: [1af4:1001] type 00 class 0x010000 conventional PCI endpoint
[    2.372273] pci 0000:00:02.0: BAR 0 [io  0x0000-0x007f]
[    2.373255] pci 0000:00:02.0: BAR 1 [mem 0x10060000-0x10060fff]
[    2.374524] pci 0000:00:02.0: BAR 4 [mem 0x8000000000-0x8000003fff 64bit pref]
[    2.383369] pci 0000:00:01.0: ROM [mem 0x10000000-0x1003ffff pref]: assigned
[    2.384135] pci 0000:00:01.0: BAR 0 [mem 0x10040000-0x1005ffff]: assigned
[    2.385268] pci 0000:00:02.0: BAR 4 [mem 0x8000000000-0x8000003fff 64bit pref]: assigned
[    2.386040] pci 0000:00:02.0: BAR 1 [mem 0x10060000-0x10060fff]: assigned
[    2.387021] pci 0000:00:02.0: BAR 0 [io  0x1000-0x107f]: assigned
[    2.387887] pci 0000:00:01.0: BAR 1 [io  0x1080-0x10bf]: assigned
[    2.389092] pci_bus 0000:00: resource 4 [mem 0x10000000-0x3efeffff window]
[    2.389840] pci_bus 0000:00: resource 5 [io  0x0000-0xffff window]
[    2.390195] pci_bus 0000:00: resource 6 [mem 0x8000000000-0xffffffffff window]
[    2.406055] iommu: Default domain type: Translated
[    2.406482] iommu: DMA domain TLB invalidation policy: lazy mode
[    2.439501] efivars: Registered efivars operations
[    2.489306] clocksource: Switched to clocksource arch_sys_counter
[    2.532610] VFS: Disk quotas dquot_6.6.0
[    2.533694] VFS: Dquot-cache hash table entries: 512 (order 0, 4096 bytes)
[    2.554792] pnp: PnP ACPI init
[    2.565692] system 00:00: [mem 0x4010000000-0x401fffffff window] could not be reserved
[    2.572727] pnp: PnP ACPI: found 1 devices
[    2.688966] NET: Registered PF_INET protocol family
[    2.694030] IP idents hash table entries: 65536 (order: 7, 524288 bytes, linear)
[    2.836570] tcp_listen_portaddr_hash hash table entries: 2048 (order: 3, 32768 bytes, linear)
[    2.837547] Table-perturb hash table entries: 65536 (order: 6, 262144 bytes, linear)
[    2.838366] TCP established hash table entries: 32768 (order: 6, 262144 bytes, linear)
[    2.840416] TCP bind hash table entries: 32768 (order: 8, 1048576 bytes, linear)
[    2.841747] TCP: Hash tables configured (established 32768 bind 32768)
[    2.849227] MPTCP token hash table entries: 4096 (order: 5, 98304 bytes, linear)
[    2.850855] UDP hash table entries: 2048 (order: 4, 65536 bytes, linear)
[    2.851872] UDP-Lite hash table entries: 2048 (order: 4, 65536 bytes, linear)
[    2.855829] NET: Registered PF_UNIX/PF_LOCAL protocol family
[    2.857305] NET: Registered PF_XDP protocol family
[    2.858282] PCI: CLS 0 bytes, default 64
[    2.865402] kvm [1]: HYP mode not available
[    2.873329] Initialise system trusted keyrings
[    2.873896] Unpacking initramfs...
[    2.888502] workingset: timestamp_bits=44 max_order=20 bucket_order=0
[    3.019595] Key type asymmetric registered
[    3.020201] Asymmetric key parser 'x509' registered
[    3.021683] Block layer SCSI generic (bsg) driver version 0.4 loaded (major 249)
[    3.024907] io scheduler mq-deadline registered
[    3.025436] io scheduler kyber registered
[    3.026363] io scheduler bfq registered
[    3.074452] ACPI: \_SB_.L002: Enabled at IRQ 37
[    3.080642] virtio-pci 0000:00:02.0: enabling device (0000 -> 0003)
[    3.094288] Serial: 8250/16550 driver, 4 ports, IRQ sharing enabled
[    3.182436] hv_vmbus: registering driver hyperv_keyboard
[    3.216463] rtc-efi rtc-efi.0: registered as rtc0
[    3.221115] rtc-efi rtc-efi.0: setting system clock to 2026-09-02T08:09:19 UTC (1788336559)
[    3.232596] NET: Registered PF_INET6 protocol family
[    3.305808] Segment Routing with IPv6
[    3.373957] In-situ OAM (IOAM) with IPv6
[    3.668712] registered taskstats version 1
[    3.675248] Loading compiled-in X.509 certificates
[    3.786956] Freeing initrd memory: 5268K
[    4.094005] Loaded X.509 cert 'alpinelinux.org: Alpine Linux kernel key: 87fa969a47f3e2a6aa35859eb932a17c95abcd82'
[    4.190469] Demotion targets for Node 0: null
[    4.196142] Key type .fscrypt registered
[    4.196796] Key type fscrypt-provisioning registered
[    4.285794] clk: Disabling unused clocks
[    4.291369] PM: genpd: Disabling unused power domains
[    4.413844] Freeing unused kernel memory: 1920K
[    4.417114] Run /init as init process
[    4.724086] Alpine Init 3.11.1-r0
Alpine Init 3.11.1-r0
[    4.733637] Loading boot drivers...
 * Loading boot drivers: [    4.780484] Loading boot drivers: ok.
ok.
SIMBOOT: kernel=6.12.103-0-virt
[    4.866440] Invalid ELF header magic: != ELF
[    4.916003] virtio_blk virtio0: 2/0/0 default/read/poll queues
[    4.952792] virtio_blk virtio0: [vda] 1411072 512-byte logical blocks (722 MB/689 MiB)
[    5.009508] Invalid ELF header magic: != ELF
[    5.030107] Invalid ELF header magic: != ELF
[    5.056620] Invalid ELF header magic: != ELF
[    5.084701] Invalid ELF header magic: != ELF
[    5.177271] Invalid ELF header magic: != ELF
[    5.387467] Invalid ELF header magic: != ELF
[    5.420861] e1000: Intel(R) PRO/1000 Network Driver
[    5.421119] e1000: Copyright (c) 1999-2006 Intel Corporation.
[    5.423104] ACPI: \_SB_.L001: Enabled at IRQ 36
[    5.424058] e1000 0000:00:01.0: enabling device (0000 -> 0003)
[    5.919149] e1000 0000:00:01.0 eth0: (PCI:33MHz:32-bit) 52:54:00:12:34:56
[    5.920052] e1000 0000:00:01.0 eth0: Intel(R) PRO/1000 Network Connection
Module                  Size  Used by    Not tainted
e1000                 163840  0 
ext4                  929792  0 
jbd2                  172032  1 ext4
mbcache                20480  1 ext4
crc32c_generic         12288  0 
crc16                  12288  1 ext4
virtio_blk             24576  0 
[    7.121808] EXT4-fs (vda): mounted filesystem 1799a7eb-09df-4b80-8c57-0424de58e445 r/w with ordered data mode. Quota mode: none.
SIMBOOT: root mounted rw, running real mfp.afx with binder stub
[   19.856214] e1000: eth0 NIC Link is Up 1000 Mbps Full Duplex, Flow Control: RX
=== VHAL: fetch toolchain ===
VHAL_WGET_TC_RC=0
-rw-r--r-- 1 root root 239206400 Sep  2 08:09 /tmp/musl-native.tar
VHAL_WGET_SRC_RC=0
-rw-r--r-- 1 root root 13902 Sep  2 08:09 /tmp/virtual_hal.c
=== VHAL: extract ===
VHAL_TAR_RC=0
-rwxr-xr-x 3 1000 1000 1428240 Nov 22  2021 /tmp/aarch64-linux-musl-native/bin/aarch64-linux-musl-gcc
=== VHAL: compile ===
VHAL_GCC_RC=0
-rwxr-xr-x 1 root root 17056 Sep  2 08:10 /lib/virtual_hal.so
=== VHAL: done ===
MFP_PID=471
[   49.036712] random: crng init done
--- POLL 1: N=11 ---
[Thread debugging using libthread_db enabled]
Using host libthread_db library "/lib64/libthread_db.so.1".
0x0000ffffa714e1f8 in fsync () from /lib64/libc.so.6
B4: 5c=0 7c=0 80=0 82=0
AF: 5c=1 7c=1 80=1 82=1
[Inferior 1 (process 471) detached]
--- POLL 2: N=11 ---
[Thread debugging using libthread_db enabled]
Using host libthread_db library "/lib64/libthread_db.so.1".
0x0000ffffa714e1f8 in fsync () from /lib64/libc.so.6
B4: 5c=1 7c=1 80=1 82=1
AF: 5c=1 7c=1 80=1 82=1
[Inferior 1 (process 471) detached]
--- POLL 3: N=44 ---
[Thread debugging using libthread_db enabled]
Using host libthread_db library "/lib64/libthread_db.so.1".
0x0000ffffa7121ae0 in clock_nanosleep () from /lib64/libc.so.6
B4: 5c=1 7c=1 80=1 82=1
AF: 5c=1 7c=1 80=1 82=1
[Inferior 1 (process 471) detached]
--- POLL 4: N=44 ---
[Thread debugging using libthread_db enabled]
Using host libthread_db library "/lib64/libthread_db.so.1".
0x0000ffffa7121ae0 in clock_nanosleep () from /lib64/libc.so.6
B4: 5c=1 7c=1 80=1 82=1
AF: 5c=1 7c=1 80=1 82=1
[Inferior 1 (process 471) detached]
--- POLL 5: N=62 ---
[Thread debugging using libthread_db enabled]
Using host libthread_db library "/lib64/libthread_db.so.1".
0x0000ffffa7121ae0 in clock_nanosleep () from /lib64/libc.so.6
B4: 5c=0 7c=0 80=0 82=0
AF: 5c=1 7c=1 80=1 82=1
[Inferior 1 (process 471) detached]
--- POLL 6: N=179 ---
POLL: passed print_info_status_init (N=179)
--- ALIVE ---
179
--- LISTEN TCP ---
  sl  local_address rem_address   st tx_queue rx_queue tr tm->when retrnsmt   uid  timeout inode                                                     
   0: 00000000:A85B 00000000:0000 0A 00000000:00000000 00:00000000 00000000     0        0 91545 1 0000000013888d73 100 0 0 10 0                     
SIMBOOT_LPD_HEX=A85B
SIMBOOT_LPD_PORT=43099
--- HALD LOG ---
2147483648 hal_daemon process plog lib init 
--- PLOGD LOG ---
--- CMD REG TABLE ---
[New LWP 699]
[New LWP 700]
[New LWP 701]
[New LWP 702]
[New LWP 703]
[New LWP 704]
[New LWP 705]
[New LWP 706]
[New LWP 713]
[New LWP 714]
[New LWP 715]
[New LWP 716]
[New LWP 717]
[New LWP 718]
[New LWP 719]
[New LWP 720]
[New LWP 721]
[New LWP 722]
[New LWP 723]
[New LWP 724]
[New LWP 725]
[New LWP 726]
[New LWP 727]
[New LWP 728]
[Thread debugging using libthread_db enabled]
Using host libthread_db library "/lib64/libthread_db.so.1".
0x0000ffffa7121ae0 in clock_nanosleep () from /lib64/libc.so.6
warning: could not convert '$h' from the host encoding (ANSI_X3.4-1968) to UTF-32.
This normally should not happen, please file a bug report.
node=0x3c501d00 cmd=0xd cb=0x6b7570 arg=(nil)
node=0x3c501a30 cmd=0x7 cb=0x6974e4 arg=(nil)
node=0x3c50be10 cmd=0xa cb=0x74fbcc arg=(nil)
node=0x3c50be40 cmd=0xe cb=0x74fb0c arg=(nil)
node=0x3c50e060 cmd=0 cb=0x73b71c arg=(nil)
node=0x3c50e880 cmd=0xc cb=0x6b8588 arg=(nil)
node=0x3c50faf0 cmd=0x6 cb=0x6cc6f8 arg=(nil)
node=0x3c510e50 cmd=0x11 cb=0x6a77cc arg=(nil)
node=0x3c534be0 cmd=0xf cb=0x4b01f0 arg=(nil)
node=0x3c50de00 cmd=0x2 cb=0x4b03a8 arg=(nil)
node=0x3c5de560 cmd=0x3 cb=0x70aba0 arg=(nil)
node=0x3c6084d0 cmd=0x1 cb=0x722310 arg=(nil)
node=0x3c61c6d0 cmd=0xb cb=0x678d20 arg=0x3c608740
node=0x3c61c700 cmd=0x10 cb=0x679120 arg=0x3c608740
node=0x3c6730c0 cmd=0x4 cb=0x74105c arg=(nil)
node=0x910e20 cmd=0x1 cb=0x100000001 arg=0x30b00002
node=0x3c501d00 cmd=0xd cb=0x6b7570 arg=(nil)
node=0x3c501a30 cmd=0x7 cb=0x6974e4 arg=(nil)
node=0x3c50be10 cmd=0xa cb=0x74fbcc arg=(nil)
node=0x3c50be40 cmd=0xe cb=0x74fb0c arg=(nil)
node=0x3c50e060 cmd=0 cb=0x73b71c arg=(nil)
node=0x3c50e880 cmd=0xc cb=0x6b8588 arg=(nil)
node=0x3c50faf0 cmd=0x6 cb=0x6cc6f8 arg=(nil)
node=0x3c510e50 cmd=0x11 cb=0x6a77cc arg=(nil)
node=0x3c534be0 cmd=0xf cb=0x4b01f0 arg=(nil)
node=0x3c50de00 cmd=0x2 cb=0x4b03a8 arg=(nil)
node=0x3c5de560 cmd=0x3 cb=0x70aba0 arg=(nil)
node=0x3c6084d0 cmd=0x1 cb=0x722310 arg=(nil)
node=0x3c61c6d0 cmd=0xb cb=0x678d20 arg=0x3c608740
node=0x3c61c700 cmd=0x10 cb=0x679120 arg=0x3c608740
node=0x3c6730c0 cmd=0x4 cb=0x74105c arg=(nil)
node=0x910e20 cmd=0x1 cb=0x100000001 arg=0x30b00002
node=0x3c501d00 cmd=0xd cb=0x6b7570 arg=(nil)
node=0x3c501a30 cmd=0x7 cb=0x6974e4 arg=(nil)
node=0x3c50be10 cmd=0xa cb=0x74fbcc arg=(nil)
node=0x3c50be40 cmd=0xe cb=0x74fb0c arg=(nil)
node=0x3c50e060 cmd=0 cb=0x73b71c arg=(nil)
node=0x3c50e880 cmd=0xc cb=0x6b8588 arg=(nil)
node=0x3c50faf0 cmd=0x6 cb=0x6cc6f8 arg=(nil)
node=0x3c510e50 cmd=0x11 cb=0x6a77cc arg=(nil)
node=0x3c534be0 cmd=0xf cb=0x4b01f0 arg=(nil)
node=0x3c50de00 cmd=0x2 cb=0x4b03a8 arg=(nil)
node=0x3c5de560 cmd=0x3 cb=0x70aba0 arg=(nil)
node=0x3c6084d0 cmd=0x1 cb=0x722310 arg=(nil)
node=0x3c61c6d0 cmd=0xb cb=0x678d20 arg=0x3c608740
node=0x3c61c700 cmd=0x10 cb=0x679120 arg=0x3c608740
node=0x3c6730c0 cmd=0x4 cb=0x74105c arg=(nil)
node=0x910e20 cmd=0x1 cb=0x100000001 arg=0x30b00002
node=0x3c501d00 cmd=0xd cb=0x6b7570 arg=(nil)
node=0x3c501a30 cmd=0x7 cb=0x6974e4 arg=(nil)
node=0x3c50be10 cmd=0xa cb=0x74fbcc arg=(nil)
node=0x3c50be40 cmd=0xe cb=0x74fb0c arg=(nil)
node=0x3c50e060 cmd=0 cb=0x73b71c arg=(nil)
node=0x3c50e880 cmd=0xc cb=0x6b8588 arg=(nil)
node=0x3c50faf0 cmd=0x6 cb=0x6cc6f8 arg=(nil)
node=0x3c510e50 cmd=0x11 cb=0x6a77cc arg=(nil)
node=0x3c534be0 cmd=0xf cb=0x4b01f0 arg=(nil)
node=0x3c50de00 cmd=0x2 cb=0x4b03a8 arg=(nil)
node=0x3c5de560 cmd=0x3 cb=0x70aba0 arg=(nil)
node=0x3c6084d0 cmd=0x1 cb=0x722310 arg=(nil)
[Inferior 1 (process 471) detached]
--- PORTS ALL ---
local_address st
00000000:A85B 0A
TRACE GDB STARTED
READY FOR INJECT
--- MID PORTS ---
local_address st
00000000:A85B 0A
--- GDB TRACE ---
[New LWP 705]
[New LWP 706]
[New LWP 713]
[New LWP 714]
[New LWP 715]
[New LWP 716]
[New LWP 717]
[New LWP 718]
[New LWP 719]
[New LWP 720]
[New LWP 721]
[New LWP 722]
[New LWP 723]
[New LWP 724]
[New LWP 725]
[New LWP 726]
[New LWP 727]
[New LWP 728]
[Thread debugging using libthread_db enabled]
Using host libthread_db library "/lib64/libthread_db.so.1".
0x0000ffffa7121ae0 in clock_nanosleep () from /lib64/libc.so.6
Breakpoint 1 at 0x74c960: file pedk_manager/pedk_mgr.c, line 357.
Breakpoint 2 at 0x74c38c: file pedk_manager/pedk_mgr.c, line 205.
Breakpoint 3 at 0x6b7570: file system_manager/job_pedkapi.c, line 591.
Breakpoint 4 at 0x6b6adc: file system_manager/job_pedkapi.c, line 272.
Breakpoint 5 at 0x6b6b64: file system_manager/job_pedkapi.c, line 300.
Breakpoint 6 at 0x6b7060: file system_manager/job_pedkapi.c, line 449.
Breakpoint 7 at 0x6b740c: file system_manager/job_pedkapi.c, line 551.
Breakpoint 8 at 0x6b7500: file system_manager/job_pedkapi.c, line 578.
Breakpoint 9 at 0x6b7158: file system_manager/job_pedkapi.c, line 476.
--- MFP LOG SIZE ---
33678191 /tmp/mfp.log
--- MFP LOG RAW tail ---
--- VHAL LOG ---
41271 /tmp/vhal.log
[vhal] gpio_get id=: 0x00000087
 -> : 0x00000000
[vhal] gpio_get id=: 0x00000087
 -> : 0x00000000
[vhal] gpio_get id=: 0x00000087
 -> : 0x00000000
[vhal] gpio_get id=: 0x00000087
 -> : 0x00000000
[vhal] gpio_get id=: 0x00000087
 -> : 0x00000000
[vhal] gpio_get id=: 0x00000087
 -> : 0x00000000
[vhal] gpio_get id=: 0x00000087
 -> : 0x00000000
[vhal] gpio_get id=: 0x00000087
 -> : 0x00000000
[vhal] gpio_get id=: 0x00000087
 -> : 0x00000000
[vhal] gpio_get id=: 0x00000087
 -> : 0x00000000
[vhal] gpio_get id=: 0x00000087
 -> : 0x00000000
[vhal] gpio_get id=: 0x00000087
 -> : 0x00000000
[vhal] gpio_get id=: 0x00000087
 -> : 0x00000000
[vhal] gpio_get id=: 0x00000087
 -> : 0x00000000
[vhal] gpio_get id=: 0x00000087
 -> : 0x00000000
[vhal] gpio_get id=: 0x00000087
 -> : 0x00000000
[vhal] gpio_get id=: 0x00000087
 -> : 0x00000000
[vhal] gpio_get id=: 0x00000087
 -> : 0x00000000
[vhal] gpio_get id=: 0x00000087
 -> : 0x00000000
[vhal] gpio_get id=: 0x00000087
 -> : 0x00000000
[vhal] gpio_get id=: 0x00000087
 -> : 0x00000000
[vhal] gpio_get id=: 0x00000087
 -> : 0x00000000
[vhal] gpio_get id=: 0x00000087
 -> : 0x00000000
[vhal] gpio_get id=: 0x00000087
 -> : 0x00000000
[vhal] gpio_get id=: 0x00000087
 -> : 0x00000000
[vhal] gpio_get id=: 0x00000087
 -> : 0x00000000
[vhal] gpio_get id=: 0x00000087
 -> : 0x00000000
[vhal] gpio_get id=: 0x00000087
 -> : 0x00000000
[vhal] gpio_get id=: 0x00000087
 -> : 0x00000000
[vhal] gpio_get id=: 0x00000087
 -> : 0x00000000
[vhal] gpio_get id=: 0x00000087
 -> : 0x00000000
[vhal] gpio_get id=: 0x00000087
 -> : 0x00000000
[vhal] gpio_get id=: 0x00000087
 -> : 0x00000000
[vhal] gpio_get id=: 0x00000087
 -> : 0x00000000
[vhal] gpio_get id=: 0x00000087
 -> : 0x00000000
[vhal] gpio_get id=: 0x00000087
 -> : 0x00000000
[vhal] gpio_get id=: 0x00000087
 -> : 0x00000000
[vhal] gpio_get id=: 0x00000087
 -> : 0x00000000
[vhal] gpio_get id=: 0x00000087
 -> : 0x00000000
[vhal] gpio_get id=: 0x00000087
 -> : 0x00000000
[vhal] gpio_get id=: 0x00000087
 -> : 0x00000000
[vhal] gpio_get id=: 0x00000087
 -> : 0x00000000
[vhal] gpio_get id=: 0x00000087
 -> : 0x00000000
[vhal] gpio_get id=: 0x00000087
 -> : 0x00000000
[vhal] gpio_get id=: 0x00000087
 -> : 0x00000000
[vhal] gpio_get id=: 0x00000087
 -> : 0x00000000
[vhal] gpio_get id=: 0x00000087
 -> : 0x00000000
[vhal] gpio_get id=: 0x00000087
 -> : 0x00000000
[vhal] gpio_get id=: 0x00000087
 -> : 0x00000000
[vhal] gpio_get id=: 0x00000087
 -> : 0x00000000
[vhal] gpio_get id=: 0x00000087
 -> : 0x00000000
[vhal] gpio_get id=: 0x00000087
 -> : 0x00000000
[vhal] gpio_get id=: 0x00000087
 -> : 0x00000000
[vhal] gpio_get id=: 0x00000087
 -> : 0x00000000
[vhal] gpio_get id=: 0x00000087
 -> : 0x00000000
[vhal] gpio_get id=: 0x00000087
 -> : 0x00000000
[vhal] gpio_get id=: 0x00000087
 -> : 0x00000000
[vhal] gpio_get id=: 0x00000087
 -> : 0x00000000
[vhal] gpio_get id=: 0x00000087
 -> : 0x00000000
[vhal] gpio_get id=: 0x00000087
 -> : 0x00000000
[vhal] gpio_get id=: 0x00000087
 -> : 0x00000000
[vhal] gpio_get id=: 0x00000087
 -> : 0x00000000
[vhal] gpio_get id=: 0x00000087
 -> : 0x00000000
[vhal] gpio_get id=: 0x00000087
 -> : 0x00000000
[vhal] gpio_get id=: 0x00000087
 -> : 0x00000000
[vhal] gpio_get id=: 0x00000087
 -> : 0x00000000
[vhal] gpio_get id=: 0x00000087
 -> : 0x00000000
[vhal] gpio_get id=: 0x00000087
 -> : 0x00000000
[vhal] gpio_get id=: 0x00000087
 -> : 0x00000000
[vhal] gpio_get id=: 0x00000087
 -> : 0x00000000
[vhal] gpio_get id=: 0x00000087
 -> : 0x00000000
[vhal] gpio_get id=: 0x00000087
 -> : 0x00000000
[vhal] gpio_get id=: 0x00000087
 -> : 0x00000000
[vhal] gpio_get id=: 0x00000087
 -> : 0x00000000
[vhal] gpio_get id=: 0x00000087
 -> : 0x00000000
KEEPING MFP ALIVE (pid 471)
SIMBOOT: mfp run finished, keeping shell
/bin/sh: can't access tty; job control turned off
~ # [6n[  513.442778] hrtimer: interrupt took 125221488 ns
[ 1151.454159] mfp.afx invoked oom-killer: gfp_mask=0x140cca(GFP_HIGHUSER_MOVABLE|__GFP_COMP), order=0, oom_score_adj=0
[ 1151.465656] CPU: 1 UID: 0 PID: 632 Comm: mfp.afx Not tainted 6.12.103-0-virt #1-Alpine
[ 1151.469008] Hardware name: QEMU QEMU Virtual Machine, BIOS edk2-stable202408-prebuilt.qemu.org 08/13/2024
[ 1151.469959] Call trace:
[ 1151.470360]  dump_backtrace+0xf0/0x140
[ 1151.473054]  show_stack+0x28/0x4c
[ 1151.473083]  dump_stack_lvl+0x60/0x94
[ 1151.474077]  dump_stack+0x18/0x30
[ 1151.474098]  dump_header+0x40/0x1a0
[ 1151.474119]  oom_kill_process+0x2cc/0x348
[ 1151.474576]  out_of_memory+0xec/0x5c8
[ 1151.474598]  __alloc_pages_noprof+0xa7c/0xf60
[ 1151.474655]  alloc_pages_mpol_noprof+0x94/0x24c
[ 1151.474705]  alloc_pages_noprof+0x5c/0xf4
[ 1151.474727]  folio_alloc_noprof+0x24/0xa0
[ 1151.474749]  filemap_alloc_folio_noprof+0x154/0x160
[ 1151.474775]  __filemap_get_folio+0x224/0x3cc
[ 1151.474794]  filemap_fault+0x118/0x89c
[ 1151.474813]  __do_fault+0x3c/0x140
[ 1151.474853]  __handle_mm_fault+0xaec/0x17e0
[ 1151.474876]  handle_mm_fault+0xc8/0x320
[ 1151.474897]  do_page_fault+0x134/0x600
[ 1151.474929]  do_translation_fault+0x100/0x140
[ 1151.474952]  do_mem_abort+0x4c/0xc0
[ 1151.474976]  el0_ia+0x68/0x184
[ 1151.474996]  el0t_64_sync_handler+0xc0/0x100
[ 1151.475019]  el0t_64_sync+0x190/0x194
[ 1151.485695] Mem-Info:
[ 1151.486711] active_anon:949308 inactive_anon:27012 isolated_anon:0
[ 1151.486711]  active_file:46 inactive_file:21 isolated_file:0
[ 1151.486711]  unevictable:2910 dirty:0 writeback:0
[ 1151.486711]  slab_reclaimable:1206 slab_unreclaimable:3060
[ 1151.486711]  mapped:257 shmem:155572 pagetables:1879
[ 1151.486711]  sec_pagetables:0 bounce:0
[ 1151.486711]  kernel_misc_reclaimable:0
[ 1151.486711]  free:12626 free_pcp:99 free_cma:0
[ 1151.489191] Node 0 active_anon:3797232kB inactive_anon:108048kB active_file:384kB inactive_file:84kB unevictable:11640kB isolated(anon):0kB isolated(file):0kB mapped:1028kB dirty:0kB writeback:0kB shmem:622288kB shmem_thp:0kB shmem_pmdmapped:0kB anon_thp:143360kB writeback_tmp:0kB kernel_stack:4144kB pagetables:7516kB sec_pagetables:0kB all_unreclaimable? no
[ 1151.491312] Node 0 DMA free:39476kB boost:0kB min:34308kB low:42884kB high:51460kB reserved_highatomic:0KB active_anon:2990440kB inactive_anon:11504kB active_file:724kB inactive_file:0kB unevictable:0kB writepending:0kB present:3145728kB managed:3048256kB mlocked:0kB bounce:0kB free_pcp:0kB local_pcp:0kB free_cma:0kB
[ 1151.497232] lowmem_reserve[]: 0 0 931 931
[ 1151.497665] Node 0 Normal free:11028kB boost:0kB min:10744kB low:13428kB high:16112kB reserved_highatomic:0KB active_anon:806792kB inactive_anon:96544kB active_file:32kB inactive_file:836kB unevictable:11640kB writepending:0kB present:1048576kB managed:959592kB mlocked:0kB bounce:0kB free_pcp:60kB local_pcp:0kB free_cma:0kB
[ 1151.499579] lowmem_reserve[]: 0 0 0 0
[ 1151.500057] Node 0 DMA: 99*4kB (UME) 54*8kB (UME) 42*16kB (UME) 23*32kB (UME) 12*64kB (ME) 6*128kB (UE) 5*256kB (UME) 3*512kB (UE) 4*1024kB (UME) 4*2048kB (UME) 5*4096kB (UME) = 39356kB
[ 1151.503326] Node 0 Normal: 117*4kB (UME) 43*8kB (UME) 28*16kB (UME) 26*32kB (UME) 19*64kB (UME) 11*128kB (UM) 7*256kB (UM) 6*512kB (UM) 1*1024kB (M) 0*2048kB 0*4096kB = 10604kB
[ 1151.507518] Node 0 hugepages_total=0 hugepages_free=0 hugepages_surp=0 hugepages_size=1048576kB
[ 1151.507947] Node 0 hugepages_total=0 hugepages_free=0 hugepages_surp=0 hugepages_size=32768kB
[ 1151.508228] Node 0 hugepages_total=0 hugepages_free=0 hugepages_surp=0 hugepages_size=2048kB
[ 1151.508491] Node 0 hugepages_total=0 hugepages_free=0 hugepages_surp=0 hugepages_size=64kB
[ 1151.512169] 158731 total pagecache pages
[ 1151.512542] 0 pages in swap cache
[ 1151.512791] Free swap  = 0kB
[ 1151.513012] Total swap = 0kB
[ 1151.513343] 1048576 pages RAM
[ 1151.513564] 0 pages HighMem/MovableOnly
[ 1151.513769] 46614 pages reserved
[ 1151.514278] Tasks state (memory values in pages):
[ 1151.514557] [  pid  ]   uid  tgid total_vm      rss rss_anon rss_file rss_shmem pgtables_bytes swapents oom_score_adj name
[ 1151.515582] [    449]     0   449     5926      272      256       16         0    61440        0             0 hal_daemon
[ 1151.516406] [    471]     0   471  1209673   796624   796597       27         0  7282688        0             0 mfp.afx
[ 1151.516848] [    750]     0   750    59028    23790    23763       27         0   270336        0             0 gdb
[ 1151.517363] oom-kill:constraint=CONSTRAINT_NONE,nodemask=(null),cpuset=/,mems_allowed=0,global_oom,task_memcg=/,task=mfp.afx,pid=471,uid=0
[ 1151.522238] Out of memory: Killed process 471 (mfp.afx) total-vm:4838692kB, anon-rss:3186388kB, file-rss:248kB, shmem-rss:0kB, UID:0 pgtables:7112kB oom_score_adj:0
[ 1153.646136] oom_reaper: reaped process 471 (mfp.afx), now anon-rss:0kB, file-rss:120kB, shmem-rss:0kB
[ 2973.112870] sched: DL replenish lagged too much
