UEFI firmware (version edk2-stable202408-prebuilt.qemu.org built at 16:28:50 on Sep 12 2024)
ArmTrngLib could not be correctly initialized.
Error: Image at 000BFDB6000 start failed: 00000001
Error: Image at 000BFD6D000 start failed: Not Found
Error: Image at 000BFCBA000 start failed: Unsupported
Error: Image at 000BFB5E000 start failed: Aborted
Tpm2SubmitCommand - Tcg2 - Not Found
Tpm2GetCapabilityPcrs fail!
Tpm2SubmitCommand - Tcg2 - Not Found
Image type X64 can't be loaded on AARCH64 UEFI system.
[2J[01;01H[=3h[2J[01;01H[2J[01;01H[=3h[2J[01;01HEFI stub: Decompressing Linux Kernel...
EFI stub: Loaded initrd from LINUX_EFI_INITRD_MEDIA_GUID device path
EFI stub: Generating empty DTB
EFI stub: Exiting boot services...
[    0.000000] Booting Linux on physical CPU 0x0000000000 [0x414fd0b1]
[    0.000000] Linux version 6.12.103-0-virt (buildozer@build-3-21-aarch64) (gcc (Alpine 14.2.0) 14.2.0, GNU ld (GNU Binutils) 2.43.1) #1-Alpine SMP PREEMPT_DYNAMIC 2026-08-10 14:25:03
[    0.000000] efi: EFI v2.7 by EDK II
[    0.000000] efi: SMBIOS 3.0=0xbfed0000 MEMATTR=0xbe176018 ACPI 2.0=0xbcb43018 INITRD=0xbcb40f18 MEMRESERVE=0xbcb40f98 
[    0.000000] ACPI: Early table checksum verification disabled
[    0.000000] ACPI: RSDP 0x00000000BCB43018 000024 (v02 BOCHS )
[    0.000000] ACPI: XSDT 0x00000000BCB43F18 000064 (v01 BOCHS  BXPC     00000001      01000013)
[    0.000000] ACPI: FACP 0x00000000BCB43B18 000114 (v06 BOCHS  BXPC     00000001 BXPC 00000001)
[    0.000000] ACPI: DSDT 0x00000000BCB41018 001506 (v02 BOCHS  BXPC     00000001 BXPC 00000001)
[    0.000000] ACPI: APIC 0x00000000BCB43C98 0000FC (v04 BOCHS  BXPC     00000001 BXPC 00000001)
[    0.000000] ACPI: PPTT 0x00000000BCB43E18 000074 (v02 BOCHS  BXPC     00000001 BXPC 00000001)
[    0.000000] ACPI: GTDT 0x00000000BCB43098 000068 (v03 BOCHS  BXPC     00000001 BXPC 00000001)
[    0.000000] ACPI: MCFG 0x00000000BCB43A98 00003C (v01 BOCHS  BXPC     00000001 BXPC 00000001)
[    0.000000] ACPI: SPCR 0x00000000BCB43818 000050 (v02 BOCHS  BXPC     00000001 BXPC 00000001)
[    0.000000] ACPI: DBG2 0x00000000BCB43A18 000057 (v00 BOCHS  BXPC     00000001 BXPC 00000001)
[    0.000000] ACPI: IORT 0x00000000BCB43898 000054 (v05 BOCHS  BXPC     00000001 BXPC 00000001)
[    0.000000] ACPI: SPCR: console: pl011,mmio32,0x9000000,9600
[    0.000000] ACPI: Use ACPI SPCR as default console: Yes
[    0.000000] NUMA: Faking a node at [mem 0x0000000040000000-0x00000000bfffffff]
[    0.000000] NODE_DATA(0) allocated [mem 0xbf855b80-0xbf857fff]
[    0.000000] Zone ranges:
[    0.000000]   DMA      [mem 0x0000000040000000-0x00000000bfffffff]
[    0.000000]   DMA32    empty
[    0.000000]   Normal   empty
[    0.000000] Movable zone start for each node
[    0.000000] Early memory node ranges
[    0.000000]   node   0: [mem 0x0000000040000000-0x00000000bc76ffff]
[    0.000000]   node   0: [mem 0x00000000bc770000-0x00000000bcb3ffff]
[    0.000000]   node   0: [mem 0x00000000bcb40000-0x00000000bfe1ffff]
[    0.000000]   node   0: [mem 0x00000000bfe20000-0x00000000bfeaffff]
[    0.000000]   node   0: [mem 0x00000000bfeb0000-0x00000000bfebffff]
[    0.000000]   node   0: [mem 0x00000000bfec0000-0x00000000bffdffff]
[    0.000000]   node   0: [mem 0x00000000bffe0000-0x00000000bfffffff]
[    0.000000] Initmem setup node 0 [mem 0x0000000040000000-0x00000000bfffffff]
[    0.000000] psci: probing for conduit method from ACPI.
[    0.000000] psci: PSCIv1.1 detected in firmware.
[    0.000000] psci: Using standard PSCI v0.2 function IDs
[    0.000000] psci: Trusted OS migration not required
[    0.000000] psci: SMC Calling Convention v1.0
[    0.000000] percpu: Embedded 33 pages/cpu s96984 r8192 d29992 u135168
[    0.000000] Detected PIPT I-cache on CPU0
[    0.000000] CPU features: detected: Spectre-v4
[    0.000000] CPU features: detected: Spectre-BHB
[    0.000000] CPU features: detected: Broken broadcast TLBI completion
[    0.000000] CPU features: detected: SSBS not fully self-synchronizing
[    0.000000] alternatives: applying boot alternatives
[    0.000000] Kernel command line: root=/dev/vda rw console=ttyAMA0 initrd=initrd
[    0.000000] Dentry cache hash table entries: 262144 (order: 9, 2097152 bytes, linear)
[    0.000000] Inode-cache hash table entries: 131072 (order: 8, 1048576 bytes, linear)
[    0.000000] Fallback order for Node 0: 0 
[    0.000000] Built 1 zonelists, mobility grouping on.  Total pages: 524288
[    0.000000] Policy zone: DMA
[    0.000000] mem auto-init: stack:all(zero), heap alloc:on, heap free:off
[    0.000000] software IO TLB: SWIOTLB bounce buffer size adjusted to 2MB
[    0.000000] software IO TLB: area num 2.
[    0.000000] software IO TLB: mapped [mem 0x00000000bf2b4000-0x00000000bf4b4000] (2MB)
[    0.000000] SLUB: HWalign=64, Order=0-3, MinObjects=0, CPUs=2, Nodes=1
[    0.000000] Dynamic Preempt: none
[    0.000000] rcu: Preemptible hierarchical RCU implementation.
[    0.000000] rcu: 	RCU restricting CPUs from NR_CPUS=4096 to nr_cpu_ids=2.
[    0.000000] 	Trampoline variant of Tasks RCU enabled.
[    0.000000] 	Tracing variant of Tasks RCU enabled.
[    0.000000] rcu: RCU calculated value of scheduler-enlistment delay is 10 jiffies.
[    0.000000] rcu: Adjusting geometry for rcu_fanout_leaf=16, nr_cpu_ids=2
[    0.000000] RCU Tasks: Setting shift to 1 and lim to 1 rcu_task_cb_adjust=1 rcu_task_cpu_ids=2.
[    0.000000] RCU Tasks Trace: Setting shift to 1 and lim to 1 rcu_task_cb_adjust=1 rcu_task_cpu_ids=2.
[    0.000000] NR_IRQS: 64, nr_irqs: 64, preallocated irqs: 0
[    0.000000] Root IRQ handler: gic_handle_irq
[    0.000000] GICv2m: ACPI overriding V2M MSI_TYPER (base:80, num:64)
[    0.000000] GICv2m: range[mem 0x08020000-0x08020fff], SPI[80:143]
[    0.000000] rcu: srcu_init: Setting srcu_struct sizes based on contention.
[    0.000000] clocksource: jiffies: mask: 0xffffffff max_cycles: 0xffffffff, max_idle_ns: 19112604462750000 ns
[    0.000000] arch_timer: cp15 timer(s) running at 62.50MHz (virt).
[    0.000000] clocksource: arch_sys_counter: mask: 0x1ffffffffffffff max_cycles: 0x1cd42e208c, max_idle_ns: 881590405314 ns
[    0.000165] sched_clock: 57 bits at 63MHz, resolution 16ns, wraps every 4398046511096ns
[    0.046423] kfence: initialized - using 2097152 bytes for 255 objects at 0x(____ptrval____)-0x(____ptrval____)
[    0.081069] Console: colour dummy device 80x25
[    0.098893] ACPI: Core revision 20240827
[    0.129785] Calibrating delay loop (skipped), value calculated using timer frequency.. 125.00 BogoMIPS (lpj=625000)
[    0.130112] pid_max: default: 32768 minimum: 301
[    0.151545] LSM: initializing lsm=lockdown,capability,landlock
[    0.165815] landlock: Up and running.
[    0.195579] Mount-cache hash table entries: 4096 (order: 3, 32768 bytes, linear)
[    0.195777] Mountpoint-cache hash table entries: 4096 (order: 3, 32768 bytes, linear)
[    0.466586] rcu: Hierarchical SRCU implementation.
[    0.466745] rcu: 	Max phase no-delay instances is 1000.
[    0.483424] Timer migration: 1 hierarchy levels; 8 children per group; 1 crossnode level
[    0.513711] Remapping and enabling EFI services.
[    0.532180] smp: Bringing up secondary CPUs ...
[    0.564055] Detected PIPT I-cache on CPU1
[    0.566927] CPU1: Booted secondary processor 0x0000000001 [0x414fd0b1]
[    0.595927] smp: Brought up 1 node, 2 CPUs
[    0.596053] SMP: Total of 2 processors activated.
[    0.596137] CPU: All CPU(s) started at EL1
[    0.596594] CPU features: detected: 32-bit EL0 Support
[    0.596713] CPU features: detected: Data cache clean to the PoU not required for I/D coherence
[    0.596803] CPU features: detected: Common not Private translations
[    0.596815] CPU features: detected: CRC32 instructions
[    0.597202] CPU features: detected: RCpc load-acquire (LDAPR)
[    0.597289] CPU features: detected: LSE atomic instructions
[    0.597302] CPU features: detected: Privileged Access Never
[    0.597312] CPU features: detected: RAS Extension Support
[    0.597383] CPU features: detected: Speculative Store Bypassing Safe (SSBS)
[    0.679590] alternatives: applying system-wide alternatives
[    0.732461] CPU features: detected: Hardware dirty bit management on CPU0-1
[    0.834076] Memory: 2003132K/2097152K available (12608K kernel code, 1950K rwdata, 7812K rodata, 1920K init, 9305K bss, 89464K reserved, 0K cma-reserved)
[    1.015509] devtmpfs: initialized
[    1.140341] futex hash table entries: 512 (order: 3, 32768 bytes, linear)
[    1.144808] 24304 pages in range for non-PLT usage
[    1.144970] 515824 pages in range for PLT usage
[    1.234538] pinctrl core: initialized pinctrl subsystem
[    1.300567] SMBIOS 3.0.0 present.
[    1.301407] DMI: QEMU QEMU Virtual Machine, BIOS edk2-stable202408-prebuilt.qemu.org 08/13/2024
[    1.312930] DMI: Memory slots populated: 1/1
[    1.400820] NET: Registered PF_NETLINK/PF_ROUTE protocol family
[    1.434187] DMA: preallocated 256 KiB GFP_KERNEL pool for atomic allocations
[    1.446594] DMA: preallocated 256 KiB GFP_KERNEL|GFP_DMA pool for atomic allocations
[    1.447917] DMA: preallocated 256 KiB GFP_KERNEL|GFP_DMA32 pool for atomic allocations
[    1.448951] audit: initializing netlink subsys (disabled)
[    1.480256] audit: type=2000 audit(0.780:1): state=initialized audit_enabled=0 res=1
[    1.499498] thermal_sys: Registered thermal governor 'step_wise'
[    1.510881] cpuidle: using governor ladder
[    1.511747] cpuidle: using governor menu
[    1.515368] hw-breakpoint: found 6 breakpoint and 4 watchpoint registers.
[    1.516885] ASID allocator initialised with 65536 entries
[    1.518111] acpiphp: ACPI Hot Plug PCI Controller Driver version: 0.5
[    1.769824] Serial: AMBA PL011 UART driver
[    1.867027] HugeTLB: registered 1.00 GiB page size, pre-allocated 0 pages
[    1.867101] HugeTLB: 0 KiB vmemmap can be freed for a 1.00 GiB page
[    1.867128] HugeTLB: registered 32.0 MiB page size, pre-allocated 0 pages
[    1.867138] HugeTLB: 0 KiB vmemmap can be freed for a 32.0 MiB page
[    1.867151] HugeTLB: registered 2.00 MiB page size, pre-allocated 0 pages
[    1.867161] HugeTLB: 0 KiB vmemmap can be freed for a 2.00 MiB page
[    1.867174] HugeTLB: registered 64.0 KiB page size, pre-allocated 0 pages
[    1.867183] HugeTLB: 0 KiB vmemmap can be freed for a 64.0 KiB page
[    1.967659] ACPI: Added _OSI(Module Device)
[    1.967772] ACPI: Added _OSI(Processor Device)
[    1.967788] ACPI: Added _OSI(Processor Aggregator Device)
[    2.044845] ACPI: 1 ACPI AML tables successfully acquired and loaded
[    2.113249] ACPI: Interpreter enabled
[    2.113334] ACPI: Using GIC for interrupt routing
[    2.114389] ACPI: MCFG table detected, 1 entries
[    2.284810] ACPI: CPU0 has been hot-added
[    2.295007] ACPI: CPU1 has been hot-added
[    2.350511] ARMH0011:00: ttyAMA0 at MMIO 0x9000000 (irq = 12, base_baud = 0) is a SBSA
[    2.362040] printk: legacy console [ttyAMA0] enabled
[    2.616066] ACPI: PCI: Interrupt link L000 configured for IRQ 35
[    2.616876] ACPI: PCI: Interrupt link L001 configured for IRQ 36
[    2.617333] ACPI: PCI: Interrupt link L002 configured for IRQ 37
[    2.617756] ACPI: PCI: Interrupt link L003 configured for IRQ 38
[    2.630681] ACPI: PCI Root Bridge [PCI0] (domain 0000 [bus 00-ff])
[    2.643419] acpi PNP0A08:00: _OSC: OS supports [ExtendedConfig ASPM ClockPM Segments MSI HPX-Type3]
[    2.683327] acpi PNP0A08:00: _OSC: platform does not support [LTR]
[    2.696414] acpi PNP0A08:00: _OSC: OS now controls [PCIeHotplug PME PCIeCapability]
[    2.716220] acpi PNP0A08:00: ECAM area [mem 0x4010000000-0x401fffffff] reserved by PNP0C02:00
[    2.718058] acpi PNP0A08:00: ECAM at [mem 0x4010000000-0x401fffffff] for [bus 00-ff]
[    2.731577] ACPI: Remapped I/O 0x000000003eff0000 to [io  0x0000-0xffff window]
[    2.749598] PCI host bridge to bus 0000:00
[    2.750854] pci_bus 0000:00: root bus resource [mem 0x10000000-0x3efeffff window]
[    2.751377] pci_bus 0000:00: root bus resource [io  0x0000-0xffff window]
[    2.762251] pci_bus 0000:00: root bus resource [mem 0x8000000000-0xffffffffff window]
[    2.763065] pci_bus 0000:00: root bus resource [bus 00-ff]
[    2.766594] pci 0000:00:00.0: [1b36:0008] type 00 class 0x060000 conventional PCI endpoint
[    2.795572] pci 0000:00:01.0: [8086:100e] type 00 class 0x020000 conventional PCI endpoint
[    2.796562] pci 0000:00:01.0: BAR 0 [mem 0x10040000-0x1005ffff]
[    2.797068] pci 0000:00:01.0: BAR 1 [io  0x0080-0x00bf]
[    2.797502] pci 0000:00:01.0: ROM [mem 0xfffc0000-0xffffffff pref]
[    2.799985] pci 0000:00:02.0: [1af4:1001] type 00 class 0x010000 conventional PCI endpoint
[    2.800556] pci 0000:00:02.0: BAR 0 [io  0x0000-0x007f]
[    2.800858] pci 0000:00:02.0: BAR 1 [mem 0x10060000-0x10060fff]
[    2.801337] pci 0000:00:02.0: BAR 4 [mem 0x8000000000-0x8000003fff 64bit pref]
[    2.814221] pci 0000:00:01.0: ROM [mem 0x10000000-0x1003ffff pref]: assigned
[    2.815073] pci 0000:00:01.0: BAR 0 [mem 0x10040000-0x1005ffff]: assigned
[    2.815744] pci 0000:00:02.0: BAR 4 [mem 0x8000000000-0x8000003fff 64bit pref]: assigned
[    2.816379] pci 0000:00:02.0: BAR 1 [mem 0x10060000-0x10060fff]: assigned
[    2.816785] pci 0000:00:02.0: BAR 0 [io  0x1000-0x107f]: assigned
[    2.817153] pci 0000:00:01.0: BAR 1 [io  0x1080-0x10bf]: assigned
[    2.818009] pci_bus 0000:00: resource 4 [mem 0x10000000-0x3efeffff window]
[    2.828646] pci_bus 0000:00: resource 5 [io  0x0000-0xffff window]
[    2.829120] pci_bus 0000:00: resource 6 [mem 0x8000000000-0xffffffffff window]
[    2.849113] iommu: Default domain type: Translated
[    2.849586] iommu: DMA domain TLB invalidation policy: lazy mode
[    2.883906] efivars: Registered efivars operations
[    2.961263] clocksource: Switched to clocksource arch_sys_counter
[    2.998811] VFS: Disk quotas dquot_6.6.0
[    2.999686] VFS: Dquot-cache hash table entries: 512 (order 0, 4096 bytes)
[    3.017616] pnp: PnP ACPI init
[    3.042329] system 00:00: [mem 0x4010000000-0x401fffffff window] could not be reserved
[    3.044957] pnp: PnP ACPI: found 1 devices
[    3.232175] NET: Registered PF_INET protocol family
[    3.244846] IP idents hash table entries: 32768 (order: 6, 262144 bytes, linear)
[    3.496443] tcp_listen_portaddr_hash hash table entries: 1024 (order: 2, 16384 bytes, linear)
[    3.497498] Table-perturb hash table entries: 65536 (order: 6, 262144 bytes, linear)
[    3.498291] TCP established hash table entries: 16384 (order: 5, 131072 bytes, linear)
[    3.499759] TCP bind hash table entries: 16384 (order: 7, 524288 bytes, linear)
[    3.500754] TCP: Hash tables configured (established 16384 bind 16384)
[    3.517554] MPTCP token hash table entries: 2048 (order: 4, 49152 bytes, linear)
[    3.533001] UDP hash table entries: 1024 (order: 3, 32768 bytes, linear)
[    3.534315] UDP-Lite hash table entries: 1024 (order: 3, 32768 bytes, linear)
[    3.562176] NET: Registered PF_UNIX/PF_LOCAL protocol family
[    3.576648] NET: Registered PF_XDP protocol family
[    3.578389] PCI: CLS 0 bytes, default 64
[    3.597290] kvm [1]: HYP mode not available
[    3.614204] Unpacking initramfs...
[    3.631127] Initialise system trusted keyrings
[    3.716049] workingset: timestamp_bits=44 max_order=19 bucket_order=0
[    4.065552] Key type asymmetric registered
[    4.067007] Asymmetric key parser 'x509' registered
[    4.099265] Block layer SCSI generic (bsg) driver version 0.4 loaded (major 249)
[    4.112421] io scheduler mq-deadline registered
[    4.113042] io scheduler kyber registered
[    4.114382] io scheduler bfq registered
[    4.282884] ACPI: \_SB_.L002: Enabled at IRQ 37
[    4.293233] virtio-pci 0000:00:02.0: enabling device (0000 -> 0003)
[    4.317860] Serial: 8250/16550 driver, 4 ports, IRQ sharing enabled
[    4.464514] hv_vmbus: registering driver hyperv_keyboard
[    4.515840] rtc-efi rtc-efi.0: registered as rtc0
[    4.550136] rtc-efi rtc-efi.0: setting system clock to 2026-08-25T06:23:45 UTC (1787639025)
[    4.598239] NET: Registered PF_INET6 protocol family
[    5.331890] Segment Routing with IPv6
[    5.333066] In-situ OAM (IOAM) with IPv6
[    6.099187] registered taskstats version 1
[    6.132807] Loading compiled-in X.509 certificates
[    6.446933] Freeing initrd memory: 5268K
[    7.348067] Loaded X.509 cert 'alpinelinux.org: Alpine Linux kernel key: 87fa969a47f3e2a6aa35859eb932a17c95abcd82'
[    7.597741] Demotion targets for Node 0: null
[    7.608061] Key type .fscrypt registered
[    7.608419] Key type fscrypt-provisioning registered
[    7.698488] clk: Disabling unused clocks
[    7.699787] PM: genpd: Disabling unused power domains
[    7.872661] Freeing unused kernel memory: 1920K
[    7.881762] Run /init as init process
[    8.426881] Alpine Init 3.11.1-r0
Alpine Init 3.11.1-r0
[    8.447863] Loading boot drivers...
 * Loading boot drivers: [    8.565522] Loading boot drivers: ok.
ok.
SIMBOOT: kernel=6.12.103-0-virt
[    8.729555] Invalid ELF header magic: != ELF
[    8.815743] virtio_blk virtio0: 2/0/0 default/read/poll queues
[    8.873345] virtio_blk virtio0: [vda] 1411072 512-byte logical blocks (722 MB/689 MiB)
[    8.948429] Invalid ELF header magic: != ELF
[    8.996102] Invalid ELF header magic: != ELF
[    9.044575] Invalid ELF header magic: != ELF
[    9.093719] Invalid ELF header magic: != ELF
[    9.233288] Invalid ELF header magic: != ELF
[    9.749338] Invalid ELF header magic: != ELF
[    9.864275] e1000: Intel(R) PRO/1000 Network Driver
[    9.864736] e1000: Copyright (c) 1999-2006 Intel Corporation.
[    9.867759] ACPI: \_SB_.L001: Enabled at IRQ 36
[    9.876124] e1000 0000:00:01.0: enabling device (0000 -> 0003)
[   10.499686] e1000 0000:00:01.0 eth0: (PCI:33MHz:32-bit) 52:54:00:12:34:56
[   10.508498] e1000 0000:00:01.0 eth0: Intel(R) PRO/1000 Network Connection
Module                  Size  Used by    Not tainted
e1000                 163840  0 
ext4                  929792  0 
jbd2                  172032  1 ext4
mbcache                20480  1 ext4
crc32c_generic         12288  0 
crc16                  12288  1 ext4
virtio_blk             24576  0 
[   11.834631] EXT4-fs (vda): mounted filesystem 1799a7eb-09df-4b80-8c57-0424de58e445 r/w with ordered data mode. Quota mode: none.
SIMBOOT: root mounted rw, running real mfp.afx with binder stub
[   20.909659] e1000: eth0 NIC Link is Up 1000 Mbps Full Duplex, Flow Control: RX
MFP_PID=442 (strace parent)
[  522.364388] random: crng init done
--- KILL ---
--- BIND/SOCKET ---
grep: /tmp/strace.log: No such file or directory
--- ERRNO ---
grep: /tmp/strace.log: No such file or directory
--- MFP LOG pedk ---
done
SIMBOOT: mfp run finished, keeping shell
/bin/sh: can't access tty; job control turned off
~ # [6n