UEFI firmware (version edk2-stable202408-prebuilt.qemu.org built at 16:28:50 on Sep 12 2024)
ArmTrngLib could not be correctly initialized.
Error: Image at 000BFDB6000 start failed: 00000001
Error: Image at 000BFD6D000 start failed: Not Found
Error: Image at 000BFCBA000 start failed: Unsupported
Error: Image at 000BFB5E000 start failed: Aborted
Tpm2SubmitCommand - Tcg2 - Not Found
Tpm2GetCapabilityPcrs fail!
Tpm2SubmitCommand - Tcg2 - Not Found
Image type X64 can't be loaded on AARCH64 UEFI system.
[2J[01;01H[=3h[2J[01;01H[2J[01;01H[=3h[2J[01;01HEFI stub: Decompressing Linux Kernel...
EFI stub: Loaded initrd from LINUX_EFI_INITRD_MEDIA_GUID device path
EFI stub: Generating empty DTB
EFI stub: Exiting boot services...
[    0.000000] Booting Linux on physical CPU 0x0000000000 [0x414fd0b1]
[    0.000000] Linux version 6.12.103-0-virt (buildozer@build-3-21-aarch64) (gcc (Alpine 14.2.0) 14.2.0, GNU ld (GNU Binutils) 2.43.1) #1-Alpine SMP PREEMPT_DYNAMIC 2026-08-10 14:25:03
[    0.000000] efi: EFI v2.7 by EDK II
[    0.000000] efi: SMBIOS 3.0=0xbfed0000 MEMATTR=0xbe18a018 ACPI 2.0=0xbcb43018 INITRD=0xbcb40f18 MEMRESERVE=0xbcb40f98 
[    0.000000] ACPI: Early table checksum verification disabled
[    0.000000] ACPI: RSDP 0x00000000BCB43018 000024 (v02 BOCHS )
[    0.000000] ACPI: XSDT 0x00000000BCB43F18 000064 (v01 BOCHS  BXPC     00000001      01000013)
[    0.000000] ACPI: FACP 0x00000000BCB43B18 000114 (v06 BOCHS  BXPC     00000001 BXPC 00000001)
[    0.000000] ACPI: DSDT 0x00000000BCB41018 001506 (v02 BOCHS  BXPC     00000001 BXPC 00000001)
[    0.000000] ACPI: APIC 0x00000000BCB43C98 0000FC (v04 BOCHS  BXPC     00000001 BXPC 00000001)
[    0.000000] ACPI: PPTT 0x00000000BCB43E18 000074 (v02 BOCHS  BXPC     00000001 BXPC 00000001)
[    0.000000] ACPI: GTDT 0x00000000BCB43098 000068 (v03 BOCHS  BXPC     00000001 BXPC 00000001)
[    0.000000] ACPI: MCFG 0x00000000BCB43A98 00003C (v01 BOCHS  BXPC     00000001 BXPC 00000001)
[    0.000000] ACPI: SPCR 0x00000000BCB43818 000050 (v02 BOCHS  BXPC     00000001 BXPC 00000001)
[    0.000000] ACPI: DBG2 0x00000000BCB43A18 000057 (v00 BOCHS  BXPC     00000001 BXPC 00000001)
[    0.000000] ACPI: IORT 0x00000000BCB43898 000054 (v05 BOCHS  BXPC     00000001 BXPC 00000001)
[    0.000000] ACPI: SPCR: console: pl011,mmio32,0x9000000,9600
[    0.000000] ACPI: Use ACPI SPCR as default console: Yes
[    0.000000] NUMA: Faking a node at [mem 0x0000000040000000-0x00000000bfffffff]
[    0.000000] NODE_DATA(0) allocated [mem 0xbf855b80-0xbf857fff]
[    0.000000] Zone ranges:
[    0.000000]   DMA      [mem 0x0000000040000000-0x00000000bfffffff]
[    0.000000]   DMA32    empty
[    0.000000]   Normal   empty
[    0.000000] Movable zone start for each node
[    0.000000] Early memory node ranges
[    0.000000]   node   0: [mem 0x0000000040000000-0x00000000bc76ffff]
[    0.000000]   node   0: [mem 0x00000000bc770000-0x00000000bcb3ffff]
[    0.000000]   node   0: [mem 0x00000000bcb40000-0x00000000bfe1ffff]
[    0.000000]   node   0: [mem 0x00000000bfe20000-0x00000000bfeaffff]
[    0.000000]   node   0: [mem 0x00000000bfeb0000-0x00000000bfebffff]
[    0.000000]   node   0: [mem 0x00000000bfec0000-0x00000000bffdffff]
[    0.000000]   node   0: [mem 0x00000000bffe0000-0x00000000bfffffff]
[    0.000000] Initmem setup node 0 [mem 0x0000000040000000-0x00000000bfffffff]
[    0.000000] psci: probing for conduit method from ACPI.
[    0.000000] psci: PSCIv1.1 detected in firmware.
[    0.000000] psci: Using standard PSCI v0.2 function IDs
[    0.000000] psci: Trusted OS migration not required
[    0.000000] psci: SMC Calling Convention v1.0
[    0.000000] percpu: Embedded 33 pages/cpu s96984 r8192 d29992 u135168
[    0.000000] Detected PIPT I-cache on CPU0
[    0.000000] CPU features: detected: Spectre-v4
[    0.000000] CPU features: detected: Spectre-BHB
[    0.000000] CPU features: detected: Broken broadcast TLBI completion
[    0.000000] CPU features: detected: SSBS not fully self-synchronizing
[    0.000000] alternatives: applying boot alternatives
[    0.000000] Kernel command line: root=/dev/vda rw console=ttyAMA0 initrd=initrd
[    0.000000] Dentry cache hash table entries: 262144 (order: 9, 2097152 bytes, linear)
[    0.000000] Inode-cache hash table entries: 131072 (order: 8, 1048576 bytes, linear)
[    0.000000] Fallback order for Node 0: 0 
[    0.000000] Built 1 zonelists, mobility grouping on.  Total pages: 524288
[    0.000000] Policy zone: DMA
[    0.000000] mem auto-init: stack:all(zero), heap alloc:on, heap free:off
[    0.000000] software IO TLB: SWIOTLB bounce buffer size adjusted to 2MB
[    0.000000] software IO TLB: area num 2.
[    0.000000] software IO TLB: mapped [mem 0x00000000bf2b4000-0x00000000bf4b4000] (2MB)
[    0.000000] SLUB: HWalign=64, Order=0-3, MinObjects=0, CPUs=2, Nodes=1
[    0.000000] Dynamic Preempt: none
[    0.000000] rcu: Preemptible hierarchical RCU implementation.
[    0.000000] rcu: 	RCU restricting CPUs from NR_CPUS=4096 to nr_cpu_ids=2.
[    0.000000] 	Trampoline variant of Tasks RCU enabled.
[    0.000000] 	Tracing variant of Tasks RCU enabled.
[    0.000000] rcu: RCU calculated value of scheduler-enlistment delay is 10 jiffies.
[    0.000000] rcu: Adjusting geometry for rcu_fanout_leaf=16, nr_cpu_ids=2
[    0.000000] RCU Tasks: Setting shift to 1 and lim to 1 rcu_task_cb_adjust=1 rcu_task_cpu_ids=2.
[    0.000000] RCU Tasks Trace: Setting shift to 1 and lim to 1 rcu_task_cb_adjust=1 rcu_task_cpu_ids=2.
[    0.000000] NR_IRQS: 64, nr_irqs: 64, preallocated irqs: 0
[    0.000000] Root IRQ handler: gic_handle_irq
[    0.000000] GICv2m: ACPI overriding V2M MSI_TYPER (base:80, num:64)
[    0.000000] GICv2m: range[mem 0x08020000-0x08020fff], SPI[80:143]
[    0.000000] rcu: srcu_init: Setting srcu_struct sizes based on contention.
[    0.000000] clocksource: jiffies: mask: 0xffffffff max_cycles: 0xffffffff, max_idle_ns: 19112604462750000 ns
[    0.000000] arch_timer: cp15 timer(s) running at 62.50MHz (virt).
[    0.000000] clocksource: arch_sys_counter: mask: 0x1ffffffffffffff max_cycles: 0x1cd42e208c, max_idle_ns: 881590405314 ns
[    0.001284] sched_clock: 57 bits at 63MHz, resolution 16ns, wraps every 4398046511096ns
[    0.425108] kfence: initialized - using 2097152 bytes for 255 objects at 0x(____ptrval____)-0x(____ptrval____)
[    2.051762] Console: colour dummy device 80x25
[    2.246658] ACPI: Core revision 20240827
[    2.497664] Calibrating delay loop (skipped), value calculated using timer frequency.. 125.00 BogoMIPS (lpj=625000)
[    2.500864] pid_max: default: 32768 minimum: 301
[    3.524822] LSM: initializing lsm=lockdown,capability,landlock
[    3.640019] landlock: Up and running.
[    4.219252] Mount-cache hash table entries: 4096 (order: 3, 32768 bytes, linear)
[    4.221472] Mountpoint-cache hash table entries: 4096 (order: 3, 32768 bytes, linear)
[   19.807170] rcu: Hierarchical SRCU implementation.
[   19.808126] rcu: 	Max phase no-delay instances is 1000.
[   23.014747] Timer migration: 1 hierarchy levels; 8 children per group; 1 crossnode level
[   23.849786] Remapping and enabling EFI services.
[   24.922189] smp: Bringing up secondary CPUs ...
[   25.587098] Detected PIPT I-cache on CPU1
[   25.694078] CPU1: Booted secondary processor 0x0000000001 [0x414fd0b1]
[   26.650214] smp: Brought up 1 node, 2 CPUs
[   26.651610] SMP: Total of 2 processors activated.
[   26.652285] CPU: All CPU(s) started at EL1
[   26.655447] CPU features: detected: 32-bit EL0 Support
[   26.657970] CPU features: detected: Data cache clean to the PoU not required for I/D coherence
[   26.658674] CPU features: detected: Common not Private translations
[   26.658767] CPU features: detected: CRC32 instructions
[   26.662059] CPU features: detected: RCpc load-acquire (LDAPR)
[   26.662672] CPU features: detected: LSE atomic instructions
[   26.662768] CPU features: detected: Privileged Access Never
[   26.662825] CPU features: detected: RAS Extension Support
[   26.663341] CPU features: detected: Speculative Store Bypassing Safe (SSBS)
[   27.984752] alternatives: applying system-wide alternatives
[   29.708996] CPU features: detected: Hardware dirty bit management on CPU0-1
[   31.607890] Memory: 2003216K/2097152K available (12608K kernel code, 1950K rwdata, 7812K rodata, 1920K init, 9305K bss, 89380K reserved, 0K cma-reserved)
[   36.230611] devtmpfs: initialized
[   38.313424] futex hash table entries: 512 (order: 3, 32768 bytes, linear)
[   38.435867] 24304 pages in range for non-PLT usage
[   38.436668] 515824 pages in range for PLT usage
[   38.730984] pinctrl core: initialized pinctrl subsystem
[   39.214624] SMBIOS 3.0.0 present.
[   39.276243] DMI: QEMU QEMU Virtual Machine, BIOS edk2-stable202408-prebuilt.qemu.org 08/13/2024
[   39.280667] DMI: Memory slots populated: 1/1
[   41.080731] NET: Registered PF_NETLINK/PF_ROUTE protocol family
[   42.561069] DMA: preallocated 256 KiB GFP_KERNEL pool for atomic allocations
[   42.817196] DMA: preallocated 256 KiB GFP_KERNEL|GFP_DMA pool for atomic allocations
[   42.826550] DMA: preallocated 256 KiB GFP_KERNEL|GFP_DMA32 pool for atomic allocations
[   43.090539] audit: initializing netlink subsys (disabled)
[   44.761797] audit: type=2000 audit(5.130:1): state=initialized audit_enabled=0 res=1
[   45.406095] thermal_sys: Registered thermal governor 'step_wise'
[   45.629985] cpuidle: using governor ladder
[   45.635721] cpuidle: using governor menu
[   45.993613] hw-breakpoint: found 6 breakpoint and 4 watchpoint registers.
[   46.028229] ASID allocator initialised with 65536 entries
[   46.090215] acpiphp: ACPI Hot Plug PCI Controller Driver version: 0.5
[   46.403628] Serial: AMBA PL011 UART driver
[   47.649246] HugeTLB: registered 1.00 GiB page size, pre-allocated 0 pages
[   47.650176] HugeTLB: 0 KiB vmemmap can be freed for a 1.00 GiB page
[   47.650370] HugeTLB: registered 32.0 MiB page size, pre-allocated 0 pages
[   47.650429] HugeTLB: 0 KiB vmemmap can be freed for a 32.0 MiB page
[   47.650500] HugeTLB: registered 2.00 MiB page size, pre-allocated 0 pages
[   47.650550] HugeTLB: 0 KiB vmemmap can be freed for a 2.00 MiB page
[   47.650614] HugeTLB: registered 64.0 KiB page size, pre-allocated 0 pages
[   47.650660] HugeTLB: 0 KiB vmemmap can be freed for a 64.0 KiB page
[   50.419071] ACPI: Added _OSI(Module Device)
[   50.419562] ACPI: Added _OSI(Processor Device)
[   50.419656] ACPI: Added _OSI(Processor Aggregator Device)
[   52.511532] ACPI: 1 ACPI AML tables successfully acquired and loaded
[   56.403714] ACPI: Interpreter enabled
[   56.404171] ACPI: Using GIC for interrupt routing
[   57.012924] ACPI: MCFG table detected, 1 entries
[   64.578602] ACPI: CPU0 has been hot-added
[   64.952042] ACPI: CPU1 has been hot-added
[   66.386572] ARMH0011:00: ttyAMA0 at MMIO 0x9000000 (irq = 12, base_baud = 0) is a SBSA
[   66.482000] printk: legacy console [ttyAMA0] enabled
[   72.157422] ACPI: PCI: Interrupt link L000 configured for IRQ 35
[   72.189128] ACPI: PCI: Interrupt link L001 configured for IRQ 36
[   72.225462] ACPI: PCI: Interrupt link L002 configured for IRQ 37
[   72.239071] ACPI: PCI: Interrupt link L003 configured for IRQ 38
[   72.397798] ACPI: PCI Root Bridge [PCI0] (domain 0000 [bus 00-ff])
[   72.642982] acpi PNP0A08:00: _OSC: OS supports [ExtendedConfig ASPM ClockPM Segments MSI HPX-Type3]
[   74.194906] acpi PNP0A08:00: _OSC: platform does not support [LTR]
[   74.341229] acpi PNP0A08:00: _OSC: OS now controls [PCIeHotplug PME PCIeCapability]
[   74.887544] acpi PNP0A08:00: ECAM area [mem 0x4010000000-0x401fffffff] reserved by PNP0C02:00
[   75.167446] acpi PNP0A08:00: ECAM at [mem 0x4010000000-0x401fffffff] for [bus 00-ff]
[   75.240594] ACPI: Remapped I/O 0x000000003eff0000 to [io  0x0000-0xffff window]
[   75.622213] PCI host bridge to bus 0000:00
[   75.698317] pci_bus 0000:00: root bus resource [mem 0x10000000-0x3efeffff window]
[   75.701142] pci_bus 0000:00: root bus resource [io  0x0000-0xffff window]
[   75.703270] pci_bus 0000:00: root bus resource [mem 0x8000000000-0xffffffffff window]
[   75.709141] pci_bus 0000:00: root bus resource [bus 00-ff]
[   75.984956] pci 0000:00:00.0: [1b36:0008] type 00 class 0x060000 conventional PCI endpoint
[   77.223170] pci 0000:00:01.0: [1af4:1000] type 00 class 0x020000 conventional PCI endpoint
[   77.785920] pci 0000:00:01.0: BAR 0 [io  0x0080-0x009f]
[   78.177421] pci 0000:00:01.0: BAR 1 [mem 0x10041000-0x10041fff]
[   78.180576] pci 0000:00:01.0: BAR 4 [mem 0x8000000000-0x8000003fff 64bit pref]
[   78.280388] pci 0000:00:01.0: ROM [mem 0xfffc0000-0xffffffff pref]
[   78.357759] pci 0000:00:02.0: [1af4:1001] type 00 class 0x010000 conventional PCI endpoint
[   78.368529] pci 0000:00:02.0: BAR 0 [io  0x0000-0x007f]
[   78.476102] pci 0000:00:02.0: BAR 1 [mem 0x10040000-0x10040fff]
[   78.478782] pci 0000:00:02.0: BAR 4 [mem 0x8000004000-0x8000007fff 64bit pref]
[   78.823607] pci 0000:00:01.0: ROM [mem 0x10000000-0x1003ffff pref]: assigned
[   79.144626] pci 0000:00:01.0: BAR 4 [mem 0x8000000000-0x8000003fff 64bit pref]: assigned
[   79.365635] pci 0000:00:02.0: BAR 4 [mem 0x8000004000-0x8000007fff 64bit pref]: assigned
[   79.368429] pci 0000:00:01.0: BAR 1 [mem 0x10040000-0x10040fff]: assigned
[   79.400478] pci 0000:00:02.0: BAR 1 [mem 0x10041000-0x10041fff]: assigned
[   79.405603] pci 0000:00:02.0: BAR 0 [io  0x1000-0x107f]: assigned
[   79.407929] pci 0000:00:01.0: BAR 0 [io  0x1080-0x109f]: assigned
[   79.415754] pci_bus 0000:00: resource 4 [mem 0x10000000-0x3efeffff window]
[   79.469513] pci_bus 0000:00: resource 5 [io  0x0000-0xffff window]
[   79.522737] pci_bus 0000:00: resource 6 [mem 0x8000000000-0xffffffffff window]
[   80.166717] iommu: Default domain type: Translated
[   80.169728] iommu: DMA domain TLB invalidation policy: lazy mode
[   81.057354] efivars: Registered efivars operations
[   83.592030] clocksource: Switched to clocksource arch_sys_counter
[   84.622460] VFS: Disk quotas dquot_6.6.0
[   84.654874] VFS: Dquot-cache hash table entries: 512 (order 0, 4096 bytes)
[   85.736303] pnp: PnP ACPI init
[   86.446836] system 00:00: [mem 0x4010000000-0x401fffffff window] could not be reserved
[   87.591876] pnp: PnP ACPI: found 1 devices
[   90.023663] hrtimer: interrupt took 632630208 ns
[   94.948964] NET: Registered PF_INET protocol family
[   94.982435] IP idents hash table entries: 32768 (order: 6, 262144 bytes, linear)
[  104.331391] tcp_listen_portaddr_hash hash table entries: 1024 (order: 2, 16384 bytes, linear)
[  104.339168] Table-perturb hash table entries: 65536 (order: 6, 262144 bytes, linear)
[  104.351097] TCP established hash table entries: 16384 (order: 5, 131072 bytes, linear)
[  104.383760] TCP bind hash table entries: 16384 (order: 7, 524288 bytes, linear)
[  104.476081] TCP: Hash tables configured (established 16384 bind 16384)
[  104.600250] MPTCP token hash table entries: 2048 (order: 4, 49152 bytes, linear)
[  104.673188] UDP hash table entries: 1024 (order: 3, 32768 bytes, linear)
[  104.741762] UDP-Lite hash table entries: 1024 (order: 3, 32768 bytes, linear)
[  105.167091] NET: Registered PF_UNIX/PF_LOCAL protocol family
[  105.231640] NET: Registered PF_XDP protocol family
[  105.239987] PCI: CLS 0 bytes, default 64
[  105.598248] kvm [1]: HYP mode not available
[  105.654577] Unpacking initramfs...
[  105.828472] Initialise system trusted keyrings
[  106.101462] workingset: timestamp_bits=44 max_order=19 bucket_order=0
[  112.087901] Key type asymmetric registered
[  112.096583] Asymmetric key parser 'x509' registered
[  112.193524] Block layer SCSI generic (bsg) driver version 0.4 loaded (major 249)
[  112.509234] io scheduler mq-deadline registered
[  112.513210] io scheduler kyber registered
[  112.523754] io scheduler bfq registered
[  114.849510] ACPI: \_SB_.L001: Enabled at IRQ 36
[  114.998531] virtio-pci 0000:00:01.0: enabling device (0000 -> 0003)
[  115.751278] ACPI: \_SB_.L002: Enabled at IRQ 37
[  115.754133] virtio-pci 0000:00:02.0: enabling device (0000 -> 0003)
[  116.465421] Serial: 8250/16550 driver, 4 ports, IRQ sharing enabled
[  117.717216] hv_vmbus: registering driver hyperv_keyboard
[  118.471406] rtc-efi rtc-efi.0: registered as rtc0
[  118.727827] rtc-efi rtc-efi.0: setting system clock to 2026-08-24T02:58:40 UTC (1787540320)
[  119.175452] NET: Registered PF_INET6 protocol family
[  119.957586] Segment Routing with IPv6
[  119.991311] In-situ OAM (IOAM) with IPv6
[  123.479456] registered taskstats version 1
[  123.602492] Loading compiled-in X.509 certificates
[  133.994668] Freeing initrd memory: 5184K
[  147.243803] Loaded X.509 cert 'alpinelinux.org: Alpine Linux kernel key: 87fa969a47f3e2a6aa35859eb932a17c95abcd82'
[  152.017224] Demotion targets for Node 0: null
[  152.113200] Key type .fscrypt registered
[  152.171154] Key type fscrypt-provisioning registered
[  154.224711] clk: Disabling unused clocks
[  154.238229] PM: genpd: Disabling unused power domains
[  158.459502] Freeing unused kernel memory: 1920K
[  158.646947] Run /init as init process
[  178.754669] Alpine Init 3.11.1-r0
Alpine Init 3.11.1-r0
[  179.784665] Loading boot drivers...
 * Loading boot drivers: [  186.301446] Loading boot drivers: ok.
ok.
SIMBOOT: kernel=6.12.103-0-virt
[  194.288811] Invalid ELF header magic: != ELF
[  196.438407] virtio_blk virtio1: 2/0/0 default/read/poll queues
[  198.101269] virtio_blk virtio1: [vda] 1411072 512-byte logical blocks (722 MB/689 MiB)
[  199.523759] Invalid ELF header magic: != ELF
[  200.269888] Invalid ELF header magic: != ELF
[  201.019135] Invalid ELF header magic: != ELF
[  202.887159] Invalid ELF header magic: != ELF
[  207.917890] Invalid ELF header magic: != ELF
[  228.817673] EXT4-fs (vda): mounted filesystem 1799a7eb-09df-4b80-8c57-0424de58e445 r/w with ordered data mode. Quota mode: none.
SIMBOOT: root mounted rw, running real mfp.afx with binder stub
STUB_LS: -rw-r--r-- 1 root root 1068 Aug 24 03:00 /lib/libbinder_stub.so
STUB_TEST: Mon Aug 24 03:01:48 UTC 2026
rc=0
MFP_PID=439
MFP2=443
=== MAIN THREAD LAST ===
443   mmap(0xffffa2f50000, 58016760, PROT_READ|PROT_EXEC, MAP_PRIVATE|MAP_FIXED|MAP_DENYWRITE, 3, 0) = 0xffffa2f50000
443   mmap(0xffffa64bb000, 1470464, PROT_READ|PROT_WRITE, MAP_PRIVATE|MAP_FIXED|MAP_DENYWRITE, 3, 0x355b000) = 0xffffa64bb000
443   mmap(0xffffa6622000, 360328, PROT_READ|PROT_WRITE, MAP_PRIVATE|MAP_FIXED|MAP_ANONYMOUS, -1, 0) = 0xffffa6622000
443   mmap(0xffffa6680000, 151552, PROT_READ|PROT_WRITE, MAP_PRIVATE|MAP_FIXED|MAP_DENYWRITE, 3, 0x36d0000) = 0xffffa6680000
443   close(3)                          = 0
443   mmap(NULL, 8192, PROT_READ|PROT_WRITE, MAP_PRIVATE|MAP_ANONYMOUS, -1, 0) = 0xffffa8cc4000
443   openat(AT_FDCWD, "/lib64/libgomp.so.1", O_RDONLY|O_CLOEXEC) = 3
443   read(3, "\177ELF\2\1\1\0\0\0\0\0\0\0\0\0\3\0\267\0\1\0\0\0\0\0\0\0\0\0\0\0"..., 832) = 832
443   mmap(NULL, 297232, PROT_READ|PROT_EXEC, MAP_PRIVATE|MAP_DENYWRITE, 3, 0) = 0xffffa7f9f000
443   mmap(0xffffa7fe6000, 8192, PROT_READ|PROT_WRITE, MAP_PRIVATE|MAP_FIXED|MAP_DENYWRITE, 3, 0x47000) = 0xffffa7fe6000
443   close(3)                          = 0
443   openat(AT_FDCWD, "/lib64/libjpeg.so.8", O_RDONLY|O_CLOEXEC) = 3
443   read(3, "\177ELF\2\1\1\0\0\0\0\0\0\0\0\0\3\0\267\0\1\0\0\0\0\0\0\0\0\0\0\0"..., 832) = 832
443   mmap(NULL, 320248, PROT_READ|PROT_EXEC, MAP_PRIVATE|MAP_DENYWRITE, 3, 0) = 0xffffa7f50000
443   mmap(0xffffa7f9d000, 8192, PROT_READ|PROT_WRITE, MAP_PRIVATE|MAP_FIXED|MAP_DENYWRITE, 3, 0x4d000) = 0xffffa7f9d000
443   close(3)                          = 0
443   openat(AT_FDCWD, "/lib64/libpng16.so.16", O_RDONLY|O_CLOEXEC) = 3
443   read(3, "\177ELF\2\1\1\0\0\0\0\0\0\0\0\0\3\0\267\0\1\0\0\0\0\0\0\0\0\0\0\0"..., 832) = 832
443   mmap(NULL, 214160, PROT_READ|PROT_EXEC, MAP_PRIVATE|MAP_DENYWRITE, 3, 0) = 0xffffa7aa7000
443   mmap(0xffffa7ada000, 8192, PROT_READ|PROT_WRITE, MAP_PRIVATE|MAP_FIXED|MAP_DENYWRITE, 3, 0x32000) = 0xffffa7ada000
443   close(3)                          = 0
443   openat(AT_FDCWD, "/lib64/libtiff.so.6", O_RDONLY|O_CLOEXEC) = 3
443   read(3, "\177ELF\2\1\1\0\0\0\0\0\0\0\0\0\3\0\267\0\1\0\0\0\0\0\0\0\0\0\0\0"..., 832) = 832
443   mmap(NULL, 522104, PROT_READ|PROT_EXEC, MAP_PRIVATE|MAP_DENYWRITE, 3, 0) = 0xffffa2ed0000
443   mmap(0xffffa2f4b000, 20480, PROT_READ|PROT_WRITE, MAP_PRIVATE|MAP_FIXED|MAP_DENYWRITE, 3, 0x7b000) = 0xffffa2f4b000
443   close(3)                          = 0
443   openat(AT_FDCWD, "/lib64/libopencv_features2d.so.409", O_RDONLY|O_CLOEXEC) = 3
443   read(3, "\177ELF\2\1\1\3\0\0\0\0\0\0\0\0\3\0\267\0\1\0\0\0\0\0\0\0\0\0\0\0"..., 832) = 832
443   mmap(NULL, 610736, PROT_READ|PROT_EXEC, MAP_PRIVATE|MAP_DENYWRITE, 3, 0) = 0xffffa2e3a000
443   mmap(0xffffa2ec7000, 32768, PROT_READ|PROT_WRITE, MAP_PRIVATE|MAP_FIXED|MAP_DENYWRITE, 3, 0x8d000) = 0xffffa2ec7000
443   mmap(0xffffa2ecf000, 432, PROT_READ|PROT_WRITE, MAP_PRIVATE|MAP_FIXED|MAP_ANONYMOUS, -1, 0) = 0xffffa2ecf000
443   close(3)                          = 0
443   openat(AT_FDCWD, "/lib64/libopencv_flann.so.409", O_RDONLY|O_CLOEXEC) = 3
443   read(3, "\177ELF\2\1\1\3\0\0\0\0\0\0\0\0\3\0\267\0\1\0\0\0\0\0\0\0\0\0\0\0"..., 832) = 832
443   mmap(NULL, 8192, PROT_READ|PROT_WRITE, MAP_PRIVATE|MAP_ANONYMOUS, -1, 0) = 0xffffa86ba000
443   mmap(NULL, 432272, PROT_READ|PROT_EXEC, MAP_PRIVATE|MAP_DENYWRITE, 3, 0) = 0xffffa2dd0000
443   mmap(0xffffa2e36000, 16384, PROT_READ|PROT_WRITE, MAP_PRIVATE|MAP_FIXED|MAP_DENYWRITE, 3, 0x65000) = 0xffffa2e36000
443   close(3)                          = 0
443   openat(AT_FDCWD, "/lib64/libopencv_ml.so.409", O_RDONLY|O_CLOEXEC) = 3
443   read(3, "\177ELF\2\1\1\3\0\0\0\0\0\0\0\0\3\0\267\0\1\0\0\0\0\0\0\0\0\0\0\0"..., 832) = 832
443   mmap(NULL, 502168, PROT_READ|PROT_EXEC, MAP_PRIVATE|MAP_DENYWRITE, 3, 0) = 0xffffa2d55000
443   mmap(0xffffa2dcc000, 16384, PROT_READ|PROT_WRITE, MAP_PRIVATE|MAP_FIXED|MAP_DENYWRITE, 3, 0x76000) = 0xffffa2dcc000
443   close(3)                          = 0
443   openat(AT_FDCWD, "/lib64/libopencv_photo.so.409", O_RDONLY|O_CLOEXEC) = 3
443   read(3, "\177ELF\2\1\1\3\0\0\0\0\0\0\0\0\3\0\267\0\1\0\0\0\0\0\0\0\0\0\0\0"..., 832) = 832
=== DEV OPENS ===
=== IOCTL15 CTX ===
=== MAPS FUTEX REGION ===
=== MAPS HEAD ===
00400000-008a5000 r-xp 00000000 fd:00 1445                               /usr/bin/mfp.afx
008a5000-00a33000 rw-p 004a4000 fd:00 1445                               /usr/bin/mfp.afx
00a33000-015d1000 rw-p 00000000 00:00 0 
ffffa2ae2000-ffffa2b53000 r-xp 00000000 fd:00 1960                       /usr/lib/libgstbase-1.0.so.0.2209.0
ffffa2b53000-ffffa2b55000 rw-p 00071000 fd:00 1960                       /usr/lib/libgstbase-1.0.so.0.2209.0
ffffa2b55000-ffffa2baa000 r-xp 00000000 fd:00 2105                       /usr/lib/libpcre2-8.so.0.11.2
ffffa2baa000-ffffa2bac000 rw-p 00054000 fd:00 2105                       /usr/lib/libpcre2-8.so.0.11.2
ffffa2bac000-ffffa2c0d000 r-xp 00000000 fd:00 1946                       /usr/lib/libgobject-2.0.so.0.7600.1
ffffa2c0d000-ffffa2c11000 rw-p 00060000 fd:00 1946                       /usr/lib/libgobject-2.0.so.0.7600.1
ffffa2c11000-ffffa2c12000 rw-p 00000000 00:00 0 
ffffa2c12000-ffffa2c86000 r-xp 00000000 fd:00 2091                       /usr/lib/libopencv_videoio.so.4.9.0
ffffa2c86000-ffffa2c89000 rw-p 00074000 fd:00 2091                       /usr/lib/libopencv_videoio.so.4.9.0
ffffa2c89000-ffffa2c8b000 rw-p 00000000 00:00 0 
ffffa2c8b000-ffffa2cd8000 r-xp 00000000 fd:00 2088                       /usr/lib/libopencv_video.so.4.9.0
ffffa2cd8000-ffffa2cdb000 rw-p 0004d000 fd:00 2088                       /usr/lib/libopencv_video.so.4.9.0
ffffa2cdb000-ffffa2d52000 r-xp 00000000 fd:00 2085                       /usr/lib/libopencv_photo.so.4.9.0
ffffa2d52000-ffffa2d55000 rw-p 00077000 fd:00 2085                       /usr/lib/libopencv_photo.so.4.9.0
ffffa2d55000-ffffa2dcc000 r-xp 00000000 fd:00 2082                       /usr/lib/libopencv_ml.so.4.9.0
ffffa2dcc000-ffffa2dd0000 rw-p 00076000 fd:00 2082                       /usr/lib/libopencv_ml.so.4.9.0
ffffa2dd0000-ffffa2e36000 r-xp 00000000 fd:00 2073                       /usr/lib/libopencv_flann.so.4.9.0
ffffa2e36000-ffffa2e3a000 rw-p 00065000 fd:00 2073                       /usr/lib/libopencv_flann.so.4.9.0
ffffa2e3a000-ffffa2ec7000 r-xp 00000000 fd:00 2070                       /usr/lib/libopencv_features2d.so.4.9.0
ffffa2ec7000-ffffa2ecf000 rw-p 0008d000 fd:00 2070                       /usr/lib/libopencv_features2d.so.4.9.0
ffffa2ecf000-ffffa2ed0000 rw-p 00000000 00:00 0 
ffffa2ed0000-ffffa2f4b000 r-xp 00000000 fd:00 2164                       /usr/lib/libtiff.so.6.1.0
=== WCHAN ===
443: 0
=== GDB BT ===
warning: process 443 is already traced by process 439
ptrace: Operation not permitted.
done
SIMBOOT: mfp run finished, keeping shell
/bin/sh: can't access tty; job control turned off
~ # [6n[  626.622191] random: crng init done
