UEFI firmware (version edk2-stable202408-prebuilt.qemu.org built at 16:28:50 on Sep 12 2024)
ArmTrngLib could not be correctly initialized.
Error: Image at 0013FDB6000 start failed: 00000001
Error: Image at 0013FD6D000 start failed: Not Found
Error: Image at 0013FCBA000 start failed: Unsupported
Error: Image at 0013FB5E000 start failed: Aborted
Tpm2SubmitCommand - Tcg2 - Not Found
Tpm2GetCapabilityPcrs fail!
Tpm2SubmitCommand - Tcg2 - Not Found
Image type X64 can't be loaded on AARCH64 UEFI system.
[2J[01;01H[=3h[2J[01;01H[2J[01;01H[=3h[2J[01;01HEFI stub: Decompressing Linux Kernel...
EFI stub: Loaded initrd from LINUX_EFI_INITRD_MEDIA_GUID device path
EFI stub: Generating empty DTB
EFI stub: Exiting boot services...
[    0.000000] Booting Linux on physical CPU 0x0000000000 [0x414fd0b1]
[    0.000000] Linux version 6.12.103-0-virt (buildozer@build-3-21-aarch64) (gcc (Alpine 14.2.0) 14.2.0, GNU ld (GNU Binutils) 2.43.1) #1-Alpine SMP PREEMPT_DYNAMIC 2026-08-10 14:25:03
[    0.000000] efi: EFI v2.7 by EDK II
[    0.000000] efi: SMBIOS 3.0=0x13fed0000 MEMATTR=0x13e176018 ACPI 2.0=0x13cb43018 INITRD=0x13cb40f18 MEMRESERVE=0x13cb40f98 
[    0.000000] ACPI: Early table checksum verification disabled
[    0.000000] ACPI: RSDP 0x000000013CB43018 000024 (v02 BOCHS )
[    0.000000] ACPI: XSDT 0x000000013CB43F18 000064 (v01 BOCHS  BXPC     00000001      01000013)
[    0.000000] ACPI: FACP 0x000000013CB43B18 000114 (v06 BOCHS  BXPC     00000001 BXPC 00000001)
[    0.000000] ACPI: DSDT 0x000000013CB41018 001506 (v02 BOCHS  BXPC     00000001 BXPC 00000001)
[    0.000000] ACPI: APIC 0x000000013CB43C98 0000FC (v04 BOCHS  BXPC     00000001 BXPC 00000001)
[    0.000000] ACPI: PPTT 0x000000013CB43E18 000074 (v02 BOCHS  BXPC     00000001 BXPC 00000001)
[    0.000000] ACPI: GTDT 0x000000013CB43098 000068 (v03 BOCHS  BXPC     00000001 BXPC 00000001)
[    0.000000] ACPI: MCFG 0x000000013CB43A98 00003C (v01 BOCHS  BXPC     00000001 BXPC 00000001)
[    0.000000] ACPI: SPCR 0x000000013CB43818 000050 (v02 BOCHS  BXPC     00000001 BXPC 00000001)
[    0.000000] ACPI: DBG2 0x000000013CB43A18 000057 (v00 BOCHS  BXPC     00000001 BXPC 00000001)
[    0.000000] ACPI: IORT 0x000000013CB43898 000054 (v05 BOCHS  BXPC     00000001 BXPC 00000001)
[    0.000000] ACPI: SPCR: console: pl011,mmio32,0x9000000,9600
[    0.000000] ACPI: Use ACPI SPCR as default console: Yes
[    0.000000] NUMA: Faking a node at [mem 0x0000000040000000-0x000000013fffffff]
[    0.000000] NODE_DATA(0) allocated [mem 0x13f453b80-0x13f455fff]
[    0.000000] Zone ranges:
[    0.000000]   DMA      [mem 0x0000000040000000-0x00000000ffffffff]
[    0.000000]   DMA32    empty
[    0.000000]   Normal   [mem 0x0000000100000000-0x000000013fffffff]
[    0.000000] Movable zone start for each node
[    0.000000] Early memory node ranges
[    0.000000]   node   0: [mem 0x0000000040000000-0x000000013c76ffff]
[    0.000000]   node   0: [mem 0x000000013c770000-0x000000013cb3ffff]
[    0.000000]   node   0: [mem 0x000000013cb40000-0x000000013fe1ffff]
[    0.000000]   node   0: [mem 0x000000013fe20000-0x000000013feaffff]
[    0.000000]   node   0: [mem 0x000000013feb0000-0x000000013febffff]
[    0.000000]   node   0: [mem 0x000000013fec0000-0x000000013ffdffff]
[    0.000000]   node   0: [mem 0x000000013ffe0000-0x000000013fffffff]
[    0.000000] Initmem setup node 0 [mem 0x0000000040000000-0x000000013fffffff]
[    0.000000] psci: probing for conduit method from ACPI.
[    0.000000] psci: PSCIv1.1 detected in firmware.
[    0.000000] psci: Using standard PSCI v0.2 function IDs
[    0.000000] psci: Trusted OS migration not required
[    0.000000] psci: SMC Calling Convention v1.0
[    0.000000] percpu: Embedded 33 pages/cpu s96984 r8192 d29992 u135168
[    0.000000] Detected PIPT I-cache on CPU0
[    0.000000] CPU features: detected: Spectre-v4
[    0.000000] CPU features: detected: Spectre-BHB
[    0.000000] CPU features: detected: Broken broadcast TLBI completion
[    0.000000] CPU features: detected: SSBS not fully self-synchronizing
[    0.000000] alternatives: applying boot alternatives
[    0.000000] Kernel command line: root=/dev/vda rw console=ttyAMA0 initrd=initrd
[    0.000000] Dentry cache hash table entries: 524288 (order: 10, 4194304 bytes, linear)
[    0.000000] Inode-cache hash table entries: 262144 (order: 9, 2097152 bytes, linear)
[    0.000000] Fallback order for Node 0: 0 
[    0.000000] Built 1 zonelists, mobility grouping on.  Total pages: 1048576
[    0.000000] Policy zone: Normal
[    0.000000] mem auto-init: stack:all(zero), heap alloc:on, heap free:off
[    0.000000] software IO TLB: area num 2.
[    0.000000] software IO TLB: mapped [mem 0x00000000fbfff000-0x00000000fffff000] (64MB)
[    0.000000] SLUB: HWalign=64, Order=0-3, MinObjects=0, CPUs=2, Nodes=1
[    0.000000] Dynamic Preempt: none
[    0.000000] rcu: Preemptible hierarchical RCU implementation.
[    0.000000] rcu: 	RCU restricting CPUs from NR_CPUS=4096 to nr_cpu_ids=2.
[    0.000000] 	Trampoline variant of Tasks RCU enabled.
[    0.000000] 	Tracing variant of Tasks RCU enabled.
[    0.000000] rcu: RCU calculated value of scheduler-enlistment delay is 10 jiffies.
[    0.000000] rcu: Adjusting geometry for rcu_fanout_leaf=16, nr_cpu_ids=2
[    0.000000] RCU Tasks: Setting shift to 1 and lim to 1 rcu_task_cb_adjust=1 rcu_task_cpu_ids=2.
[    0.000000] RCU Tasks Trace: Setting shift to 1 and lim to 1 rcu_task_cb_adjust=1 rcu_task_cpu_ids=2.
[    0.000000] NR_IRQS: 64, nr_irqs: 64, preallocated irqs: 0
[    0.000000] Root IRQ handler: gic_handle_irq
[    0.000000] GICv2m: ACPI overriding V2M MSI_TYPER (base:80, num:64)
[    0.000000] GICv2m: range[mem 0x08020000-0x08020fff], SPI[80:143]
[    0.000000] rcu: srcu_init: Setting srcu_struct sizes based on contention.
[    0.000000] clocksource: jiffies: mask: 0xffffffff max_cycles: 0xffffffff, max_idle_ns: 19112604462750000 ns
[    0.000000] arch_timer: cp15 timer(s) running at 62.50MHz (virt).
[    0.000000] clocksource: arch_sys_counter: mask: 0x1ffffffffffffff max_cycles: 0x1cd42e208c, max_idle_ns: 881590405314 ns
[    0.000128] sched_clock: 57 bits at 63MHz, resolution 16ns, wraps every 4398046511096ns
[    0.011429] kfence: initialized - using 2097152 bytes for 255 objects at 0x(____ptrval____)-0x(____ptrval____)
[    0.018207] Console: colour dummy device 80x25
[    0.036321] ACPI: Core revision 20240827
[    0.064804] Calibrating delay loop (skipped), value calculated using timer frequency.. 125.00 BogoMIPS (lpj=625000)
[    0.065041] pid_max: default: 32768 minimum: 301
[    0.081289] LSM: initializing lsm=lockdown,capability,landlock
[    0.085970] landlock: Up and running.
[    0.095956] Mount-cache hash table entries: 8192 (order: 4, 65536 bytes, linear)
[    0.096093] Mountpoint-cache hash table entries: 8192 (order: 4, 65536 bytes, linear)
[    0.223928] rcu: Hierarchical SRCU implementation.
[    0.224057] rcu: 	Max phase no-delay instances is 1000.
[    0.228618] Timer migration: 1 hierarchy levels; 8 children per group; 1 crossnode level
[    0.236710] Remapping and enabling EFI services.
[    0.250516] smp: Bringing up secondary CPUs ...
[    0.260348] Detected PIPT I-cache on CPU1
[    0.262163] CPU1: Booted secondary processor 0x0000000001 [0x414fd0b1]
[    0.271509] smp: Brought up 1 node, 2 CPUs
[    0.271580] SMP: Total of 2 processors activated.
[    0.271634] CPU: All CPU(s) started at EL1
[    0.272391] CPU features: detected: 32-bit EL0 Support
[    0.272468] CPU features: detected: Data cache clean to the PoU not required for I/D coherence
[    0.272523] CPU features: detected: Common not Private translations
[    0.272529] CPU features: detected: CRC32 instructions
[    0.273094] CPU features: detected: RCpc load-acquire (LDAPR)
[    0.273159] CPU features: detected: LSE atomic instructions
[    0.273167] CPU features: detected: Privileged Access Never
[    0.273172] CPU features: detected: RAS Extension Support
[    0.273222] CPU features: detected: Speculative Store Bypassing Safe (SSBS)
[    0.294571] alternatives: applying system-wide alternatives
[    0.331037] CPU features: detected: Hardware dirty bit management on CPU0-1
[    0.377518] Memory: 3995976K/4194304K available (12608K kernel code, 1950K rwdata, 7812K rodata, 1920K init, 9305K bss, 193644K reserved, 0K cma-reserved)
[    0.445692] devtmpfs: initialized
[    0.534587] futex hash table entries: 512 (order: 3, 32768 bytes, linear)
[    0.543527] 24304 pages in range for non-PLT usage
[    0.543651] 515824 pages in range for PLT usage
[    0.569601] pinctrl core: initialized pinctrl subsystem
[    0.593523] SMBIOS 3.0.0 present.
[    0.594638] DMI: QEMU QEMU Virtual Machine, BIOS edk2-stable202408-prebuilt.qemu.org 08/13/2024
[    0.595487] DMI: Memory slots populated: 1/1
[    0.666524] NET: Registered PF_NETLINK/PF_ROUTE protocol family
[    0.692967] DMA: preallocated 512 KiB GFP_KERNEL pool for atomic allocations
[    0.695110] DMA: preallocated 512 KiB GFP_KERNEL|GFP_DMA pool for atomic allocations
[    0.696731] DMA: preallocated 512 KiB GFP_KERNEL|GFP_DMA32 pool for atomic allocations
[    0.697514] audit: initializing netlink subsys (disabled)
[    0.706802] audit: type=2000 audit(0.340:1): state=initialized audit_enabled=0 res=1
[    0.715404] thermal_sys: Registered thermal governor 'step_wise'
[    0.732599] cpuidle: using governor ladder
[    0.733218] cpuidle: using governor menu
[    0.736811] hw-breakpoint: found 6 breakpoint and 4 watchpoint registers.
[    0.742398] ASID allocator initialised with 65536 entries
[    0.744030] acpiphp: ACPI Hot Plug PCI Controller Driver version: 0.5
[    0.747884] Serial: AMBA PL011 UART driver
[    0.806845] HugeTLB: registered 1.00 GiB page size, pre-allocated 0 pages
[    0.806919] HugeTLB: 0 KiB vmemmap can be freed for a 1.00 GiB page
[    0.806950] HugeTLB: registered 32.0 MiB page size, pre-allocated 0 pages
[    0.806960] HugeTLB: 0 KiB vmemmap can be freed for a 32.0 MiB page
[    0.806974] HugeTLB: registered 2.00 MiB page size, pre-allocated 0 pages
[    0.806983] HugeTLB: 0 KiB vmemmap can be freed for a 2.00 MiB page
[    0.807006] HugeTLB: registered 64.0 KiB page size, pre-allocated 0 pages
[    0.807016] HugeTLB: 0 KiB vmemmap can be freed for a 64.0 KiB page
[    0.895228] ACPI: Added _OSI(Module Device)
[    0.895336] ACPI: Added _OSI(Processor Device)
[    0.895352] ACPI: Added _OSI(Processor Aggregator Device)
[    0.984899] ACPI: 1 ACPI AML tables successfully acquired and loaded
[    1.069328] ACPI: Interpreter enabled
[    1.069476] ACPI: Using GIC for interrupt routing
[    1.072087] ACPI: MCFG table detected, 1 entries
[    1.379245] ACPI: CPU0 has been hot-added
[    1.385485] ACPI: CPU1 has been hot-added
[    1.465620] ARMH0011:00: ttyAMA0 at MMIO 0x9000000 (irq = 12, base_baud = 0) is a SBSA
[    1.476615] printk: legacy console [ttyAMA0] enabled
[    1.608508] ACPI: PCI: Interrupt link L000 configured for IRQ 35
[    1.609281] ACPI: PCI: Interrupt link L001 configured for IRQ 36
[    1.609692] ACPI: PCI: Interrupt link L002 configured for IRQ 37
[    1.610073] ACPI: PCI: Interrupt link L003 configured for IRQ 38
[    1.611195] ACPI: PCI Root Bridge [PCI0] (domain 0000 [bus 00-ff])
[    1.616801] acpi PNP0A08:00: _OSC: OS supports [ExtendedConfig ASPM ClockPM Segments MSI HPX-Type3]
[    1.632373] acpi PNP0A08:00: _OSC: platform does not support [LTR]
[    1.634255] acpi PNP0A08:00: _OSC: OS now controls [PCIeHotplug PME PCIeCapability]
[    1.644081] acpi PNP0A08:00: ECAM area [mem 0x4010000000-0x401fffffff] reserved by PNP0C02:00
[    1.645496] acpi PNP0A08:00: ECAM at [mem 0x4010000000-0x401fffffff] for [bus 00-ff]
[    1.647572] ACPI: Remapped I/O 0x000000003eff0000 to [io  0x0000-0xffff window]
[    1.661019] PCI host bridge to bus 0000:00
[    1.662262] pci_bus 0000:00: root bus resource [mem 0x10000000-0x3efeffff window]
[    1.662650] pci_bus 0000:00: root bus resource [io  0x0000-0xffff window]
[    1.662878] pci_bus 0000:00: root bus resource [mem 0x8000000000-0xffffffffff window]
[    1.663278] pci_bus 0000:00: root bus resource [bus 00-ff]
[    1.665391] pci 0000:00:00.0: [1b36:0008] type 00 class 0x060000 conventional PCI endpoint
[    1.678836] pci 0000:00:01.0: [8086:100e] type 00 class 0x020000 conventional PCI endpoint
[    1.679448] pci 0000:00:01.0: BAR 0 [mem 0x10040000-0x1005ffff]
[    1.679770] pci 0000:00:01.0: BAR 1 [io  0x0080-0x00bf]
[    1.680042] pci 0000:00:01.0: ROM [mem 0xfffc0000-0xffffffff pref]
[    1.683707] pci 0000:00:02.0: [1af4:1001] type 00 class 0x010000 conventional PCI endpoint
[    1.684146] pci 0000:00:02.0: BAR 0 [io  0x0000-0x007f]
[    1.684341] pci 0000:00:02.0: BAR 1 [mem 0x10060000-0x10060fff]
[    1.684603] pci 0000:00:02.0: BAR 4 [mem 0x8000000000-0x8000003fff 64bit pref]
[    1.691760] pci 0000:00:01.0: ROM [mem 0x10000000-0x1003ffff pref]: assigned
[    1.692591] pci 0000:00:01.0: BAR 0 [mem 0x10040000-0x1005ffff]: assigned
[    1.693246] pci 0000:00:02.0: BAR 4 [mem 0x8000000000-0x8000003fff 64bit pref]: assigned
[    1.694251] pci 0000:00:02.0: BAR 1 [mem 0x10060000-0x10060fff]: assigned
[    1.694868] pci 0000:00:02.0: BAR 0 [io  0x1000-0x107f]: assigned
[    1.695220] pci 0000:00:01.0: BAR 1 [io  0x1080-0x10bf]: assigned
[    1.695792] pci_bus 0000:00: resource 4 [mem 0x10000000-0x3efeffff window]
[    1.696043] pci_bus 0000:00: resource 5 [io  0x0000-0xffff window]
[    1.696244] pci_bus 0000:00: resource 6 [mem 0x8000000000-0xffffffffff window]
[    1.708089] iommu: Default domain type: Translated
[    1.708516] iommu: DMA domain TLB invalidation policy: lazy mode
[    1.724789] efivars: Registered efivars operations
[    1.757156] clocksource: Switched to clocksource arch_sys_counter
[    1.775030] VFS: Disk quotas dquot_6.6.0
[    1.776468] VFS: Dquot-cache hash table entries: 512 (order 0, 4096 bytes)
[    1.791963] pnp: PnP ACPI init
[    1.797240] system 00:00: [mem 0x4010000000-0x401fffffff window] could not be reserved
[    1.799130] pnp: PnP ACPI: found 1 devices
[    1.875769] NET: Registered PF_INET protocol family
[    1.880773] IP idents hash table entries: 65536 (order: 7, 524288 bytes, linear)
[    2.012577] tcp_listen_portaddr_hash hash table entries: 2048 (order: 3, 32768 bytes, linear)
[    2.013156] Table-perturb hash table entries: 65536 (order: 6, 262144 bytes, linear)
[    2.013646] TCP established hash table entries: 32768 (order: 6, 262144 bytes, linear)
[    2.015414] TCP bind hash table entries: 32768 (order: 8, 1048576 bytes, linear)
[    2.016601] TCP: Hash tables configured (established 32768 bind 32768)
[    2.020044] MPTCP token hash table entries: 4096 (order: 5, 98304 bytes, linear)
[    2.025619] UDP hash table entries: 2048 (order: 4, 65536 bytes, linear)
[    2.026540] UDP-Lite hash table entries: 2048 (order: 4, 65536 bytes, linear)
[    2.029962] NET: Registered PF_UNIX/PF_LOCAL protocol family
[    2.030881] NET: Registered PF_XDP protocol family
[    2.031461] PCI: CLS 0 bytes, default 64
[    2.042909] Unpacking initramfs...
[    2.050158] kvm [1]: HYP mode not available
[    2.062227] Initialise system trusted keyrings
[    2.069740] workingset: timestamp_bits=44 max_order=20 bucket_order=0
[    2.217544] Key type asymmetric registered
[    2.218219] Asymmetric key parser 'x509' registered
[    2.219805] Block layer SCSI generic (bsg) driver version 0.4 loaded (major 249)
[    2.225666] io scheduler mq-deadline registered
[    2.226263] io scheduler kyber registered
[    2.227224] io scheduler bfq registered
[    2.303313] ACPI: \_SB_.L002: Enabled at IRQ 37
[    2.307365] virtio-pci 0000:00:02.0: enabling device (0000 -> 0003)
[    2.317358] Serial: 8250/16550 driver, 4 ports, IRQ sharing enabled
[    2.368665] hv_vmbus: registering driver hyperv_keyboard
[    2.383643] rtc-efi rtc-efi.0: registered as rtc0
[    2.386476] rtc-efi rtc-efi.0: setting system clock to 2026-08-27T04:07:24 UTC (1787803644)
[    2.400628] NET: Registered PF_INET6 protocol family
[    2.474341] Segment Routing with IPv6
[    2.475271] In-situ OAM (IOAM) with IPv6
[    2.732131] registered taskstats version 1
[    2.743782] Loading compiled-in X.509 certificates
[    2.906974] Freeing initrd memory: 5268K
[    3.526598] Loaded X.509 cert 'alpinelinux.org: Alpine Linux kernel key: 87fa969a47f3e2a6aa35859eb932a17c95abcd82'
[    3.583390] Demotion targets for Node 0: null
[    3.591074] Key type .fscrypt registered
[    3.591324] Key type fscrypt-provisioning registered
[    3.641092] clk: Disabling unused clocks
[    3.643690] PM: genpd: Disabling unused power domains
[    3.735238] Freeing unused kernel memory: 1920K
[    3.748875] Run /init as init process
[    4.079354] Alpine Init 3.11.1-r0
Alpine Init 3.11.1-r0
[    4.096722] Loading boot drivers...
 * Loading boot drivers: [    4.175050] Loading boot drivers: ok.
ok.
SIMBOOT: kernel=6.12.103-0-virt
[    4.452590] Invalid ELF header magic: != ELF
[    4.559786] virtio_blk virtio0: 2/0/0 default/read/poll queues
[    4.642034] virtio_blk virtio0: [vda] 1411072 512-byte logical blocks (722 MB/689 MiB)
[    4.710579] Invalid ELF header magic: != ELF
[    4.729923] Invalid ELF header magic: != ELF
[    4.765093] Invalid ELF header magic: != ELF
[    4.802159] Invalid ELF header magic: != ELF
[    4.898312] Invalid ELF header magic: != ELF
[    5.153179] Invalid ELF header magic: != ELF
[    5.225311] e1000: Intel(R) PRO/1000 Network Driver
[    5.225793] e1000: Copyright (c) 1999-2006 Intel Corporation.
[    5.232574] ACPI: \_SB_.L001: Enabled at IRQ 36
[    5.233494] e1000 0000:00:01.0: enabling device (0000 -> 0003)
[    5.635222] e1000 0000:00:01.0 eth0: (PCI:33MHz:32-bit) 52:54:00:12:34:56
[    5.636137] e1000 0000:00:01.0 eth0: Intel(R) PRO/1000 Network Connection
Module                  Size  Used by    Not tainted
e1000                 163840  0 
ext4                  929792  0 
jbd2                  172032  1 ext4
mbcache                20480  1 ext4
crc32c_generic         12288  0 
crc16                  12288  1 ext4
virtio_blk             24576  0 
[    6.758867] EXT4-fs (vda): mounted filesystem 1799a7eb-09df-4b80-8c57-0424de58e445 r/w with ordered data mode. Quota mode: none.
SIMBOOT: root mounted rw, running real mfp.afx with binder stub
[   18.626685] e1000: eth0 NIC Link is Up 1000 Mbps Full Duplex, Flow Control: RX
MFP_PID=463
[   25.718618] random: crng init done
--- POLL 1: N=11 ---
[Inferior 1 (process 463) detached]
--- POLL 2: N=11 ---
[Inferior 1 (process 463) detached]
--- POLL 3: N=44 ---
[Inferior 1 (process 463) detached]
--- POLL 4: N=44 ---
[Inferior 1 (process 463) detached]
--- BT@POLL4 ---
0x0000ffff86554768 in ?? () from /lib64/libc.so.6
[Switching to thread 1 (Thread 0xffff86131960 (LWP 463))]
#0  0x0000ffff86554768 in ?? () from /lib64/libc.so.6
#0  0x0000ffff86554768 in ?? () from /lib64/libc.so.6
#1  0x0000ffff86554618 in ?? () from /lib64/libc.so.6
#2  0x0000ffff865546b4 in ?? () from /lib64/libc.so.6
#3  0x0000ffff864ee0a4 in ?? () from /lib64/libc.so.6
#4  0x0000ffff864ee9b8 in pthread_create () from /lib64/libc.so.6
#5  0x0000ffff87581f24 in pol_thread_create (entry=0x6a7bd8 <storage_recv_thread>, size=32768, stack=0x0, priority=15, arg=0x0, name=0x81e418 "storage_recv_thread") at osal/pol/os/Linux/pol_linux.c:95
#6  0x0000ffff87580138 in pi_thread_create (entry=0x6a7bd8 <storage_recv_thread>, stacksize=32768, stack=0x0, priority=15, arg=0x0, name=0x81e418 "storage_recv_thread") at osal/pol/pol_threads/pol_thread.c:49
#7  0x00000000006a7da8 in storage_proxy_init () at storage_manager/storage_proxy.c:215
[Inferior 1 (process 463) detached]
--- POLL 5: N=62 ---
[Inferior 1 (process 463) detached]
--- POLL 6: N=172 ---
POLL: passed print_info_status_init (N=172)
--- ALIVE ---
176
--- LISTEN TCP ---
  sl  local_address rem_address   st tx_queue rx_queue tr tm->when retrnsmt   uid  timeout inode                                                     
   0: 00000000:82CF 00000000:0000 0A 00000000:00000000 00:00000000 00000000     0        0 97662 1 0000000006524b08 100 0 0 10 0                     
SIMBOOT_LPD_HEX=82CF
SIMBOOT_LPD_PORT=33487
--- HANDLES(corrected) ---
[New LWP 727]
[Thread debugging using libthread_db enabled]
Using host libthread_db library "/lib64/libthread_db.so.1".
0x0000ffff86521ae0 in clock_nanosleep () from /lib64/libc.so.6
$1 = 0xffff875967e8
$2 = 0xffff875967f8
$3 = 0x20ce79d0
[Inferior 1 (process 463) detached]
--- MAIN BT ---
[New LWP 726]
[New LWP 727]
[Thread debugging using libthread_db enabled]
Using host libthread_db library "/lib64/libthread_db.so.1".
0x0000ffff86521ae0 in clock_nanosleep () from /lib64/libc.so.6
[Switching to thread 1 (Thread 0xffff86131960 (LWP 463))]
#0  0x0000ffff86521ae0 in clock_nanosleep () from /lib64/libc.so.6
#0  0x0000ffff86521ae0 in clock_nanosleep () from /lib64/libc.so.6
#1  0x0000ffff8653189c in nanosleep () from /lib64/libc.so.6
#2  0x0000ffff86541174 in sleep () from /lib64/libc.so.6
#3  0x00000000006a8060 in main () at main/main.c:250
[Inferior 1 (process 463) detached]
--- FUNC DIST ---
BT=788
    120 ??
     29 select
     14 clock_nanosleep
      7 binder_thr
      5 #0  binder_parse
      4 read
      2 write
      2 ioctl@plt
      2 epoll_pwait
      2 binder_parse@plt
      2 binder_parse
      2 #0  binder_thr
      1 strchrnul
      1 msgrcv
      1 make_prefix
      1 __lll_lock_wait_private
--- PORT913X THREADS ---
--- SERVER THREAD ---
--- LPD LOG ---
---------------------pedk_mgr_prolog-------int------------
[35m[osal/pol/os/Linux/pol_linux.c:55]tid(516) statck size(0x00004000) name(server_thread)[0m
strat bind
strat listen
[35m[osal/pol/os/Linux/pol_linux.c:55]tid(517) statck size(0x00004000) name(pedk_ibc_recv)[0m
 panel_pedk_init  
cmd register ok = panel - pedk
[DEBUG][IPC][scan_ipc_init]scan_ipc_init binder_start front start 
[DEBUG][IPC][scan_ipc_init]scan_ipc_init binder_start back start 
 copy_pedk_init  
--- INJECT TEST (busybox nc) ---
ls: cannot access '/bin/nc': No such file or directory
ls: cannot access '/usr/bin/nc': No such file or directory
-rwsr-xr-x 1 root root 820672 Aug 14 10:17 /bin/busybox
telnet
READY FOR INJECT
[  358.461503] hrtimer: interrupt took 9084208 ns
--- INJECT MID BT ---
BTMID=984
[Thread debugging using libthread_db enabled]
Using host libthread_db library "/lib64/libthread_db.so.1".
Thread 196 (Thread 0xffff1dad9b60 (LWP 770) "mfp.afx"):
#0  0x0000ffff86552150 in select () from /lib64/libc.so.6
#1  0x00000000006c1058 in _internal_thread (arg=0xe94a60 <jsm+48>) at proxy_transfer/ctimer.c:45
Thread 195 (Thread 0xffff1e3f9b60 (LWP 727) "mfp.afx"):
#0  0x0000ffff86552150 in select () from /lib64/libc.so.6
Thread 194 (Thread 0xffff1e609b60 (LWP 726) "mfp.afx"):
Thread 193 (Thread 0xffff1e817b60 (LWP 725) "mfp.afx"):
#1  0x0000ffff864ed834 in pthread_cond_wait () from /lib64/libc.so.6
Thread 192 (Thread 0xffff1e927b60 (LWP 724) "mfp.afx"):
Thread 191 (Thread 0xffff1ea37b60 (LWP 723) "mfp.afx"):
Thread 190 (Thread 0xffff1f247b60 (LWP 722) "mfp.afx"):
#0  0x0000ffff86552150 in select () from /lib64/libc.so.6
Thread 189 (Thread 0xffff1f457b60 (LWP 721) "mfp.afx"):
Thread 188 (Thread 0xffff1fd65b60 (LWP 720) "mfp.afx"):
#0  0x0000ffff86552150 in select () from /lib64/libc.so.6
Thread 187 (Thread 0xffff1ff75b60 (LWP 719) "mfp.afx"):
Thread 186 (Thread 0xffff20183b60 (LWP 718) "mfp.afx"):
Thread 185 (Thread 0xffff20293b60 (LWP 717) "mfp.afx"):
--- MFP LOG SIZE ---
53131737 /tmp/mfp.log
--- MFP LOG (no wait_for_peer) ---
