UEFI firmware (version edk2-stable202408-prebuilt.qemu.org built at 16:28:50 on Sep 12 2024)
ArmTrngLib could not be correctly initialized.
Error: Image at 000BFDB6000 start failed: 00000001
Error: Image at 000BFD6D000 start failed: Not Found
Error: Image at 000BFCBA000 start failed: Unsupported
Error: Image at 000BFB5E000 start failed: Aborted
Tpm2SubmitCommand - Tcg2 - Not Found
Tpm2GetCapabilityPcrs fail!
Tpm2SubmitCommand - Tcg2 - Not Found
Image type X64 can't be loaded on AARCH64 UEFI system.
[2J[01;01H[=3h[2J[01;01H[2J[01;01H[=3h[2J[01;01HEFI stub: Decompressing Linux Kernel...
EFI stub: Loaded initrd from LINUX_EFI_INITRD_MEDIA_GUID device path
EFI stub: Generating empty DTB
EFI stub: Exiting boot services...
[    0.000000] Booting Linux on physical CPU 0x0000000000 [0x414fd0b1]
[    0.000000] Linux version 6.12.103-0-virt (buildozer@build-3-21-aarch64) (gcc (Alpine 14.2.0) 14.2.0, GNU ld (GNU Binutils) 2.43.1) #1-Alpine SMP PREEMPT_DYNAMIC 2026-08-10 14:25:03
[    0.000000] efi: EFI v2.7 by EDK II
[    0.000000] efi: SMBIOS 3.0=0xbfed0000 MEMATTR=0xbe176018 ACPI 2.0=0xbcb43018 INITRD=0xbcb40f18 MEMRESERVE=0xbcb40f98 
[    0.000000] ACPI: Early table checksum verification disabled
[    0.000000] ACPI: RSDP 0x00000000BCB43018 000024 (v02 BOCHS )
[    0.000000] ACPI: XSDT 0x00000000BCB43F18 000064 (v01 BOCHS  BXPC     00000001      01000013)
[    0.000000] ACPI: FACP 0x00000000BCB43B18 000114 (v06 BOCHS  BXPC     00000001 BXPC 00000001)
[    0.000000] ACPI: DSDT 0x00000000BCB41018 001506 (v02 BOCHS  BXPC     00000001 BXPC 00000001)
[    0.000000] ACPI: APIC 0x00000000BCB43C98 0000FC (v04 BOCHS  BXPC     00000001 BXPC 00000001)
[    0.000000] ACPI: PPTT 0x00000000BCB43E18 000074 (v02 BOCHS  BXPC     00000001 BXPC 00000001)
[    0.000000] ACPI: GTDT 0x00000000BCB43098 000068 (v03 BOCHS  BXPC     00000001 BXPC 00000001)
[    0.000000] ACPI: MCFG 0x00000000BCB43A98 00003C (v01 BOCHS  BXPC     00000001 BXPC 00000001)
[    0.000000] ACPI: SPCR 0x00000000BCB43818 000050 (v02 BOCHS  BXPC     00000001 BXPC 00000001)
[    0.000000] ACPI: DBG2 0x00000000BCB43A18 000057 (v00 BOCHS  BXPC     00000001 BXPC 00000001)
[    0.000000] ACPI: IORT 0x00000000BCB43898 000054 (v05 BOCHS  BXPC     00000001 BXPC 00000001)
[    0.000000] ACPI: SPCR: console: pl011,mmio32,0x9000000,9600
[    0.000000] ACPI: Use ACPI SPCR as default console: Yes
[    0.000000] NUMA: Faking a node at [mem 0x0000000040000000-0x00000000bfffffff]
[    0.000000] NODE_DATA(0) allocated [mem 0xbf855b80-0xbf857fff]
[    0.000000] Zone ranges:
[    0.000000]   DMA      [mem 0x0000000040000000-0x00000000bfffffff]
[    0.000000]   DMA32    empty
[    0.000000]   Normal   empty
[    0.000000] Movable zone start for each node
[    0.000000] Early memory node ranges
[    0.000000]   node   0: [mem 0x0000000040000000-0x00000000bc76ffff]
[    0.000000]   node   0: [mem 0x00000000bc770000-0x00000000bcb3ffff]
[    0.000000]   node   0: [mem 0x00000000bcb40000-0x00000000bfe1ffff]
[    0.000000]   node   0: [mem 0x00000000bfe20000-0x00000000bfeaffff]
[    0.000000]   node   0: [mem 0x00000000bfeb0000-0x00000000bfebffff]
[    0.000000]   node   0: [mem 0x00000000bfec0000-0x00000000bffdffff]
[    0.000000]   node   0: [mem 0x00000000bffe0000-0x00000000bfffffff]
[    0.000000] Initmem setup node 0 [mem 0x0000000040000000-0x00000000bfffffff]
[    0.000000] psci: probing for conduit method from ACPI.
[    0.000000] psci: PSCIv1.1 detected in firmware.
[    0.000000] psci: Using standard PSCI v0.2 function IDs
[    0.000000] psci: Trusted OS migration not required
[    0.000000] psci: SMC Calling Convention v1.0
[    0.000000] percpu: Embedded 33 pages/cpu s96984 r8192 d29992 u135168
[    0.000000] Detected PIPT I-cache on CPU0
[    0.000000] CPU features: detected: Spectre-v4
[    0.000000] CPU features: detected: Spectre-BHB
[    0.000000] CPU features: detected: Broken broadcast TLBI completion
[    0.000000] CPU features: detected: SSBS not fully self-synchronizing
[    0.000000] alternatives: applying boot alternatives
[    0.000000] Kernel command line: root=/dev/vda rw console=ttyAMA0 initrd=initrd
[    0.000000] Dentry cache hash table entries: 262144 (order: 9, 2097152 bytes, linear)
[    0.000000] Inode-cache hash table entries: 131072 (order: 8, 1048576 bytes, linear)
[    0.000000] Fallback order for Node 0: 0 
[    0.000000] Built 1 zonelists, mobility grouping on.  Total pages: 524288
[    0.000000] Policy zone: DMA
[    0.000000] mem auto-init: stack:all(zero), heap alloc:on, heap free:off
[    0.000000] software IO TLB: SWIOTLB bounce buffer size adjusted to 2MB
[    0.000000] software IO TLB: area num 2.
[    0.000000] software IO TLB: mapped [mem 0x00000000bf2b4000-0x00000000bf4b4000] (2MB)
[    0.000000] SLUB: HWalign=64, Order=0-3, MinObjects=0, CPUs=2, Nodes=1
[    0.000000] Dynamic Preempt: none
[    0.000000] rcu: Preemptible hierarchical RCU implementation.
[    0.000000] rcu: 	RCU restricting CPUs from NR_CPUS=4096 to nr_cpu_ids=2.
[    0.000000] 	Trampoline variant of Tasks RCU enabled.
[    0.000000] 	Tracing variant of Tasks RCU enabled.
[    0.000000] rcu: RCU calculated value of scheduler-enlistment delay is 10 jiffies.
[    0.000000] rcu: Adjusting geometry for rcu_fanout_leaf=16, nr_cpu_ids=2
[    0.000000] RCU Tasks: Setting shift to 1 and lim to 1 rcu_task_cb_adjust=1 rcu_task_cpu_ids=2.
[    0.000000] RCU Tasks Trace: Setting shift to 1 and lim to 1 rcu_task_cb_adjust=1 rcu_task_cpu_ids=2.
[    0.000000] NR_IRQS: 64, nr_irqs: 64, preallocated irqs: 0
[    0.000000] Root IRQ handler: gic_handle_irq
[    0.000000] GICv2m: ACPI overriding V2M MSI_TYPER (base:80, num:64)
[    0.000000] GICv2m: range[mem 0x08020000-0x08020fff], SPI[80:143]
[    0.000000] rcu: srcu_init: Setting srcu_struct sizes based on contention.
[    0.000000] clocksource: jiffies: mask: 0xffffffff max_cycles: 0xffffffff, max_idle_ns: 19112604462750000 ns
[    0.000000] arch_timer: cp15 timer(s) running at 62.50MHz (virt).
[    0.000000] clocksource: arch_sys_counter: mask: 0x1ffffffffffffff max_cycles: 0x1cd42e208c, max_idle_ns: 881590405314 ns
[    0.000757] sched_clock: 57 bits at 63MHz, resolution 16ns, wraps every 4398046511096ns
[    0.273442] kfence: initialized - using 2097152 bytes for 255 objects at 0x(____ptrval____)-0x(____ptrval____)
[    0.613784] Console: colour dummy device 80x25
[    0.796094] ACPI: Core revision 20240827
[    0.969773] Calibrating delay loop (skipped), value calculated using timer frequency.. 125.00 BogoMIPS (lpj=625000)
[    1.010223] pid_max: default: 32768 minimum: 301
[    1.655159] LSM: initializing lsm=lockdown,capability,landlock
[    1.973499] landlock: Up and running.
[    2.323363] Mount-cache hash table entries: 4096 (order: 3, 32768 bytes, linear)
[    2.324087] Mountpoint-cache hash table entries: 4096 (order: 3, 32768 bytes, linear)
[    6.274575] rcu: Hierarchical SRCU implementation.
[    6.275261] rcu: 	Max phase no-delay instances is 1000.
[    6.383032] Timer migration: 1 hierarchy levels; 8 children per group; 1 crossnode level
[    6.588766] Remapping and enabling EFI services.
[    6.734552] smp: Bringing up secondary CPUs ...
[    7.028599] Detected PIPT I-cache on CPU1
[    7.059900] CPU1: Booted secondary processor 0x0000000001 [0x414fd0b1]
[    7.273852] smp: Brought up 1 node, 2 CPUs
[    7.274338] SMP: Total of 2 processors activated.
[    7.274777] CPU: All CPU(s) started at EL1
[    7.291193] CPU features: detected: 32-bit EL0 Support
[    7.291859] CPU features: detected: Data cache clean to the PoU not required for I/D coherence
[    7.292315] CPU features: detected: Common not Private translations
[    7.292369] CPU features: detected: CRC32 instructions
[    7.294063] CPU features: detected: RCpc load-acquire (LDAPR)
[    7.294474] CPU features: detected: LSE atomic instructions
[    7.294533] CPU features: detected: Privileged Access Never
[    7.294579] CPU features: detected: RAS Extension Support
[    7.294965] CPU features: detected: Speculative Store Bypassing Safe (SSBS)
[    7.939183] alternatives: applying system-wide alternatives
[    8.532573] CPU features: detected: Hardware dirty bit management on CPU0-1
[   10.379007] Memory: 2003384K/2097152K available (12608K kernel code, 1950K rwdata, 7812K rodata, 1920K init, 9305K bss, 89464K reserved, 0K cma-reserved)
[   12.031641] devtmpfs: initialized
[   12.827728] futex hash table entries: 512 (order: 3, 32768 bytes, linear)
[   12.858057] 24304 pages in range for non-PLT usage
[   12.858730] 515824 pages in range for PLT usage
[   13.027251] pinctrl core: initialized pinctrl subsystem
[   13.355038] SMBIOS 3.0.0 present.
[   13.450985] DMI: QEMU QEMU Virtual Machine, BIOS edk2-stable202408-prebuilt.qemu.org 08/13/2024
[   13.485742] DMI: Memory slots populated: 1/1
[   14.435233] NET: Registered PF_NETLINK/PF_ROUTE protocol family
[   14.884777] DMA: preallocated 256 KiB GFP_KERNEL pool for atomic allocations
[   14.891100] DMA: preallocated 256 KiB GFP_KERNEL|GFP_DMA pool for atomic allocations
[   14.895099] DMA: preallocated 256 KiB GFP_KERNEL|GFP_DMA32 pool for atomic allocations
[   14.901723] audit: initializing netlink subsys (disabled)
[   15.036663] audit: type=2000 audit(4.690:1): state=initialized audit_enabled=0 res=1
[   15.310119] thermal_sys: Registered thermal governor 'step_wise'
[   15.563533] cpuidle: using governor ladder
[   15.566901] cpuidle: using governor menu
[   15.705189] hw-breakpoint: found 6 breakpoint and 4 watchpoint registers.
[   15.737181] ASID allocator initialised with 65536 entries
[   15.772673] acpiphp: ACPI Hot Plug PCI Controller Driver version: 0.5
[   15.921321] Serial: AMBA PL011 UART driver
[   16.934163] HugeTLB: registered 1.00 GiB page size, pre-allocated 0 pages
[   16.934665] HugeTLB: 0 KiB vmemmap can be freed for a 1.00 GiB page
[   16.934913] HugeTLB: registered 32.0 MiB page size, pre-allocated 0 pages
[   16.934970] HugeTLB: 0 KiB vmemmap can be freed for a 32.0 MiB page
[   16.935033] HugeTLB: registered 2.00 MiB page size, pre-allocated 0 pages
[   16.935074] HugeTLB: 0 KiB vmemmap can be freed for a 2.00 MiB page
[   16.935131] HugeTLB: registered 64.0 KiB page size, pre-allocated 0 pages
[   16.935169] HugeTLB: 0 KiB vmemmap can be freed for a 64.0 KiB page
[   18.234233] ACPI: Added _OSI(Module Device)
[   18.290694] ACPI: Added _OSI(Processor Device)
[   18.290848] ACPI: Added _OSI(Processor Aggregator Device)
[   19.344731] ACPI: 1 ACPI AML tables successfully acquired and loaded
[   22.431605] ACPI: Interpreter enabled
[   22.431989] ACPI: Using GIC for interrupt routing
[   22.514215] ACPI: MCFG table detected, 1 entries
[   27.042295] ACPI: CPU0 has been hot-added
[   27.227763] ACPI: CPU1 has been hot-added
[   28.657496] ARMH0011:00: ttyAMA0 at MMIO 0x9000000 (irq = 12, base_baud = 0) is a SBSA
[   30.071163] printk: legacy console [ttyAMA0] enabled
[   33.097775] ACPI: PCI: Interrupt link L000 configured for IRQ 35
[   33.107661] ACPI: PCI: Interrupt link L001 configured for IRQ 36
[   33.110476] ACPI: PCI: Interrupt link L002 configured for IRQ 37
[   33.112776] ACPI: PCI: Interrupt link L003 configured for IRQ 38
[   33.277500] ACPI: PCI Root Bridge [PCI0] (domain 0000 [bus 00-ff])
[   33.490736] acpi PNP0A08:00: _OSC: OS supports [ExtendedConfig ASPM ClockPM Segments MSI HPX-Type3]
[   33.809419] acpi PNP0A08:00: _OSC: platform does not support [LTR]
[   33.880278] acpi PNP0A08:00: _OSC: OS now controls [PCIeHotplug PME PCIeCapability]
[   33.987758] acpi PNP0A08:00: ECAM area [mem 0x4010000000-0x401fffffff] reserved by PNP0C02:00
[   34.016223] acpi PNP0A08:00: ECAM at [mem 0x4010000000-0x401fffffff] for [bus 00-ff]
[   34.092132] ACPI: Remapped I/O 0x000000003eff0000 to [io  0x0000-0xffff window]
[   34.372258] PCI host bridge to bus 0000:00
[   34.384631] pci_bus 0000:00: root bus resource [mem 0x10000000-0x3efeffff window]
[   34.387328] pci_bus 0000:00: root bus resource [io  0x0000-0xffff window]
[   34.389159] pci_bus 0000:00: root bus resource [mem 0x8000000000-0xffffffffff window]
[   34.566232] pci_bus 0000:00: root bus resource [bus 00-ff]
[   35.289650] pci 0000:00:00.0: [1b36:0008] type 00 class 0x060000 conventional PCI endpoint
[   35.520983] pci 0000:00:01.0: [8086:100e] type 00 class 0x020000 conventional PCI endpoint
[   35.538825] pci 0000:00:01.0: BAR 0 [mem 0x10040000-0x1005ffff]
[   35.545614] pci 0000:00:01.0: BAR 1 [io  0x0080-0x00bf]
[   35.548159] pci 0000:00:01.0: ROM [mem 0xfffc0000-0xffffffff pref]
[   35.579592] pci 0000:00:02.0: [1af4:1001] type 00 class 0x010000 conventional PCI endpoint
[   35.582271] pci 0000:00:02.0: BAR 0 [io  0x0000-0x007f]
[   35.583982] pci 0000:00:02.0: BAR 1 [mem 0x10060000-0x10060fff]
[   35.630772] pci 0000:00:02.0: BAR 4 [mem 0x8000000000-0x8000003fff 64bit pref]
[   35.783167] pci 0000:00:01.0: ROM [mem 0x10000000-0x1003ffff pref]: assigned
[   35.801657] pci 0000:00:01.0: BAR 0 [mem 0x10040000-0x1005ffff]: assigned
[   35.805262] pci 0000:00:02.0: BAR 4 [mem 0x8000000000-0x8000003fff 64bit pref]: assigned
[   35.842903] pci 0000:00:02.0: BAR 1 [mem 0x10060000-0x10060fff]: assigned
[   35.849673] pci 0000:00:02.0: BAR 0 [io  0x1000-0x107f]: assigned
[   35.851938] pci 0000:00:01.0: BAR 1 [io  0x1080-0x10bf]: assigned
[   35.859900] pci_bus 0000:00: resource 4 [mem 0x10000000-0x3efeffff window]
[   35.866718] pci_bus 0000:00: resource 5 [io  0x0000-0xffff window]
[   35.904378] pci_bus 0000:00: resource 6 [mem 0x8000000000-0xffffffffff window]
[   36.059903] iommu: Default domain type: Translated
[   36.061911] iommu: DMA domain TLB invalidation policy: lazy mode
[   36.802214] efivars: Registered efivars operations
[   37.573202] clocksource: Switched to clocksource arch_sys_counter
[   38.565071] VFS: Disk quotas dquot_6.6.0
[   38.572206] VFS: Dquot-cache hash table entries: 512 (order 0, 4096 bytes)
[   38.703576] pnp: PnP ACPI init
[   38.822232] system 00:00: [mem 0x4010000000-0x401fffffff window] could not be reserved
[   38.832935] pnp: PnP ACPI: found 1 devices
[   41.482448] NET: Registered PF_INET protocol family
[   41.621447] IP idents hash table entries: 32768 (order: 6, 262144 bytes, linear)
[   45.008188] hrtimer: interrupt took 111876800 ns
[   49.015695] tcp_listen_portaddr_hash hash table entries: 1024 (order: 2, 16384 bytes, linear)
[   49.026553] Table-perturb hash table entries: 65536 (order: 6, 262144 bytes, linear)
[   50.267458] TCP established hash table entries: 16384 (order: 5, 131072 bytes, linear)
[   50.407414] TCP bind hash table entries: 16384 (order: 7, 524288 bytes, linear)
[   50.431398] TCP: Hash tables configured (established 16384 bind 16384)
[   51.069156] MPTCP token hash table entries: 2048 (order: 4, 49152 bytes, linear)
[   51.127096] UDP hash table entries: 1024 (order: 3, 32768 bytes, linear)
[   51.247019] UDP-Lite hash table entries: 1024 (order: 3, 32768 bytes, linear)
[   51.517797] NET: Registered PF_UNIX/PF_LOCAL protocol family
[   51.556345] NET: Registered PF_XDP protocol family
[   51.570216] PCI: CLS 0 bytes, default 64
[   51.820169] kvm [1]: HYP mode not available
[   52.224367] Initialise system trusted keyrings
[   52.306136] Unpacking initramfs...
[   52.770965] workingset: timestamp_bits=44 max_order=19 bucket_order=0
[   56.012222] Key type asymmetric registered
[   56.135803] Asymmetric key parser 'x509' registered
[   56.153904] Block layer SCSI generic (bsg) driver version 0.4 loaded (major 249)
[   56.238723] io scheduler mq-deadline registered
[   56.309830] io scheduler kyber registered
[   56.318042] io scheduler bfq registered
[   58.533264] ACPI: \_SB_.L002: Enabled at IRQ 37
[   58.594505] virtio-pci 0000:00:02.0: enabling device (0000 -> 0003)
[   59.060562] Serial: 8250/16550 driver, 4 ports, IRQ sharing enabled
[   60.360079] hv_vmbus: registering driver hyperv_keyboard
[   61.056196] rtc-efi rtc-efi.0: registered as rtc0
[   61.209300] rtc-efi rtc-efi.0: setting system clock to 2026-08-26T05:50:24 UTC (1787723424)
[   61.440093] NET: Registered PF_INET6 protocol family
[   62.450423] Segment Routing with IPv6
[   62.456357] In-situ OAM (IOAM) with IPv6
[   65.930006] registered taskstats version 1
[   66.077725] Loading compiled-in X.509 certificates
[   74.646996] Freeing initrd memory: 5268K
[   82.877309] Loaded X.509 cert 'alpinelinux.org: Alpine Linux kernel key: 87fa969a47f3e2a6aa35859eb932a17c95abcd82'
[   86.052399] Demotion targets for Node 0: null
[   86.168213] Key type .fscrypt registered
[   86.172702] Key type fscrypt-provisioning registered
[   92.034222] clk: Disabling unused clocks
[   92.045068] PM: genpd: Disabling unused power domains
[   96.709730] Freeing unused kernel memory: 1920K
[   96.769598] Run /init as init process
[  111.076100] Alpine Init 3.11.1-r0
Alpine Init 3.11.1-r0
[  111.629809] Loading boot drivers...
 * Loading boot drivers: [  117.609323] Loading boot drivers: ok.
ok.
SIMBOOT: kernel=6.12.103-0-virt
[  121.762432] Invalid ELF header magic: != ELF
[  125.136895] virtio_blk virtio0: 2/0/0 default/read/poll queues
[  126.795955] virtio_blk virtio0: [vda] 1411072 512-byte logical blocks (722 MB/689 MiB)
[  128.962020] Invalid ELF header magic: != ELF
[  130.394274] Invalid ELF header magic: != ELF
[  133.481264] Invalid ELF header magic: != ELF
[  135.703483] Invalid ELF header magic: != ELF
[  138.319003] Invalid ELF header magic: != ELF
[  146.442022] Invalid ELF header magic: != ELF
[  147.641804] e1000: Intel(R) PRO/1000 Network Driver
[  147.643691] e1000: Copyright (c) 1999-2006 Intel Corporation.
[  147.694316] ACPI: \_SB_.L001: Enabled at IRQ 36
[  147.701020] e1000 0000:00:01.0: enabling device (0000 -> 0003)
[  150.732599] e1000 0000:00:01.0 eth0: (PCI:33MHz:32-bit) 52:54:00:12:34:56
[  150.887195] e1000 0000:00:01.0 eth0: Intel(R) PRO/1000 Network Connection
Module                  Size  Used by    Not tainted
e1000                 163840  0 
ext4                  929792  0 
jbd2                  172032  1 ext4
mbcache                20480  1 ext4
crc32c_generic         12288  0 
crc16                  12288  1 ext4
virtio_blk             24576  0 
[  157.639616] EXT4-fs (vda): mounted filesystem 1799a7eb-09df-4b80-8c57-0424de58e445 r/w with ordered data mode. Quota mode: none.
SIMBOOT: root mounted rw, running real mfp.afx with binder stub
[  205.204007] e1000: eth0 NIC Link is Up 1000 Mbps Full Duplex, Flow Control: RX
MFP_PID=463
--- POLL 1: N=1 ---
--- POLL 2: N=11 ---
[  294.756813] random: crng init done
--- POLL 3: N=11 ---
--- POLL 4: N=11 ---
[Inferior 1 (process 463) detached]
--- BT@POLL4 ---
[New LWP 479]
[New LWP 480]
[New LWP 481]
[New LWP 482]
[New LWP 483]
[New LWP 484]
[New LWP 485]
[Inferior 1 (process 463) detached]
--- POLL 5: N=11 ---
[Inferior 1 (process 463) detached]
--- POLL 6: N=11 ---
[Inferior 1 (process 463) detached]
--- POLL 7: N=11 ---
[Inferior 1 (process 463) detached]
--- POLL 8: N=11 ---
[Inferior 1 (process 463) detached]
--- BT@POLL8 ---
[New LWP 479]
[New LWP 480]
[New LWP 481]
[New LWP 482]
[New LWP 483]
[New LWP 484]
[New LWP 485]
[Inferior 1 (process 463) detached]
--- POLL 9: N=11 ---
[Inferior 1 (process 463) detached]
--- POLL 10: N=11 ---
[Inferior 1 (process 463) detached]
--- POLL 11: N=11 ---
[Inferior 1 (process 463) detached]
--- POLL 12: N=11 ---
[Inferior 1 (process 463) detached]
--- BT@POLL12 ---
[New LWP 479]
[New LWP 480]
[New LWP 481]
[New LWP 482]
[New LWP 483]
[New LWP 484]
[New LWP 485]
[Inferior 1 (process 463) detached]
--- POLL 13: N=11 ---
[Inferior 1 (process 463) detached]
--- POLL 14: N=11 ---
[Inferior 1 (process 463) detached]
--- POLL 15: N=11 ---
[Inferior 1 (process 463) detached]
--- ALIVE ---
11
--- LISTEN TCP ---
  sl  local_address rem_address   st tx_queue rx_queue tr tm->when retrnsmt   uid  timeout inode                                                     
--- HANDLES(corrected) ---
[New LWP 479]
[New LWP 480]
[New LWP 481]
[New LWP 482]
[New LWP 483]
[New LWP 484]
[New LWP 485]
[Inferior 1 (process 463) detached]
--- MAIN BT ---
[New LWP 475]
[New LWP 476]
[New LWP 478]
[New LWP 479]
[New LWP 480]
[New LWP 481]
[New LWP 482]
[New LWP 483]
[New LWP 484]
[New LWP 485]
[Inferior 1 (process 463) detached]
--- FUNC DIST ---
BT=47
      3 read
      2 epoll_pwait
      2 ??
      1 write
      1 socket
      1 fsync
      1 clock_nanosleep
--- PORT913X THREADS ---
--- SERVER THREAD ---
--- LPD LOG ---
--- INJECT TEST (busybox nc) ---
ls: cannot access '/bin/nc': No such file or directory
ls: cannot access '/usr/bin/nc': No such file or directory
-rwsr-xr-x 1 root root 820672 Aug 14 10:17 /bin/busybox
telnet
READY FOR INJECT
