UEFI firmware (version edk2-stable202408-prebuilt.qemu.org built at 16:28:50 on Sep 12 2024)
ArmTrngLib could not be correctly initialized.
Error: Image at 0013FDB6000 start failed: 00000001
Error: Image at 0013FD6D000 start failed: Not Found
Error: Image at 0013FCBA000 start failed: Unsupported
Error: Image at 0013FB5E000 start failed: Aborted
Tpm2SubmitCommand - Tcg2 - Not Found
Tpm2GetCapabilityPcrs fail!
Tpm2SubmitCommand - Tcg2 - Not Found
Image type X64 can't be loaded on AARCH64 UEFI system.
[2J[01;01H[=3h[2J[01;01H[2J[01;01H[=3h[2J[01;01HEFI stub: Decompressing Linux Kernel...
EFI stub: Loaded initrd from LINUX_EFI_INITRD_MEDIA_GUID device path
EFI stub: Generating empty DTB
EFI stub: Exiting boot services...
[    0.000000] Booting Linux on physical CPU 0x0000000000 [0x414fd0b1]
[    0.000000] Linux version 6.12.103-0-virt (buildozer@build-3-21-aarch64) (gcc (Alpine 14.2.0) 14.2.0, GNU ld (GNU Binutils) 2.43.1) #1-Alpine SMP PREEMPT_DYNAMIC 2026-08-10 14:25:03
[    0.000000] efi: EFI v2.7 by EDK II
[    0.000000] efi: SMBIOS 3.0=0x13fed0000 MEMATTR=0x13e176018 ACPI 2.0=0x13cb43018 INITRD=0x13cb40f18 MEMRESERVE=0x13cb40f98 
[    0.000000] ACPI: Early table checksum verification disabled
[    0.000000] ACPI: RSDP 0x000000013CB43018 000024 (v02 BOCHS )
[    0.000000] ACPI: XSDT 0x000000013CB43F18 000064 (v01 BOCHS  BXPC     00000001      01000013)
[    0.000000] ACPI: FACP 0x000000013CB43B18 000114 (v06 BOCHS  BXPC     00000001 BXPC 00000001)
[    0.000000] ACPI: DSDT 0x000000013CB41018 001506 (v02 BOCHS  BXPC     00000001 BXPC 00000001)
[    0.000000] ACPI: APIC 0x000000013CB43C98 0000FC (v04 BOCHS  BXPC     00000001 BXPC 00000001)
[    0.000000] ACPI: PPTT 0x000000013CB43E18 000074 (v02 BOCHS  BXPC     00000001 BXPC 00000001)
[    0.000000] ACPI: GTDT 0x000000013CB43098 000068 (v03 BOCHS  BXPC     00000001 BXPC 00000001)
[    0.000000] ACPI: MCFG 0x000000013CB43A98 00003C (v01 BOCHS  BXPC     00000001 BXPC 00000001)
[    0.000000] ACPI: SPCR 0x000000013CB43818 000050 (v02 BOCHS  BXPC     00000001 BXPC 00000001)
[    0.000000] ACPI: DBG2 0x000000013CB43A18 000057 (v00 BOCHS  BXPC     00000001 BXPC 00000001)
[    0.000000] ACPI: IORT 0x000000013CB43898 000054 (v05 BOCHS  BXPC     00000001 BXPC 00000001)
[    0.000000] ACPI: SPCR: console: pl011,mmio32,0x9000000,9600
[    0.000000] ACPI: Use ACPI SPCR as default console: Yes
[    0.000000] NUMA: Faking a node at [mem 0x0000000040000000-0x000000013fffffff]
[    0.000000] NODE_DATA(0) allocated [mem 0x13f453b80-0x13f455fff]
[    0.000000] Zone ranges:
[    0.000000]   DMA      [mem 0x0000000040000000-0x00000000ffffffff]
[    0.000000]   DMA32    empty
[    0.000000]   Normal   [mem 0x0000000100000000-0x000000013fffffff]
[    0.000000] Movable zone start for each node
[    0.000000] Early memory node ranges
[    0.000000]   node   0: [mem 0x0000000040000000-0x000000013c76ffff]
[    0.000000]   node   0: [mem 0x000000013c770000-0x000000013cb3ffff]
[    0.000000]   node   0: [mem 0x000000013cb40000-0x000000013fe1ffff]
[    0.000000]   node   0: [mem 0x000000013fe20000-0x000000013feaffff]
[    0.000000]   node   0: [mem 0x000000013feb0000-0x000000013febffff]
[    0.000000]   node   0: [mem 0x000000013fec0000-0x000000013ffdffff]
[    0.000000]   node   0: [mem 0x000000013ffe0000-0x000000013fffffff]
[    0.000000] Initmem setup node 0 [mem 0x0000000040000000-0x000000013fffffff]
[    0.000000] psci: probing for conduit method from ACPI.
[    0.000000] psci: PSCIv1.1 detected in firmware.
[    0.000000] psci: Using standard PSCI v0.2 function IDs
[    0.000000] psci: Trusted OS migration not required
[    0.000000] psci: SMC Calling Convention v1.0
[    0.000000] percpu: Embedded 33 pages/cpu s96984 r8192 d29992 u135168
[    0.000000] Detected PIPT I-cache on CPU0
[    0.000000] CPU features: detected: Spectre-v4
[    0.000000] CPU features: detected: Spectre-BHB
[    0.000000] CPU features: detected: Broken broadcast TLBI completion
[    0.000000] CPU features: detected: SSBS not fully self-synchronizing
[    0.000000] alternatives: applying boot alternatives
[    0.000000] Kernel command line: root=/dev/vda rw console=ttyAMA0 initrd=initrd
[    0.000000] Dentry cache hash table entries: 524288 (order: 10, 4194304 bytes, linear)
[    0.000000] Inode-cache hash table entries: 262144 (order: 9, 2097152 bytes, linear)
[    0.000000] Fallback order for Node 0: 0 
[    0.000000] Built 1 zonelists, mobility grouping on.  Total pages: 1048576
[    0.000000] Policy zone: Normal
[    0.000000] mem auto-init: stack:all(zero), heap alloc:on, heap free:off
[    0.000000] software IO TLB: area num 2.
[    0.000000] software IO TLB: mapped [mem 0x00000000fbfff000-0x00000000fffff000] (64MB)
[    0.000000] SLUB: HWalign=64, Order=0-3, MinObjects=0, CPUs=2, Nodes=1
[    0.000000] Dynamic Preempt: none
[    0.000000] rcu: Preemptible hierarchical RCU implementation.
[    0.000000] rcu: 	RCU restricting CPUs from NR_CPUS=4096 to nr_cpu_ids=2.
[    0.000000] 	Trampoline variant of Tasks RCU enabled.
[    0.000000] 	Tracing variant of Tasks RCU enabled.
[    0.000000] rcu: RCU calculated value of scheduler-enlistment delay is 10 jiffies.
[    0.000000] rcu: Adjusting geometry for rcu_fanout_leaf=16, nr_cpu_ids=2
[    0.000000] RCU Tasks: Setting shift to 1 and lim to 1 rcu_task_cb_adjust=1 rcu_task_cpu_ids=2.
[    0.000000] RCU Tasks Trace: Setting shift to 1 and lim to 1 rcu_task_cb_adjust=1 rcu_task_cpu_ids=2.
[    0.000000] NR_IRQS: 64, nr_irqs: 64, preallocated irqs: 0
[    0.000000] Root IRQ handler: gic_handle_irq
[    0.000000] GICv2m: ACPI overriding V2M MSI_TYPER (base:80, num:64)
[    0.000000] GICv2m: range[mem 0x08020000-0x08020fff], SPI[80:143]
[    0.000000] rcu: srcu_init: Setting srcu_struct sizes based on contention.
[    0.000000] clocksource: jiffies: mask: 0xffffffff max_cycles: 0xffffffff, max_idle_ns: 19112604462750000 ns
[    0.000000] arch_timer: cp15 timer(s) running at 62.50MHz (virt).
[    0.000000] clocksource: arch_sys_counter: mask: 0x1ffffffffffffff max_cycles: 0x1cd42e208c, max_idle_ns: 881590405314 ns
[    0.000151] sched_clock: 57 bits at 63MHz, resolution 16ns, wraps every 4398046511096ns
[    0.009474] kfence: initialized - using 2097152 bytes for 255 objects at 0x(____ptrval____)-0x(____ptrval____)
[    0.022060] Console: colour dummy device 80x25
[    0.027492] ACPI: Core revision 20240827
[    0.033965] Calibrating delay loop (skipped), value calculated using timer frequency.. 125.00 BogoMIPS (lpj=625000)
[    0.034159] pid_max: default: 32768 minimum: 301
[    0.043334] LSM: initializing lsm=lockdown,capability,landlock
[    0.047368] landlock: Up and running.
[    0.053304] Mount-cache hash table entries: 8192 (order: 4, 65536 bytes, linear)
[    0.054254] Mountpoint-cache hash table entries: 8192 (order: 4, 65536 bytes, linear)
[    0.146150] rcu: Hierarchical SRCU implementation.
[    0.146267] rcu: 	Max phase no-delay instances is 1000.
[    0.149871] Timer migration: 1 hierarchy levels; 8 children per group; 1 crossnode level
[    0.159873] Remapping and enabling EFI services.
[    0.166195] smp: Bringing up secondary CPUs ...
[    0.177194] Detected PIPT I-cache on CPU1
[    0.179018] CPU1: Booted secondary processor 0x0000000001 [0x414fd0b1]
[    0.189784] smp: Brought up 1 node, 2 CPUs
[    0.189899] SMP: Total of 2 processors activated.
[    0.189993] CPU: All CPU(s) started at EL1
[    0.190477] CPU features: detected: 32-bit EL0 Support
[    0.190597] CPU features: detected: Data cache clean to the PoU not required for I/D coherence
[    0.190690] CPU features: detected: Common not Private translations
[    0.190702] CPU features: detected: CRC32 instructions
[    0.191102] CPU features: detected: RCpc load-acquire (LDAPR)
[    0.191188] CPU features: detected: LSE atomic instructions
[    0.191202] CPU features: detected: Privileged Access Never
[    0.191244] CPU features: detected: RAS Extension Support
[    0.191332] CPU features: detected: Speculative Store Bypassing Safe (SSBS)
[    0.219621] alternatives: applying system-wide alternatives
[    0.248804] CPU features: detected: Hardware dirty bit management on CPU0-1
[    0.283583] Memory: 3995976K/4194304K available (12608K kernel code, 1950K rwdata, 7812K rodata, 1920K init, 9305K bss, 193644K reserved, 0K cma-reserved)
[    0.380237] devtmpfs: initialized
[    0.425828] futex hash table entries: 512 (order: 3, 32768 bytes, linear)
[    0.427365] 24304 pages in range for non-PLT usage
[    0.427478] 515824 pages in range for PLT usage
[    0.434662] pinctrl core: initialized pinctrl subsystem
[    0.446833] SMBIOS 3.0.0 present.
[    0.447345] DMI: QEMU QEMU Virtual Machine, BIOS edk2-stable202408-prebuilt.qemu.org 08/13/2024
[    0.447734] DMI: Memory slots populated: 1/1
[    0.493144] NET: Registered PF_NETLINK/PF_ROUTE protocol family
[    0.527156] DMA: preallocated 512 KiB GFP_KERNEL pool for atomic allocations
[    0.528990] DMA: preallocated 512 KiB GFP_KERNEL|GFP_DMA pool for atomic allocations
[    0.530343] DMA: preallocated 512 KiB GFP_KERNEL|GFP_DMA32 pool for atomic allocations
[    0.531150] audit: initializing netlink subsys (disabled)
[    0.546135] audit: type=2000 audit(0.320:1): state=initialized audit_enabled=0 res=1
[    0.574788] thermal_sys: Registered thermal governor 'step_wise'
[    0.579959] cpuidle: using governor ladder
[    0.581434] cpuidle: using governor menu
[    0.589469] hw-breakpoint: found 6 breakpoint and 4 watchpoint registers.
[    0.591634] ASID allocator initialised with 65536 entries
[    0.592901] acpiphp: ACPI Hot Plug PCI Controller Driver version: 0.5
[    0.599324] Serial: AMBA PL011 UART driver
[    0.629668] HugeTLB: registered 1.00 GiB page size, pre-allocated 0 pages
[    0.629728] HugeTLB: 0 KiB vmemmap can be freed for a 1.00 GiB page
[    0.629754] HugeTLB: registered 32.0 MiB page size, pre-allocated 0 pages
[    0.629764] HugeTLB: 0 KiB vmemmap can be freed for a 32.0 MiB page
[    0.629776] HugeTLB: registered 2.00 MiB page size, pre-allocated 0 pages
[    0.629786] HugeTLB: 0 KiB vmemmap can be freed for a 2.00 MiB page
[    0.629798] HugeTLB: registered 64.0 KiB page size, pre-allocated 0 pages
[    0.629808] HugeTLB: 0 KiB vmemmap can be freed for a 64.0 KiB page
[    0.824351] ACPI: Added _OSI(Module Device)
[    0.824442] ACPI: Added _OSI(Processor Device)
[    0.824457] ACPI: Added _OSI(Processor Aggregator Device)
[    0.865774] ACPI: 1 ACPI AML tables successfully acquired and loaded
[    0.946207] ACPI: Interpreter enabled
[    0.946286] ACPI: Using GIC for interrupt routing
[    0.947474] ACPI: MCFG table detected, 1 entries
[    1.045392] ACPI: CPU0 has been hot-added
[    1.047472] ACPI: CPU1 has been hot-added
[    1.090257] ARMH0011:00: ttyAMA0 at MMIO 0x9000000 (irq = 12, base_baud = 0) is a SBSA
[    1.093132] printk: legacy console [ttyAMA0] enabled
[    1.210568] ACPI: PCI: Interrupt link L000 configured for IRQ 35
[    1.211424] ACPI: PCI: Interrupt link L001 configured for IRQ 36
[    1.211873] ACPI: PCI: Interrupt link L002 configured for IRQ 37
[    1.212278] ACPI: PCI: Interrupt link L003 configured for IRQ 38
[    1.213478] ACPI: PCI Root Bridge [PCI0] (domain 0000 [bus 00-ff])
[    1.217088] acpi PNP0A08:00: _OSC: OS supports [ExtendedConfig ASPM ClockPM Segments MSI HPX-Type3]
[    1.229487] acpi PNP0A08:00: _OSC: platform does not support [LTR]
[    1.231341] acpi PNP0A08:00: _OSC: OS now controls [PCIeHotplug PME PCIeCapability]
[    1.236436] acpi PNP0A08:00: ECAM area [mem 0x4010000000-0x401fffffff] reserved by PNP0C02:00
[    1.244035] acpi PNP0A08:00: ECAM at [mem 0x4010000000-0x401fffffff] for [bus 00-ff]
[    1.246651] ACPI: Remapped I/O 0x000000003eff0000 to [io  0x0000-0xffff window]
[    1.259330] PCI host bridge to bus 0000:00
[    1.260900] pci_bus 0000:00: root bus resource [mem 0x10000000-0x3efeffff window]
[    1.261438] pci_bus 0000:00: root bus resource [io  0x0000-0xffff window]
[    1.261807] pci_bus 0000:00: root bus resource [mem 0x8000000000-0xffffffffff window]
[    1.262477] pci_bus 0000:00: root bus resource [bus 00-ff]
[    1.266047] pci 0000:00:00.0: [1b36:0008] type 00 class 0x060000 conventional PCI endpoint
[    1.281745] pci 0000:00:01.0: [8086:100e] type 00 class 0x020000 conventional PCI endpoint
[    1.282778] pci 0000:00:01.0: BAR 0 [mem 0x10040000-0x1005ffff]
[    1.283274] pci 0000:00:01.0: BAR 1 [io  0x0080-0x00bf]
[    1.283752] pci 0000:00:01.0: ROM [mem 0xfffc0000-0xffffffff pref]
[    1.286220] pci 0000:00:02.0: [1af4:1001] type 00 class 0x010000 conventional PCI endpoint
[    1.289602] pci 0000:00:02.0: BAR 0 [io  0x0000-0x007f]
[    1.289997] pci 0000:00:02.0: BAR 1 [mem 0x10060000-0x10060fff]
[    1.290451] pci 0000:00:02.0: BAR 4 [mem 0x8000000000-0x8000003fff 64bit pref]
[    1.295681] pci 0000:00:01.0: ROM [mem 0x10000000-0x1003ffff pref]: assigned
[    1.296484] pci 0000:00:01.0: BAR 0 [mem 0x10040000-0x1005ffff]: assigned
[    1.297142] pci 0000:00:02.0: BAR 4 [mem 0x8000000000-0x8000003fff 64bit pref]: assigned
[    1.297799] pci 0000:00:02.0: BAR 1 [mem 0x10060000-0x10060fff]: assigned
[    1.298161] pci 0000:00:02.0: BAR 0 [io  0x1000-0x107f]: assigned
[    1.298538] pci 0000:00:01.0: BAR 1 [io  0x1080-0x10bf]: assigned
[    1.299346] pci_bus 0000:00: resource 4 [mem 0x10000000-0x3efeffff window]
[    1.299751] pci_bus 0000:00: resource 5 [io  0x0000-0xffff window]
[    1.300051] pci_bus 0000:00: resource 6 [mem 0x8000000000-0xffffffffff window]
[    1.311545] iommu: Default domain type: Translated
[    1.311958] iommu: DMA domain TLB invalidation policy: lazy mode
[    1.331374] efivars: Registered efivars operations
[    1.368530] clocksource: Switched to clocksource arch_sys_counter
[    1.384934] VFS: Disk quotas dquot_6.6.0
[    1.385667] VFS: Dquot-cache hash table entries: 512 (order 0, 4096 bytes)
[    1.395464] pnp: PnP ACPI init
[    1.401206] system 00:00: [mem 0x4010000000-0x401fffffff window] could not be reserved
[    1.402306] pnp: PnP ACPI: found 1 devices
[    1.460511] NET: Registered PF_INET protocol family
[    1.464043] IP idents hash table entries: 65536 (order: 7, 524288 bytes, linear)
[    1.564669] tcp_listen_portaddr_hash hash table entries: 2048 (order: 3, 32768 bytes, linear)
[    1.565293] Table-perturb hash table entries: 65536 (order: 6, 262144 bytes, linear)
[    1.565882] TCP established hash table entries: 32768 (order: 6, 262144 bytes, linear)
[    1.567235] TCP bind hash table entries: 32768 (order: 8, 1048576 bytes, linear)
[    1.568879] TCP: Hash tables configured (established 32768 bind 32768)
[    1.575239] MPTCP token hash table entries: 4096 (order: 5, 98304 bytes, linear)
[    1.576684] UDP hash table entries: 2048 (order: 4, 65536 bytes, linear)
[    1.577600] UDP-Lite hash table entries: 2048 (order: 4, 65536 bytes, linear)
[    1.581309] NET: Registered PF_UNIX/PF_LOCAL protocol family
[    1.582253] NET: Registered PF_XDP protocol family
[    1.582947] PCI: CLS 0 bytes, default 64
[    1.592381] kvm [1]: HYP mode not available
[    1.595215] Unpacking initramfs...
[    1.600029] Initialise system trusted keyrings
[    1.612152] workingset: timestamp_bits=44 max_order=20 bucket_order=0
[    1.728844] Key type asymmetric registered
[    1.729257] Asymmetric key parser 'x509' registered
[    1.730117] Block layer SCSI generic (bsg) driver version 0.4 loaded (major 249)
[    1.732800] io scheduler mq-deadline registered
[    1.733135] io scheduler kyber registered
[    1.733734] io scheduler bfq registered
[    1.773245] ACPI: \_SB_.L002: Enabled at IRQ 37
[    1.775113] virtio-pci 0000:00:02.0: enabling device (0000 -> 0003)
[    1.788410] Serial: 8250/16550 driver, 4 ports, IRQ sharing enabled
[    1.823586] hv_vmbus: registering driver hyperv_keyboard
[    1.834001] rtc-efi rtc-efi.0: registered as rtc0
[    1.840347] rtc-efi rtc-efi.0: setting system clock to 2026-09-02T09:53:18 UTC (1788342798)
[    1.846856] NET: Registered PF_INET6 protocol family
[    1.874751] Segment Routing with IPv6
[    1.875615] In-situ OAM (IOAM) with IPv6
[    1.951451] registered taskstats version 1
[    1.960887] Loading compiled-in X.509 certificates
[    1.978746] Freeing initrd memory: 5268K
[    2.244098] Loaded X.509 cert 'alpinelinux.org: Alpine Linux kernel key: 87fa969a47f3e2a6aa35859eb932a17c95abcd82'
[    2.283783] Demotion targets for Node 0: null
[    2.289468] Key type .fscrypt registered
[    2.289834] Key type fscrypt-provisioning registered
[    2.352889] clk: Disabling unused clocks
[    2.355358] PM: genpd: Disabling unused power domains
[    2.459358] Freeing unused kernel memory: 1920K
[    2.463880] Run /init as init process
[    2.765928] Alpine Init 3.11.1-r0
Alpine Init 3.11.1-r0
[    2.775369] Loading boot drivers...
 * Loading boot drivers: [    2.826760] Loading boot drivers: ok.
ok.
SIMBOOT: kernel=6.12.103-0-virt
[    2.915915] Invalid ELF header magic: != ELF
[    2.949937] virtio_blk virtio0: 2/0/0 default/read/poll queues
[    2.974635] virtio_blk virtio0: [vda] 1411072 512-byte logical blocks (722 MB/689 MiB)
[    3.009872] Invalid ELF header magic: != ELF
[    3.030086] Invalid ELF header magic: != ELF
[    3.048211] Invalid ELF header magic: != ELF
[    3.081148] Invalid ELF header magic: != ELF
[    3.140392] Invalid ELF header magic: != ELF
[    3.370922] Invalid ELF header magic: != ELF
[    3.402521] e1000: Intel(R) PRO/1000 Network Driver
[    3.402789] e1000: Copyright (c) 1999-2006 Intel Corporation.
[    3.406254] ACPI: \_SB_.L001: Enabled at IRQ 36
[    3.407217] e1000 0000:00:01.0: enabling device (0000 -> 0003)
[    3.810575] e1000 0000:00:01.0 eth0: (PCI:33MHz:32-bit) 52:54:00:12:34:56
[    3.811596] e1000 0000:00:01.0 eth0: Intel(R) PRO/1000 Network Connection
Module                  Size  Used by    Not tainted
e1000                 163840  0 
ext4                  929792  0 
jbd2                  172032  1 ext4
mbcache                20480  1 ext4
crc32c_generic         12288  0 
crc16                  12288  1 ext4
virtio_blk             24576  0 
[    4.966380] EXT4-fs (vda): mounted filesystem 1799a7eb-09df-4b80-8c57-0424de58e445 r/w with ordered data mode. Quota mode: none.
SIMBOOT: root mounted rw, running real mfp.afx with binder stub
[   16.585833] e1000: eth0 NIC Link is Up 1000 Mbps Full Duplex, Flow Control: RX
=== VHAL: fetch toolchain ===
VHAL_WGET_TC_RC=0
-rw-r--r-- 1 root root 239206400 Sep  2 09:53 /tmp/musl-native.tar
VHAL_WGET_SRC_RC=0
-rw-r--r-- 1 root root 13902 Sep  2 09:53 /tmp/virtual_hal.c
=== VHAL: extract ===
VHAL_TAR_RC=0
-rwxr-xr-x 3 1000 1000 1428240 Nov 22  2021 /tmp/aarch64-linux-musl-native/bin/aarch64-linux-musl-gcc
=== VHAL: compile ===
VHAL_GCC_RC=0
-rwxr-xr-x 1 root root 17056 Sep  2 09:53 /lib/virtual_hal.so
=== VHAL: done ===
MFP_PID=472
[   35.474303] random: crng init done
--- POLL 1: N=11 ---
POLL: early init (N=11), wait before gdb patch
--- POLL 2: N=22 ---
POLL: early init (N=22), wait before gdb patch
--- POLL 3: N=44 ---
[Thread debugging using libthread_db enabled]
Using host libthread_db library "/lib64/libthread_db.so.1".
0x0000ffffb6754768 in ?? () from /lib64/libc.so.6
B4: 5c=0 7c=0 80=0 82=0
AF: 5c=1 7c=1 80=1 82=1
[Inferior 1 (process 472) detached]
--- POLL 4: N=62 ---
[Thread debugging using libthread_db enabled]
Using host libthread_db library "/lib64/libthread_db.so.1".
0x0000ffffb6721ae0 in clock_nanosleep () from /lib64/libc.so.6
B4: 5c=0 7c=0 80=0 82=0
AF: 5c=1 7c=1 80=1 82=1
[Inferior 1 (process 472) detached]
--- POLL 5: N=165 ---
POLL: passed print_info_status_init (N=165)
--- ALIVE ---
165
--- LISTEN TCP ---
  sl  local_address rem_address   st tx_queue rx_queue tr tm->when retrnsmt   uid  timeout inode                                                     
   0: 00000000:BF0D 00000000:0000 0A 00000000:00000000 00:00000000 00000000     0        0 90928 1 00000000553419b9 100 0 0 10 0                     
SIMBOOT_LPD_HEX=BF0D
SIMBOOT_LPD_PORT=48909
--- HALD LOG ---
2147483648 hal_daemon process plog lib init 
--- PLOGD LOG ---
--- CMD REG TABLE ---
[New LWP 681]
[New LWP 682]
[New LWP 683]
[New LWP 684]
[New LWP 685]
[New LWP 686]
[New LWP 687]
[New LWP 688]
[New LWP 689]
[New LWP 690]
[New LWP 691]
[New LWP 692]
[New LWP 693]
[New LWP 694]
[New LWP 695]
[New LWP 696]
[New LWP 697]
[New LWP 698]
[New LWP 699]
[New LWP 700]
[New LWP 701]
[New LWP 702]
[New LWP 703]
[New LWP 704]
[Thread debugging using libthread_db enabled]
Using host libthread_db library "/lib64/libthread_db.so.1".
0x0000ffffb6721ae0 in clock_nanosleep () from /lib64/libc.so.6
warning: could not convert '$h' from the host encoding (ANSI_X3.4-1968) to UTF-32.
This normally should not happen, please file a bug report.
node=0x37159d00 cmd=0xd cb=0x6b7570 arg=(nil)
node=0x371599f0 cmd=0x7 cb=0x6974e4 arg=(nil)
node=0x37163e10 cmd=0xa cb=0x74fbcc arg=(nil)
node=0x37163e40 cmd=0xe cb=0x74fb0c arg=(nil)
node=0x37166430 cmd=0 cb=0x73b71c arg=(nil)
node=0x37165e90 cmd=0xc cb=0x6b8588 arg=(nil)
node=0x37168030 cmd=0x6 cb=0x6cc6f8 arg=(nil)
node=0x37168f90 cmd=0x11 cb=0x6a77cc arg=(nil)
node=0x3718cff0 cmd=0xf cb=0x4b01f0 arg=(nil)
node=0x3718d020 cmd=0x2 cb=0x4b03a8 arg=(nil)
node=0x37236be0 cmd=0x3 cb=0x70aba0 arg=(nil)
node=0x37260b50 cmd=0x1 cb=0x722310 arg=(nil)
node=0x37274d50 cmd=0xb cb=0x678d20 arg=0x37260dc0
node=0x37274d80 cmd=0x10 cb=0x679120 arg=0x37260dc0
node=0x372cb740 cmd=0x4 cb=0x74105c arg=(nil)
node=0x910e20 cmd=0x1 cb=0x100000001 arg=0x30b00002
node=0x37159d00 cmd=0xd cb=0x6b7570 arg=(nil)
node=0x371599f0 cmd=0x7 cb=0x6974e4 arg=(nil)
node=0x37163e10 cmd=0xa cb=0x74fbcc arg=(nil)
node=0x37163e40 cmd=0xe cb=0x74fb0c arg=(nil)
node=0x37166430 cmd=0 cb=0x73b71c arg=(nil)
node=0x37165e90 cmd=0xc cb=0x6b8588 arg=(nil)
node=0x37168030 cmd=0x6 cb=0x6cc6f8 arg=(nil)
node=0x37168f90 cmd=0x11 cb=0x6a77cc arg=(nil)
node=0x3718cff0 cmd=0xf cb=0x4b01f0 arg=(nil)
node=0x3718d020 cmd=0x2 cb=0x4b03a8 arg=(nil)
node=0x37236be0 cmd=0x3 cb=0x70aba0 arg=(nil)
node=0x37260b50 cmd=0x1 cb=0x722310 arg=(nil)
node=0x37274d50 cmd=0xb cb=0x678d20 arg=0x37260dc0
node=0x37274d80 cmd=0x10 cb=0x679120 arg=0x37260dc0
node=0x372cb740 cmd=0x4 cb=0x74105c arg=(nil)
node=0x910e20 cmd=0x1 cb=0x100000001 arg=0x30b00002
node=0x37159d00 cmd=0xd cb=0x6b7570 arg=(nil)
node=0x371599f0 cmd=0x7 cb=0x6974e4 arg=(nil)
node=0x37163e10 cmd=0xa cb=0x74fbcc arg=(nil)
node=0x37163e40 cmd=0xe cb=0x74fb0c arg=(nil)
node=0x37166430 cmd=0 cb=0x73b71c arg=(nil)
node=0x37165e90 cmd=0xc cb=0x6b8588 arg=(nil)
node=0x37168030 cmd=0x6 cb=0x6cc6f8 arg=(nil)
node=0x37168f90 cmd=0x11 cb=0x6a77cc arg=(nil)
node=0x3718cff0 cmd=0xf cb=0x4b01f0 arg=(nil)
node=0x3718d020 cmd=0x2 cb=0x4b03a8 arg=(nil)
node=0x37236be0 cmd=0x3 cb=0x70aba0 arg=(nil)
node=0x37260b50 cmd=0x1 cb=0x722310 arg=(nil)
node=0x37274d50 cmd=0xb cb=0x678d20 arg=0x37260dc0
node=0x37274d80 cmd=0x10 cb=0x679120 arg=0x37260dc0
node=0x372cb740 cmd=0x4 cb=0x74105c arg=(nil)
node=0x910e20 cmd=0x1 cb=0x100000001 arg=0x30b00002
node=0x37159d00 cmd=0xd cb=0x6b7570 arg=(nil)
node=0x371599f0 cmd=0x7 cb=0x6974e4 arg=(nil)
node=0x37163e10 cmd=0xa cb=0x74fbcc arg=(nil)
node=0x37163e40 cmd=0xe cb=0x74fb0c arg=(nil)
node=0x37166430 cmd=0 cb=0x73b71c arg=(nil)
node=0x37165e90 cmd=0xc cb=0x6b8588 arg=(nil)
node=0x37168030 cmd=0x6 cb=0x6cc6f8 arg=(nil)
node=0x37168f90 cmd=0x11 cb=0x6a77cc arg=(nil)
node=0x3718cff0 cmd=0xf cb=0x4b01f0 arg=(nil)
node=0x3718d020 cmd=0x2 cb=0x4b03a8 arg=(nil)
node=0x37236be0 cmd=0x3 cb=0x70aba0 arg=(nil)
node=0x37260b50 cmd=0x1 cb=0x722310 arg=(nil)
[Inferior 1 (process 472) detached]
--- PORTS ALL ---
local_address st
00000000:BF0D 0A
TRACE GDB STARTED
READY FOR INJECT
--- MID PORTS ---
local_address st
00000000:BF0D 0A
--- GDB TRACE ---
[New LWP 687]
[New LWP 688]
[New LWP 689]
[New LWP 690]
[New LWP 691]
[New LWP 692]
[New LWP 693]
[New LWP 694]
[New LWP 695]
[New LWP 696]
[New LWP 697]
[New LWP 698]
[New LWP 699]
[New LWP 700]
[New LWP 701]
[New LWP 702]
[New LWP 703]
[New LWP 704]
[Thread debugging using libthread_db enabled]
Using host libthread_db library "/lib64/libthread_db.so.1".
0x0000ffffb6721ae0 in clock_nanosleep () from /lib64/libc.so.6
Breakpoint 1 at 0x74c960: file pedk_manager/pedk_mgr.c, line 357.
Breakpoint 2 at 0x74c38c: file pedk_manager/pedk_mgr.c, line 205.
Breakpoint 3 at 0x6b7570: file system_manager/job_pedkapi.c, line 591.
Breakpoint 4 at 0x6b6adc: file system_manager/job_pedkapi.c, line 272.
Breakpoint 5 at 0x6b6b64: file system_manager/job_pedkapi.c, line 300.
Breakpoint 6 at 0x6b7060: file system_manager/job_pedkapi.c, line 449.
Breakpoint 7 at 0x6b740c: file system_manager/job_pedkapi.c, line 551.
Breakpoint 8 at 0x6b7500: file system_manager/job_pedkapi.c, line 578.
Breakpoint 9 at 0x6b7158: file system_manager/job_pedkapi.c, line 476.
--- MFP LOG SIZE ---
37398023 /tmp/mfp.log
--- MFP LOG RAW tail ---
--- VHAL LOG ---
42741 /tmp/vhal.log
[vhal] gpio_get id=: 0x00000087
 -> : 0x00000000
[vhal] gpio_get id=: 0x00000087
 -> : 0x00000000
[vhal] gpio_get id=: 0x00000087
 -> : 0x00000000
[vhal] gpio_get id=: 0x00000087
 -> : 0x00000000
[vhal] gpio_get id=: 0x00000087
 -> : 0x00000000
[vhal] gpio_get id=: 0x00000087
 -> : 0x00000000
[vhal] gpio_get id=: 0x00000087
 -> : 0x00000000
[vhal] gpio_get id=: 0x00000087
 -> : 0x00000000
[vhal] gpio_get id=: 0x00000087
 -> : 0x00000000
[vhal] gpio_get id=: 0x00000087
 -> : 0x00000000
[vhal] gpio_get id=: 0x00000087
 -> : 0x00000000
[vhal] gpio_get id=: 0x00000087
 -> : 0x00000000
[vhal] gpio_get id=: 0x00000087
 -> : 0x00000000
[vhal] gpio_get id=: 0x00000087
 -> : 0x00000000
[vhal] gpio_get id=: 0x00000087
 -> : 0x00000000
[vhal] gpio_get id=: 0x00000087
 -> : 0x00000000
[vhal] gpio_get id=: 0x00000087
 -> : 0x00000000
[vhal] gpio_get id=: 0x00000087
 -> : 0x00000000
[vhal] gpio_get id=: 0x00000087
 -> : 0x00000000
[vhal] gpio_get id=: 0x00000087
 -> : 0x00000000
[vhal] gpio_get id=: 0x00000087
 -> : 0x00000000
[vhal] gpio_get id=: 0x00000087
 -> : 0x00000000
[vhal] gpio_get id=: 0x00000087
 -> : 0x00000000
[vhal] gpio_get id=: 0x00000087
 -> : 0x00000000
[vhal] gpio_get id=: 0x00000087
 -> : 0x00000000
[vhal] gpio_get id=: 0x00000087
 -> : 0x00000000
[vhal] gpio_get id=: 0x00000087
 -> : 0x00000000
[vhal] gpio_get id=: 0x00000087
 -> : 0x00000000
[vhal] gpio_get id=: 0x00000087
 -> : 0x00000000
[vhal] gpio_get id=: 0x00000087
 -> : 0x00000000
[vhal] gpio_get id=: 0x00000087
 -> : 0x00000000
[vhal] gpio_get id=: 0x00000087
 -> : 0x00000000
[vhal] gpio_get id=: 0x00000087
 -> : 0x00000000
[vhal] gpio_get id=: 0x00000087
 -> : 0x00000000
[vhal] gpio_get id=: 0x00000087
 -> : 0x00000000
[vhal] gpio_get id=: 0x00000087
 -> : 0x00000000
[vhal] gpio_get id=: 0x00000087
 -> : 0x00000000
[vhal] gpio_get id=: 0x00000087
 -> : 0x00000000
[vhal] gpio_get id=: 0x00000087
 -> : 0x00000000
[vhal] gpio_get id=: 0x00000087
 -> : 0x00000000
[vhal] gpio_get id=: 0x00000087
 -> : 0x00000000
[vhal] gpio_get id=: 0x00000087
 -> : 0x00000000
[vhal] gpio_get id=: 0x00000087
 -> : 0x00000000
[vhal] gpio_get id=: 0x00000087
 -> : 0x00000000
[vhal] gpio_get id=: 0x00000087
 -> : 0x00000000
[vhal] gpio_get id=: 0x00000087
 -> : 0x00000000
[vhal] gpio_get id=: 0x00000087
 -> : 0x00000000
[vhal] gpio_get id=: 0x00000087
 -> : 0x00000000
[vhal] gpio_get id=: 0x00000087
 -> : 0x00000000
[vhal] gpio_get id=: 0x00000087
 -> : 0x00000000
[vhal] gpio_get id=: 0x00000087
 -> : 0x00000000
[vhal] gpio_get id=: 0x00000087
 -> : 0x00000000
[vhal] gpio_get id=: 0x00000087
 -> : 0x00000000
[vhal] gpio_get id=: 0x00000087
 -> : 0x00000000
[vhal] gpio_get id=: 0x00000087
 -> : 0x00000000
[vhal] gpio_get id=: 0x00000087
 -> : 0x00000000
[vhal] gpio_get id=: 0x00000087
 -> : 0x00000000
[vhal] gpio_get id=: 0x00000087
 -> : 0x00000000
[vhal] gpio_get id=: 0x00000087
 -> : 0x00000000
[vhal] gpio_get id=: 0x00000087
 -> : 0x00000000
[vhal] gpio_get id=: 0x00000087
 -> : 0x00000000
[vhal] gpio_get id=: 0x00000087
 -> : 0x00000000
[vhal] gpio_get id=: 0x00000087
 -> : 0x00000000
[vhal] gpio_get id=: 0x00000087
 -> : 0x00000000
[vhal] gpio_get id=: 0x00000087
 -> : 0x00000000
[vhal] gpio_get id=: 0x00000087
 -> : 0x00000000
[vhal] gpio_get id=: 0x00000087
 -> : 0x00000000
[vhal] gpio_get id=: 0x00000087
 -> : 0x00000000
[vhal] gpio_get id=: 0x00000087
 -> : 0x00000000
[vhal] gpio_get id=: 0x00000087
 -> : 0x00000000
[vhal] gpio_get id=: 0x00000087
 -> : 0x00000000
[vhal] gpio_get id=: 0x00000087
 -> : 0x00000000
[vhal] gpio_get id=: 0x00000087
 -> : 0x00000000
[vhal] gpio_get id=: 0x00000087
 -> : 0x00000000
[vhal] gpio_get id=: 0x00000087
 -> : 0x00000000
--- VHAL UPLOAD ---
wget: can't connect to remote host (10.0.2.2): Connection refused
VHAL_UPLOAD_RC=1
KEEPING MFP ALIVE (pid 472)
SIMBOOT: mfp run finished, keeping shell
/bin/sh: can't access tty; job control turned off
~ # [6n[ 1183.371201] hal_daemon invoked oom-killer: gfp_mask=0x140cca(GFP_HIGHUSER_MOVABLE|__GFP_COMP), order=0, oom_score_adj=0
[ 1183.382832] CPU: 0 UID: 0 PID: 455 Comm: hal_daemon Not tainted 6.12.103-0-virt #1-Alpine
[ 1183.384738] Hardware name: QEMU QEMU Virtual Machine, BIOS edk2-stable202408-prebuilt.qemu.org 08/13/2024
[ 1183.385626] Call trace:
[ 1183.385893]  dump_backtrace+0xf0/0x140
[ 1183.388516]  show_stack+0x28/0x4c
[ 1183.388532]  dump_stack_lvl+0x60/0x94
[ 1183.388991]  dump_stack+0x18/0x30
[ 1183.389004]  dump_header+0x40/0x1a0
[ 1183.389016]  oom_kill_process+0x2cc/0x348
[ 1183.389404]  out_of_memory+0xec/0x5c8
[ 1183.389416]  __alloc_pages_noprof+0xa7c/0xf60
[ 1183.389445]  alloc_pages_mpol_noprof+0x94/0x24c
[ 1183.389463]  alloc_pages_noprof+0x5c/0xf4
[ 1183.389476]  folio_alloc_noprof+0x24/0xa0
[ 1183.389489]  filemap_alloc_folio_noprof+0x154/0x160
[ 1183.389550]  __filemap_get_folio+0x224/0x3cc
[ 1183.389561]  filemap_fault+0x118/0x89c
[ 1183.389571]  __do_fault+0x3c/0x140
[ 1183.389586]  __handle_mm_fault+0xaec/0x17e0
[ 1183.389599]  handle_mm_fault+0xc8/0x320
[ 1183.389611]  do_page_fault+0x134/0x600
[ 1183.389626]  do_translation_fault+0x100/0x140
[ 1183.389639]  do_mem_abort+0x4c/0xc0
[ 1183.389653]  el0_ia+0x68/0x184
[ 1183.389665]  el0t_64_sync_handler+0xc0/0x100
[ 1183.389678]  el0t_64_sync+0x190/0x194
[ 1183.394005] Mem-Info:
[ 1183.394674] active_anon:207842 inactive_anon:768679 isolated_anon:0
[ 1183.394674]  active_file:0 inactive_file:26 isolated_file:0
[ 1183.394674]  unevictable:2910 dirty:0 writeback:0
[ 1183.394674]  slab_reclaimable:1217 slab_unreclaimable:3017
[ 1183.394674]  mapped:244 shmem:153172 pagetables:1884
[ 1183.394674]  sec_pagetables:0 bounce:0
[ 1183.394674]  kernel_misc_reclaimable:0
[ 1183.394674]  free:12079 free_pcp:584 free_cma:0
[ 1183.397544] Node 0 active_anon:3808800kB inactive_anon:97284kB active_file:0kB inactive_file:104kB unevictable:11640kB isolated(anon):0kB isolated(file):0kB mapped:976kB dirty:0kB writeback:0kB shmem:612688kB shmem_thp:0kB shmem_pmdmapped:0kB anon_thp:169984kB writeback_tmp:0kB kernel_stack:4144kB pagetables:7536kB sec_pagetables:0kB all_unreclaimable? no
[ 1183.398741] Node 0 DMA free:37688kB boost:0kB min:34308kB low:42884kB high:51460kB reserved_highatomic:0KB active_anon:20472kB inactive_anon:2982052kB active_file:0kB inactive_file:428kB unevictable:0kB writepending:0kB present:3145728kB managed:3048256kB mlocked:0kB bounce:0kB free_pcp:1464kB local_pcp:960kB free_cma:0kB
[ 1183.400904] lowmem_reserve[]: 0 0 931 931
[ 1183.401266] Node 0 Normal free:11132kB boost:0kB min:10744kB low:13428kB high:16112kB reserved_highatomic:0KB active_anon:826748kB inactive_anon:76812kB active_file:0kB inactive_file:276kB unevictable:11640kB writepending:0kB present:1048576kB managed:959592kB mlocked:0kB bounce:0kB free_pcp:124kB local_pcp:0kB free_cma:0kB
[ 1183.402416] lowmem_reserve[]: 0 0 0 0
[ 1183.402719] Node 0 DMA: 97*4kB (UME) 44*8kB (UME) 38*16kB (UME) 23*32kB (UME) 13*64kB (UME) 5*128kB (UME) 3*256kB (UME) 1*512kB (E) 5*1024kB (UME) 4*2048kB (UME) 5*4096kB (UM) = 38628kB
[ 1183.403907] Node 0 Normal: 77*4kB (UE) 41*8kB (UME) 33*16kB (UME) 33*32kB (UME) 19*64kB (UME) 9*128kB (UME) 6*256kB (ME) 3*512kB (M) 3*1024kB (M) 0*2048kB 0*4096kB = 10732kB
[ 1183.405099] Node 0 hugepages_total=0 hugepages_free=0 hugepages_surp=0 hugepages_size=1048576kB
[ 1183.406018] Node 0 hugepages_total=0 hugepages_free=0 hugepages_surp=0 hugepages_size=32768kB
[ 1183.406323] Node 0 hugepages_total=0 hugepages_free=0 hugepages_surp=0 hugepages_size=2048kB
[ 1183.406588] Node 0 hugepages_total=0 hugepages_free=0 hugepages_surp=0 hugepages_size=64kB
[ 1183.406905] 156289 total pagecache pages
[ 1183.407055] 0 pages in swap cache
[ 1183.407174] Free swap  = 0kB
[ 1183.407278] Total swap = 0kB
[ 1183.407451] 1048576 pages RAM
[ 1183.407558] 0 pages HighMem/MovableOnly
[ 1183.407700] 46614 pages reserved
[ 1183.407860] Tasks state (memory values in pages):
[ 1183.408016] [  pid  ]   uid  tgid total_vm      rss rss_anon rss_file rss_shmem pgtables_bytes swapents oom_score_adj name
[ 1183.408566] [    451]     0   451     5926      259      256        3         0    61440        0             0 hal_daemon
[ 1183.408946] [    472]     0   472  1209658   799364   799348       16         0  7303168        0             0 mfp.afx
[ 1183.410215] [    726]     0   726    59037    23625    23610       15         0   270336        0             0 gdb
[ 1183.410976] oom-kill:constraint=CONSTRAINT_NONE,nodemask=(null),cpuset=/,mems_allowed=0,global_oom,task_memcg=/,task=mfp.afx,pid=472,uid=0
[ 1183.419409] Out of memory: Killed process 472 (mfp.afx) total-vm:4838632kB, anon-rss:3197392kB, file-rss:192kB, shmem-rss:0kB, UID:0 pgtables:7132kB oom_score_adj:0
[ 1185.733364] oom_reaper: reaped process 472 (mfp.afx), now anon-rss:184kB, file-rss:192kB, shmem-rss:0kB
