UEFI firmware (version edk2-stable202408-prebuilt.qemu.org built at 16:28:50 on Sep 12 2024)
ArmTrngLib could not be correctly initialized.
Error: Image at 000BFDB6000 start failed: 00000001
Error: Image at 000BFD6D000 start failed: Not Found
Error: Image at 000BFCBA000 start failed: Unsupported
Error: Image at 000BFB5E000 start failed: Aborted
Tpm2SubmitCommand - Tcg2 - Not Found
Tpm2GetCapabilityPcrs fail!
Tpm2SubmitCommand - Tcg2 - Not Found
Image type X64 can't be loaded on AARCH64 UEFI system.
[2J[01;01H[=3h[2J[01;01H[2J[01;01H[=3h[2J[01;01HEFI stub: Decompressing Linux Kernel...
EFI stub: Loaded initrd from LINUX_EFI_INITRD_MEDIA_GUID device path
EFI stub: Generating empty DTB
EFI stub: Exiting boot services...
[    0.000000] Booting Linux on physical CPU 0x0000000000 [0x414fd0b1]
[    0.000000] Linux version 6.12.103-0-virt (buildozer@build-3-21-aarch64) (gcc (Alpine 14.2.0) 14.2.0, GNU ld (GNU Binutils) 2.43.1) #1-Alpine SMP PREEMPT_DYNAMIC 2026-08-10 14:25:03
[    0.000000] efi: EFI v2.7 by EDK II
[    0.000000] efi: SMBIOS 3.0=0xbfed0000 MEMATTR=0xbe176018 ACPI 2.0=0xbcb43018 INITRD=0xbcb40f18 MEMRESERVE=0xbcb40f98 
[    0.000000] ACPI: Early table checksum verification disabled
[    0.000000] ACPI: RSDP 0x00000000BCB43018 000024 (v02 BOCHS )
[    0.000000] ACPI: XSDT 0x00000000BCB43F18 000064 (v01 BOCHS  BXPC     00000001      01000013)
[    0.000000] ACPI: FACP 0x00000000BCB43B18 000114 (v06 BOCHS  BXPC     00000001 BXPC 00000001)
[    0.000000] ACPI: DSDT 0x00000000BCB41018 001506 (v02 BOCHS  BXPC     00000001 BXPC 00000001)
[    0.000000] ACPI: APIC 0x00000000BCB43C98 0000FC (v04 BOCHS  BXPC     00000001 BXPC 00000001)
[    0.000000] ACPI: PPTT 0x00000000BCB43E18 000074 (v02 BOCHS  BXPC     00000001 BXPC 00000001)
[    0.000000] ACPI: GTDT 0x00000000BCB43098 000068 (v03 BOCHS  BXPC     00000001 BXPC 00000001)
[    0.000000] ACPI: MCFG 0x00000000BCB43A98 00003C (v01 BOCHS  BXPC     00000001 BXPC 00000001)
[    0.000000] ACPI: SPCR 0x00000000BCB43818 000050 (v02 BOCHS  BXPC     00000001 BXPC 00000001)
[    0.000000] ACPI: DBG2 0x00000000BCB43A18 000057 (v00 BOCHS  BXPC     00000001 BXPC 00000001)
[    0.000000] ACPI: IORT 0x00000000BCB43898 000054 (v05 BOCHS  BXPC     00000001 BXPC 00000001)
[    0.000000] ACPI: SPCR: console: pl011,mmio32,0x9000000,9600
[    0.000000] ACPI: Use ACPI SPCR as default console: Yes
[    0.000000] NUMA: Faking a node at [mem 0x0000000040000000-0x00000000bfffffff]
[    0.000000] NODE_DATA(0) allocated [mem 0xbf855b80-0xbf857fff]
[    0.000000] Zone ranges:
[    0.000000]   DMA      [mem 0x0000000040000000-0x00000000bfffffff]
[    0.000000]   DMA32    empty
[    0.000000]   Normal   empty
[    0.000000] Movable zone start for each node
[    0.000000] Early memory node ranges
[    0.000000]   node   0: [mem 0x0000000040000000-0x00000000bc76ffff]
[    0.000000]   node   0: [mem 0x00000000bc770000-0x00000000bcb3ffff]
[    0.000000]   node   0: [mem 0x00000000bcb40000-0x00000000bfe1ffff]
[    0.000000]   node   0: [mem 0x00000000bfe20000-0x00000000bfeaffff]
[    0.000000]   node   0: [mem 0x00000000bfeb0000-0x00000000bfebffff]
[    0.000000]   node   0: [mem 0x00000000bfec0000-0x00000000bffdffff]
[    0.000000]   node   0: [mem 0x00000000bffe0000-0x00000000bfffffff]
[    0.000000] Initmem setup node 0 [mem 0x0000000040000000-0x00000000bfffffff]
[    0.000000] psci: probing for conduit method from ACPI.
[    0.000000] psci: PSCIv1.1 detected in firmware.
[    0.000000] psci: Using standard PSCI v0.2 function IDs
[    0.000000] psci: Trusted OS migration not required
[    0.000000] psci: SMC Calling Convention v1.0
[    0.000000] percpu: Embedded 33 pages/cpu s96984 r8192 d29992 u135168
[    0.000000] Detected PIPT I-cache on CPU0
[    0.000000] CPU features: detected: Spectre-v4
[    0.000000] CPU features: detected: Spectre-BHB
[    0.000000] CPU features: detected: Broken broadcast TLBI completion
[    0.000000] CPU features: detected: SSBS not fully self-synchronizing
[    0.000000] alternatives: applying boot alternatives
[    0.000000] Kernel command line: root=/dev/vda rw console=ttyAMA0 initrd=initrd
[    0.000000] Dentry cache hash table entries: 262144 (order: 9, 2097152 bytes, linear)
[    0.000000] Inode-cache hash table entries: 131072 (order: 8, 1048576 bytes, linear)
[    0.000000] Fallback order for Node 0: 0 
[    0.000000] Built 1 zonelists, mobility grouping on.  Total pages: 524288
[    0.000000] Policy zone: DMA
[    0.000000] mem auto-init: stack:all(zero), heap alloc:on, heap free:off
[    0.000000] software IO TLB: SWIOTLB bounce buffer size adjusted to 2MB
[    0.000000] software IO TLB: area num 2.
[    0.000000] software IO TLB: mapped [mem 0x00000000bf2b4000-0x00000000bf4b4000] (2MB)
[    0.000000] SLUB: HWalign=64, Order=0-3, MinObjects=0, CPUs=2, Nodes=1
[    0.000000] Dynamic Preempt: none
[    0.000000] rcu: Preemptible hierarchical RCU implementation.
[    0.000000] rcu: 	RCU restricting CPUs from NR_CPUS=4096 to nr_cpu_ids=2.
[    0.000000] 	Trampoline variant of Tasks RCU enabled.
[    0.000000] 	Tracing variant of Tasks RCU enabled.
[    0.000000] rcu: RCU calculated value of scheduler-enlistment delay is 10 jiffies.
[    0.000000] rcu: Adjusting geometry for rcu_fanout_leaf=16, nr_cpu_ids=2
[    0.000000] RCU Tasks: Setting shift to 1 and lim to 1 rcu_task_cb_adjust=1 rcu_task_cpu_ids=2.
[    0.000000] RCU Tasks Trace: Setting shift to 1 and lim to 1 rcu_task_cb_adjust=1 rcu_task_cpu_ids=2.
[    0.000000] NR_IRQS: 64, nr_irqs: 64, preallocated irqs: 0
[    0.000000] Root IRQ handler: gic_handle_irq
[    0.000000] GICv2m: ACPI overriding V2M MSI_TYPER (base:80, num:64)
[    0.000000] GICv2m: range[mem 0x08020000-0x08020fff], SPI[80:143]
[    0.000000] rcu: srcu_init: Setting srcu_struct sizes based on contention.
[    0.000000] clocksource: jiffies: mask: 0xffffffff max_cycles: 0xffffffff, max_idle_ns: 19112604462750000 ns
[    0.000000] arch_timer: cp15 timer(s) running at 62.50MHz (virt).
[    0.000000] clocksource: arch_sys_counter: mask: 0x1ffffffffffffff max_cycles: 0x1cd42e208c, max_idle_ns: 881590405314 ns
[    0.000158] sched_clock: 57 bits at 63MHz, resolution 16ns, wraps every 4398046511096ns
[    0.028531] kfence: initialized - using 2097152 bytes for 255 objects at 0x(____ptrval____)-0x(____ptrval____)
[    0.102145] Console: colour dummy device 80x25
[    0.152645] ACPI: Core revision 20240827
[    0.219271] Calibrating delay loop (skipped), value calculated using timer frequency.. 125.00 BogoMIPS (lpj=625000)
[    0.219592] pid_max: default: 32768 minimum: 301
[    0.261636] LSM: initializing lsm=lockdown,capability,landlock
[    0.282760] landlock: Up and running.
[    0.299760] Mount-cache hash table entries: 4096 (order: 3, 32768 bytes, linear)
[    0.300685] Mountpoint-cache hash table entries: 4096 (order: 3, 32768 bytes, linear)
[    0.736376] rcu: Hierarchical SRCU implementation.
[    0.736548] rcu: 	Max phase no-delay instances is 1000.
[    0.747965] Timer migration: 1 hierarchy levels; 8 children per group; 1 crossnode level
[    0.769938] Remapping and enabling EFI services.
[    0.818617] smp: Bringing up secondary CPUs ...
[    0.870125] Detected PIPT I-cache on CPU1
[    0.880466] CPU1: Booted secondary processor 0x0000000001 [0x414fd0b1]
[    0.903374] smp: Brought up 1 node, 2 CPUs
[    0.910365] SMP: Total of 2 processors activated.
[    0.911098] CPU: All CPU(s) started at EL1
[    0.911607] CPU features: detected: 32-bit EL0 Support
[    0.911716] CPU features: detected: Data cache clean to the PoU not required for I/D coherence
[    0.911810] CPU features: detected: Common not Private translations
[    0.911823] CPU features: detected: CRC32 instructions
[    0.912233] CPU features: detected: RCpc load-acquire (LDAPR)
[    0.912304] CPU features: detected: LSE atomic instructions
[    0.912317] CPU features: detected: Privileged Access Never
[    0.912325] CPU features: detected: RAS Extension Support
[    0.912402] CPU features: detected: Speculative Store Bypassing Safe (SSBS)
[    0.966260] alternatives: applying system-wide alternatives
[    1.045089] CPU features: detected: Hardware dirty bit management on CPU0-1
[    1.213838] Memory: 2003132K/2097152K available (12608K kernel code, 1950K rwdata, 7812K rodata, 1920K init, 9305K bss, 89464K reserved, 0K cma-reserved)
[    1.480952] devtmpfs: initialized
[    1.631392] futex hash table entries: 512 (order: 3, 32768 bytes, linear)
[    1.636527] 24304 pages in range for non-PLT usage
[    1.636653] 515824 pages in range for PLT usage
[    1.662211] pinctrl core: initialized pinctrl subsystem
[    1.714561] SMBIOS 3.0.0 present.
[    1.715997] DMI: QEMU QEMU Virtual Machine, BIOS edk2-stable202408-prebuilt.qemu.org 08/13/2024
[    1.718051] DMI: Memory slots populated: 1/1
[    1.852836] NET: Registered PF_NETLINK/PF_ROUTE protocol family
[    1.895834] DMA: preallocated 256 KiB GFP_KERNEL pool for atomic allocations
[    1.897519] DMA: preallocated 256 KiB GFP_KERNEL|GFP_DMA pool for atomic allocations
[    1.899017] DMA: preallocated 256 KiB GFP_KERNEL|GFP_DMA32 pool for atomic allocations
[    1.915985] audit: initializing netlink subsys (disabled)
[    1.931081] audit: type=2000 audit(0.870:1): state=initialized audit_enabled=0 res=1
[    1.966207] thermal_sys: Registered thermal governor 'step_wise'
[    1.979869] cpuidle: using governor ladder
[    1.980485] cpuidle: using governor menu
[    1.986320] hw-breakpoint: found 6 breakpoint and 4 watchpoint registers.
[    2.001053] ASID allocator initialised with 65536 entries
[    2.002438] acpiphp: ACPI Hot Plug PCI Controller Driver version: 0.5
[    2.027624] Serial: AMBA PL011 UART driver
[    2.129676] HugeTLB: registered 1.00 GiB page size, pre-allocated 0 pages
[    2.129739] HugeTLB: 0 KiB vmemmap can be freed for a 1.00 GiB page
[    2.129764] HugeTLB: registered 32.0 MiB page size, pre-allocated 0 pages
[    2.129772] HugeTLB: 0 KiB vmemmap can be freed for a 32.0 MiB page
[    2.129783] HugeTLB: registered 2.00 MiB page size, pre-allocated 0 pages
[    2.129791] HugeTLB: 0 KiB vmemmap can be freed for a 2.00 MiB page
[    2.129803] HugeTLB: registered 64.0 KiB page size, pre-allocated 0 pages
[    2.129810] HugeTLB: 0 KiB vmemmap can be freed for a 64.0 KiB page
[    2.250748] ACPI: Added _OSI(Module Device)
[    2.251099] ACPI: Added _OSI(Processor Device)
[    2.251286] ACPI: Added _OSI(Processor Aggregator Device)
[    2.332721] ACPI: 1 ACPI AML tables successfully acquired and loaded
[    2.444660] ACPI: Interpreter enabled
[    2.444764] ACPI: Using GIC for interrupt routing
[    2.449016] ACPI: MCFG table detected, 1 entries
[    2.750083] ACPI: CPU0 has been hot-added
[    2.753269] ACPI: CPU1 has been hot-added
[    2.864622] ARMH0011:00: ttyAMA0 at MMIO 0x9000000 (irq = 12, base_baud = 0) is a SBSA
[    2.869817] printk: legacy console [ttyAMA0] enabled
[    3.260656] ACPI: PCI: Interrupt link L000 configured for IRQ 35
[    3.261581] ACPI: PCI: Interrupt link L001 configured for IRQ 36
[    3.265990] ACPI: PCI: Interrupt link L002 configured for IRQ 37
[    3.266615] ACPI: PCI: Interrupt link L003 configured for IRQ 38
[    3.268485] ACPI: PCI Root Bridge [PCI0] (domain 0000 [bus 00-ff])
[    3.280654] acpi PNP0A08:00: _OSC: OS supports [ExtendedConfig ASPM ClockPM Segments MSI HPX-Type3]
[    3.310262] acpi PNP0A08:00: _OSC: platform does not support [LTR]
[    3.314247] acpi PNP0A08:00: _OSC: OS now controls [PCIeHotplug PME PCIeCapability]
[    3.328521] acpi PNP0A08:00: ECAM area [mem 0x4010000000-0x401fffffff] reserved by PNP0C02:00
[    3.332334] acpi PNP0A08:00: ECAM at [mem 0x4010000000-0x401fffffff] for [bus 00-ff]
[    3.335413] ACPI: Remapped I/O 0x000000003eff0000 to [io  0x0000-0xffff window]
[    3.361798] PCI host bridge to bus 0000:00
[    3.363099] pci_bus 0000:00: root bus resource [mem 0x10000000-0x3efeffff window]
[    3.364716] pci_bus 0000:00: root bus resource [io  0x0000-0xffff window]
[    3.365828] pci_bus 0000:00: root bus resource [mem 0x8000000000-0xffffffffff window]
[    3.368725] pci_bus 0000:00: root bus resource [bus 00-ff]
[    3.384270] pci 0000:00:00.0: [1b36:0008] type 00 class 0x060000 conventional PCI endpoint
[    3.433954] pci 0000:00:01.0: [8086:100e] type 00 class 0x020000 conventional PCI endpoint
[    3.434952] pci 0000:00:01.0: BAR 0 [mem 0x10040000-0x1005ffff]
[    3.449137] pci 0000:00:01.0: BAR 1 [io  0x0080-0x00bf]
[    3.449674] pci 0000:00:01.0: ROM [mem 0xfffc0000-0xffffffff pref]
[    3.464020] pci 0000:00:02.0: [1af4:1001] type 00 class 0x010000 conventional PCI endpoint
[    3.467082] pci 0000:00:02.0: BAR 0 [io  0x0000-0x007f]
[    3.467437] pci 0000:00:02.0: BAR 1 [mem 0x10060000-0x10060fff]
[    3.469409] pci 0000:00:02.0: BAR 4 [mem 0x8000000000-0x8000003fff 64bit pref]
[    3.494972] pci 0000:00:01.0: ROM [mem 0x10000000-0x1003ffff pref]: assigned
[    3.497336] pci 0000:00:01.0: BAR 0 [mem 0x10040000-0x1005ffff]: assigned
[    3.500206] pci 0000:00:02.0: BAR 4 [mem 0x8000000000-0x8000003fff 64bit pref]: assigned
[    3.501233] pci 0000:00:02.0: BAR 1 [mem 0x10060000-0x10060fff]: assigned
[    3.509491] pci 0000:00:02.0: BAR 0 [io  0x1000-0x107f]: assigned
[    3.511044] pci 0000:00:01.0: BAR 1 [io  0x1080-0x10bf]: assigned
[    3.515852] pci_bus 0000:00: resource 4 [mem 0x10000000-0x3efeffff window]
[    3.517291] pci_bus 0000:00: resource 5 [io  0x0000-0xffff window]
[    3.519083] pci_bus 0000:00: resource 6 [mem 0x8000000000-0xffffffffff window]
[    3.560115] iommu: Default domain type: Translated
[    3.560577] iommu: DMA domain TLB invalidation policy: lazy mode
[    3.668361] efivars: Registered efivars operations
[    3.885744] clocksource: Switched to clocksource arch_sys_counter
[    3.998099] VFS: Disk quotas dquot_6.6.0
[    3.998946] VFS: Dquot-cache hash table entries: 512 (order 0, 4096 bytes)
[    4.019276] pnp: PnP ACPI init
[    4.036719] system 00:00: [mem 0x4010000000-0x401fffffff window] could not be reserved
[    4.043460] pnp: PnP ACPI: found 1 devices
[    4.347027] NET: Registered PF_INET protocol family
[    4.351844] IP idents hash table entries: 32768 (order: 6, 262144 bytes, linear)
[    4.644982] tcp_listen_portaddr_hash hash table entries: 1024 (order: 2, 16384 bytes, linear)
[    4.646005] Table-perturb hash table entries: 65536 (order: 6, 262144 bytes, linear)
[    4.646716] TCP established hash table entries: 16384 (order: 5, 131072 bytes, linear)
[    4.648141] TCP bind hash table entries: 16384 (order: 7, 524288 bytes, linear)
[    4.651673] TCP: Hash tables configured (established 16384 bind 16384)
[    4.659636] MPTCP token hash table entries: 2048 (order: 4, 49152 bytes, linear)
[    4.661358] UDP hash table entries: 1024 (order: 3, 32768 bytes, linear)
[    4.662448] UDP-Lite hash table entries: 1024 (order: 3, 32768 bytes, linear)
[    4.668008] NET: Registered PF_UNIX/PF_LOCAL protocol family
[    4.669654] NET: Registered PF_XDP protocol family
[    4.674229] PCI: CLS 0 bytes, default 64
[    4.684734] kvm [1]: HYP mode not available
[    4.689229] Unpacking initramfs...
[    4.699038] Initialise system trusted keyrings
[    4.719726] workingset: timestamp_bits=44 max_order=19 bucket_order=0
[    4.852951] Key type asymmetric registered
[    4.862542] Asymmetric key parser 'x509' registered
[    4.864156] Block layer SCSI generic (bsg) driver version 0.4 loaded (major 249)
[    4.878702] io scheduler mq-deadline registered
[    4.879347] io scheduler kyber registered
[    4.882629] io scheduler bfq registered
[    4.968196] ACPI: \_SB_.L002: Enabled at IRQ 37
[    4.976415] virtio-pci 0000:00:02.0: enabling device (0000 -> 0003)
[    5.014358] Serial: 8250/16550 driver, 4 ports, IRQ sharing enabled
[    5.131336] hv_vmbus: registering driver hyperv_keyboard
[    5.184622] rtc-efi rtc-efi.0: registered as rtc0
[    5.198581] rtc-efi rtc-efi.0: setting system clock to 2026-08-26T03:24:51 UTC (1787714691)
[    5.216133] NET: Registered PF_INET6 protocol family
[    5.286423] Segment Routing with IPv6
[    5.296318] In-situ OAM (IOAM) with IPv6
[    5.548423] Freeing initrd memory: 5268K
[    5.783459] registered taskstats version 1
[    5.816440] Loading compiled-in X.509 certificates
[    6.802151] Loaded X.509 cert 'alpinelinux.org: Alpine Linux kernel key: 87fa969a47f3e2a6aa35859eb932a17c95abcd82'
[    6.965145] Demotion targets for Node 0: null
[    6.980021] Key type .fscrypt registered
[    6.980448] Key type fscrypt-provisioning registered
[    7.109026] clk: Disabling unused clocks
[    7.110190] PM: genpd: Disabling unused power domains
[    7.386415] Freeing unused kernel memory: 1920K
[    7.398136] Run /init as init process
[    8.681204] Alpine Init 3.11.1-r0
Alpine Init 3.11.1-r0
[    8.733297] Loading boot drivers...
 * Loading boot drivers: [    9.197734] Loading boot drivers: ok.
ok.
SIMBOOT: kernel=6.12.103-0-virt
[    9.751184] Invalid ELF header magic: != ELF
[    9.900443] virtio_blk virtio0: 2/0/0 default/read/poll queues
[   10.000644] virtio_blk virtio0: [vda] 1411072 512-byte logical blocks (722 MB/689 MiB)
[   10.211245] Invalid ELF header magic: != ELF
[   10.295128] Invalid ELF header magic: != ELF
[   10.368927] Invalid ELF header magic: != ELF
[   10.441320] Invalid ELF header magic: != ELF
[   10.728928] Invalid ELF header magic: != ELF
[   11.748165] Invalid ELF header magic: != ELF
[   11.901934] e1000: Intel(R) PRO/1000 Network Driver
[   11.902402] e1000: Copyright (c) 1999-2006 Intel Corporation.
[   11.916218] ACPI: \_SB_.L001: Enabled at IRQ 36
[   11.917275] e1000 0000:00:01.0: enabling device (0000 -> 0003)
[   12.651830] e1000 0000:00:01.0 eth0: (PCI:33MHz:32-bit) 52:54:00:12:34:56
[   12.665159] e1000 0000:00:01.0 eth0: Intel(R) PRO/1000 Network Connection
Module                  Size  Used by    Not tainted
e1000                 163840  0 
ext4                  929792  0 
jbd2                  172032  1 ext4
mbcache                20480  1 ext4
crc32c_generic         12288  0 
crc16                  12288  1 ext4
virtio_blk             24576  0 
[   14.065408] EXT4-fs (vda): mounted filesystem 1799a7eb-09df-4b80-8c57-0424de58e445 r/w with ordered data mode. Quota mode: none.
SIMBOOT: root mounted rw, running real mfp.afx with binder stub
[   23.450499] e1000: eth0 NIC Link is Up 1000 Mbps Full Duplex, Flow Control: RX
MFP_PID=446
[   32.977482] random: crng init done
--- POLL 1: N=11 ---
[Inferior 1 (process 446) detached]
--- POLL 2: N=11 ---
[Inferior 1 (process 446) detached]
--- POLL 3: N=11 ---
[Inferior 1 (process 446) detached]
--- POLL 4: N=11 ---
[  143.432000] hrtimer: interrupt took 187644000 ns
[Inferior 1 (process 446) detached]
--- POLL 5: N=11 ---
[Inferior 1 (process 446) detached]
--- POLL 6: N=11 ---
[Inferior 1 (process 446) detached]
--- POLL 7: N=11 ---
