UEFI firmware (version edk2-stable202408-prebuilt.qemu.org built at 16:28:50 on Sep 12 2024)
ArmTrngLib could not be correctly initialized.
Error: Image at 000BFDB6000 start failed: 00000001
Error: Image at 000BFD6D000 start failed: Not Found
Error: Image at 000BFCBA000 start failed: Unsupported
Error: Image at 000BFB5E000 start failed: Aborted
Tpm2SubmitCommand - Tcg2 - Not Found
Tpm2GetCapabilityPcrs fail!
Tpm2SubmitCommand - Tcg2 - Not Found
Image type X64 can't be loaded on AARCH64 UEFI system.
[2J[01;01H[=3h[2J[01;01H[2J[01;01H[=3h[2J[01;01HEFI stub: Decompressing Linux Kernel...
EFI stub: Loaded initrd from LINUX_EFI_INITRD_MEDIA_GUID device path
EFI stub: Generating empty DTB
EFI stub: Exiting boot services...
[    0.000000] Booting Linux on physical CPU 0x0000000000 [0x414fd0b1]
[    0.000000] Linux version 6.12.103-0-virt (buildozer@build-3-21-aarch64) (gcc (Alpine 14.2.0) 14.2.0, GNU ld (GNU Binutils) 2.43.1) #1-Alpine SMP PREEMPT_DYNAMIC 2026-08-10 14:25:03
[    0.000000] efi: EFI v2.7 by EDK II
[    0.000000] efi: SMBIOS 3.0=0xbfed0000 MEMATTR=0xbe176018 ACPI 2.0=0xbcb43018 INITRD=0xbcb40f18 MEMRESERVE=0xbcb40f98 
[    0.000000] ACPI: Early table checksum verification disabled
[    0.000000] ACPI: RSDP 0x00000000BCB43018 000024 (v02 BOCHS )
[    0.000000] ACPI: XSDT 0x00000000BCB43F18 000064 (v01 BOCHS  BXPC     00000001      01000013)
[    0.000000] ACPI: FACP 0x00000000BCB43B18 000114 (v06 BOCHS  BXPC     00000001 BXPC 00000001)
[    0.000000] ACPI: DSDT 0x00000000BCB41018 001506 (v02 BOCHS  BXPC     00000001 BXPC 00000001)
[    0.000000] ACPI: APIC 0x00000000BCB43C98 0000FC (v04 BOCHS  BXPC     00000001 BXPC 00000001)
[    0.000000] ACPI: PPTT 0x00000000BCB43E18 000074 (v02 BOCHS  BXPC     00000001 BXPC 00000001)
[    0.000000] ACPI: GTDT 0x00000000BCB43098 000068 (v03 BOCHS  BXPC     00000001 BXPC 00000001)
[    0.000000] ACPI: MCFG 0x00000000BCB43A98 00003C (v01 BOCHS  BXPC     00000001 BXPC 00000001)
[    0.000000] ACPI: SPCR 0x00000000BCB43818 000050 (v02 BOCHS  BXPC     00000001 BXPC 00000001)
[    0.000000] ACPI: DBG2 0x00000000BCB43A18 000057 (v00 BOCHS  BXPC     00000001 BXPC 00000001)
[    0.000000] ACPI: IORT 0x00000000BCB43898 000054 (v05 BOCHS  BXPC     00000001 BXPC 00000001)
[    0.000000] ACPI: SPCR: console: pl011,mmio32,0x9000000,9600
[    0.000000] ACPI: Use ACPI SPCR as default console: Yes
[    0.000000] NUMA: Faking a node at [mem 0x0000000040000000-0x00000000bfffffff]
[    0.000000] NODE_DATA(0) allocated [mem 0xbf855b80-0xbf857fff]
[    0.000000] Zone ranges:
[    0.000000]   DMA      [mem 0x0000000040000000-0x00000000bfffffff]
[    0.000000]   DMA32    empty
[    0.000000]   Normal   empty
[    0.000000] Movable zone start for each node
[    0.000000] Early memory node ranges
[    0.000000]   node   0: [mem 0x0000000040000000-0x00000000bc76ffff]
[    0.000000]   node   0: [mem 0x00000000bc770000-0x00000000bcb3ffff]
[    0.000000]   node   0: [mem 0x00000000bcb40000-0x00000000bfe1ffff]
[    0.000000]   node   0: [mem 0x00000000bfe20000-0x00000000bfeaffff]
[    0.000000]   node   0: [mem 0x00000000bfeb0000-0x00000000bfebffff]
[    0.000000]   node   0: [mem 0x00000000bfec0000-0x00000000bffdffff]
[    0.000000]   node   0: [mem 0x00000000bffe0000-0x00000000bfffffff]
[    0.000000] Initmem setup node 0 [mem 0x0000000040000000-0x00000000bfffffff]
[    0.000000] psci: probing for conduit method from ACPI.
[    0.000000] psci: PSCIv1.1 detected in firmware.
[    0.000000] psci: Using standard PSCI v0.2 function IDs
[    0.000000] psci: Trusted OS migration not required
[    0.000000] psci: SMC Calling Convention v1.0
[    0.000000] percpu: Embedded 33 pages/cpu s96984 r8192 d29992 u135168
[    0.000000] Detected PIPT I-cache on CPU0
[    0.000000] CPU features: detected: Spectre-v4
[    0.000000] CPU features: detected: Spectre-BHB
[    0.000000] CPU features: detected: Broken broadcast TLBI completion
[    0.000000] CPU features: detected: SSBS not fully self-synchronizing
[    0.000000] alternatives: applying boot alternatives
[    0.000000] Kernel command line: root=/dev/vda rw console=ttyAMA0 initrd=initrd
[    0.000000] Dentry cache hash table entries: 262144 (order: 9, 2097152 bytes, linear)
[    0.000000] Inode-cache hash table entries: 131072 (order: 8, 1048576 bytes, linear)
[    0.000000] Fallback order for Node 0: 0 
[    0.000000] Built 1 zonelists, mobility grouping on.  Total pages: 524288
[    0.000000] Policy zone: DMA
[    0.000000] mem auto-init: stack:all(zero), heap alloc:on, heap free:off
[    0.000000] software IO TLB: SWIOTLB bounce buffer size adjusted to 2MB
[    0.000000] software IO TLB: area num 2.
[    0.000000] software IO TLB: mapped [mem 0x00000000bf2b4000-0x00000000bf4b4000] (2MB)
[    0.000000] SLUB: HWalign=64, Order=0-3, MinObjects=0, CPUs=2, Nodes=1
[    0.000000] Dynamic Preempt: none
[    0.000000] rcu: Preemptible hierarchical RCU implementation.
[    0.000000] rcu: 	RCU restricting CPUs from NR_CPUS=4096 to nr_cpu_ids=2.
[    0.000000] 	Trampoline variant of Tasks RCU enabled.
[    0.000000] 	Tracing variant of Tasks RCU enabled.
[    0.000000] rcu: RCU calculated value of scheduler-enlistment delay is 10 jiffies.
[    0.000000] rcu: Adjusting geometry for rcu_fanout_leaf=16, nr_cpu_ids=2
[    0.000000] RCU Tasks: Setting shift to 1 and lim to 1 rcu_task_cb_adjust=1 rcu_task_cpu_ids=2.
[    0.000000] RCU Tasks Trace: Setting shift to 1 and lim to 1 rcu_task_cb_adjust=1 rcu_task_cpu_ids=2.
[    0.000000] NR_IRQS: 64, nr_irqs: 64, preallocated irqs: 0
[    0.000000] Root IRQ handler: gic_handle_irq
[    0.000000] GICv2m: ACPI overriding V2M MSI_TYPER (base:80, num:64)
[    0.000000] GICv2m: range[mem 0x08020000-0x08020fff], SPI[80:143]
[    0.000000] rcu: srcu_init: Setting srcu_struct sizes based on contention.
[    0.000000] clocksource: jiffies: mask: 0xffffffff max_cycles: 0xffffffff, max_idle_ns: 19112604462750000 ns
[    0.000000] arch_timer: cp15 timer(s) running at 62.50MHz (virt).
[    0.000000] clocksource: arch_sys_counter: mask: 0x1ffffffffffffff max_cycles: 0x1cd42e208c, max_idle_ns: 881590405314 ns
[    0.000889] sched_clock: 57 bits at 63MHz, resolution 16ns, wraps every 4398046511096ns
[    0.143848] kfence: initialized - using 2097152 bytes for 255 objects at 0x(____ptrval____)-0x(____ptrval____)
[    0.389671] Console: colour dummy device 80x25
[    0.526571] ACPI: Core revision 20240827
[    0.732509] Calibrating delay loop (skipped), value calculated using timer frequency.. 125.00 BogoMIPS (lpj=625000)
[    0.734209] pid_max: default: 32768 minimum: 301
[    0.893944] LSM: initializing lsm=lockdown,capability,landlock
[    0.964476] landlock: Up and running.
[    1.109964] Mount-cache hash table entries: 4096 (order: 3, 32768 bytes, linear)
[    1.110637] Mountpoint-cache hash table entries: 4096 (order: 3, 32768 bytes, linear)
[    3.095851] rcu: Hierarchical SRCU implementation.
[    3.096950] rcu: 	Max phase no-delay instances is 1000.
[    3.191759] Timer migration: 1 hierarchy levels; 8 children per group; 1 crossnode level
[    3.300854] Remapping and enabling EFI services.
[    3.409013] smp: Bringing up secondary CPUs ...
[    3.551302] Detected PIPT I-cache on CPU1
[    3.573110] CPU1: Booted secondary processor 0x0000000001 [0x414fd0b1]
[    3.792226] smp: Brought up 1 node, 2 CPUs
[    3.792634] SMP: Total of 2 processors activated.
[    3.793376] CPU: All CPU(s) started at EL1
[    3.807224] CPU features: detected: 32-bit EL0 Support
[    3.807826] CPU features: detected: Data cache clean to the PoU not required for I/D coherence
[    3.808336] CPU features: detected: Common not Private translations
[    3.808399] CPU features: detected: CRC32 instructions
[    3.810017] CPU features: detected: RCpc load-acquire (LDAPR)
[    3.810456] CPU features: detected: LSE atomic instructions
[    3.810530] CPU features: detected: Privileged Access Never
[    3.810576] CPU features: detected: RAS Extension Support
[    3.810968] CPU features: detected: Speculative Store Bypassing Safe (SSBS)
[    4.313724] alternatives: applying system-wide alternatives
[    5.096046] CPU features: detected: Hardware dirty bit management on CPU0-1
[    7.399380] Memory: 2003384K/2097152K available (12608K kernel code, 1950K rwdata, 7812K rodata, 1920K init, 9305K bss, 89464K reserved, 0K cma-reserved)
[    9.127581] devtmpfs: initialized
[    9.828976] futex hash table entries: 512 (order: 3, 32768 bytes, linear)
[    9.846468] 24304 pages in range for non-PLT usage
[    9.847071] 515824 pages in range for PLT usage
[   10.192514] pinctrl core: initialized pinctrl subsystem
[   10.402879] SMBIOS 3.0.0 present.
[   10.407485] DMI: QEMU QEMU Virtual Machine, BIOS edk2-stable202408-prebuilt.qemu.org 08/13/2024
[   10.418049] DMI: Memory slots populated: 1/1
[   11.167626] NET: Registered PF_NETLINK/PF_ROUTE protocol family
[   11.393091] DMA: preallocated 256 KiB GFP_KERNEL pool for atomic allocations
[   11.406207] DMA: preallocated 256 KiB GFP_KERNEL|GFP_DMA pool for atomic allocations
[   11.429260] DMA: preallocated 256 KiB GFP_KERNEL|GFP_DMA32 pool for atomic allocations
[   11.433476] audit: initializing netlink subsys (disabled)
[   11.522134] audit: type=2000 audit(4.120:1): state=initialized audit_enabled=0 res=1
[   11.807171] thermal_sys: Registered thermal governor 'step_wise'
[   11.932228] cpuidle: using governor ladder
[   11.980637] cpuidle: using governor menu
[   12.057223] hw-breakpoint: found 6 breakpoint and 4 watchpoint registers.
[   12.095184] ASID allocator initialised with 65536 entries
[   12.116872] acpiphp: ACPI Hot Plug PCI Controller Driver version: 0.5
[   12.187620] Serial: AMBA PL011 UART driver
[   12.866670] HugeTLB: registered 1.00 GiB page size, pre-allocated 0 pages
[   12.866933] HugeTLB: 0 KiB vmemmap can be freed for a 1.00 GiB page
[   12.867076] HugeTLB: registered 32.0 MiB page size, pre-allocated 0 pages
[   12.867131] HugeTLB: 0 KiB vmemmap can be freed for a 32.0 MiB page
[   12.915659] HugeTLB: registered 2.00 MiB page size, pre-allocated 0 pages
[   12.915765] HugeTLB: 0 KiB vmemmap can be freed for a 2.00 MiB page
[   12.915835] HugeTLB: registered 64.0 KiB page size, pre-allocated 0 pages
[   12.915876] HugeTLB: 0 KiB vmemmap can be freed for a 64.0 KiB page
[   14.248141] ACPI: Added _OSI(Module Device)
[   14.248575] ACPI: Added _OSI(Processor Device)
[   14.248654] ACPI: Added _OSI(Processor Aggregator Device)
[   15.824540] ACPI: 1 ACPI AML tables successfully acquired and loaded
[   16.546944] ACPI: Interpreter enabled
[   16.547368] ACPI: Using GIC for interrupt routing
[   16.564106] ACPI: MCFG table detected, 1 entries
[   18.481735] ACPI: CPU0 has been hot-added
[   18.821808] ACPI: CPU1 has been hot-added
[   19.461840] ARMH0011:00: ttyAMA0 at MMIO 0x9000000 (irq = 12, base_baud = 0) is a SBSA
[   19.539682] printk: legacy console [ttyAMA0] enabled
[   21.746234] ACPI: PCI: Interrupt link L000 configured for IRQ 35
[   21.790941] ACPI: PCI: Interrupt link L001 configured for IRQ 36
[   21.794029] ACPI: PCI: Interrupt link L002 configured for IRQ 37
[   21.803742] ACPI: PCI: Interrupt link L003 configured for IRQ 38
[   21.831701] ACPI: PCI Root Bridge [PCI0] (domain 0000 [bus 00-ff])
[   21.912788] acpi PNP0A08:00: _OSC: OS supports [ExtendedConfig ASPM ClockPM Segments MSI HPX-Type3]
[   22.272151] acpi PNP0A08:00: _OSC: platform does not support [LTR]
[   22.305888] acpi PNP0A08:00: _OSC: OS now controls [PCIeHotplug PME PCIeCapability]
[   22.406707] acpi PNP0A08:00: ECAM area [mem 0x4010000000-0x401fffffff] reserved by PNP0C02:00
[   22.443209] acpi PNP0A08:00: ECAM at [mem 0x4010000000-0x401fffffff] for [bus 00-ff]
[   22.458947] ACPI: Remapped I/O 0x000000003eff0000 to [io  0x0000-0xffff window]
[   22.582715] PCI host bridge to bus 0000:00
[   22.590890] pci_bus 0000:00: root bus resource [mem 0x10000000-0x3efeffff window]
[   22.593866] pci_bus 0000:00: root bus resource [io  0x0000-0xffff window]
[   22.653036] pci_bus 0000:00: root bus resource [mem 0x8000000000-0xffffffffff window]
[   22.656881] pci_bus 0000:00: root bus resource [bus 00-ff]
[   22.707729] pci 0000:00:00.0: [1b36:0008] type 00 class 0x060000 conventional PCI endpoint
[   22.841456] pci 0000:00:01.0: [8086:100e] type 00 class 0x020000 conventional PCI endpoint
[   22.908347] pci 0000:00:01.0: BAR 0 [mem 0x10040000-0x1005ffff]
[   22.913943] pci 0000:00:01.0: BAR 1 [io  0x0080-0x00bf]
[   22.935624] pci 0000:00:01.0: ROM [mem 0xfffc0000-0xffffffff pref]
[   22.980425] pci 0000:00:02.0: [1af4:1001] type 00 class 0x010000 conventional PCI endpoint
[   22.984304] pci 0000:00:02.0: BAR 0 [io  0x0000-0x007f]
[   22.986550] pci 0000:00:02.0: BAR 1 [mem 0x10060000-0x10060fff]
[   22.996272] pci 0000:00:02.0: BAR 4 [mem 0x8000000000-0x8000003fff 64bit pref]
[   23.061736] pci 0000:00:01.0: ROM [mem 0x10000000-0x1003ffff pref]: assigned
[   23.078726] pci 0000:00:01.0: BAR 0 [mem 0x10040000-0x1005ffff]: assigned
[   23.096083] pci 0000:00:02.0: BAR 4 [mem 0x8000000000-0x8000003fff 64bit pref]: assigned
[   23.106701] pci 0000:00:02.0: BAR 1 [mem 0x10060000-0x10060fff]: assigned
[   23.109057] pci 0000:00:02.0: BAR 0 [io  0x1000-0x107f]: assigned
[   23.142436] pci 0000:00:01.0: BAR 1 [io  0x1080-0x10bf]: assigned
[   23.201545] pci_bus 0000:00: resource 4 [mem 0x10000000-0x3efeffff window]
[   23.205005] pci_bus 0000:00: resource 5 [io  0x0000-0xffff window]
[   23.208686] pci_bus 0000:00: resource 6 [mem 0x8000000000-0xffffffffff window]
[   23.355813] iommu: Default domain type: Translated
[   23.363585] iommu: DMA domain TLB invalidation policy: lazy mode
[   23.642954] efivars: Registered efivars operations
[   24.752604] clocksource: Switched to clocksource arch_sys_counter
[   25.518021] VFS: Disk quotas dquot_6.6.0
[   25.559657] VFS: Dquot-cache hash table entries: 512 (order 0, 4096 bytes)
[   25.809832] pnp: PnP ACPI init
[   26.541768] system 00:00: [mem 0x4010000000-0x401fffffff window] could not be reserved
[   26.548356] pnp: PnP ACPI: found 1 devices
[   27.114068] hrtimer: interrupt took 178704496 ns
[   29.056751] NET: Registered PF_INET protocol family
[   29.227941] IP idents hash table entries: 32768 (order: 6, 262144 bytes, linear)
[   34.813656] tcp_listen_portaddr_hash hash table entries: 1024 (order: 2, 16384 bytes, linear)
[   34.916816] Table-perturb hash table entries: 65536 (order: 6, 262144 bytes, linear)
[   34.927865] TCP established hash table entries: 16384 (order: 5, 131072 bytes, linear)
[   34.942601] TCP bind hash table entries: 16384 (order: 7, 524288 bytes, linear)
[   35.089524] TCP: Hash tables configured (established 16384 bind 16384)
[   35.208651] MPTCP token hash table entries: 2048 (order: 4, 49152 bytes, linear)
[   35.222301] UDP hash table entries: 1024 (order: 3, 32768 bytes, linear)
[   35.282702] UDP-Lite hash table entries: 1024 (order: 3, 32768 bytes, linear)
[   35.502805] NET: Registered PF_UNIX/PF_LOCAL protocol family
[   35.516814] NET: Registered PF_XDP protocol family
[   35.716148] PCI: CLS 0 bytes, default 64
[   35.788891] kvm [1]: HYP mode not available
[   36.058007] Initialise system trusted keyrings
[   36.440081] workingset: timestamp_bits=44 max_order=19 bucket_order=0
[   36.501303] Unpacking initramfs...
[   39.968124] Key type asymmetric registered
[   40.033121] Asymmetric key parser 'x509' registered
[   40.050794] Block layer SCSI generic (bsg) driver version 0.4 loaded (major 249)
[   40.071715] io scheduler mq-deadline registered
[   40.074608] io scheduler kyber registered
[   40.134610] io scheduler bfq registered
[   41.216123] ACPI: \_SB_.L002: Enabled at IRQ 37
[   41.262790] virtio-pci 0000:00:02.0: enabling device (0000 -> 0003)
[   41.430440] Serial: 8250/16550 driver, 4 ports, IRQ sharing enabled
[   42.142751] hv_vmbus: registering driver hyperv_keyboard
[   42.297388] rtc-efi rtc-efi.0: registered as rtc0
[   42.347096] rtc-efi rtc-efi.0: setting system clock to 2026-08-26T05:02:36 UTC (1787720556)
[   42.488636] NET: Registered PF_INET6 protocol family
[   42.880551] Segment Routing with IPv6
[   42.888394] In-situ OAM (IOAM) with IPv6
[   44.060386] registered taskstats version 1
[   44.152615] Loading compiled-in X.509 certificates
[   49.763205] Freeing initrd memory: 5268K
[   56.841884] Loaded X.509 cert 'alpinelinux.org: Alpine Linux kernel key: 87fa969a47f3e2a6aa35859eb932a17c95abcd82'
[   57.897493] Demotion targets for Node 0: null
[   57.984306] Key type .fscrypt registered
[   57.987895] Key type fscrypt-provisioning registered
[   59.283122] clk: Disabling unused clocks
[   59.315364] PM: genpd: Disabling unused power domains
[   63.960263] Freeing unused kernel memory: 1920K
[   64.025386] Run /init as init process
[   69.398037] Alpine Init 3.11.1-r0
Alpine Init 3.11.1-r0
[   69.539945] Loading boot drivers...
 * Loading boot drivers: [   70.779734] Loading boot drivers: ok.
ok.
SIMBOOT: kernel=6.12.103-0-virt
[   72.137633] Invalid ELF header magic: != ELF
[   74.031435] virtio_blk virtio0: 2/0/0 default/read/poll queues
[   75.792271] virtio_blk virtio0: [vda] 1411072 512-byte logical blocks (722 MB/689 MiB)
[   77.060678] Invalid ELF header magic: != ELF
[   77.683095] Invalid ELF header magic: != ELF
[   78.588035] Invalid ELF header magic: != ELF
[   82.051024] Invalid ELF header magic: != ELF
[   88.643616] Invalid ELF header magic: != ELF
[   99.516312] Invalid ELF header magic: != ELF
[  101.507822] e1000: Intel(R) PRO/1000 Network Driver
[  101.524695] e1000: Copyright (c) 1999-2006 Intel Corporation.
[  102.322537] ACPI: \_SB_.L001: Enabled at IRQ 36
[  102.328976] e1000 0000:00:01.0: enabling device (0000 -> 0003)
[  105.643406] e1000 0000:00:01.0 eth0: (PCI:33MHz:32-bit) 52:54:00:12:34:56
[  105.654643] e1000 0000:00:01.0 eth0: Intel(R) PRO/1000 Network Connection
Module                  Size  Used by    Not tainted
e1000                 163840  0 
ext4                  929792  0 
jbd2                  172032  1 ext4
mbcache                20480  1 ext4
crc32c_generic         12288  0 
crc16                  12288  1 ext4
virtio_blk             24576  0 
[  110.301308] EXT4-fs (vda): mounted filesystem 1799a7eb-09df-4b80-8c57-0424de58e445 r/w with ordered data mode. Quota mode: none.
SIMBOOT: root mounted rw, running real mfp.afx with binder stub
[  136.372402] e1000: eth0 NIC Link is Up 1000 Mbps Full Duplex, Flow Control: RX
MFP_PID=447
--- POLL 1: N=1 ---
[Inferior 1 (process 447) detached]
--- POLL 2: N=11 ---
[  218.633103] random: crng init done
[Inferior 1 (process 447) detached]
--- POLL 3: N=11 ---
[Inferior 1 (process 447) detached]
--- POLL 4: N=11 ---
[Inferior 1 (process 447) detached]
--- BT@POLL4 ---
[New LWP 463]
[New LWP 464]
[New LWP 465]
[New LWP 466]
[New LWP 467]
[New LWP 468]
[New LWP 469]
[Inferior 1 (process 447) detached]
--- POLL 5: N=11 ---
[Inferior 1 (process 447) detached]
--- POLL 6: N=11 ---
[Inferior 1 (process 447) detached]
--- POLL 7: N=11 ---
[Inferior 1 (process 447) detached]
--- POLL 8: N=11 ---
[Inferior 1 (process 447) detached]
--- BT@POLL8 ---
[New LWP 463]
[New LWP 464]
[New LWP 465]
[New LWP 466]
[New LWP 467]
[New LWP 468]
[New LWP 469]
[Inferior 1 (process 447) detached]
--- POLL 9: N=11 ---
[Inferior 1 (process 447) detached]
--- POLL 10: N=11 ---
[Inferior 1 (process 447) detached]
--- POLL 11: N=11 ---
[Inferior 1 (process 447) detached]
--- POLL 12: N=11 ---
[Inferior 1 (process 447) detached]
--- BT@POLL12 ---
