UEFI firmware (version edk2-stable202408-prebuilt.qemu.org built at 16:28:50 on Sep 12 2024)
ArmTrngLib could not be correctly initialized.
Error: Image at 000BFDB6000 start failed: 00000001
Error: Image at 000BFD6D000 start failed: Not Found
Error: Image at 000BFCBA000 start failed: Unsupported
Error: Image at 000BFB5E000 start failed: Aborted
Tpm2SubmitCommand - Tcg2 - Not Found
Tpm2GetCapabilityPcrs fail!
Tpm2SubmitCommand - Tcg2 - Not Found
Image type X64 can't be loaded on AARCH64 UEFI system.
[2J[01;01H[=3h[2J[01;01H[2J[01;01H[=3h[2J[01;01HEFI stub: Decompressing Linux Kernel...
EFI stub: Loaded initrd from LINUX_EFI_INITRD_MEDIA_GUID device path
EFI stub: Generating empty DTB
EFI stub: Exiting boot services...
[    0.000000] Booting Linux on physical CPU 0x0000000000 [0x414fd0b1]
[    0.000000] Linux version 6.12.103-0-virt (buildozer@build-3-21-aarch64) (gcc (Alpine 14.2.0) 14.2.0, GNU ld (GNU Binutils) 2.43.1) #1-Alpine SMP PREEMPT_DYNAMIC 2026-08-10 14:25:03
[    0.000000] efi: EFI v2.7 by EDK II
[    0.000000] efi: SMBIOS 3.0=0xbfed0000 MEMATTR=0xbe176018 ACPI 2.0=0xbcb43018 INITRD=0xbcb40f18 MEMRESERVE=0xbcb40f98 
[    0.000000] ACPI: Early table checksum verification disabled
[    0.000000] ACPI: RSDP 0x00000000BCB43018 000024 (v02 BOCHS )
[    0.000000] ACPI: XSDT 0x00000000BCB43F18 000064 (v01 BOCHS  BXPC     00000001      01000013)
[    0.000000] ACPI: FACP 0x00000000BCB43B18 000114 (v06 BOCHS  BXPC     00000001 BXPC 00000001)
[    0.000000] ACPI: DSDT 0x00000000BCB41018 001506 (v02 BOCHS  BXPC     00000001 BXPC 00000001)
[    0.000000] ACPI: APIC 0x00000000BCB43C98 0000FC (v04 BOCHS  BXPC     00000001 BXPC 00000001)
[    0.000000] ACPI: PPTT 0x00000000BCB43E18 000074 (v02 BOCHS  BXPC     00000001 BXPC 00000001)
[    0.000000] ACPI: GTDT 0x00000000BCB43098 000068 (v03 BOCHS  BXPC     00000001 BXPC 00000001)
[    0.000000] ACPI: MCFG 0x00000000BCB43A98 00003C (v01 BOCHS  BXPC     00000001 BXPC 00000001)
[    0.000000] ACPI: SPCR 0x00000000BCB43818 000050 (v02 BOCHS  BXPC     00000001 BXPC 00000001)
[    0.000000] ACPI: DBG2 0x00000000BCB43A18 000057 (v00 BOCHS  BXPC     00000001 BXPC 00000001)
[    0.000000] ACPI: IORT 0x00000000BCB43898 000054 (v05 BOCHS  BXPC     00000001 BXPC 00000001)
[    0.000000] ACPI: SPCR: console: pl011,mmio32,0x9000000,9600
[    0.000000] ACPI: Use ACPI SPCR as default console: Yes
[    0.000000] NUMA: Faking a node at [mem 0x0000000040000000-0x00000000bfffffff]
[    0.000000] NODE_DATA(0) allocated [mem 0xbf855b80-0xbf857fff]
[    0.000000] Zone ranges:
[    0.000000]   DMA      [mem 0x0000000040000000-0x00000000bfffffff]
[    0.000000]   DMA32    empty
[    0.000000]   Normal   empty
[    0.000000] Movable zone start for each node
[    0.000000] Early memory node ranges
[    0.000000]   node   0: [mem 0x0000000040000000-0x00000000bc76ffff]
[    0.000000]   node   0: [mem 0x00000000bc770000-0x00000000bcb3ffff]
[    0.000000]   node   0: [mem 0x00000000bcb40000-0x00000000bfe1ffff]
[    0.000000]   node   0: [mem 0x00000000bfe20000-0x00000000bfeaffff]
[    0.000000]   node   0: [mem 0x00000000bfeb0000-0x00000000bfebffff]
[    0.000000]   node   0: [mem 0x00000000bfec0000-0x00000000bffdffff]
[    0.000000]   node   0: [mem 0x00000000bffe0000-0x00000000bfffffff]
[    0.000000] Initmem setup node 0 [mem 0x0000000040000000-0x00000000bfffffff]
[    0.000000] psci: probing for conduit method from ACPI.
[    0.000000] psci: PSCIv1.1 detected in firmware.
[    0.000000] psci: Using standard PSCI v0.2 function IDs
[    0.000000] psci: Trusted OS migration not required
[    0.000000] psci: SMC Calling Convention v1.0
[    0.000000] percpu: Embedded 33 pages/cpu s96984 r8192 d29992 u135168
[    0.000000] Detected PIPT I-cache on CPU0
[    0.000000] CPU features: detected: Spectre-v4
[    0.000000] CPU features: detected: Spectre-BHB
[    0.000000] CPU features: detected: Broken broadcast TLBI completion
[    0.000000] CPU features: detected: SSBS not fully self-synchronizing
[    0.000000] alternatives: applying boot alternatives
[    0.000000] Kernel command line: root=/dev/vda rw console=ttyAMA0 initrd=initrd
[    0.000000] Dentry cache hash table entries: 262144 (order: 9, 2097152 bytes, linear)
[    0.000000] Inode-cache hash table entries: 131072 (order: 8, 1048576 bytes, linear)
[    0.000000] Fallback order for Node 0: 0 
[    0.000000] Built 1 zonelists, mobility grouping on.  Total pages: 524288
[    0.000000] Policy zone: DMA
[    0.000000] mem auto-init: stack:all(zero), heap alloc:on, heap free:off
[    0.000000] software IO TLB: SWIOTLB bounce buffer size adjusted to 2MB
[    0.000000] software IO TLB: area num 2.
[    0.000000] software IO TLB: mapped [mem 0x00000000bf2b4000-0x00000000bf4b4000] (2MB)
[    0.000000] SLUB: HWalign=64, Order=0-3, MinObjects=0, CPUs=2, Nodes=1
[    0.000000] Dynamic Preempt: none
[    0.000000] rcu: Preemptible hierarchical RCU implementation.
[    0.000000] rcu: 	RCU restricting CPUs from NR_CPUS=4096 to nr_cpu_ids=2.
[    0.000000] 	Trampoline variant of Tasks RCU enabled.
[    0.000000] 	Tracing variant of Tasks RCU enabled.
[    0.000000] rcu: RCU calculated value of scheduler-enlistment delay is 10 jiffies.
[    0.000000] rcu: Adjusting geometry for rcu_fanout_leaf=16, nr_cpu_ids=2
[    0.000000] RCU Tasks: Setting shift to 1 and lim to 1 rcu_task_cb_adjust=1 rcu_task_cpu_ids=2.
[    0.000000] RCU Tasks Trace: Setting shift to 1 and lim to 1 rcu_task_cb_adjust=1 rcu_task_cpu_ids=2.
[    0.000000] NR_IRQS: 64, nr_irqs: 64, preallocated irqs: 0
[    0.000000] Root IRQ handler: gic_handle_irq
[    0.000000] GICv2m: ACPI overriding V2M MSI_TYPER (base:80, num:64)
[    0.000000] GICv2m: range[mem 0x08020000-0x08020fff], SPI[80:143]
[    0.000000] rcu: srcu_init: Setting srcu_struct sizes based on contention.
[    0.000000] clocksource: jiffies: mask: 0xffffffff max_cycles: 0xffffffff, max_idle_ns: 19112604462750000 ns
[    0.000000] arch_timer: cp15 timer(s) running at 62.50MHz (virt).
[    0.000000] clocksource: arch_sys_counter: mask: 0x1ffffffffffffff max_cycles: 0x1cd42e208c, max_idle_ns: 881590405314 ns
[    0.000084] sched_clock: 57 bits at 63MHz, resolution 16ns, wraps every 4398046511096ns
[    0.012732] kfence: initialized - using 2097152 bytes for 255 objects at 0x(____ptrval____)-0x(____ptrval____)
[    0.031116] Console: colour dummy device 80x25
[    0.042878] ACPI: Core revision 20240827
[    0.052452] Calibrating delay loop (skipped), value calculated using timer frequency.. 125.00 BogoMIPS (lpj=625000)
[    0.052643] pid_max: default: 32768 minimum: 301
[    0.065735] LSM: initializing lsm=lockdown,capability,landlock
[    0.073740] landlock: Up and running.
[    0.079802] Mount-cache hash table entries: 4096 (order: 3, 32768 bytes, linear)
[    0.079949] Mountpoint-cache hash table entries: 4096 (order: 3, 32768 bytes, linear)
[    0.235453] rcu: Hierarchical SRCU implementation.
[    0.235602] rcu: 	Max phase no-delay instances is 1000.
[    0.248279] Timer migration: 1 hierarchy levels; 8 children per group; 1 crossnode level
[    0.269066] Remapping and enabling EFI services.
[    0.283436] smp: Bringing up secondary CPUs ...
[    0.299148] Detected PIPT I-cache on CPU1
[    0.301075] CPU1: Booted secondary processor 0x0000000001 [0x414fd0b1]
[    0.315299] smp: Brought up 1 node, 2 CPUs
[    0.315375] SMP: Total of 2 processors activated.
[    0.315428] CPU: All CPU(s) started at EL1
[    0.315712] CPU features: detected: 32-bit EL0 Support
[    0.315785] CPU features: detected: Data cache clean to the PoU not required for I/D coherence
[    0.315863] CPU features: detected: Common not Private translations
[    0.315870] CPU features: detected: CRC32 instructions
[    0.316134] CPU features: detected: RCpc load-acquire (LDAPR)
[    0.316185] CPU features: detected: LSE atomic instructions
[    0.316192] CPU features: detected: Privileged Access Never
[    0.316197] CPU features: detected: RAS Extension Support
[    0.316258] CPU features: detected: Speculative Store Bypassing Safe (SSBS)
[    0.348008] alternatives: applying system-wide alternatives
[    0.399087] CPU features: detected: Hardware dirty bit management on CPU0-1
[    0.445855] Memory: 2003132K/2097152K available (12608K kernel code, 1950K rwdata, 7812K rodata, 1920K init, 9305K bss, 89464K reserved, 0K cma-reserved)
[    0.529255] devtmpfs: initialized
[    0.590794] futex hash table entries: 512 (order: 3, 32768 bytes, linear)
[    0.592420] 24304 pages in range for non-PLT usage
[    0.592528] 515824 pages in range for PLT usage
[    0.601060] pinctrl core: initialized pinctrl subsystem
[    0.615974] SMBIOS 3.0.0 present.
[    0.616474] DMI: QEMU QEMU Virtual Machine, BIOS edk2-stable202408-prebuilt.qemu.org 08/13/2024
[    0.617102] DMI: Memory slots populated: 1/1
[    0.663828] NET: Registered PF_NETLINK/PF_ROUTE protocol family
[    0.678499] DMA: preallocated 256 KiB GFP_KERNEL pool for atomic allocations
[    0.679120] DMA: preallocated 256 KiB GFP_KERNEL|GFP_DMA pool for atomic allocations
[    0.679469] DMA: preallocated 256 KiB GFP_KERNEL|GFP_DMA32 pool for atomic allocations
[    0.680192] audit: initializing netlink subsys (disabled)
[    0.683794] audit: type=2000 audit(0.530:1): state=initialized audit_enabled=0 res=1
[    0.693818] thermal_sys: Registered thermal governor 'step_wise'
[    0.696964] cpuidle: using governor ladder
[    0.697391] cpuidle: using governor menu
[    0.699939] hw-breakpoint: found 6 breakpoint and 4 watchpoint registers.
[    0.701119] ASID allocator initialised with 65536 entries
[    0.701851] acpiphp: ACPI Hot Plug PCI Controller Driver version: 0.5
[    0.709505] Serial: AMBA PL011 UART driver
[    0.747801] HugeTLB: registered 1.00 GiB page size, pre-allocated 0 pages
[    0.747860] HugeTLB: 0 KiB vmemmap can be freed for a 1.00 GiB page
[    0.747884] HugeTLB: registered 32.0 MiB page size, pre-allocated 0 pages
[    0.747893] HugeTLB: 0 KiB vmemmap can be freed for a 32.0 MiB page
[    0.747903] HugeTLB: registered 2.00 MiB page size, pre-allocated 0 pages
[    0.747914] HugeTLB: 0 KiB vmemmap can be freed for a 2.00 MiB page
[    0.747924] HugeTLB: registered 64.0 KiB page size, pre-allocated 0 pages
[    0.747931] HugeTLB: 0 KiB vmemmap can be freed for a 64.0 KiB page
[    0.797904] ACPI: Added _OSI(Module Device)
[    0.798320] ACPI: Added _OSI(Processor Device)
[    0.798344] ACPI: Added _OSI(Processor Aggregator Device)
[    0.834430] ACPI: 1 ACPI AML tables successfully acquired and loaded
[    0.874028] ACPI: Interpreter enabled
[    0.874656] ACPI: Using GIC for interrupt routing
[    0.875926] ACPI: MCFG table detected, 1 entries
[    0.978362] ACPI: CPU0 has been hot-added
[    0.979401] ACPI: CPU1 has been hot-added
[    1.003102] ARMH0011:00: ttyAMA0 at MMIO 0x9000000 (irq = 12, base_baud = 0) is a SBSA
[    1.009076] printk: legacy console [ttyAMA0] enabled
[    1.111086] ACPI: PCI: Interrupt link L000 configured for IRQ 35
[    1.111877] ACPI: PCI: Interrupt link L001 configured for IRQ 36
[    1.112301] ACPI: PCI: Interrupt link L002 configured for IRQ 37
[    1.112701] ACPI: PCI: Interrupt link L003 configured for IRQ 38
[    1.114094] ACPI: PCI Root Bridge [PCI0] (domain 0000 [bus 00-ff])
[    1.117326] acpi PNP0A08:00: _OSC: OS supports [ExtendedConfig ASPM ClockPM Segments MSI HPX-Type3]
[    1.130856] acpi PNP0A08:00: _OSC: platform does not support [LTR]
[    1.132087] acpi PNP0A08:00: _OSC: OS now controls [PCIeHotplug PME PCIeCapability]
[    1.143517] acpi PNP0A08:00: ECAM area [mem 0x4010000000-0x401fffffff] reserved by PNP0C02:00
[    1.145604] acpi PNP0A08:00: ECAM at [mem 0x4010000000-0x401fffffff] for [bus 00-ff]
[    1.147875] ACPI: Remapped I/O 0x000000003eff0000 to [io  0x0000-0xffff window]
[    1.161757] PCI host bridge to bus 0000:00
[    1.162880] pci_bus 0000:00: root bus resource [mem 0x10000000-0x3efeffff window]
[    1.163849] pci_bus 0000:00: root bus resource [io  0x0000-0xffff window]
[    1.164145] pci_bus 0000:00: root bus resource [mem 0x8000000000-0xffffffffff window]
[    1.164728] pci_bus 0000:00: root bus resource [bus 00-ff]
[    1.168877] pci 0000:00:00.0: [1b36:0008] type 00 class 0x060000 conventional PCI endpoint
[    1.182512] pci 0000:00:01.0: [8086:100e] type 00 class 0x020000 conventional PCI endpoint
[    1.183559] pci 0000:00:01.0: BAR 0 [mem 0x10040000-0x1005ffff]
[    1.184346] pci 0000:00:01.0: BAR 1 [io  0x0080-0x00bf]
[    1.192904] pci 0000:00:01.0: ROM [mem 0xfffc0000-0xffffffff pref]
[    1.196164] pci 0000:00:02.0: [1af4:1001] type 00 class 0x010000 conventional PCI endpoint
[    1.196711] pci 0000:00:02.0: BAR 0 [io  0x0000-0x007f]
[    1.197011] pci 0000:00:02.0: BAR 1 [mem 0x10060000-0x10060fff]
[    1.197415] pci 0000:00:02.0: BAR 4 [mem 0x8000000000-0x8000003fff 64bit pref]
[    1.203093] pci 0000:00:01.0: ROM [mem 0x10000000-0x1003ffff pref]: assigned
[    1.210728] pci 0000:00:01.0: BAR 0 [mem 0x10040000-0x1005ffff]: assigned
[    1.211568] pci 0000:00:02.0: BAR 4 [mem 0x8000000000-0x8000003fff 64bit pref]: assigned
[    1.212239] pci 0000:00:02.0: BAR 1 [mem 0x10060000-0x10060fff]: assigned
[    1.212618] pci 0000:00:02.0: BAR 0 [io  0x1000-0x107f]: assigned
[    1.212962] pci 0000:00:01.0: BAR 1 [io  0x1080-0x10bf]: assigned
[    1.213808] pci_bus 0000:00: resource 4 [mem 0x10000000-0x3efeffff window]
[    1.214973] pci_bus 0000:00: resource 5 [io  0x0000-0xffff window]
[    1.215300] pci_bus 0000:00: resource 6 [mem 0x8000000000-0xffffffffff window]
[    1.233431] iommu: Default domain type: Translated
[    1.233838] iommu: DMA domain TLB invalidation policy: lazy mode
[    1.258602] efivars: Registered efivars operations
[    1.301042] clocksource: Switched to clocksource arch_sys_counter
[    1.330659] VFS: Disk quotas dquot_6.6.0
[    1.331471] VFS: Dquot-cache hash table entries: 512 (order 0, 4096 bytes)
[    1.343180] pnp: PnP ACPI init
[    1.349499] system 00:00: [mem 0x4010000000-0x401fffffff window] could not be reserved
[    1.350743] pnp: PnP ACPI: found 1 devices
[    1.562175] NET: Registered PF_INET protocol family
[    1.565131] IP idents hash table entries: 32768 (order: 6, 262144 bytes, linear)
[    1.716987] tcp_listen_portaddr_hash hash table entries: 1024 (order: 2, 16384 bytes, linear)
[    1.717884] Table-perturb hash table entries: 65536 (order: 6, 262144 bytes, linear)
[    1.718657] TCP established hash table entries: 16384 (order: 5, 131072 bytes, linear)
[    1.720086] TCP bind hash table entries: 16384 (order: 7, 524288 bytes, linear)
[    1.724779] TCP: Hash tables configured (established 16384 bind 16384)
[    1.729599] MPTCP token hash table entries: 2048 (order: 4, 49152 bytes, linear)
[    1.733265] UDP hash table entries: 1024 (order: 3, 32768 bytes, linear)
[    1.734550] UDP-Lite hash table entries: 1024 (order: 3, 32768 bytes, linear)
[    1.743382] NET: Registered PF_UNIX/PF_LOCAL protocol family
[    1.745615] NET: Registered PF_XDP protocol family
[    1.747563] PCI: CLS 0 bytes, default 64
[    1.762613] kvm [1]: HYP mode not available
[    1.773935] Initialise system trusted keyrings
[    1.797396] Unpacking initramfs...
[    1.802443] workingset: timestamp_bits=44 max_order=19 bucket_order=0
[    1.935175] Key type asymmetric registered
[    1.935717] Asymmetric key parser 'x509' registered
[    1.943080] Block layer SCSI generic (bsg) driver version 0.4 loaded (major 249)
[    1.946017] io scheduler mq-deadline registered
[    1.946539] io scheduler kyber registered
[    1.947475] io scheduler bfq registered
[    1.993169] ACPI: \_SB_.L002: Enabled at IRQ 37
[    1.995253] virtio-pci 0000:00:02.0: enabling device (0000 -> 0003)
[    2.009679] Serial: 8250/16550 driver, 4 ports, IRQ sharing enabled
[    2.049900] hv_vmbus: registering driver hyperv_keyboard
[    2.064812] rtc-efi rtc-efi.0: registered as rtc0
[    2.067946] rtc-efi rtc-efi.0: setting system clock to 2026-08-24T10:56:51 UTC (1787569011)
[    2.079449] NET: Registered PF_INET6 protocol family
[    2.114669] Segment Routing with IPv6
[    2.115523] In-situ OAM (IOAM) with IPv6
[    2.196781] registered taskstats version 1
[    2.207615] Loading compiled-in X.509 certificates
[    2.302200] Freeing initrd memory: 5268K
[    2.567483] Loaded X.509 cert 'alpinelinux.org: Alpine Linux kernel key: 87fa969a47f3e2a6aa35859eb932a17c95abcd82'
[    2.599821] Demotion targets for Node 0: null
[    2.602757] Key type .fscrypt registered
[    2.603054] Key type fscrypt-provisioning registered
[    2.662221] clk: Disabling unused clocks
[    2.663500] PM: genpd: Disabling unused power domains
[    2.747783] Freeing unused kernel memory: 1920K
[    2.750657] Run /init as init process
[    3.032184] Alpine Init 3.11.1-r0
Alpine Init 3.11.1-r0
[    3.044417] Loading boot drivers...
 * Loading boot drivers: [    3.119596] Loading boot drivers: ok.
ok.
SIMBOOT: kernel=6.12.103-0-virt
[    3.248452] Invalid ELF header magic: != ELF
[    3.307458] virtio_blk virtio0: 2/0/0 default/read/poll queues
[    3.343743] virtio_blk virtio0: [vda] 1411072 512-byte logical blocks (722 MB/689 MiB)
[    3.401532] Invalid ELF header magic: != ELF
[    3.426788] Invalid ELF header magic: != ELF
[    3.450868] Invalid ELF header magic: != ELF
[    3.483009] Invalid ELF header magic: != ELF
[    3.579487] Invalid ELF header magic: != ELF
[    3.858724] Invalid ELF header magic: != ELF
[    3.895395] e1000: Intel(R) PRO/1000 Network Driver
[    3.895809] e1000: Copyright (c) 1999-2006 Intel Corporation.
[    3.898120] ACPI: \_SB_.L001: Enabled at IRQ 36
[    3.898659] e1000 0000:00:01.0: enabling device (0000 -> 0003)
[    4.584004] e1000 0000:00:01.0 eth0: (PCI:33MHz:32-bit) 52:54:00:12:34:56
[    4.585638] e1000 0000:00:01.0 eth0: Intel(R) PRO/1000 Network Connection
Module                  Size  Used by    Not tainted
e1000                 163840  0 
ext4                  929792  0 
jbd2                  172032  1 ext4
mbcache                20480  1 ext4
crc32c_generic         12288  0 
crc16                  12288  1 ext4
virtio_blk             24576  0 
[    5.825955] EXT4-fs (vda): mounted filesystem 1799a7eb-09df-4b80-8c57-0424de58e445 r/w with ordered data mode. Quota mode: none.
SIMBOOT: root mounted rw, running real mfp.afx with binder stub
[   13.343380] e1000: eth0 NIC Link is Up 1000 Mbps Full Duplex, Flow Control: RX
MFP_PID=442
[   17.312471] random: crng init done
--- GDB PATCH ---
    char storage_dir2_path[64];
    char storage_dir3_path[64];
    uint8_t storage_link_state[4];
    char storage_emmc_cache[64];
    char storage_sata_cache[64];
    char storage_udisk_cache[64];
    char storage_emmc_cache_2[64];
    uint8_t storage_link_state_nor[4];
    uint8_t storage_link_state_nand[4];
    uint8_t storage_link_state_sdnand[4];
    uint8_t storage_link_state_sdcard[4];
    uint8_t storage_link_state_emmc[4];
    uint8_t storage_link_state_ssd[4];
    uint8_t storage_link_state_usb[4];
    uint8_t storage_ssd_install_state;
    uint32_t storage_ssd_health;
    PAGEINFO_S sys_pages_info;
    ATTRIBUTE_INFO_S sys_attribute_info;
    uint32_t print_control;
    PRINT_CONFIG_CUSTOM_SIZE_S custom_size;
    uint32_t data_clear_func_enable;
    char sole_serial_num[32];
    uint32_t storage_install_status;
    char slave_3700_firmware_version[16];
}
$1 = 0x0
$2 = 0x0
$3 = 0x0
$4 = 0x0
[Inferior 1 (process 442) detached]
--- CHECK ALIVE ---
195
--- NET GLOBALS ---
 00000001
s_lpd:
 00000000092b7850
s_pedk:
 00000000092b7b70
--- LISTEN ---
  sl  local_address rem_address   st tx_queue rx_queue tr tm->when retrnsmt   uid  timeout inode                                                     
--- SOCK FD ---
48
--- MODULES ---
[  145.191005] hrtimer: interrupt took 56231408 ns
