UEFI firmware (version edk2-stable202408-prebuilt.qemu.org built at 16:28:50 on Sep 12 2024)
ArmTrngLib could not be correctly initialized.
Error: Image at 0013FDB6000 start failed: 00000001
Error: Image at 0013FD6D000 start failed: Not Found
Error: Image at 0013FCBA000 start failed: Unsupported
Error: Image at 0013FB5E000 start failed: Aborted
Tpm2SubmitCommand - Tcg2 - Not Found
Tpm2GetCapabilityPcrs fail!
Tpm2SubmitCommand - Tcg2 - Not Found
Image type X64 can't be loaded on AARCH64 UEFI system.
[2J[01;01H[=3h[2J[01;01H[2J[01;01H[=3h[2J[01;01HEFI stub: Decompressing Linux Kernel...
EFI stub: Loaded initrd from LINUX_EFI_INITRD_MEDIA_GUID device path
EFI stub: Generating empty DTB
EFI stub: Exiting boot services...
[    0.000000] Booting Linux on physical CPU 0x0000000000 [0x414fd0b1]
[    0.000000] Linux version 6.12.103-0-virt (buildozer@build-3-21-aarch64) (gcc (Alpine 14.2.0) 14.2.0, GNU ld (GNU Binutils) 2.43.1) #1-Alpine SMP PREEMPT_DYNAMIC 2026-08-10 14:25:03
[    0.000000] efi: EFI v2.7 by EDK II
[    0.000000] efi: SMBIOS 3.0=0x13fed0000 MEMATTR=0x13e176018 ACPI 2.0=0x13cb43018 INITRD=0x13cb40f18 MEMRESERVE=0x13cb40f98 
[    0.000000] ACPI: Early table checksum verification disabled
[    0.000000] ACPI: RSDP 0x000000013CB43018 000024 (v02 BOCHS )
[    0.000000] ACPI: XSDT 0x000000013CB43F18 000064 (v01 BOCHS  BXPC     00000001      01000013)
[    0.000000] ACPI: FACP 0x000000013CB43B18 000114 (v06 BOCHS  BXPC     00000001 BXPC 00000001)
[    0.000000] ACPI: DSDT 0x000000013CB41018 001506 (v02 BOCHS  BXPC     00000001 BXPC 00000001)
[    0.000000] ACPI: APIC 0x000000013CB43C98 0000FC (v04 BOCHS  BXPC     00000001 BXPC 00000001)
[    0.000000] ACPI: PPTT 0x000000013CB43E18 000074 (v02 BOCHS  BXPC     00000001 BXPC 00000001)
[    0.000000] ACPI: GTDT 0x000000013CB43098 000068 (v03 BOCHS  BXPC     00000001 BXPC 00000001)
[    0.000000] ACPI: MCFG 0x000000013CB43A98 00003C (v01 BOCHS  BXPC     00000001 BXPC 00000001)
[    0.000000] ACPI: SPCR 0x000000013CB43818 000050 (v02 BOCHS  BXPC     00000001 BXPC 00000001)
[    0.000000] ACPI: DBG2 0x000000013CB43A18 000057 (v00 BOCHS  BXPC     00000001 BXPC 00000001)
[    0.000000] ACPI: IORT 0x000000013CB43898 000054 (v05 BOCHS  BXPC     00000001 BXPC 00000001)
[    0.000000] ACPI: SPCR: console: pl011,mmio32,0x9000000,9600
[    0.000000] ACPI: Use ACPI SPCR as default console: Yes
[    0.000000] NUMA: Faking a node at [mem 0x0000000040000000-0x000000013fffffff]
[    0.000000] NODE_DATA(0) allocated [mem 0x13f453b80-0x13f455fff]
[    0.000000] Zone ranges:
[    0.000000]   DMA      [mem 0x0000000040000000-0x00000000ffffffff]
[    0.000000]   DMA32    empty
[    0.000000]   Normal   [mem 0x0000000100000000-0x000000013fffffff]
[    0.000000] Movable zone start for each node
[    0.000000] Early memory node ranges
[    0.000000]   node   0: [mem 0x0000000040000000-0x000000013c76ffff]
[    0.000000]   node   0: [mem 0x000000013c770000-0x000000013cb3ffff]
[    0.000000]   node   0: [mem 0x000000013cb40000-0x000000013fe1ffff]
[    0.000000]   node   0: [mem 0x000000013fe20000-0x000000013feaffff]
[    0.000000]   node   0: [mem 0x000000013feb0000-0x000000013febffff]
[    0.000000]   node   0: [mem 0x000000013fec0000-0x000000013ffdffff]
[    0.000000]   node   0: [mem 0x000000013ffe0000-0x000000013fffffff]
[    0.000000] Initmem setup node 0 [mem 0x0000000040000000-0x000000013fffffff]
[    0.000000] psci: probing for conduit method from ACPI.
[    0.000000] psci: PSCIv1.1 detected in firmware.
[    0.000000] psci: Using standard PSCI v0.2 function IDs
[    0.000000] psci: Trusted OS migration not required
[    0.000000] psci: SMC Calling Convention v1.0
[    0.000000] percpu: Embedded 33 pages/cpu s96984 r8192 d29992 u135168
[    0.000000] Detected PIPT I-cache on CPU0
[    0.000000] CPU features: detected: Spectre-v4
[    0.000000] CPU features: detected: Spectre-BHB
[    0.000000] CPU features: detected: Broken broadcast TLBI completion
[    0.000000] CPU features: detected: SSBS not fully self-synchronizing
[    0.000000] alternatives: applying boot alternatives
[    0.000000] Kernel command line: root=/dev/vda rw console=ttyAMA0 initrd=initrd
[    0.000000] Dentry cache hash table entries: 524288 (order: 10, 4194304 bytes, linear)
[    0.000000] Inode-cache hash table entries: 262144 (order: 9, 2097152 bytes, linear)
[    0.000000] Fallback order for Node 0: 0 
[    0.000000] Built 1 zonelists, mobility grouping on.  Total pages: 1048576
[    0.000000] Policy zone: Normal
[    0.000000] mem auto-init: stack:all(zero), heap alloc:on, heap free:off
[    0.000000] software IO TLB: area num 2.
[    0.000000] software IO TLB: mapped [mem 0x00000000fbfff000-0x00000000fffff000] (64MB)
[    0.000000] SLUB: HWalign=64, Order=0-3, MinObjects=0, CPUs=2, Nodes=1
[    0.000000] Dynamic Preempt: none
[    0.000000] rcu: Preemptible hierarchical RCU implementation.
[    0.000000] rcu: 	RCU restricting CPUs from NR_CPUS=4096 to nr_cpu_ids=2.
[    0.000000] 	Trampoline variant of Tasks RCU enabled.
[    0.000000] 	Tracing variant of Tasks RCU enabled.
[    0.000000] rcu: RCU calculated value of scheduler-enlistment delay is 10 jiffies.
[    0.000000] rcu: Adjusting geometry for rcu_fanout_leaf=16, nr_cpu_ids=2
[    0.000000] RCU Tasks: Setting shift to 1 and lim to 1 rcu_task_cb_adjust=1 rcu_task_cpu_ids=2.
[    0.000000] RCU Tasks Trace: Setting shift to 1 and lim to 1 rcu_task_cb_adjust=1 rcu_task_cpu_ids=2.
[    0.000000] NR_IRQS: 64, nr_irqs: 64, preallocated irqs: 0
[    0.000000] Root IRQ handler: gic_handle_irq
[    0.000000] GICv2m: ACPI overriding V2M MSI_TYPER (base:80, num:64)
[    0.000000] GICv2m: range[mem 0x08020000-0x08020fff], SPI[80:143]
[    0.000000] rcu: srcu_init: Setting srcu_struct sizes based on contention.
[    0.000000] clocksource: jiffies: mask: 0xffffffff max_cycles: 0xffffffff, max_idle_ns: 19112604462750000 ns
[    0.000000] arch_timer: cp15 timer(s) running at 62.50MHz (virt).
[    0.000000] clocksource: arch_sys_counter: mask: 0x1ffffffffffffff max_cycles: 0x1cd42e208c, max_idle_ns: 881590405314 ns
[    0.000144] sched_clock: 57 bits at 63MHz, resolution 16ns, wraps every 4398046511096ns
[    0.038458] kfence: initialized - using 2097152 bytes for 255 objects at 0x(____ptrval____)-0x(____ptrval____)
[    0.152409] Console: colour dummy device 80x25
[    0.211239] ACPI: Core revision 20240827
[    0.288471] Calibrating delay loop (skipped), value calculated using timer frequency.. 125.00 BogoMIPS (lpj=625000)
[    0.298889] pid_max: default: 32768 minimum: 301
[    0.336762] LSM: initializing lsm=lockdown,capability,landlock
[    0.368881] landlock: Up and running.
[    0.400049] Mount-cache hash table entries: 8192 (order: 4, 65536 bytes, linear)
[    0.401929] Mountpoint-cache hash table entries: 8192 (order: 4, 65536 bytes, linear)
[    1.048390] rcu: Hierarchical SRCU implementation.
[    1.048574] rcu: 	Max phase no-delay instances is 1000.
[    1.052462] Timer migration: 1 hierarchy levels; 8 children per group; 1 crossnode level
[    1.071185] Remapping and enabling EFI services.
[    1.086965] smp: Bringing up secondary CPUs ...
[    1.103582] Detected PIPT I-cache on CPU1
[    1.105170] CPU1: Booted secondary processor 0x0000000001 [0x414fd0b1]
[    1.132672] smp: Brought up 1 node, 2 CPUs
[    1.132780] SMP: Total of 2 processors activated.
[    1.132869] CPU: All CPU(s) started at EL1
[    1.133344] CPU features: detected: 32-bit EL0 Support
[    1.133449] CPU features: detected: Data cache clean to the PoU not required for I/D coherence
[    1.133540] CPU features: detected: Common not Private translations
[    1.133554] CPU features: detected: CRC32 instructions
[    1.133881] CPU features: detected: RCpc load-acquire (LDAPR)
[    1.133937] CPU features: detected: LSE atomic instructions
[    1.133945] CPU features: detected: Privileged Access Never
[    1.133950] CPU features: detected: RAS Extension Support
[    1.134015] CPU features: detected: Speculative Store Bypassing Safe (SSBS)
[    1.200888] alternatives: applying system-wide alternatives
[    1.287899] CPU features: detected: Hardware dirty bit management on CPU0-1
[    1.354037] Memory: 3995976K/4194304K available (12608K kernel code, 1950K rwdata, 7812K rodata, 1920K init, 9305K bss, 193644K reserved, 0K cma-reserved)
[    1.470628] devtmpfs: initialized
[    1.553222] futex hash table entries: 512 (order: 3, 32768 bytes, linear)
[    1.554252] 24304 pages in range for non-PLT usage
[    1.554325] 515824 pages in range for PLT usage
[    1.600852] pinctrl core: initialized pinctrl subsystem
[    1.633338] SMBIOS 3.0.0 present.
[    1.633740] DMI: QEMU QEMU Virtual Machine, BIOS edk2-stable202408-prebuilt.qemu.org 08/13/2024
[    1.634132] DMI: Memory slots populated: 1/1
[    1.754962] NET: Registered PF_NETLINK/PF_ROUTE protocol family
[    1.770654] DMA: preallocated 512 KiB GFP_KERNEL pool for atomic allocations
[    1.783739] DMA: preallocated 512 KiB GFP_KERNEL|GFP_DMA pool for atomic allocations
[    1.786713] DMA: preallocated 512 KiB GFP_KERNEL|GFP_DMA32 pool for atomic allocations
[    1.787916] audit: initializing netlink subsys (disabled)
[    1.803820] audit: type=2000 audit(0.830:1): state=initialized audit_enabled=0 res=1
[    1.821645] thermal_sys: Registered thermal governor 'step_wise'
[    1.829802] cpuidle: using governor ladder
[    1.830351] cpuidle: using governor menu
[    1.833083] hw-breakpoint: found 6 breakpoint and 4 watchpoint registers.
[    1.834322] ASID allocator initialised with 65536 entries
[    1.835148] acpiphp: ACPI Hot Plug PCI Controller Driver version: 0.5
[    1.836917] Serial: AMBA PL011 UART driver
[    1.887389] HugeTLB: registered 1.00 GiB page size, pre-allocated 0 pages
[    1.887428] HugeTLB: 0 KiB vmemmap can be freed for a 1.00 GiB page
[    1.887446] HugeTLB: registered 32.0 MiB page size, pre-allocated 0 pages
[    1.887453] HugeTLB: 0 KiB vmemmap can be freed for a 32.0 MiB page
[    1.887461] HugeTLB: registered 2.00 MiB page size, pre-allocated 0 pages
[    1.887476] HugeTLB: 0 KiB vmemmap can be freed for a 2.00 MiB page
[    1.887485] HugeTLB: registered 64.0 KiB page size, pre-allocated 0 pages
[    1.887490] HugeTLB: 0 KiB vmemmap can be freed for a 64.0 KiB page
[    1.953399] ACPI: Added _OSI(Module Device)
[    1.953495] ACPI: Added _OSI(Processor Device)
[    1.953511] ACPI: Added _OSI(Processor Aggregator Device)
[    2.012314] ACPI: 1 ACPI AML tables successfully acquired and loaded
[    2.081890] ACPI: Interpreter enabled
[    2.081982] ACPI: Using GIC for interrupt routing
[    2.083127] ACPI: MCFG table detected, 1 entries
[    2.218719] ACPI: CPU0 has been hot-added
[    2.219810] ACPI: CPU1 has been hot-added
[    2.268573] ARMH0011:00: ttyAMA0 at MMIO 0x9000000 (irq = 12, base_baud = 0) is a SBSA
[    2.271048] printk: legacy console [ttyAMA0] enabled
[    2.471476] ACPI: PCI: Interrupt link L000 configured for IRQ 35
[    2.481258] ACPI: PCI: Interrupt link L001 configured for IRQ 36
[    2.481898] ACPI: PCI: Interrupt link L002 configured for IRQ 37
[    2.482331] ACPI: PCI: Interrupt link L003 configured for IRQ 38
[    2.483714] ACPI: PCI Root Bridge [PCI0] (domain 0000 [bus 00-ff])
[    2.492593] acpi PNP0A08:00: _OSC: OS supports [ExtendedConfig ASPM ClockPM Segments MSI HPX-Type3]
[    2.501522] acpi PNP0A08:00: _OSC: platform does not support [LTR]
[    2.510206] acpi PNP0A08:00: _OSC: OS now controls [PCIeHotplug PME PCIeCapability]
[    2.517299] acpi PNP0A08:00: ECAM area [mem 0x4010000000-0x401fffffff] reserved by PNP0C02:00
[    2.518628] acpi PNP0A08:00: ECAM at [mem 0x4010000000-0x401fffffff] for [bus 00-ff]
[    2.519998] ACPI: Remapped I/O 0x000000003eff0000 to [io  0x0000-0xffff window]
[    2.546919] PCI host bridge to bus 0000:00
[    2.548094] pci_bus 0000:00: root bus resource [mem 0x10000000-0x3efeffff window]
[    2.548635] pci_bus 0000:00: root bus resource [io  0x0000-0xffff window]
[    2.548890] pci_bus 0000:00: root bus resource [mem 0x8000000000-0xffffffffff window]
[    2.549287] pci_bus 0000:00: root bus resource [bus 00-ff]
[    2.551560] pci 0000:00:00.0: [1b36:0008] type 00 class 0x060000 conventional PCI endpoint
[    2.586834] pci 0000:00:01.0: [8086:100e] type 00 class 0x020000 conventional PCI endpoint
[    2.587758] pci 0000:00:01.0: BAR 0 [mem 0x10040000-0x1005ffff]
[    2.591940] pci 0000:00:01.0: BAR 1 [io  0x0080-0x00bf]
[    2.592472] pci 0000:00:01.0: ROM [mem 0xfffc0000-0xffffffff pref]
[    2.597877] pci 0000:00:02.0: [1af4:1001] type 00 class 0x010000 conventional PCI endpoint
[    2.598485] pci 0000:00:02.0: BAR 0 [io  0x0000-0x007f]
[    2.599180] pci 0000:00:02.0: BAR 1 [mem 0x10060000-0x10060fff]
[    2.600025] pci 0000:00:02.0: BAR 4 [mem 0x8000000000-0x8000003fff 64bit pref]
[    2.616718] pci 0000:00:01.0: ROM [mem 0x10000000-0x1003ffff pref]: assigned
[    2.617655] pci 0000:00:01.0: BAR 0 [mem 0x10040000-0x1005ffff]: assigned
[    2.618530] pci 0000:00:02.0: BAR 4 [mem 0x8000000000-0x8000003fff 64bit pref]: assigned
[    2.619441] pci 0000:00:02.0: BAR 1 [mem 0x10060000-0x10060fff]: assigned
[    2.619930] pci 0000:00:02.0: BAR 0 [io  0x1000-0x107f]: assigned
[    2.620510] pci 0000:00:01.0: BAR 1 [io  0x1080-0x10bf]: assigned
[    2.621504] pci_bus 0000:00: resource 4 [mem 0x10000000-0x3efeffff window]
[    2.625727] pci_bus 0000:00: resource 5 [io  0x0000-0xffff window]
[    2.626153] pci_bus 0000:00: resource 6 [mem 0x8000000000-0xffffffffff window]
[    2.638396] iommu: Default domain type: Translated
[    2.648222] iommu: DMA domain TLB invalidation policy: lazy mode
[    2.679996] efivars: Registered efivars operations
[    2.784800] clocksource: Switched to clocksource arch_sys_counter
[    2.833153] VFS: Disk quotas dquot_6.6.0
[    2.833644] VFS: Dquot-cache hash table entries: 512 (order 0, 4096 bytes)
[    2.838050] pnp: PnP ACPI init
[    2.854516] system 00:00: [mem 0x4010000000-0x401fffffff window] could not be reserved
[    2.866258] pnp: PnP ACPI: found 1 devices
[    2.985351] NET: Registered PF_INET protocol family
[    2.987712] IP idents hash table entries: 65536 (order: 7, 524288 bytes, linear)
[    3.134962] tcp_listen_portaddr_hash hash table entries: 2048 (order: 3, 32768 bytes, linear)
[    3.135579] Table-perturb hash table entries: 65536 (order: 6, 262144 bytes, linear)
[    3.136060] TCP established hash table entries: 32768 (order: 6, 262144 bytes, linear)
[    3.137510] TCP bind hash table entries: 32768 (order: 8, 1048576 bytes, linear)
[    3.138261] TCP: Hash tables configured (established 32768 bind 32768)
[    3.153060] MPTCP token hash table entries: 4096 (order: 5, 98304 bytes, linear)
[    3.154013] UDP hash table entries: 2048 (order: 4, 65536 bytes, linear)
[    3.154672] UDP-Lite hash table entries: 2048 (order: 4, 65536 bytes, linear)
[    3.164099] NET: Registered PF_UNIX/PF_LOCAL protocol family
[    3.165012] NET: Registered PF_XDP protocol family
[    3.165634] PCI: CLS 0 bytes, default 64
[    3.169279] kvm [1]: HYP mode not available
[    3.183306] Initialise system trusted keyrings
[    3.188440] workingset: timestamp_bits=44 max_order=20 bucket_order=0
[    3.202680] Unpacking initramfs...
[    3.367932] Key type asymmetric registered
[    3.368368] Asymmetric key parser 'x509' registered
[    3.369271] Block layer SCSI generic (bsg) driver version 0.4 loaded (major 249)
[    3.370614] io scheduler mq-deadline registered
[    3.370903] io scheduler kyber registered
[    3.371477] io scheduler bfq registered
[    3.419731] ACPI: \_SB_.L002: Enabled at IRQ 37
[    3.421026] virtio-pci 0000:00:02.0: enabling device (0000 -> 0003)
[    3.436277] Serial: 8250/16550 driver, 4 ports, IRQ sharing enabled
[    3.499522] hv_vmbus: registering driver hyperv_keyboard
[    3.517351] rtc-efi rtc-efi.0: registered as rtc0
[    3.520024] rtc-efi rtc-efi.0: setting system clock to 2026-08-27T09:46:01 UTC (1787823961)
[    3.535699] NET: Registered PF_INET6 protocol family
[    3.583087] Segment Routing with IPv6
[    3.583631] In-situ OAM (IOAM) with IPv6
[    3.636478] registered taskstats version 1
[    3.651236] Loading compiled-in X.509 certificates
[    3.754197] Freeing initrd memory: 5268K
[    5.135418] Loaded X.509 cert 'alpinelinux.org: Alpine Linux kernel key: 87fa969a47f3e2a6aa35859eb932a17c95abcd82'
[    5.297733] Demotion targets for Node 0: null
[    5.311652] Key type .fscrypt registered
[    5.312036] Key type fscrypt-provisioning registered
[    5.500016] clk: Disabling unused clocks
[    5.510298] PM: genpd: Disabling unused power domains
[    5.899278] Freeing unused kernel memory: 1920K
[    5.909016] Run /init as init process
[    6.318951] Alpine Init 3.11.1-r0
Alpine Init 3.11.1-r0
[    6.331850] Loading boot drivers...
 * Loading boot drivers: [    6.399188] Loading boot drivers: ok.
ok.
SIMBOOT: kernel=6.12.103-0-virt
[    6.519859] Invalid ELF header magic: != ELF
[    6.582890] virtio_blk virtio0: 2/0/0 default/read/poll queues
[    6.617122] virtio_blk virtio0: [vda] 1411072 512-byte logical blocks (722 MB/689 MiB)
[    6.670092] Invalid ELF header magic: != ELF
[    6.704201] Invalid ELF header magic: != ELF
[    6.737966] Invalid ELF header magic: != ELF
[    6.765882] Invalid ELF header magic: != ELF
[    6.854405] Invalid ELF header magic: != ELF
[    7.130268] Invalid ELF header magic: != ELF
[    7.193835] e1000: Intel(R) PRO/1000 Network Driver
[    7.196320] e1000: Copyright (c) 1999-2006 Intel Corporation.
[    7.199140] ACPI: \_SB_.L001: Enabled at IRQ 36
[    7.200176] e1000 0000:00:01.0: enabling device (0000 -> 0003)
[    7.684490] e1000 0000:00:01.0 eth0: (PCI:33MHz:32-bit) 52:54:00:12:34:56
[    7.685691] e1000 0000:00:01.0 eth0: Intel(R) PRO/1000 Network Connection
Module                  Size  Used by    Not tainted
e1000                 163840  0 
ext4                  929792  0 
jbd2                  172032  1 ext4
mbcache                20480  1 ext4
crc32c_generic         12288  0 
crc16                  12288  1 ext4
virtio_blk             24576  0 
[    8.976939] EXT4-fs (vda): mounted filesystem 1799a7eb-09df-4b80-8c57-0424de58e445 r/w with ordered data mode. Quota mode: none.
SIMBOOT: root mounted rw, running real mfp.afx with binder stub
[   21.617364] e1000: eth0 NIC Link is Up 1000 Mbps Full Duplex, Flow Control: RX
MFP_PID=460
[   29.787806] random: crng init done
--- POLL 1: N=11 ---
[Thread debugging using libthread_db enabled]
Using host libthread_db library "/lib64/libthread_db.so.1".
0x0000ffffb4f4e1f8 in fsync () from /lib64/libc.so.6
B4: 5c=0 7c=0 80=0 82=0
AF: 5c=1 7c=1 80=1 82=1
[Inferior 1 (process 460) detached]
--- POLL 2: N=11 ---
[Thread debugging using libthread_db enabled]
Using host libthread_db library "/lib64/libthread_db.so.1".
0x0000ffffb4f4e1f8 in fsync () from /lib64/libc.so.6
B4: 5c=1 7c=1 80=1 82=1
AF: 5c=1 7c=1 80=1 82=1
[Inferior 1 (process 460) detached]
--- POLL 3: N=11 ---
[Thread debugging using libthread_db enabled]
Using host libthread_db library "/lib64/libthread_db.so.1".
0x0000ffffb4f4e1f8 in fsync () from /lib64/libc.so.6
B4: 5c=1 7c=1 80=1 82=1
AF: 5c=1 7c=1 80=1 82=1
[Inferior 1 (process 460) detached]
--- POLL 4: N=22 ---
[Thread debugging using libthread_db enabled]
Using host libthread_db library "/lib64/libthread_db.so.1".
0x0000ffffb4f21ae4 in clock_nanosleep () from /lib64/libc.so.6
B4: 5c=1 7c=1 80=1 82=1
AF: 5c=1 7c=1 80=1 82=1
[Inferior 1 (process 460) detached]
--- POLL 5: N=44 ---
[Thread debugging using libthread_db enabled]
Using host libthread_db library "/lib64/libthread_db.so.1".
0x0000ffffb4eeb05c in ?? () from /lib64/libc.so.6
B4: 5c=1 7c=1 80=1 82=1
AF: 5c=1 7c=1 80=1 82=1
[Inferior 1 (process 460) detached]
--- POLL 6: N=62 ---
[Thread debugging using libthread_db enabled]
Using host libthread_db library "/lib64/libthread_db.so.1".
0x0000ffffb4f21ae0 in clock_nanosleep () from /lib64/libc.so.6
B4: 5c=0 7c=0 80=0 82=0
AF: 5c=1 7c=1 80=1 82=1
[Inferior 1 (process 460) detached]
--- POLL 7: N=128 ---
POLL: passed print_info_status_init (N=128)
--- ALIVE ---
130
[  230.095552] hrtimer: interrupt took 95394800 ns
--- LISTEN TCP ---
  sl  local_address rem_address   st tx_queue rx_queue tr tm->when retrnsmt   uid  timeout inode                                                     
   0: 00000000:EB05 00000000:0000 0A 00000000:00000000 00:00000000 00000000     0        0 59498 1 00000000b425fdf6 100 0 0 10 0                     
SIMBOOT_LPD_HEX=EB05
SIMBOOT_LPD_PORT=60165
--- HALD LOG ---
2147483648 hal_daemon process plog lib init 
--- PLOGD LOG ---
--- CMD REG TABLE ---
[New LWP 635]
[New LWP 636]
[New LWP 637]
[New LWP 638]
[New LWP 639]
[New LWP 640]
[New LWP 641]
[New LWP 642]
[New LWP 643]
[New LWP 644]
[New LWP 645]
[New LWP 646]
[New LWP 647]
[New LWP 648]
[New LWP 649]
[New LWP 650]
[New LWP 651]
[New LWP 652]
[New LWP 653]
[New LWP 654]
[New LWP 655]
[New LWP 661]
[New LWP 662]
[New LWP 663]
[New LWP 664]
[New LWP 665]
[New LWP 666]
[New LWP 667]
[New LWP 668]
[New LWP 669]
[New LWP 670]
[New LWP 672]
[New LWP 673]
[New LWP 674]
[New LWP 675]
[New LWP 676]
[New LWP 677]
[New LWP 678]
[New LWP 679]
[New LWP 680]
[New LWP 681]
[New LWP 682]
[New LWP 683]
[New LWP 684]
[New LWP 685]
[New LWP 686]
[New LWP 687]
[New LWP 688]
[New LWP 689]
[New LWP 690]
[New LWP 691]
[New LWP 692]
[New LWP 693]
[New LWP 694]
[New LWP 695]
[New LWP 696]
[New LWP 697]
[New LWP 698]
[New LWP 699]
[New LWP 700]
[New LWP 701]
[New LWP 702]
[New LWP 703]
[New LWP 704]
[New LWP 705]
[New LWP 706]
[New LWP 707]
[New LWP 708]
[New LWP 709]
[New LWP 710]
[New LWP 711]
[New LWP 712]
[New LWP 713]
[New LWP 714]
[New LWP 715]
[New LWP 716]
[New LWP 717]
[New LWP 718]
[New LWP 719]
[New LWP 720]
[New LWP 721]
[New LWP 722]
[New LWP 723]
[New LWP 724]
[New LWP 725]
[New LWP 726]
[New LWP 727]
[New LWP 728]
[New LWP 745]
[Inferior 1 (process 460) detached]
--- PORTS ALL ---
local_address st
00000000:EB05 0A
TRACE GDB STARTED
READY FOR INJECT
--- MID PORTS ---
local_address st
00000000:EB05 0A
0F02000A:EB05 08
0F02000A:EB05 08
0F02000A:EB05 08
0F02000A:EB05 08
0F02000A:EB05 08
0F02000A:EB05 08
--- GDB TRACE ---
[New LWP 712]
[New LWP 713]
[New LWP 714]
[New LWP 715]
[New LWP 716]
[New LWP 717]
[New LWP 718]
[New LWP 719]
[New LWP 720]
[New LWP 721]
[New LWP 722]
[New LWP 723]
[New LWP 724]
[New LWP 725]
[New LWP 726]
[New LWP 727]
[New LWP 728]
[New LWP 745]
[Thread debugging using libthread_db enabled]
Using host libthread_db library "/lib64/libthread_db.so.1".
0x0000ffffb4f21ae0 in clock_nanosleep () from /lib64/libc.so.6
Breakpoint 1 at 0x74fb0c: file pedk_setting/pedk_mfp_setting.c, line 93.
Breakpoint 2 at 0x74f95c: file pedk_setting/pedk_mfp_setting.c, line 42.
Breakpoint 3 at 0x73b30c: file data_distribution/panel_pedk_mfp.c, line 16.
Breakpoint 4 at 0x6b7570: file system_manager/job_pedkapi.c, line 591.

Thread 25 "mfp.afx" received signal SIGSTOP, Stopped (signal).
[Switching to Thread 0xffff974e0b60 (LWP 525)]
0x0000ffffb5d95060 in binder_parse@plt () from /lib64/libosal.so
[Inferior 1 (process 460) detached]
--- MFP LOG SIZE ---
5923636 /tmp/mfp.log
--- MFP LOG RAW tail ---
[2026-08-27 09:51:41.029 ] _wait_for_peer:747 IBC WARN 460:wait failed
[2026-08-27 09:51:41.060 ] _wait_for_peer:747 IBC WARN 460:wait failed
[2026-08-27 09:51:41.060 ] _wait_for_peer:747 IBC WARN 460:wait failed
[2026-08-27 09:51:41.061 ] _wait_for_peer:747 IBC WARN 460:wait failed
[2026-08-27 09:51:41.061 ] _wait_for_peer:747 IBC WARN 460:wait failed
[2026-08-27 09:51:41.061 ] _wait_for_peer:747 IBC WARN 460:wait failed
[2026-08-27 09:51:41.061 ] _wait_for_peer:747 IBC WARN 460:wait failed
[2026-08-27 09:51:41.061 ] _wait_for_peer:747 IBC WARN 460:wait failed
[2026-08-27 09:51:41.061 ] _wait_for_peer:747 IBC WARN 460:wait failed
[2026-08-27 09:51:41.061 ] _wait_for_peer:747 IBC WARN 460:wait failed
[2026-08-27 09:51:41.061 ] _wait_for_peer:747 IBC WARN 460:wait failed
[2026-08-27 09:51:41.061 ] _wait_for_peer:747 IBC WARN 460:wait failed
[2026-08-27 09:51:41.061 ] _wait_for_peer:747 IBC WARN 460:wait failed
[2026-08-27 09:51:41.061 ] _wait_for_peer:747 IBC WARN 460:wait failed
[2026-08-27 09:51:41.061 ] _wait_for_peer:747 IBC WARN 460:wait failed
[2026-08-27 09:51:41.061 ] _wait_for_peer:747 IBC WARN 460:wait failed
[2026-08-27 09:51:41.061 ] _wait_for_peer:747 IBC WARN 460:wait failed
[2026-08-27 09:51:41.061 ] _wait_for_peer:747 IBC WARN 460:wait failed
[2026-08-27 09:51:41.061 ] _wait_for_peer:747 IBC WARN 460:wait failed
[2026-08-27 09:51:41.062 ] _wait_for_peer:747 IBC WARN 460:wait failed
[2026-08-27 09:51:41.062 ] _wait_for_peer:747 IBC WARN 460:wait failed
[2026-08-27 09:51:41.062 ] _wait_for_peer:747 IBC WARN 460:wait failed
[2026-08-27 09:51:41.062 ] _wait_for_peer:747 IBC WARN 460:wait failed
[2026-08-27 09:51:41.062 ] _wait_for_peer:747 IBC WARN 460:wait failed
[2026-08-27 09:51:41.062 ] _wait_for_peer:747 IBC WARN 460:wait failed
[2026-08-27 09:51:41.062 ] _wait_for_peer:747 IBC WARN 460:wait failed
[2026-08-27 09:51:41.062 ] _wait_for_peer:747 IBC WARN 460:wait failed
[2026-08-27 09:51:41.062 ] _wait_for_peer:747 IBC WARN 460:wait failed
[2026-08-27 09:51:41.062 ] _wait_for_peer:747 IBC WARN 460:wait failed
[2026-08-27 09:51:41.062 ] _wait_for_peer:747 IBC WARN 460:wait failed
KEEPING MFP ALIVE (pid 460)
SIMBOOT: mfp run finished, keeping shell
/bin/sh: can't access tty; job control turned off
~ # [6n