UEFI firmware (version edk2-stable202408-prebuilt.qemu.org built at 16:28:50 on Sep 12 2024)
ArmTrngLib could not be correctly initialized.
Error: Image at 000BFDB6000 start failed: 00000001
Error: Image at 000BFD6D000 start failed: Not Found
Error: Image at 000BFCBA000 start failed: Unsupported
Error: Image at 000BFB5E000 start failed: Aborted
Tpm2SubmitCommand - Tcg2 - Not Found
Tpm2GetCapabilityPcrs fail!
Tpm2SubmitCommand - Tcg2 - Not Found
Image type X64 can't be loaded on AARCH64 UEFI system.
[2J[01;01H[=3h[2J[01;01H[2J[01;01H[=3h[2J[01;01HEFI stub: Decompressing Linux Kernel...
EFI stub: Loaded initrd from LINUX_EFI_INITRD_MEDIA_GUID device path
EFI stub: Generating empty DTB
EFI stub: Exiting boot services...
[    0.000000] Booting Linux on physical CPU 0x0000000000 [0x414fd0b1]
[    0.000000] Linux version 6.12.103-0-virt (buildozer@build-3-21-aarch64) (gcc (Alpine 14.2.0) 14.2.0, GNU ld (GNU Binutils) 2.43.1) #1-Alpine SMP PREEMPT_DYNAMIC 2026-08-10 14:25:03
[    0.000000] efi: EFI v2.7 by EDK II
[    0.000000] efi: SMBIOS 3.0=0xbfed0000 MEMATTR=0xbe176018 ACPI 2.0=0xbcb43018 INITRD=0xbcb40f18 MEMRESERVE=0xbcb40f98 
[    0.000000] ACPI: Early table checksum verification disabled
[    0.000000] ACPI: RSDP 0x00000000BCB43018 000024 (v02 BOCHS )
[    0.000000] ACPI: XSDT 0x00000000BCB43F18 000064 (v01 BOCHS  BXPC     00000001      01000013)
[    0.000000] ACPI: FACP 0x00000000BCB43B18 000114 (v06 BOCHS  BXPC     00000001 BXPC 00000001)
[    0.000000] ACPI: DSDT 0x00000000BCB41018 001506 (v02 BOCHS  BXPC     00000001 BXPC 00000001)
[    0.000000] ACPI: APIC 0x00000000BCB43C98 0000FC (v04 BOCHS  BXPC     00000001 BXPC 00000001)
[    0.000000] ACPI: PPTT 0x00000000BCB43E18 000074 (v02 BOCHS  BXPC     00000001 BXPC 00000001)
[    0.000000] ACPI: GTDT 0x00000000BCB43098 000068 (v03 BOCHS  BXPC     00000001 BXPC 00000001)
[    0.000000] ACPI: MCFG 0x00000000BCB43A98 00003C (v01 BOCHS  BXPC     00000001 BXPC 00000001)
[    0.000000] ACPI: SPCR 0x00000000BCB43818 000050 (v02 BOCHS  BXPC     00000001 BXPC 00000001)
[    0.000000] ACPI: DBG2 0x00000000BCB43A18 000057 (v00 BOCHS  BXPC     00000001 BXPC 00000001)
[    0.000000] ACPI: IORT 0x00000000BCB43898 000054 (v05 BOCHS  BXPC     00000001 BXPC 00000001)
[    0.000000] ACPI: SPCR: console: pl011,mmio32,0x9000000,9600
[    0.000000] ACPI: Use ACPI SPCR as default console: Yes
[    0.000000] NUMA: Faking a node at [mem 0x0000000040000000-0x00000000bfffffff]
[    0.000000] NODE_DATA(0) allocated [mem 0xbf855b80-0xbf857fff]
[    0.000000] Zone ranges:
[    0.000000]   DMA      [mem 0x0000000040000000-0x00000000bfffffff]
[    0.000000]   DMA32    empty
[    0.000000]   Normal   empty
[    0.000000] Movable zone start for each node
[    0.000000] Early memory node ranges
[    0.000000]   node   0: [mem 0x0000000040000000-0x00000000bc76ffff]
[    0.000000]   node   0: [mem 0x00000000bc770000-0x00000000bcb3ffff]
[    0.000000]   node   0: [mem 0x00000000bcb40000-0x00000000bfe1ffff]
[    0.000000]   node   0: [mem 0x00000000bfe20000-0x00000000bfeaffff]
[    0.000000]   node   0: [mem 0x00000000bfeb0000-0x00000000bfebffff]
[    0.000000]   node   0: [mem 0x00000000bfec0000-0x00000000bffdffff]
[    0.000000]   node   0: [mem 0x00000000bffe0000-0x00000000bfffffff]
[    0.000000] Initmem setup node 0 [mem 0x0000000040000000-0x00000000bfffffff]
[    0.000000] psci: probing for conduit method from ACPI.
[    0.000000] psci: PSCIv1.1 detected in firmware.
[    0.000000] psci: Using standard PSCI v0.2 function IDs
[    0.000000] psci: Trusted OS migration not required
[    0.000000] psci: SMC Calling Convention v1.0
[    0.000000] percpu: Embedded 33 pages/cpu s96984 r8192 d29992 u135168
[    0.000000] Detected PIPT I-cache on CPU0
[    0.000000] CPU features: detected: Spectre-v4
[    0.000000] CPU features: detected: Spectre-BHB
[    0.000000] CPU features: detected: Broken broadcast TLBI completion
[    0.000000] CPU features: detected: SSBS not fully self-synchronizing
[    0.000000] alternatives: applying boot alternatives
[    0.000000] Kernel command line: root=/dev/vda rw console=ttyAMA0 initrd=initrd
[    0.000000] Dentry cache hash table entries: 262144 (order: 9, 2097152 bytes, linear)
[    0.000000] Inode-cache hash table entries: 131072 (order: 8, 1048576 bytes, linear)
[    0.000000] Fallback order for Node 0: 0 
[    0.000000] Built 1 zonelists, mobility grouping on.  Total pages: 524288
[    0.000000] Policy zone: DMA
[    0.000000] mem auto-init: stack:all(zero), heap alloc:on, heap free:off
[    0.000000] software IO TLB: SWIOTLB bounce buffer size adjusted to 2MB
[    0.000000] software IO TLB: area num 2.
[    0.000000] software IO TLB: mapped [mem 0x00000000bf2b4000-0x00000000bf4b4000] (2MB)
[    0.000000] SLUB: HWalign=64, Order=0-3, MinObjects=0, CPUs=2, Nodes=1
[    0.000000] Dynamic Preempt: none
[    0.000000] rcu: Preemptible hierarchical RCU implementation.
[    0.000000] rcu: 	RCU restricting CPUs from NR_CPUS=4096 to nr_cpu_ids=2.
[    0.000000] 	Trampoline variant of Tasks RCU enabled.
[    0.000000] 	Tracing variant of Tasks RCU enabled.
[    0.000000] rcu: RCU calculated value of scheduler-enlistment delay is 10 jiffies.
[    0.000000] rcu: Adjusting geometry for rcu_fanout_leaf=16, nr_cpu_ids=2
[    0.000000] RCU Tasks: Setting shift to 1 and lim to 1 rcu_task_cb_adjust=1 rcu_task_cpu_ids=2.
[    0.000000] RCU Tasks Trace: Setting shift to 1 and lim to 1 rcu_task_cb_adjust=1 rcu_task_cpu_ids=2.
[    0.000000] NR_IRQS: 64, nr_irqs: 64, preallocated irqs: 0
[    0.000000] Root IRQ handler: gic_handle_irq
[    0.000000] GICv2m: ACPI overriding V2M MSI_TYPER (base:80, num:64)
[    0.000000] GICv2m: range[mem 0x08020000-0x08020fff], SPI[80:143]
[    0.000000] rcu: srcu_init: Setting srcu_struct sizes based on contention.
[    0.000000] clocksource: jiffies: mask: 0xffffffff max_cycles: 0xffffffff, max_idle_ns: 19112604462750000 ns
[    0.000000] arch_timer: cp15 timer(s) running at 62.50MHz (virt).
[    0.000000] clocksource: arch_sys_counter: mask: 0x1ffffffffffffff max_cycles: 0x1cd42e208c, max_idle_ns: 881590405314 ns
[    0.000190] sched_clock: 57 bits at 63MHz, resolution 16ns, wraps every 4398046511096ns
[    0.035135] kfence: initialized - using 2097152 bytes for 255 objects at 0x(____ptrval____)-0x(____ptrval____)
[    0.178372] Console: colour dummy device 80x25
[    0.272501] ACPI: Core revision 20240827
[    0.298940] Calibrating delay loop (skipped), value calculated using timer frequency.. 125.00 BogoMIPS (lpj=625000)
[    0.299331] pid_max: default: 32768 minimum: 301
[    0.354352] LSM: initializing lsm=lockdown,capability,landlock
[    0.366511] landlock: Up and running.
[    0.373797] Mount-cache hash table entries: 4096 (order: 3, 32768 bytes, linear)
[    0.377736] Mountpoint-cache hash table entries: 4096 (order: 3, 32768 bytes, linear)
[    0.696702] rcu: Hierarchical SRCU implementation.
[    0.696978] rcu: 	Max phase no-delay instances is 1000.
[    0.706652] Timer migration: 1 hierarchy levels; 8 children per group; 1 crossnode level
[    0.730563] Remapping and enabling EFI services.
[    0.753910] smp: Bringing up secondary CPUs ...
[    0.786182] Detected PIPT I-cache on CPU1
[    0.788441] CPU1: Booted secondary processor 0x0000000001 [0x414fd0b1]
[    0.803639] smp: Brought up 1 node, 2 CPUs
[    0.803754] SMP: Total of 2 processors activated.
[    0.803844] CPU: All CPU(s) started at EL1
[    0.806315] CPU features: detected: 32-bit EL0 Support
[    0.806468] CPU features: detected: Data cache clean to the PoU not required for I/D coherence
[    0.806570] CPU features: detected: Common not Private translations
[    0.806581] CPU features: detected: CRC32 instructions
[    0.807406] CPU features: detected: RCpc load-acquire (LDAPR)
[    0.807493] CPU features: detected: LSE atomic instructions
[    0.807507] CPU features: detected: Privileged Access Never
[    0.807516] CPU features: detected: RAS Extension Support
[    0.807592] CPU features: detected: Speculative Store Bypassing Safe (SSBS)
[    0.857814] alternatives: applying system-wide alternatives
[    0.969226] CPU features: detected: Hardware dirty bit management on CPU0-1
[    1.104224] Memory: 2003132K/2097152K available (12608K kernel code, 1950K rwdata, 7812K rodata, 1920K init, 9305K bss, 89464K reserved, 0K cma-reserved)
[    1.283302] devtmpfs: initialized
[    1.499435] futex hash table entries: 512 (order: 3, 32768 bytes, linear)
[    1.506097] 24304 pages in range for non-PLT usage
[    1.506232] 515824 pages in range for PLT usage
[    1.570814] pinctrl core: initialized pinctrl subsystem
[    1.621280] SMBIOS 3.0.0 present.
[    1.622618] DMI: QEMU QEMU Virtual Machine, BIOS edk2-stable202408-prebuilt.qemu.org 08/13/2024
[    1.623733] DMI: Memory slots populated: 1/1
[    1.736586] NET: Registered PF_NETLINK/PF_ROUTE protocol family
[    1.783314] DMA: preallocated 256 KiB GFP_KERNEL pool for atomic allocations
[    1.787409] DMA: preallocated 256 KiB GFP_KERNEL|GFP_DMA pool for atomic allocations
[    1.788448] DMA: preallocated 256 KiB GFP_KERNEL|GFP_DMA32 pool for atomic allocations
[    1.789589] audit: initializing netlink subsys (disabled)
[    1.799345] audit: type=2000 audit(0.850:1): state=initialized audit_enabled=0 res=1
[    1.819457] thermal_sys: Registered thermal governor 'step_wise'
[    1.824678] cpuidle: using governor ladder
[    1.830874] cpuidle: using governor menu
[    1.836456] hw-breakpoint: found 6 breakpoint and 4 watchpoint registers.
[    1.838753] ASID allocator initialised with 65536 entries
[    1.840146] acpiphp: ACPI Hot Plug PCI Controller Driver version: 0.5
[    1.850270] Serial: AMBA PL011 UART driver
[    1.903564] HugeTLB: registered 1.00 GiB page size, pre-allocated 0 pages
[    1.905688] HugeTLB: 0 KiB vmemmap can be freed for a 1.00 GiB page
[    1.905734] HugeTLB: registered 32.0 MiB page size, pre-allocated 0 pages
[    1.905744] HugeTLB: 0 KiB vmemmap can be freed for a 32.0 MiB page
[    1.905756] HugeTLB: registered 2.00 MiB page size, pre-allocated 0 pages
[    1.905764] HugeTLB: 0 KiB vmemmap can be freed for a 2.00 MiB page
[    1.905776] HugeTLB: registered 64.0 KiB page size, pre-allocated 0 pages
[    1.905784] HugeTLB: 0 KiB vmemmap can be freed for a 64.0 KiB page
[    2.066353] ACPI: Added _OSI(Module Device)
[    2.066492] ACPI: Added _OSI(Processor Device)
[    2.066517] ACPI: Added _OSI(Processor Aggregator Device)
[    2.256136] ACPI: 1 ACPI AML tables successfully acquired and loaded
[    2.435895] ACPI: Interpreter enabled
[    2.435990] ACPI: Using GIC for interrupt routing
[    2.438389] ACPI: MCFG table detected, 1 entries
[    2.866560] ACPI: CPU0 has been hot-added
[    2.872713] ACPI: CPU1 has been hot-added
[    2.946362] ARMH0011:00: ttyAMA0 at MMIO 0x9000000 (irq = 12, base_baud = 0) is a SBSA
[    2.951731] printk: legacy console [ttyAMA0] enabled
[    3.190102] ACPI: PCI: Interrupt link L000 configured for IRQ 35
[    3.197447] ACPI: PCI: Interrupt link L001 configured for IRQ 36
[    3.198021] ACPI: PCI: Interrupt link L002 configured for IRQ 37
[    3.202022] ACPI: PCI: Interrupt link L003 configured for IRQ 38
[    3.203313] ACPI: PCI Root Bridge [PCI0] (domain 0000 [bus 00-ff])
[    3.224051] acpi PNP0A08:00: _OSC: OS supports [ExtendedConfig ASPM ClockPM Segments MSI HPX-Type3]
[    3.257711] acpi PNP0A08:00: _OSC: platform does not support [LTR]
[    3.270874] acpi PNP0A08:00: _OSC: OS now controls [PCIeHotplug PME PCIeCapability]
[    3.285468] acpi PNP0A08:00: ECAM area [mem 0x4010000000-0x401fffffff] reserved by PNP0C02:00
[    3.287697] acpi PNP0A08:00: ECAM at [mem 0x4010000000-0x401fffffff] for [bus 00-ff]
[    3.297370] ACPI: Remapped I/O 0x000000003eff0000 to [io  0x0000-0xffff window]
[    3.332922] PCI host bridge to bus 0000:00
[    3.335116] pci_bus 0000:00: root bus resource [mem 0x10000000-0x3efeffff window]
[    3.335647] pci_bus 0000:00: root bus resource [io  0x0000-0xffff window]
[    3.336000] pci_bus 0000:00: root bus resource [mem 0x8000000000-0xffffffffff window]
[    3.336616] pci_bus 0000:00: root bus resource [bus 00-ff]
[    3.350440] pci 0000:00:00.0: [1b36:0008] type 00 class 0x060000 conventional PCI endpoint
[    3.379583] pci 0000:00:01.0: [8086:100e] type 00 class 0x020000 conventional PCI endpoint
[    3.386973] pci 0000:00:01.0: BAR 0 [mem 0x10040000-0x1005ffff]
[    3.387560] pci 0000:00:01.0: BAR 1 [io  0x0080-0x00bf]
[    3.387993] pci 0000:00:01.0: ROM [mem 0xfffc0000-0xffffffff pref]
[    3.390911] pci 0000:00:02.0: [1af4:1001] type 00 class 0x010000 conventional PCI endpoint
[    3.402540] pci 0000:00:02.0: BAR 0 [io  0x0000-0x007f]
[    3.402901] pci 0000:00:02.0: BAR 1 [mem 0x10060000-0x10060fff]
[    3.403351] pci 0000:00:02.0: BAR 4 [mem 0x8000000000-0x8000003fff 64bit pref]
[    3.416480] pci 0000:00:01.0: ROM [mem 0x10000000-0x1003ffff pref]: assigned
[    3.417401] pci 0000:00:01.0: BAR 0 [mem 0x10040000-0x1005ffff]: assigned
[    3.418383] pci 0000:00:02.0: BAR 4 [mem 0x8000000000-0x8000003fff 64bit pref]: assigned
[    3.419554] pci 0000:00:02.0: BAR 1 [mem 0x10060000-0x10060fff]: assigned
[    3.419978] pci 0000:00:02.0: BAR 0 [io  0x1000-0x107f]: assigned
[    3.420484] pci 0000:00:01.0: BAR 1 [io  0x1080-0x10bf]: assigned
[    3.421778] pci_bus 0000:00: resource 4 [mem 0x10000000-0x3efeffff window]
[    3.422217] pci_bus 0000:00: resource 5 [io  0x0000-0xffff window]
[    3.422546] pci_bus 0000:00: resource 6 [mem 0x8000000000-0xffffffffff window]
[    3.440871] iommu: Default domain type: Translated
[    3.441311] iommu: DMA domain TLB invalidation policy: lazy mode
[    3.479290] efivars: Registered efivars operations
[    3.544836] clocksource: Switched to clocksource arch_sys_counter
[    3.573447] VFS: Disk quotas dquot_6.6.0
[    3.574527] VFS: Dquot-cache hash table entries: 512 (order 0, 4096 bytes)
[    3.603262] pnp: PnP ACPI init
[    3.618518] system 00:00: [mem 0x4010000000-0x401fffffff window] could not be reserved
[    3.619797] pnp: PnP ACPI: found 1 devices
[    3.785194] NET: Registered PF_INET protocol family
[    3.791417] IP idents hash table entries: 32768 (order: 6, 262144 bytes, linear)
[    3.998953] tcp_listen_portaddr_hash hash table entries: 1024 (order: 2, 16384 bytes, linear)
[    4.000235] Table-perturb hash table entries: 65536 (order: 6, 262144 bytes, linear)
[    4.001498] TCP established hash table entries: 16384 (order: 5, 131072 bytes, linear)
[    4.007964] TCP bind hash table entries: 16384 (order: 7, 524288 bytes, linear)
[    4.012266] TCP: Hash tables configured (established 16384 bind 16384)
[    4.034358] MPTCP token hash table entries: 2048 (order: 4, 49152 bytes, linear)
[    4.037399] UDP hash table entries: 1024 (order: 3, 32768 bytes, linear)
[    4.039865] UDP-Lite hash table entries: 1024 (order: 3, 32768 bytes, linear)
[    4.067581] NET: Registered PF_UNIX/PF_LOCAL protocol family
[    4.069796] NET: Registered PF_XDP protocol family
[    4.071171] PCI: CLS 0 bytes, default 64
[    4.090363] kvm [1]: HYP mode not available
[    4.113766] Initialise system trusted keyrings
[    4.120989] Unpacking initramfs...
[    4.130653] workingset: timestamp_bits=44 max_order=19 bucket_order=0
[    4.371752] Key type asymmetric registered
[    4.372464] Asymmetric key parser 'x509' registered
[    4.374146] Block layer SCSI generic (bsg) driver version 0.4 loaded (major 249)
[    4.384360] io scheduler mq-deadline registered
[    4.384871] io scheduler kyber registered
[    4.420867] io scheduler bfq registered
[    4.551465] ACPI: \_SB_.L002: Enabled at IRQ 37
[    4.554914] virtio-pci 0000:00:02.0: enabling device (0000 -> 0003)
[    4.582218] Serial: 8250/16550 driver, 4 ports, IRQ sharing enabled
[    4.774298] hv_vmbus: registering driver hyperv_keyboard
[    4.857072] rtc-efi rtc-efi.0: registered as rtc0
[    4.902380] rtc-efi rtc-efi.0: setting system clock to 2026-08-24T09:42:19 UTC (1787564539)
[    4.922459] NET: Registered PF_INET6 protocol family
[    5.019616] Segment Routing with IPv6
[    5.021851] In-situ OAM (IOAM) with IPv6
[    5.406460] registered taskstats version 1
[    5.423653] Loading compiled-in X.509 certificates
[    5.586020] Freeing initrd memory: 5268K
[    6.947566] Loaded X.509 cert 'alpinelinux.org: Alpine Linux kernel key: 87fa969a47f3e2a6aa35859eb932a17c95abcd82'
[    7.095565] Demotion targets for Node 0: null
[    7.105259] Key type .fscrypt registered
[    7.105651] Key type fscrypt-provisioning registered
[    7.230256] clk: Disabling unused clocks
[    7.231386] PM: genpd: Disabling unused power domains
[    7.537316] Freeing unused kernel memory: 1920K
[    7.544723] Run /init as init process
[    8.566948] Alpine Init 3.11.1-r0
Alpine Init 3.11.1-r0
[    8.606480] Loading boot drivers...
 * Loading boot drivers: [    8.870229] Loading boot drivers: ok.
ok.
SIMBOOT: kernel=6.12.103-0-virt
[    9.682478] Invalid ELF header magic: != ELF
[    9.802217] virtio_blk virtio0: 2/0/0 default/read/poll queues
[    9.883400] virtio_blk virtio0: [vda] 1411072 512-byte logical blocks (722 MB/689 MiB)
[   10.040138] Invalid ELF header magic: != ELF
[   10.122034] Invalid ELF header magic: != ELF
[   10.217620] Invalid ELF header magic: != ELF
[   10.462803] Invalid ELF header magic: != ELF
[   10.652894] Invalid ELF header magic: != ELF
[   12.299414] Invalid ELF header magic: != ELF
[   12.461052] e1000: Intel(R) PRO/1000 Network Driver
[   12.462734] e1000: Copyright (c) 1999-2006 Intel Corporation.
[   12.469225] ACPI: \_SB_.L001: Enabled at IRQ 36
[   12.471070] e1000 0000:00:01.0: enabling device (0000 -> 0003)
[   12.998383] e1000 0000:00:01.0 eth0: (PCI:33MHz:32-bit) 52:54:00:12:34:56
[   12.999982] e1000 0000:00:01.0 eth0: Intel(R) PRO/1000 Network Connection
Module                  Size  Used by    Not tainted
e1000                 163840  0 
ext4                  929792  0 
jbd2                  172032  1 ext4
mbcache                20480  1 ext4
crc32c_generic         12288  0 
crc16                  12288  1 ext4
virtio_blk             24576  0 
[   14.837370] EXT4-fs (vda): mounted filesystem 1799a7eb-09df-4b80-8c57-0424de58e445 r/w with ordered data mode. Quota mode: none.
SIMBOOT: root mounted rw, running real mfp.afx with binder stub
[   23.861184] e1000: eth0 NIC Link is Up 1000 Mbps Full Duplex, Flow Control: RX
STUB_LS: -rw-r--r-- 1 root root 1762 Aug 24 09:42 /lib/libbinder_stub.so
STUB_TEST: Mon Aug 24 09:42:37 UTC 2026
rc=0
MFP_PID=449
--- MFP STATE ---
head: cannot open '/proc/449/status' for reading: No such file or directory
--- MFP MAIN WCHAN ---
cat: /proc/449/task/449/wchan: No such file or directory
--- THREADS ---
* st=cut: '/proc/449/task/*/stat': No such file or directory wc=cat: '/proc/449/task/*/wchan': No such file or directory
--- IP ADDR ---
1: lo: <LOOPBACK> mtu 65536 qdisc noop state DOWN group default qlen 1000
    link/loopback 00:00:00:00:00:00 brd 00:00:00:00:00:00
2: eth0: <BROADCAST,MULTICAST,UP,LOWER_UP> mtu 1500 qdisc pfifo_fast state UP group default qlen 1000
    link/ether 52:54:00:12:34:56 brd ff:ff:ff:ff:ff:ff
    inet 10.0.2.15/24 scope global eth0
       valid_lft forever preferred_lft forever
    inet6 fec0::5054:ff:fe12:3456/64 scope site dynamic mngtmpaddr proto kernel_ra 
       valid_lft 86225sec preferred_lft 14225sec
    inet6 fe80::5054:ff:fe12:3456/64 scope link proto kernel_ll 
       valid_lft forever preferred_lft forever
--- INI FILES ---
ls: cannot access '/tmp/machine_config.ini': No such file or directory
-rw-r--r-- 1 root root 112 Aug 24 09:42 /root/en_machine_config.ini
--- INI DECODED ---
cat: /tmp/machine_config.ini: No such file or directory
--- LISTEN TCP ---
  sl  local_address rem_address   st tx_queue rx_queue tr tm->when retrnsmt   uid  timeout inode                                                     
--- NETSTAT TCP ---
Active Internet connections (only servers)
Proto Recv-Q Send-Q Local Address           Foreign Address         State       
--- STRACE SOCKET ---
grep: /tmp/mfp_strace.log: No such file or directory
--- STRACE BIND FAIL ---
--- MFP LOG HEAD 80 ---
strace: open_dummy_desc: pipe
--- MFP LOG NET ---
--- MFP LOG TAIL FILTERED ---
strace: open_dummy_desc: pipe
--- PLOG CFG ---
{"log_state":1,"log_level":2,"log_path":"/tslog","log_size":5120,"machine_name":"RK3588","machine_id":0,"dev_id":0,"root_node":"root","default_topic":"PLOG_PUB","tcp_server_state":0,"upgrade_log_state":0,"ui_connect":0,"debug_mode":0,"slave_config":{"slave_dev_id":0},"topic_config":[{"topic_name":"PLOG_PUB","topic_id":0,"console":0,"log_level":2,"subscription":0,"cache_size":512,"auto_register":1,"abort_flag":0,"local_dump":0,"state":1}]}
--- DEV LIST ---
crw-r--r-- 1 root root 1, 5 Aug 24 09:42 /dev/board_desc
crw-r--r-- 1 root root 1, 5 Aug 24 09:42 /dev/netlog_dev
crw-r--r-- 1 root root 1, 5 Aug 24 09:42 /dev/pantumpci-main
crw-r--r-- 1 root root 1, 5 Aug 24 09:42 /dev/pantumpci-main-video
crw-r--r-- 1 root root 1, 5 Aug 24 09:42 /dev/pantumpci-plog
crw-r--r-- 1 root root 1, 5 Aug 24 09:42 /dev/pantumpci-scan
crw-r--r-- 1 root root 1, 5 Aug 24 09:42 /dev/pantumpci-transfer-cis
crw-r--r-- 1 root root 1, 5 Aug 24 09:42 /dev/pantumpci-transfer-video
crw-r--r-- 1 root root 1, 5 Aug 24 09:42 /dev/pantumpci-upgrade
--- HALD LOG ---
[09:42:33.587] cjson_get_dev_config           - core/hal_cjson_class.c L723   [HAL][INFO]  -->  Module speaker do not have device config
[09:42:33.587] cjson_get_dev_config           - core/hal_cjson_class.c L723   [HAL][INFO]  -->  Module fan do not have device config
[09:42:33.592] cjson_get_dev_config           - core/hal_cjson_class.c L723   [HAL][INFO]  -->  Module usb_host do not have device config
[09:42:33.595] hal_core_init                  - core/hal_core_init.c L57    [HAL][DEBUG]  -->  Module node touch (id 2), do not need to call module init 
[09:42:33.596] hal_core_init                  - core/hal_core_init.c L57    [HAL][DEBUG]  -->  Module node backlight (id 3), do not need to call module init 
[09:42:33.596] hal_core_init                  - core/hal_core_init.c L57    [HAL][DEBUG]  -->  Module node fb (id 4), do not need to call module init 
[09:42:33.599] hal_core_init                  - core/hal_core_init.c L57    [HAL][DEBUG]  -->  Module node beep (id 11), do not need to call module init 
[09:42:33.599] hal_core_init                  - core/hal_core_init.c L57    [HAL][DEBUG]  -->  Module node speaker (id 12), do not need to call module init 
[09:42:33.599] hal_core_init                  - core/hal_core_init.c L57    [HAL][DEBUG]  -->  Module node fan (id 13), do not need to call module init 
[09:42:33.600] hal_core_init                  - core/hal_core_init.c L57    [HAL][DEBUG]  -->  Module node wifi (id 15), do not need to call module init 
[09:42:33.600] hal_core_init                  - core/hal_core_init.c L57    [HAL][DEBUG]  -->  Module node bt (id 16), do not need to call module init 
[09:42:33.634] storage_init                   - module/storage/storage_init/storage_init.c L164   [HAL][INFO]  -->  storage module init succ
[09:42:33.646] cjson_module_config_read       - core/hal_cjson_class.c L109   [HAL][INFO]  -->  All the json module config has read
[09:42:33.690] rtc_interface_time_read        - module/rtc/rtc_interface.c L196   [HAL][INFO]  -->  Read rawtime: 1787564553
[09:42:33.691] rtc_interface_time_read        - module/rtc/rtc_interface.c L198   [HAL][INFO]  -->  Read RTC time is 2026-08-24 09:42:33.
--- DF ---
Filesystem      Size  Used Avail Use% Mounted on
/dev/vda        662M  555M   59M  91% /
devtmpfs        2.0M     0  2.0M   0% /dev
tmpfs           984M  4.0K  984M   1% /tmp
tmpfs           984M     0  984M   0% /tslog
done
SIMBOOT: mfp run finished, keeping shell
/bin/sh: can't access tty; job control turned off
~ # [6n