UEFI firmware (version edk2-stable202408-prebuilt.qemu.org built at 16:28:50 on Sep 12 2024)
ArmTrngLib could not be correctly initialized.
Error: Image at 0013FDB6000 start failed: 00000001
Error: Image at 0013FD6D000 start failed: Not Found
Error: Image at 0013FCBA000 start failed: Unsupported
Error: Image at 0013FB5E000 start failed: Aborted
Tpm2SubmitCommand - Tcg2 - Not Found
Tpm2GetCapabilityPcrs fail!
Tpm2SubmitCommand - Tcg2 - Not Found
Image type X64 can't be loaded on AARCH64 UEFI system.
[2J[01;01H[=3h[2J[01;01H[2J[01;01H[=3h[2J[01;01HEFI stub: Decompressing Linux Kernel...
EFI stub: Loaded initrd from LINUX_EFI_INITRD_MEDIA_GUID device path
EFI stub: Generating empty DTB
EFI stub: Exiting boot services...
[    0.000000] Booting Linux on physical CPU 0x0000000000 [0x414fd0b1]
[    0.000000] Linux version 6.12.103-0-virt (buildozer@build-3-21-aarch64) (gcc (Alpine 14.2.0) 14.2.0, GNU ld (GNU Binutils) 2.43.1) #1-Alpine SMP PREEMPT_DYNAMIC 2026-08-10 14:25:03
[    0.000000] efi: EFI v2.7 by EDK II
[    0.000000] efi: SMBIOS 3.0=0x13fed0000 MEMATTR=0x13e176018 ACPI 2.0=0x13cb43018 INITRD=0x13cb40f18 MEMRESERVE=0x13cb40f98 
[    0.000000] ACPI: Early table checksum verification disabled
[    0.000000] ACPI: RSDP 0x000000013CB43018 000024 (v02 BOCHS )
[    0.000000] ACPI: XSDT 0x000000013CB43F18 000064 (v01 BOCHS  BXPC     00000001      01000013)
[    0.000000] ACPI: FACP 0x000000013CB43B18 000114 (v06 BOCHS  BXPC     00000001 BXPC 00000001)
[    0.000000] ACPI: DSDT 0x000000013CB41018 001506 (v02 BOCHS  BXPC     00000001 BXPC 00000001)
[    0.000000] ACPI: APIC 0x000000013CB43C98 0000FC (v04 BOCHS  BXPC     00000001 BXPC 00000001)
[    0.000000] ACPI: PPTT 0x000000013CB43E18 000074 (v02 BOCHS  BXPC     00000001 BXPC 00000001)
[    0.000000] ACPI: GTDT 0x000000013CB43098 000068 (v03 BOCHS  BXPC     00000001 BXPC 00000001)
[    0.000000] ACPI: MCFG 0x000000013CB43A98 00003C (v01 BOCHS  BXPC     00000001 BXPC 00000001)
[    0.000000] ACPI: SPCR 0x000000013CB43818 000050 (v02 BOCHS  BXPC     00000001 BXPC 00000001)
[    0.000000] ACPI: DBG2 0x000000013CB43A18 000057 (v00 BOCHS  BXPC     00000001 BXPC 00000001)
[    0.000000] ACPI: IORT 0x000000013CB43898 000054 (v05 BOCHS  BXPC     00000001 BXPC 00000001)
[    0.000000] ACPI: SPCR: console: pl011,mmio32,0x9000000,9600
[    0.000000] ACPI: Use ACPI SPCR as default console: Yes
[    0.000000] NUMA: Faking a node at [mem 0x0000000040000000-0x000000013fffffff]
[    0.000000] NODE_DATA(0) allocated [mem 0x13f453b80-0x13f455fff]
[    0.000000] Zone ranges:
[    0.000000]   DMA      [mem 0x0000000040000000-0x00000000ffffffff]
[    0.000000]   DMA32    empty
[    0.000000]   Normal   [mem 0x0000000100000000-0x000000013fffffff]
[    0.000000] Movable zone start for each node
[    0.000000] Early memory node ranges
[    0.000000]   node   0: [mem 0x0000000040000000-0x000000013c76ffff]
[    0.000000]   node   0: [mem 0x000000013c770000-0x000000013cb3ffff]
[    0.000000]   node   0: [mem 0x000000013cb40000-0x000000013fe1ffff]
[    0.000000]   node   0: [mem 0x000000013fe20000-0x000000013feaffff]
[    0.000000]   node   0: [mem 0x000000013feb0000-0x000000013febffff]
[    0.000000]   node   0: [mem 0x000000013fec0000-0x000000013ffdffff]
[    0.000000]   node   0: [mem 0x000000013ffe0000-0x000000013fffffff]
[    0.000000] Initmem setup node 0 [mem 0x0000000040000000-0x000000013fffffff]
[    0.000000] psci: probing for conduit method from ACPI.
[    0.000000] psci: PSCIv1.1 detected in firmware.
[    0.000000] psci: Using standard PSCI v0.2 function IDs
[    0.000000] psci: Trusted OS migration not required
[    0.000000] psci: SMC Calling Convention v1.0
[    0.000000] percpu: Embedded 33 pages/cpu s96984 r8192 d29992 u135168
[    0.000000] Detected PIPT I-cache on CPU0
[    0.000000] CPU features: detected: Spectre-v4
[    0.000000] CPU features: detected: Spectre-BHB
[    0.000000] CPU features: detected: Broken broadcast TLBI completion
[    0.000000] CPU features: detected: SSBS not fully self-synchronizing
[    0.000000] alternatives: applying boot alternatives
[    0.000000] Kernel command line: root=/dev/vda rw console=ttyAMA0 initrd=initrd
[    0.000000] Dentry cache hash table entries: 524288 (order: 10, 4194304 bytes, linear)
[    0.000000] Inode-cache hash table entries: 262144 (order: 9, 2097152 bytes, linear)
[    0.000000] Fallback order for Node 0: 0 
[    0.000000] Built 1 zonelists, mobility grouping on.  Total pages: 1048576
[    0.000000] Policy zone: Normal
[    0.000000] mem auto-init: stack:all(zero), heap alloc:on, heap free:off
[    0.000000] software IO TLB: area num 2.
[    0.000000] software IO TLB: mapped [mem 0x00000000fbfff000-0x00000000fffff000] (64MB)
[    0.000000] SLUB: HWalign=64, Order=0-3, MinObjects=0, CPUs=2, Nodes=1
[    0.000000] Dynamic Preempt: none
[    0.000000] rcu: Preemptible hierarchical RCU implementation.
[    0.000000] rcu: 	RCU restricting CPUs from NR_CPUS=4096 to nr_cpu_ids=2.
[    0.000000] 	Trampoline variant of Tasks RCU enabled.
[    0.000000] 	Tracing variant of Tasks RCU enabled.
[    0.000000] rcu: RCU calculated value of scheduler-enlistment delay is 10 jiffies.
[    0.000000] rcu: Adjusting geometry for rcu_fanout_leaf=16, nr_cpu_ids=2
[    0.000000] RCU Tasks: Setting shift to 1 and lim to 1 rcu_task_cb_adjust=1 rcu_task_cpu_ids=2.
[    0.000000] RCU Tasks Trace: Setting shift to 1 and lim to 1 rcu_task_cb_adjust=1 rcu_task_cpu_ids=2.
[    0.000000] NR_IRQS: 64, nr_irqs: 64, preallocated irqs: 0
[    0.000000] Root IRQ handler: gic_handle_irq
[    0.000000] GICv2m: ACPI overriding V2M MSI_TYPER (base:80, num:64)
[    0.000000] GICv2m: range[mem 0x08020000-0x08020fff], SPI[80:143]
[    0.000000] rcu: srcu_init: Setting srcu_struct sizes based on contention.
[    0.000000] clocksource: jiffies: mask: 0xffffffff max_cycles: 0xffffffff, max_idle_ns: 19112604462750000 ns
[    0.000000] arch_timer: cp15 timer(s) running at 62.50MHz (virt).
[    0.000000] clocksource: arch_sys_counter: mask: 0x1ffffffffffffff max_cycles: 0x1cd42e208c, max_idle_ns: 881590405314 ns
[    0.000146] sched_clock: 57 bits at 63MHz, resolution 16ns, wraps every 4398046511096ns
[    0.132737] kfence: initialized - using 2097152 bytes for 255 objects at 0x(____ptrval____)-0x(____ptrval____)
[    0.514565] Console: colour dummy device 80x25
[    0.560538] ACPI: Core revision 20240827
[    0.592199] Calibrating delay loop (skipped), value calculated using timer frequency.. 125.00 BogoMIPS (lpj=625000)
[    0.593518] pid_max: default: 32768 minimum: 301
[    0.647273] LSM: initializing lsm=lockdown,capability,landlock
[    0.663811] landlock: Up and running.
[    0.697117] Mount-cache hash table entries: 8192 (order: 4, 65536 bytes, linear)
[    0.697316] Mountpoint-cache hash table entries: 8192 (order: 4, 65536 bytes, linear)
[    1.201221] rcu: Hierarchical SRCU implementation.
[    1.210603] rcu: 	Max phase no-delay instances is 1000.
[    1.233736] Timer migration: 1 hierarchy levels; 8 children per group; 1 crossnode level
[    1.267914] Remapping and enabling EFI services.
[    1.294072] smp: Bringing up secondary CPUs ...
[    1.324188] Detected PIPT I-cache on CPU1
[    1.327357] CPU1: Booted secondary processor 0x0000000001 [0x414fd0b1]
[    1.344639] smp: Brought up 1 node, 2 CPUs
[    1.344771] SMP: Total of 2 processors activated.
[    1.344862] CPU: All CPU(s) started at EL1
[    1.345354] CPU features: detected: 32-bit EL0 Support
[    1.345488] CPU features: detected: Data cache clean to the PoU not required for I/D coherence
[    1.345589] CPU features: detected: Common not Private translations
[    1.345601] CPU features: detected: CRC32 instructions
[    1.346018] CPU features: detected: RCpc load-acquire (LDAPR)
[    1.346107] CPU features: detected: LSE atomic instructions
[    1.346119] CPU features: detected: Privileged Access Never
[    1.346127] CPU features: detected: RAS Extension Support
[    1.346208] CPU features: detected: Speculative Store Bypassing Safe (SSBS)
[    1.398827] alternatives: applying system-wide alternatives
[    1.466210] CPU features: detected: Hardware dirty bit management on CPU0-1
[    1.582972] Memory: 3995976K/4194304K available (12608K kernel code, 1950K rwdata, 7812K rodata, 1920K init, 9305K bss, 193644K reserved, 0K cma-reserved)
[    1.793428] devtmpfs: initialized
[    2.012400] futex hash table entries: 512 (order: 3, 32768 bytes, linear)
[    2.016050] 24304 pages in range for non-PLT usage
[    2.016230] 515824 pages in range for PLT usage
[    2.045907] pinctrl core: initialized pinctrl subsystem
[    2.078273] SMBIOS 3.0.0 present.
[    2.079077] DMI: QEMU QEMU Virtual Machine, BIOS edk2-stable202408-prebuilt.qemu.org 08/13/2024
[    2.080837] DMI: Memory slots populated: 1/1
[    2.176573] NET: Registered PF_NETLINK/PF_ROUTE protocol family
[    2.212086] DMA: preallocated 512 KiB GFP_KERNEL pool for atomic allocations
[    2.213962] DMA: preallocated 512 KiB GFP_KERNEL|GFP_DMA pool for atomic allocations
[    2.215010] DMA: preallocated 512 KiB GFP_KERNEL|GFP_DMA32 pool for atomic allocations
[    2.216388] audit: initializing netlink subsys (disabled)
[    2.230808] audit: type=2000 audit(1.080:1): state=initialized audit_enabled=0 res=1
[    2.249171] thermal_sys: Registered thermal governor 'step_wise'
[    2.261474] cpuidle: using governor ladder
[    2.262764] cpuidle: using governor menu
[    2.279462] hw-breakpoint: found 6 breakpoint and 4 watchpoint registers.
[    2.281156] ASID allocator initialised with 65536 entries
[    2.282760] acpiphp: ACPI Hot Plug PCI Controller Driver version: 0.5
[    2.294089] Serial: AMBA PL011 UART driver
[    2.363281] HugeTLB: registered 1.00 GiB page size, pre-allocated 0 pages
[    2.363341] HugeTLB: 0 KiB vmemmap can be freed for a 1.00 GiB page
[    2.363366] HugeTLB: registered 32.0 MiB page size, pre-allocated 0 pages
[    2.363375] HugeTLB: 0 KiB vmemmap can be freed for a 32.0 MiB page
[    2.363386] HugeTLB: registered 2.00 MiB page size, pre-allocated 0 pages
[    2.363396] HugeTLB: 0 KiB vmemmap can be freed for a 2.00 MiB page
[    2.363407] HugeTLB: registered 64.0 KiB page size, pre-allocated 0 pages
[    2.363414] HugeTLB: 0 KiB vmemmap can be freed for a 64.0 KiB page
[    2.462171] ACPI: Added _OSI(Module Device)
[    2.462262] ACPI: Added _OSI(Processor Device)
[    2.462276] ACPI: Added _OSI(Processor Aggregator Device)
[    2.546472] ACPI: 1 ACPI AML tables successfully acquired and loaded
[    2.630570] ACPI: Interpreter enabled
[    2.630692] ACPI: Using GIC for interrupt routing
[    2.632746] ACPI: MCFG table detected, 1 entries
[    2.874635] ACPI: CPU0 has been hot-added
[    2.877700] ACPI: CPU1 has been hot-added
[    2.946949] ARMH0011:00: ttyAMA0 at MMIO 0x9000000 (irq = 12, base_baud = 0) is a SBSA
[    2.949405] printk: legacy console [ttyAMA0] enabled
[    3.201344] ACPI: PCI: Interrupt link L000 configured for IRQ 35
[    3.212216] ACPI: PCI: Interrupt link L001 configured for IRQ 36
[    3.212819] ACPI: PCI: Interrupt link L002 configured for IRQ 37
[    3.213328] ACPI: PCI: Interrupt link L003 configured for IRQ 38
[    3.214683] ACPI: PCI Root Bridge [PCI0] (domain 0000 [bus 00-ff])
[    3.228557] acpi PNP0A08:00: _OSC: OS supports [ExtendedConfig ASPM ClockPM Segments MSI HPX-Type3]
[    3.250301] acpi PNP0A08:00: _OSC: platform does not support [LTR]
[    3.261407] acpi PNP0A08:00: _OSC: OS now controls [PCIeHotplug PME PCIeCapability]
[    3.267287] acpi PNP0A08:00: ECAM area [mem 0x4010000000-0x401fffffff] reserved by PNP0C02:00
[    3.276932] acpi PNP0A08:00: ECAM at [mem 0x4010000000-0x401fffffff] for [bus 00-ff]
[    3.279564] ACPI: Remapped I/O 0x000000003eff0000 to [io  0x0000-0xffff window]
[    3.300811] PCI host bridge to bus 0000:00
[    3.312955] pci_bus 0000:00: root bus resource [mem 0x10000000-0x3efeffff window]
[    3.313579] pci_bus 0000:00: root bus resource [io  0x0000-0xffff window]
[    3.313974] pci_bus 0000:00: root bus resource [mem 0x8000000000-0xffffffffff window]
[    3.315940] pci_bus 0000:00: root bus resource [bus 00-ff]
[    3.327830] pci 0000:00:00.0: [1b36:0008] type 00 class 0x060000 conventional PCI endpoint
[    3.350407] pci 0000:00:01.0: [8086:100e] type 00 class 0x020000 conventional PCI endpoint
[    3.358706] pci 0000:00:01.0: BAR 0 [mem 0x10040000-0x1005ffff]
[    3.359544] pci 0000:00:01.0: BAR 1 [io  0x0080-0x00bf]
[    3.360089] pci 0000:00:01.0: ROM [mem 0xfffc0000-0xffffffff pref]
[    3.366323] pci 0000:00:02.0: [1af4:1001] type 00 class 0x010000 conventional PCI endpoint
[    3.366968] pci 0000:00:02.0: BAR 0 [io  0x0000-0x007f]
[    3.367292] pci 0000:00:02.0: BAR 1 [mem 0x10060000-0x10060fff]
[    3.367806] pci 0000:00:02.0: BAR 4 [mem 0x8000000000-0x8000003fff 64bit pref]
[    3.383856] pci 0000:00:01.0: ROM [mem 0x10000000-0x1003ffff pref]: assigned
[    3.393372] pci 0000:00:01.0: BAR 0 [mem 0x10040000-0x1005ffff]: assigned
[    3.394521] pci 0000:00:02.0: BAR 4 [mem 0x8000000000-0x8000003fff 64bit pref]: assigned
[    3.395282] pci 0000:00:02.0: BAR 1 [mem 0x10060000-0x10060fff]: assigned
[    3.395905] pci 0000:00:02.0: BAR 0 [io  0x1000-0x107f]: assigned
[    3.396373] pci 0000:00:01.0: BAR 1 [io  0x1080-0x10bf]: assigned
[    3.398161] pci_bus 0000:00: resource 4 [mem 0x10000000-0x3efeffff window]
[    3.398786] pci_bus 0000:00: resource 5 [io  0x0000-0xffff window]
[    3.399194] pci_bus 0000:00: resource 6 [mem 0x8000000000-0xffffffffff window]
[    3.417212] iommu: Default domain type: Translated
[    3.417693] iommu: DMA domain TLB invalidation policy: lazy mode
[    3.466550] efivars: Registered efivars operations
[    3.564817] clocksource: Switched to clocksource arch_sys_counter
[    3.614551] VFS: Disk quotas dquot_6.6.0
[    3.615709] VFS: Dquot-cache hash table entries: 512 (order 0, 4096 bytes)
[    3.648127] pnp: PnP ACPI init
[    3.666924] system 00:00: [mem 0x4010000000-0x401fffffff window] could not be reserved
[    3.680537] pnp: PnP ACPI: found 1 devices
[    4.367917] NET: Registered PF_INET protocol family
[    4.382026] IP idents hash table entries: 65536 (order: 7, 524288 bytes, linear)
[    5.334445] tcp_listen_portaddr_hash hash table entries: 2048 (order: 3, 32768 bytes, linear)
[    5.344733] Table-perturb hash table entries: 65536 (order: 6, 262144 bytes, linear)
[    5.349989] TCP established hash table entries: 32768 (order: 6, 262144 bytes, linear)
[    5.365791] TCP bind hash table entries: 32768 (order: 8, 1048576 bytes, linear)
[    5.367367] TCP: Hash tables configured (established 32768 bind 32768)
[    5.412438] MPTCP token hash table entries: 4096 (order: 5, 98304 bytes, linear)
[    5.414756] UDP hash table entries: 2048 (order: 4, 65536 bytes, linear)
[    5.416493] UDP-Lite hash table entries: 2048 (order: 4, 65536 bytes, linear)
[    5.467394] NET: Registered PF_UNIX/PF_LOCAL protocol family
[    5.477341] NET: Registered PF_XDP protocol family
[    5.478773] PCI: CLS 0 bytes, default 64
[    5.483696] kvm [1]: HYP mode not available
[    5.517602] Initialise system trusted keyrings
[    5.517925] Unpacking initramfs...
[    5.549041] workingset: timestamp_bits=44 max_order=20 bucket_order=0
[    5.891342] Key type asymmetric registered
[    5.892982] Asymmetric key parser 'x509' registered
[    5.895211] Block layer SCSI generic (bsg) driver version 0.4 loaded (major 249)
[    5.897467] io scheduler mq-deadline registered
[    5.897922] io scheduler kyber registered
[    5.901156] io scheduler bfq registered
[    6.061898] ACPI: \_SB_.L002: Enabled at IRQ 37
[    6.067727] virtio-pci 0000:00:02.0: enabling device (0000 -> 0003)
[    6.167056] Serial: 8250/16550 driver, 4 ports, IRQ sharing enabled
[    6.366654] hv_vmbus: registering driver hyperv_keyboard
[    6.397264] rtc-efi rtc-efi.0: registered as rtc0
[    6.415030] rtc-efi rtc-efi.0: setting system clock to 2026-09-08T07:39:25 UTC (1788853165)
[    6.435218] NET: Registered PF_INET6 protocol family
[    6.566308] Segment Routing with IPv6
[    6.567312] In-situ OAM (IOAM) with IPv6
[    7.010446] registered taskstats version 1
[    7.031876] Loading compiled-in X.509 certificates
[    7.349789] Freeing initrd memory: 5268K
[    8.195228] Loaded X.509 cert 'alpinelinux.org: Alpine Linux kernel key: 87fa969a47f3e2a6aa35859eb932a17c95abcd82'
[    8.315743] Demotion targets for Node 0: null
[    8.332646] Key type .fscrypt registered
[    8.333024] Key type fscrypt-provisioning registered
[    8.466588] clk: Disabling unused clocks
[    8.479309] PM: genpd: Disabling unused power domains
[    8.917616] Freeing unused kernel memory: 1920K
[    8.931534] Run /init as init process
[   10.114323] Alpine Init 3.11.1-r0
Alpine Init 3.11.1-r0
[   10.147339] Loading boot drivers...
 * Loading boot drivers: [   10.400499] Loading boot drivers: ok.
ok.
SIMBOOT: kernel=6.12.103-0-virt
[   10.699560] Invalid ELF header magic: != ELF
[   10.816402] virtio_blk virtio0: 2/0/0 default/read/poll queues
[   10.917284] virtio_blk virtio0: [vda] 1411072 512-byte logical blocks (722 MB/689 MiB)
[   11.032584] Invalid ELF header magic: != ELF
[   11.108193] Invalid ELF header magic: != ELF
[   11.198642] Invalid ELF header magic: != ELF
[   11.296802] Invalid ELF header magic: != ELF
[   11.880604] Invalid ELF header magic: != ELF
[   13.163970] Invalid ELF header magic: != ELF
[   13.383160] e1000: Intel(R) PRO/1000 Network Driver
[   13.383615] e1000: Copyright (c) 1999-2006 Intel Corporation.
[   13.399104] ACPI: \_SB_.L001: Enabled at IRQ 36
[   13.400161] e1000 0000:00:01.0: enabling device (0000 -> 0003)
[   14.681805] e1000 0000:00:01.0 eth0: (PCI:33MHz:32-bit) 52:54:00:12:34:56
[   14.683616] e1000 0000:00:01.0 eth0: Intel(R) PRO/1000 Network Connection
Module                  Size  Used by    Not tainted
e1000                 163840  0 
ext4                  929792  0 
jbd2                  172032  1 ext4
mbcache                20480  1 ext4
crc32c_generic         12288  0 
crc16                  12288  1 ext4
virtio_blk             24576  0 
[   16.317428] EXT4-fs (vda): mounted filesystem 1799a7eb-09df-4b80-8c57-0424de58e445 r/w with ordered data mode. Quota mode: none.
SIMBOOT: root mounted rw, running real mfp.afx with binder stub
[   31.798813] e1000: eth0 NIC Link is Up 1000 Mbps Full Duplex, Flow Control: RX
=== VHAL: fetch toolchain ===
VHAL_WGET_TC_RC=0
-rw-r--r-- 1 root root 239206400 Sep  8 07:40 /tmp/musl-native.tar
VHAL_WGET_SRC_RC=0
-rw-r--r-- 1 root root 13902 Sep  8 07:40 /tmp/virtual_hal.c
=== VHAL: extract ===
VHAL_TAR_RC=0
-rwxr-xr-x 3 1000 1000 1428240 Nov 22  2021 /tmp/aarch64-linux-musl-native/bin/aarch64-linux-musl-gcc
=== VHAL: compile ===
VHAL_GCC_RC=0
-rwxr-xr-x 1 root root 17056 Sep  8 07:40 /lib/virtual_hal.so
=== VHAL: done ===
MFP_PID=473
[   79.120263] random: crng init done
--- POLL 1: N=11 ---
POLL: early init (N=11), wait before gdb patch
--- POLL 2: N=11 ---
POLL: early init (N=11), wait before gdb patch
--- POLL 3: N=44 ---
[Thread debugging using libthread_db enabled]
Using host libthread_db library "/lib64/libthread_db.so.1".
0x0000ffffb7521ae4 in clock_nanosleep () from /lib64/libc.so.6
B4: 5c=0 7c=0 80=0 82=0
AF: 5c=1 7c=1 80=1 82=1
[Inferior 1 (process 473) detached]
--- POLL 4: N=62 ---
[Thread debugging using libthread_db enabled]
Using host libthread_db library "/lib64/libthread_db.so.1".
0x0000ffffb7521ae0 in clock_nanosleep () from /lib64/libc.so.6
B4: 5c=0 7c=0 80=0 82=0
AF: 5c=1 7c=1 80=1 82=1
[Inferior 1 (process 473) detached]
--- POLL 5: N=128 ---
POLL: passed print_info_status_init (N=128)
--- ALIVE ---
128
--- LISTEN TCP ---
  sl  local_address rem_address   st tx_queue rx_queue tr tm->when retrnsmt   uid  timeout inode                                                     
   0: 00000000:8853 00000000:0000 0A 00000000:00000000 00:00000000 00000000     0        0 68517 1 00000000bf9490c0 100 0 0 10 0                     
SIMBOOT_LPD_HEX=8853
SIMBOOT_LPD_PORT=34899
--- SOCK OWNER PRE ---
--- HALD LOG ---
2147483648 hal_daemon process plog lib init 
--- PLOGD LOG ---
--- CMD REG TABLE ---
[New LWP 682]
[New LWP 683]
[New LWP 684]
[New LWP 685]
[New LWP 686]
[New LWP 687]
[New LWP 688]
[New LWP 689]
[New LWP 690]
[New LWP 691]
[New LWP 692]
[New LWP 693]
[New LWP 694]
[New LWP 695]
[New LWP 696]
[New LWP 697]
[New LWP 698]
[New LWP 699]
[New LWP 700]
[New LWP 701]
[New LWP 702]
[New LWP 703]
[New LWP 704]
[New LWP 705]
[Thread debugging using libthread_db enabled]
Using host libthread_db library "/lib64/libthread_db.so.1".
0x0000ffffb7521ae0 in clock_nanosleep () from /lib64/libc.so.6
warning: could not convert '$h' from the host encoding (ANSI_X3.4-1968) to UTF-32.
This normally should not happen, please file a bug report.
node=0xf2bbd00 cmd=0xd cb=0x6b7570 arg=(nil)
node=0xf2bba30 cmd=0x7 cb=0x6974e4 arg=(nil)
node=0xf2c5e10 cmd=0xa cb=0x74fbcc arg=(nil)
node=0xf2c5e40 cmd=0xe cb=0x74fb0c arg=(nil)
node=0xf2c7db0 cmd=0 cb=0x73b71c arg=(nil)
node=0xf2c8aa0 cmd=0xc cb=0x6b8588 arg=(nil)
node=0xf2ca110 cmd=0x6 cb=0x6cc6f8 arg=(nil)
node=0xf2cb1a0 cmd=0x11 cb=0x6a77cc arg=(nil)
node=0xf2ef0f0 cmd=0xf cb=0x4b01f0 arg=(nil)
node=0xf2ef120 cmd=0x2 cb=0x4b03a8 arg=(nil)
node=0xf398620 cmd=0x3 cb=0x70aba0 arg=(nil)
node=0xf3c25c0 cmd=0x1 cb=0x722310 arg=(nil)
node=0xf3d6750 cmd=0xb cb=0x678d20 arg=0xf3c2830
node=0xf3d6780 cmd=0x10 cb=0x679120 arg=0xf3c2830
node=0xf42d0e0 cmd=0x4 cb=0x74105c arg=(nil)
node=0x910e20 cmd=0x1 cb=0x100000001 arg=0x30b00002
node=0xf2bbd00 cmd=0xd cb=0x6b7570 arg=(nil)
node=0xf2bba30 cmd=0x7 cb=0x6974e4 arg=(nil)
node=0xf2c5e10 cmd=0xa cb=0x74fbcc arg=(nil)
node=0xf2c5e40 cmd=0xe cb=0x74fb0c arg=(nil)
node=0xf2c7db0 cmd=0 cb=0x73b71c arg=(nil)
node=0xf2c8aa0 cmd=0xc cb=0x6b8588 arg=(nil)
node=0xf2ca110 cmd=0x6 cb=0x6cc6f8 arg=(nil)
node=0xf2cb1a0 cmd=0x11 cb=0x6a77cc arg=(nil)
node=0xf2ef0f0 cmd=0xf cb=0x4b01f0 arg=(nil)
node=0xf2ef120 cmd=0x2 cb=0x4b03a8 arg=(nil)
node=0xf398620 cmd=0x3 cb=0x70aba0 arg=(nil)
node=0xf3c25c0 cmd=0x1 cb=0x722310 arg=(nil)
node=0xf3d6750 cmd=0xb cb=0x678d20 arg=0xf3c2830
node=0xf3d6780 cmd=0x10 cb=0x679120 arg=0xf3c2830
node=0xf42d0e0 cmd=0x4 cb=0x74105c arg=(nil)
node=0x910e20 cmd=0x1 cb=0x100000001 arg=0x30b00002
node=0xf2bbd00 cmd=0xd cb=0x6b7570 arg=(nil)
node=0xf2bba30 cmd=0x7 cb=0x6974e4 arg=(nil)
node=0xf2c5e10 cmd=0xa cb=0x74fbcc arg=(nil)
node=0xf2c5e40 cmd=0xe cb=0x74fb0c arg=(nil)
node=0xf2c7db0 cmd=0 cb=0x73b71c arg=(nil)
node=0xf2c8aa0 cmd=0xc cb=0x6b8588 arg=(nil)
node=0xf2ca110 cmd=0x6 cb=0x6cc6f8 arg=(nil)
node=0xf2cb1a0 cmd=0x11 cb=0x6a77cc arg=(nil)
node=0xf2ef0f0 cmd=0xf cb=0x4b01f0 arg=(nil)
node=0xf2ef120 cmd=0x2 cb=0x4b03a8 arg=(nil)
node=0xf398620 cmd=0x3 cb=0x70aba0 arg=(nil)
node=0xf3c25c0 cmd=0x1 cb=0x722310 arg=(nil)
node=0xf3d6750 cmd=0xb cb=0x678d20 arg=0xf3c2830
node=0xf3d6780 cmd=0x10 cb=0x679120 arg=0xf3c2830
node=0xf42d0e0 cmd=0x4 cb=0x74105c arg=(nil)
node=0x910e20 cmd=0x1 cb=0x100000001 arg=0x30b00002
node=0xf2bbd00 cmd=0xd cb=0x6b7570 arg=(nil)
node=0xf2bba30 cmd=0x7 cb=0x6974e4 arg=(nil)
node=0xf2c5e10 cmd=0xa cb=0x74fbcc arg=(nil)
node=0xf2c5e40 cmd=0xe cb=0x74fb0c arg=(nil)
node=0xf2c7db0 cmd=0 cb=0x73b71c arg=(nil)
node=0xf2c8aa0 cmd=0xc cb=0x6b8588 arg=(nil)
node=0xf2ca110 cmd=0x6 cb=0x6cc6f8 arg=(nil)
node=0xf2cb1a0 cmd=0x11 cb=0x6a77cc arg=(nil)
node=0xf2ef0f0 cmd=0xf cb=0x4b01f0 arg=(nil)
node=0xf2ef120 cmd=0x2 cb=0x4b03a8 arg=(nil)
node=0xf398620 cmd=0x3 cb=0x70aba0 arg=(nil)
node=0xf3c25c0 cmd=0x1 cb=0x722310 arg=(nil)
[Inferior 1 (process 473) detached]
--- LPD ENABLE ---
[Thread debugging using libthread_db enabled]
Using host libthread_db library "/lib64/libthread_db.so.1".
0x0000ffffb7521ae0 in clock_nanosleep () from /lib64/libc.so.6
warning: could not convert '$h' from the host encoding (ANSI_X3.4-1968) to UTF-32.
This normally should not happen, please file a bug report.
HANDLE=0xf3c2830
CTX=0xf409400 SW_B4=0
LPD_PROLOG_RC=0
SETSWITCH_RC=1
SW_AFTER_SETTER=1
WIRED_RC=1
[Inferior 1 (process 473) detached]
--- SOCK OWNER AFTER ENABLE ---
--- MFP LOG LPD LINES ---
[35m[osal/pol/os/Linux/pol_linux.c:55]tid(681) statck size(0x00080000) name(protocol_thread_LPD)[0m
init_protocol_threads            - [DEBUG]Initialized thread for protocol LPD (value=6)
netctx_notify_event_first        - [DEBUG]notify lpd switch(0)
--- LPD PORTS AFTER ---
PORTS_T+10
local_address st
00000000:8853 0A
PORTS_T+20
local_address st
00000000:8853 0A
PORTS_T+30
local_address st
00000000:8853 0A
PORTS_T+40
local_address st
00000000:8853 0A
PORTS_T+50
local_address st
00000000:8853 0A
PORTS_T+60
local_address st
00000000:8853 0A
PORTS_T+70
local_address st
00000000:8853 0A
PORTS_T+80
local_address st
00000000:8853 0A
PORTS_T+90
local_address st
00000000:8853 0A
PORTS_T+100
local_address st
00000000:8853 0A
PORTS_T+110
local_address st
00000000:8853 0A
PORTS_T+120
local_address st
00000000:8853 0A
PORTS_T+130
local_address st
00000000:8853 0A
PORTS_T+140
local_address st
00000000:8853 0A
PORTS_T+150
local_address st
00000000:8853 0A
PORTS_T+160
local_address st
00000000:8853 0A
PORTS_T+170
local_address st
00000000:8853 0A
PORTS_T+180
local_address st
00000000:8853 0A
PORTS_T+190
local_address st
00000000:8853 0A
PORTS_T+200
local_address st
00000000:8853 0A
PORTS_T+210
local_address st
00000000:8853 0A
PORTS_T+220
local_address st
00000000:8853 0A
PORTS_T+230
local_address st
00000000:8853 0A
PORTS_T+240
local_address st
00000000:8853 0A
--- PORTS ALL ---
local_address st
00000000:8853 0A
TRACE GDB STARTED
READY FOR INJECT
[  828.569657] hrtimer: interrupt took 97067600 ns
