UEFI firmware (version edk2-stable202408-prebuilt.qemu.org built at 16:28:50 on Sep 12 2024)
ArmTrngLib could not be correctly initialized.
Error: Image at 000BFDB6000 start failed: 00000001
Error: Image at 000BFD6D000 start failed: Not Found
Error: Image at 000BFCBA000 start failed: Unsupported
Error: Image at 000BFB5E000 start failed: Aborted
Tpm2SubmitCommand - Tcg2 - Not Found
Tpm2GetCapabilityPcrs fail!
Tpm2SubmitCommand - Tcg2 - Not Found
Image type X64 can't be loaded on AARCH64 UEFI system.
[2J[01;01H[=3h[2J[01;01H[2J[01;01H[=3h[2J[01;01HEFI stub: Decompressing Linux Kernel...
EFI stub: Loaded initrd from LINUX_EFI_INITRD_MEDIA_GUID device path
EFI stub: Generating empty DTB
EFI stub: Exiting boot services...
[    0.000000] Booting Linux on physical CPU 0x0000000000 [0x414fd0b1]
[    0.000000] Linux version 6.12.103-0-virt (buildozer@build-3-21-aarch64) (gcc (Alpine 14.2.0) 14.2.0, GNU ld (GNU Binutils) 2.43.1) #1-Alpine SMP PREEMPT_DYNAMIC 2026-08-10 14:25:03
[    0.000000] efi: EFI v2.7 by EDK II
[    0.000000] efi: SMBIOS 3.0=0xbfed0000 MEMATTR=0xbe18a018 ACPI 2.0=0xbcb43018 INITRD=0xbcb40f18 MEMRESERVE=0xbcb40f98 
[    0.000000] ACPI: Early table checksum verification disabled
[    0.000000] ACPI: RSDP 0x00000000BCB43018 000024 (v02 BOCHS )
[    0.000000] ACPI: XSDT 0x00000000BCB43F18 000064 (v01 BOCHS  BXPC     00000001      01000013)
[    0.000000] ACPI: FACP 0x00000000BCB43B18 000114 (v06 BOCHS  BXPC     00000001 BXPC 00000001)
[    0.000000] ACPI: DSDT 0x00000000BCB41018 001506 (v02 BOCHS  BXPC     00000001 BXPC 00000001)
[    0.000000] ACPI: APIC 0x00000000BCB43C98 0000FC (v04 BOCHS  BXPC     00000001 BXPC 00000001)
[    0.000000] ACPI: PPTT 0x00000000BCB43E18 000074 (v02 BOCHS  BXPC     00000001 BXPC 00000001)
[    0.000000] ACPI: GTDT 0x00000000BCB43098 000068 (v03 BOCHS  BXPC     00000001 BXPC 00000001)
[    0.000000] ACPI: MCFG 0x00000000BCB43A98 00003C (v01 BOCHS  BXPC     00000001 BXPC 00000001)
[    0.000000] ACPI: SPCR 0x00000000BCB43818 000050 (v02 BOCHS  BXPC     00000001 BXPC 00000001)
[    0.000000] ACPI: DBG2 0x00000000BCB43A18 000057 (v00 BOCHS  BXPC     00000001 BXPC 00000001)
[    0.000000] ACPI: IORT 0x00000000BCB43898 000054 (v05 BOCHS  BXPC     00000001 BXPC 00000001)
[    0.000000] ACPI: SPCR: console: pl011,mmio32,0x9000000,9600
[    0.000000] ACPI: Use ACPI SPCR as default console: Yes
[    0.000000] NUMA: Faking a node at [mem 0x0000000040000000-0x00000000bfffffff]
[    0.000000] NODE_DATA(0) allocated [mem 0xbf855b80-0xbf857fff]
[    0.000000] Zone ranges:
[    0.000000]   DMA      [mem 0x0000000040000000-0x00000000bfffffff]
[    0.000000]   DMA32    empty
[    0.000000]   Normal   empty
[    0.000000] Movable zone start for each node
[    0.000000] Early memory node ranges
[    0.000000]   node   0: [mem 0x0000000040000000-0x00000000bc76ffff]
[    0.000000]   node   0: [mem 0x00000000bc770000-0x00000000bcb3ffff]
[    0.000000]   node   0: [mem 0x00000000bcb40000-0x00000000bfe1ffff]
[    0.000000]   node   0: [mem 0x00000000bfe20000-0x00000000bfeaffff]
[    0.000000]   node   0: [mem 0x00000000bfeb0000-0x00000000bfebffff]
[    0.000000]   node   0: [mem 0x00000000bfec0000-0x00000000bffdffff]
[    0.000000]   node   0: [mem 0x00000000bffe0000-0x00000000bfffffff]
[    0.000000] Initmem setup node 0 [mem 0x0000000040000000-0x00000000bfffffff]
[    0.000000] psci: probing for conduit method from ACPI.
[    0.000000] psci: PSCIv1.1 detected in firmware.
[    0.000000] psci: Using standard PSCI v0.2 function IDs
[    0.000000] psci: Trusted OS migration not required
[    0.000000] psci: SMC Calling Convention v1.0
[    0.000000] percpu: Embedded 33 pages/cpu s96984 r8192 d29992 u135168
[    0.000000] Detected PIPT I-cache on CPU0
[    0.000000] CPU features: detected: Spectre-v4
[    0.000000] CPU features: detected: Spectre-BHB
[    0.000000] CPU features: detected: Broken broadcast TLBI completion
[    0.000000] CPU features: detected: SSBS not fully self-synchronizing
[    0.000000] alternatives: applying boot alternatives
[    0.000000] Kernel command line: root=/dev/vda rw console=ttyAMA0 initrd=initrd
[    0.000000] Dentry cache hash table entries: 262144 (order: 9, 2097152 bytes, linear)
[    0.000000] Inode-cache hash table entries: 131072 (order: 8, 1048576 bytes, linear)
[    0.000000] Fallback order for Node 0: 0 
[    0.000000] Built 1 zonelists, mobility grouping on.  Total pages: 524288
[    0.000000] Policy zone: DMA
[    0.000000] mem auto-init: stack:all(zero), heap alloc:on, heap free:off
[    0.000000] software IO TLB: SWIOTLB bounce buffer size adjusted to 2MB
[    0.000000] software IO TLB: area num 2.
[    0.000000] software IO TLB: mapped [mem 0x00000000bf2b4000-0x00000000bf4b4000] (2MB)
[    0.000000] SLUB: HWalign=64, Order=0-3, MinObjects=0, CPUs=2, Nodes=1
[    0.000000] Dynamic Preempt: none
[    0.000000] rcu: Preemptible hierarchical RCU implementation.
[    0.000000] rcu: 	RCU restricting CPUs from NR_CPUS=4096 to nr_cpu_ids=2.
[    0.000000] 	Trampoline variant of Tasks RCU enabled.
[    0.000000] 	Tracing variant of Tasks RCU enabled.
[    0.000000] rcu: RCU calculated value of scheduler-enlistment delay is 10 jiffies.
[    0.000000] rcu: Adjusting geometry for rcu_fanout_leaf=16, nr_cpu_ids=2
[    0.000000] RCU Tasks: Setting shift to 1 and lim to 1 rcu_task_cb_adjust=1 rcu_task_cpu_ids=2.
[    0.000000] RCU Tasks Trace: Setting shift to 1 and lim to 1 rcu_task_cb_adjust=1 rcu_task_cpu_ids=2.
[    0.000000] NR_IRQS: 64, nr_irqs: 64, preallocated irqs: 0
[    0.000000] Root IRQ handler: gic_handle_irq
[    0.000000] GICv2m: ACPI overriding V2M MSI_TYPER (base:80, num:64)
[    0.000000] GICv2m: range[mem 0x08020000-0x08020fff], SPI[80:143]
[    0.000000] rcu: srcu_init: Setting srcu_struct sizes based on contention.
[    0.000000] clocksource: jiffies: mask: 0xffffffff max_cycles: 0xffffffff, max_idle_ns: 19112604462750000 ns
[    0.000000] arch_timer: cp15 timer(s) running at 62.50MHz (virt).
[    0.000000] clocksource: arch_sys_counter: mask: 0x1ffffffffffffff max_cycles: 0x1cd42e208c, max_idle_ns: 881590405314 ns
[    0.000148] sched_clock: 57 bits at 63MHz, resolution 16ns, wraps every 4398046511096ns
[    0.025586] kfence: initialized - using 2097152 bytes for 255 objects at 0x(____ptrval____)-0x(____ptrval____)
[    0.062704] Console: colour dummy device 80x25
[    0.081870] ACPI: Core revision 20240827
[    0.097641] Calibrating delay loop (skipped), value calculated using timer frequency.. 125.00 BogoMIPS (lpj=625000)
[    0.097972] pid_max: default: 32768 minimum: 301
[    0.114664] LSM: initializing lsm=lockdown,capability,landlock
[    0.127056] landlock: Up and running.
[    0.141452] Mount-cache hash table entries: 4096 (order: 3, 32768 bytes, linear)
[    0.141776] Mountpoint-cache hash table entries: 4096 (order: 3, 32768 bytes, linear)
[    0.428449] rcu: Hierarchical SRCU implementation.
[    0.428629] rcu: 	Max phase no-delay instances is 1000.
[    0.446027] Timer migration: 1 hierarchy levels; 8 children per group; 1 crossnode level
[    0.464413] Remapping and enabling EFI services.
[    0.494213] smp: Bringing up secondary CPUs ...
[    0.528846] Detected PIPT I-cache on CPU1
[    0.530817] CPU1: Booted secondary processor 0x0000000001 [0x414fd0b1]
[    0.548580] smp: Brought up 1 node, 2 CPUs
[    0.548727] SMP: Total of 2 processors activated.
[    0.548813] CPU: All CPU(s) started at EL1
[    0.549257] CPU features: detected: 32-bit EL0 Support
[    0.549382] CPU features: detected: Data cache clean to the PoU not required for I/D coherence
[    0.549472] CPU features: detected: Common not Private translations
[    0.549482] CPU features: detected: CRC32 instructions
[    0.550318] CPU features: detected: RCpc load-acquire (LDAPR)
[    0.550432] CPU features: detected: LSE atomic instructions
[    0.550446] CPU features: detected: Privileged Access Never
[    0.550457] CPU features: detected: RAS Extension Support
[    0.550544] CPU features: detected: Speculative Store Bypassing Safe (SSBS)
[    0.608402] alternatives: applying system-wide alternatives
[    0.677626] CPU features: detected: Hardware dirty bit management on CPU0-1
[    0.760452] Memory: 2003216K/2097152K available (12608K kernel code, 1950K rwdata, 7812K rodata, 1920K init, 9305K bss, 89380K reserved, 0K cma-reserved)
[    0.899187] devtmpfs: initialized
[    1.000670] futex hash table entries: 512 (order: 3, 32768 bytes, linear)
[    1.005027] 24304 pages in range for non-PLT usage
[    1.005200] 515824 pages in range for PLT usage
[    1.018908] pinctrl core: initialized pinctrl subsystem
[    1.044379] SMBIOS 3.0.0 present.
[    1.045034] DMI: QEMU QEMU Virtual Machine, BIOS edk2-stable202408-prebuilt.qemu.org 08/13/2024
[    1.046428] DMI: Memory slots populated: 1/1
[    1.119778] NET: Registered PF_NETLINK/PF_ROUTE protocol family
[    1.144198] DMA: preallocated 256 KiB GFP_KERNEL pool for atomic allocations
[    1.149819] DMA: preallocated 256 KiB GFP_KERNEL|GFP_DMA pool for atomic allocations
[    1.150705] DMA: preallocated 256 KiB GFP_KERNEL|GFP_DMA32 pool for atomic allocations
[    1.156417] audit: initializing netlink subsys (disabled)
[    1.166228] audit: type=2000 audit(0.540:1): state=initialized audit_enabled=0 res=1
[    1.183620] thermal_sys: Registered thermal governor 'step_wise'
[    1.198928] cpuidle: using governor ladder
[    1.199583] cpuidle: using governor menu
[    1.210567] hw-breakpoint: found 6 breakpoint and 4 watchpoint registers.
[    1.215356] ASID allocator initialised with 65536 entries
[    1.216842] acpiphp: ACPI Hot Plug PCI Controller Driver version: 0.5
[    1.230135] Serial: AMBA PL011 UART driver
[    1.282135] HugeTLB: registered 1.00 GiB page size, pre-allocated 0 pages
[    1.282212] HugeTLB: 0 KiB vmemmap can be freed for a 1.00 GiB page
[    1.282239] HugeTLB: registered 32.0 MiB page size, pre-allocated 0 pages
[    1.282248] HugeTLB: 0 KiB vmemmap can be freed for a 32.0 MiB page
[    1.282259] HugeTLB: registered 2.00 MiB page size, pre-allocated 0 pages
[    1.282267] HugeTLB: 0 KiB vmemmap can be freed for a 2.00 MiB page
[    1.282278] HugeTLB: registered 64.0 KiB page size, pre-allocated 0 pages
[    1.282286] HugeTLB: 0 KiB vmemmap can be freed for a 64.0 KiB page
[    1.377714] ACPI: Added _OSI(Module Device)
[    1.377841] ACPI: Added _OSI(Processor Device)
[    1.377859] ACPI: Added _OSI(Processor Aggregator Device)
[    1.444356] ACPI: 1 ACPI AML tables successfully acquired and loaded
[    1.531006] ACPI: Interpreter enabled
[    1.531082] ACPI: Using GIC for interrupt routing
[    1.538993] ACPI: MCFG table detected, 1 entries
[    1.810673] ACPI: CPU0 has been hot-added
[    1.813754] ACPI: CPU1 has been hot-added
[    1.876311] ARMH0011:00: ttyAMA0 at MMIO 0x9000000 (irq = 12, base_baud = 0) is a SBSA
[    1.879046] printk: legacy console [ttyAMA0] enabled
[    2.104268] ACPI: PCI: Interrupt link L000 configured for IRQ 35
[    2.106886] ACPI: PCI: Interrupt link L001 configured for IRQ 36
[    2.108700] ACPI: PCI: Interrupt link L002 configured for IRQ 37
[    2.109594] ACPI: PCI: Interrupt link L003 configured for IRQ 38
[    2.112083] ACPI: PCI Root Bridge [PCI0] (domain 0000 [bus 00-ff])
[    2.116376] acpi PNP0A08:00: _OSC: OS supports [ExtendedConfig ASPM ClockPM Segments MSI HPX-Type3]
[    2.140109] acpi PNP0A08:00: _OSC: platform does not support [LTR]
[    2.144489] acpi PNP0A08:00: _OSC: OS now controls [PCIeHotplug PME PCIeCapability]
[    2.162429] acpi PNP0A08:00: ECAM area [mem 0x4010000000-0x401fffffff] reserved by PNP0C02:00
[    2.163851] acpi PNP0A08:00: ECAM at [mem 0x4010000000-0x401fffffff] for [bus 00-ff]
[    2.172189] ACPI: Remapped I/O 0x000000003eff0000 to [io  0x0000-0xffff window]
[    2.195071] PCI host bridge to bus 0000:00
[    2.196334] pci_bus 0000:00: root bus resource [mem 0x10000000-0x3efeffff window]
[    2.196805] pci_bus 0000:00: root bus resource [io  0x0000-0xffff window]
[    2.197121] pci_bus 0000:00: root bus resource [mem 0x8000000000-0xffffffffff window]
[    2.197710] pci_bus 0000:00: root bus resource [bus 00-ff]
[    2.203931] pci 0000:00:00.0: [1b36:0008] type 00 class 0x060000 conventional PCI endpoint
[    2.228929] pci 0000:00:01.0: [1af4:1000] type 00 class 0x020000 conventional PCI endpoint
[    2.230245] pci 0000:00:01.0: BAR 0 [io  0x0080-0x009f]
[    2.230729] pci 0000:00:01.0: BAR 1 [mem 0x10041000-0x10041fff]
[    2.231236] pci 0000:00:01.0: BAR 4 [mem 0x8000000000-0x8000003fff 64bit pref]
[    2.232118] pci 0000:00:01.0: ROM [mem 0xfffc0000-0xffffffff pref]
[    2.243198] pci 0000:00:02.0: [1af4:1001] type 00 class 0x010000 conventional PCI endpoint
[    2.243870] pci 0000:00:02.0: BAR 0 [io  0x0000-0x007f]
[    2.244276] pci 0000:00:02.0: BAR 1 [mem 0x10040000-0x10040fff]
[    2.244645] pci 0000:00:02.0: BAR 4 [mem 0x8000004000-0x8000007fff 64bit pref]
[    2.258984] pci 0000:00:01.0: ROM [mem 0x10000000-0x1003ffff pref]: assigned
[    2.260198] pci 0000:00:01.0: BAR 4 [mem 0x8000000000-0x8000003fff 64bit pref]: assigned
[    2.261584] pci 0000:00:02.0: BAR 4 [mem 0x8000004000-0x8000007fff 64bit pref]: assigned
[    2.262422] pci 0000:00:01.0: BAR 1 [mem 0x10040000-0x10040fff]: assigned
[    2.263019] pci 0000:00:02.0: BAR 1 [mem 0x10041000-0x10041fff]: assigned
[    2.263461] pci 0000:00:02.0: BAR 0 [io  0x1000-0x107f]: assigned
[    2.263986] pci 0000:00:01.0: BAR 0 [io  0x1080-0x109f]: assigned
[    2.265167] pci_bus 0000:00: resource 4 [mem 0x10000000-0x3efeffff window]
[    2.265776] pci_bus 0000:00: resource 5 [io  0x0000-0xffff window]
[    2.266199] pci_bus 0000:00: resource 6 [mem 0x8000000000-0xffffffffff window]
[    2.296963] iommu: Default domain type: Translated
[    2.297414] iommu: DMA domain TLB invalidation policy: lazy mode
[    2.333799] efivars: Registered efivars operations
[    2.408430] clocksource: Switched to clocksource arch_sys_counter
[    2.433490] VFS: Disk quotas dquot_6.6.0
[    2.439964] VFS: Dquot-cache hash table entries: 512 (order 0, 4096 bytes)
[    2.465820] pnp: PnP ACPI init
[    2.481888] system 00:00: [mem 0x4010000000-0x401fffffff window] could not be reserved
[    2.483271] pnp: PnP ACPI: found 1 devices
[    2.757959] NET: Registered PF_INET protocol family
[    2.762353] IP idents hash table entries: 32768 (order: 6, 262144 bytes, linear)
[    2.980049] tcp_listen_portaddr_hash hash table entries: 1024 (order: 2, 16384 bytes, linear)
[    2.981084] Table-perturb hash table entries: 65536 (order: 6, 262144 bytes, linear)
[    2.981869] TCP established hash table entries: 16384 (order: 5, 131072 bytes, linear)
[    2.988054] TCP bind hash table entries: 16384 (order: 7, 524288 bytes, linear)
[    2.990529] TCP: Hash tables configured (established 16384 bind 16384)
[    2.997965] MPTCP token hash table entries: 2048 (order: 4, 49152 bytes, linear)
[    3.000446] UDP hash table entries: 1024 (order: 3, 32768 bytes, linear)
[    3.009366] UDP-Lite hash table entries: 1024 (order: 3, 32768 bytes, linear)
[    3.015488] NET: Registered PF_UNIX/PF_LOCAL protocol family
[    3.018231] NET: Registered PF_XDP protocol family
[    3.020767] PCI: CLS 0 bytes, default 64
[    3.046450] kvm [1]: HYP mode not available
[    3.052373] Unpacking initramfs...
[    3.070469] Initialise system trusted keyrings
[    3.092652] workingset: timestamp_bits=44 max_order=19 bucket_order=0
[    3.288162] Key type asymmetric registered
[    3.289542] Asymmetric key parser 'x509' registered
[    3.292951] Block layer SCSI generic (bsg) driver version 0.4 loaded (major 249)
[    3.300298] io scheduler mq-deadline registered
[    3.304366] io scheduler kyber registered
[    3.305897] io scheduler bfq registered
[    3.413231] ACPI: \_SB_.L001: Enabled at IRQ 36
[    3.416633] virtio-pci 0000:00:01.0: enabling device (0000 -> 0003)
[    3.444723] ACPI: \_SB_.L002: Enabled at IRQ 37
[    3.445357] virtio-pci 0000:00:02.0: enabling device (0000 -> 0003)
[    3.460537] Serial: 8250/16550 driver, 4 ports, IRQ sharing enabled
[    3.565255] hv_vmbus: registering driver hyperv_keyboard
[    3.595681] rtc-efi rtc-efi.0: registered as rtc0
[    3.600048] rtc-efi rtc-efi.0: setting system clock to 2026-08-24T02:09:00 UTC (1787537340)
[    3.615422] NET: Registered PF_INET6 protocol family
[    3.681380] Segment Routing with IPv6
[    3.682377] In-situ OAM (IOAM) with IPv6
[    3.872454] registered taskstats version 1
[    3.892145] Loading compiled-in X.509 certificates
[    4.109502] Freeing initrd memory: 5184K
[    4.696303] Loaded X.509 cert 'alpinelinux.org: Alpine Linux kernel key: 87fa969a47f3e2a6aa35859eb932a17c95abcd82'
[    4.758125] Demotion targets for Node 0: null
[    4.764254] Key type .fscrypt registered
[    4.764790] Key type fscrypt-provisioning registered
[    4.843541] clk: Disabling unused clocks
[    4.844721] PM: genpd: Disabling unused power domains
[    4.961255] Freeing unused kernel memory: 1920K
[    4.965933] Run /init as init process
[    5.408869] Alpine Init 3.11.1-r0
Alpine Init 3.11.1-r0
[    5.426858] Loading boot drivers...
 * Loading boot drivers: [    5.567294] Loading boot drivers: ok.
ok.
SIMBOOT: kernel=6.12.103-0-virt
[    5.748332] Invalid ELF header magic: != ELF
[    5.832990] virtio_blk virtio1: 2/0/0 default/read/poll queues
[    5.892061] virtio_blk virtio1: [vda] 1411072 512-byte logical blocks (722 MB/689 MiB)
[    5.964676] Invalid ELF header magic: != ELF
[    6.010612] Invalid ELF header magic: != ELF
[    6.046602] Invalid ELF header magic: != ELF
[    6.085480] Invalid ELF header magic: != ELF
[    6.177896] Invalid ELF header magic: != ELF
[    7.563690] EXT4-fs (vda): mounted filesystem 1799a7eb-09df-4b80-8c57-0424de58e445 r/w with ordered data mode. Quota mode: none.
SIMBOOT: root mounted rw, running real mfp.afx with binder stub
STUB_LS: -rw-r--r-- 1 root root 1040 Aug 24 02:09 /lib/libbinder_stub.so
STUB_TEST: Mon Aug 24 02:09:11 UTC 2026
rc=0
MFP_PID=436
=== PS ===
  PID TTY          TIME CMD
    1 ?        00:00:03 init
    2 ?        00:00:00 kthreadd
    3 ?        00:00:00 pool_workqueue_release
    4 ?        00:00:00 kworker/R-kvfree_rcu_reclaim
    5 ?        00:00:00 kworker/R-rcu_gp
    6 ?        00:00:00 kworker/R-sync_wq
    7 ?        00:00:00 kworker/R-slub_flushwq
    8 ?        00:00:00 kworker/R-netns
    9 ?        00:00:00 kworker/0:0-pm
   10 ?        00:00:00 kworker/0:0H-events_highpri
   11 ?        00:00:00 kworker/0:1
   12 ?        00:00:00 kworker/u8:0-events_unbound
   13 ?        00:00:00 kworker/R-mm_percpu_wq
   14 ?        00:00:01 kworker/u8:1-events_unbound
   15 ?        00:00:00 rcu_tasks_kthread
   16 ?        00:00:00 rcu_tasks_trace_kthread
   17 ?        00:00:00 ksoftirqd/0
   18 ?        00:00:00 rcu_preempt
   19 ?        00:00:00 rcu_exp_par_gp_kthread_worker/0
   20 ?        00:00:00 rcu_exp_gp_kthread_worker
   21 ?        00:00:00 migration/0
   22 ?        00:00:00 cpuhp/0
   23 ?        00:00:00 cpuhp/1
   24 ?        00:00:00 migration/1
=== PROC MFP ===
ls: cannot access '/proc/436/task': No such file or directory
=== MAPS binder ===
grep: /proc/436/maps: No such file or directory
=== PLOGD LOG ===
=== HALD LOG ===
1 hal_daemon process plog lib init 
hal_daemon publisher client thread tid 429 start 
=== LOG FILES ===
-rw-r--r-- 1 root root   86 Aug 24 02:09 /hald.log
-rw-r--r-- 1 root root    0 Aug 24 02:09 /mfp.log
-rw-r--r-- 1 root root    0 Aug 24 02:09 /plogd.log
srwxr-xr-x 1 root root    0 Aug 24 02:09 /tmp/.logserver

/tmp/.plog:
total 16
drwxr-xr-x 2 root root 4096 Aug 24 02:09 .
drwxrwxrwt 3 root root 4096 Aug 24 02:09 ..
-rw------- 1 root root 6934 Aug 24 02:09 hal_daemon_2rk3588_master_local_0.log
=== PLOG ===
[02:09:06.746] hal_core_init                  - core/hal_core_init.c L57    [HAL][DEBUG]  -->  Module node fan (id 13), do not need to call module init 
[02:09:06.747] hal_core_init                  - core/hal_core_init.c L57    [HAL][DEBUG]  -->  Module node wifi (id 15), do not need to call module init 
[02:09:06.747] hal_core_init                  - core/hal_core_init.c L57    [HAL][DEBUG]  -->  Module node bt (id 16), do not need to call module init 
[02:09:06.765] storage_init                   - module/storage/storage_init/storage_init.c L164   [HAL][INFO]  -->  storage module init succ
[02:09:06.779] cjson_module_config_read       - core/hal_cjson_class.c L109   [HAL][INFO]  -->  All the json module config has read
set output level<5><DEBUG>
<plog_set_level> set log tage <0> level <5> <DEBUG>
[2026-08-24 02:09:06-675.638][PLOG_PUB: INFO] <pub_client_init: 1256> 1 hal_daemon process plog lib init 
pol log construct successfully
[35m[osal/pol/os/Linux/pol_linux.c:55]tid(430) statck size(0x00080000) name(log_record_async_thread)[0m
[2026-08-24 02:09:06-777.872][PLOG_CORE: DEBUG] <send_register_frame: 285> regisert topic success 

------------- show module device lock info start -------------- 
module name: led              module id 0005  device id: 0001  map id: 0x00050001  trace_id: 0002  lock type: rwlock    lock id: 0000 
module name: led              module id 0005  device id: 0004  map id: 0x00050004  trace_id: 0003  lock type: rwlock    lock id: 0001 
module name: led              module id 0005  device id: 0041  map id: 0x00050029  trace_id: 0004  lock type: rwlock    lock id: 0002 
module name: led              module id 0005  device id: 0012  map id: 0x0005000C  trace_id: 0005  lock type: rwlock    lock id: 0003 
module name: gpio             module id 0006  device id: 0001  map id: 0x00060001  trace_id: 0006  lock type: rwlock    lock id: 0004 
module name: gpio             module id 0006  device id: 0002  map id: 0x00060002  trace_id: 0007  lock type: rwlock    lock id: 0005 
module name: gpio             module id 0006  device id: 0128  map id: 0x00060080  trace_id: 0008  lock type: rwlock    lock id: 0006 
module name: gpio             module id 0006  device id: 0129  map id: 0x00060081  trace_id: 0009  lock type: rwlock    lock id: 0007 
module name: gpio             module id 0006  device id: 0130  map id: 0x00060082  trace_id: 0010  lock type: rwlock    lock id: 0008 
module name: gpio             module id 0006  device id: 0134  map id: 0x00060086  trace_id: 0011  lock type: rwlock    lock id: 0009 
module name: gpio             module id 0006  device id: 0135  map id: 0x00060087  trace_id: 0012  lock type: rwlock    lock id: 0010 
module name: gpio             module id 0006  device id: 0136  map id: 0x00060088  trace_id: 0013  lock type: rwlock    lock id: 0011 
module name: generic_power    module id 0007  device id: 0021  map id: 0x00070015  trace_id: 0014  lock type: rwlock    lock id: 0012 
module name: generic_power    module id 0007  device id: 0025  map id: 0x00070019  trace_id: 0015  lock type: rwlock    lock id: 0013 
module name: generic_power    module id 0007  device id: 0026  map id: 0x0007001A  trace_id: 0016  lock type: rwlock    lock id: 0014 
module name: generic_power    module id 0007  device id: 0027  map id: 0x0007001B  trace_id: 0017  lock type: rwlock    lock id: 0015 
module name: generic_power    module id 0007  device id: 0036  map id: 0x00070024  trace_id: 0018  lock type: rwlock    lock id: 0016 
module name: generic_power    module id 0007  device id: 0038  map id: 0x00070026  trace_id: 0019  lock type: rwlock    lock id: 0017 
module name: generic_power    module id 0007  device id: 0037  map id: 0x00070025  trace_id: 0020  lock type: rwlock    lock id: 0018 
module name: generic_power    module id 0007  device id: 0100  map id: 0x00070064  trace_id: 0021  lock type: rwlock    lock id: 0019 
module name: generic_power    module id 0007  device id: 0101  map id: 0x00070065  trace_id: 0022  lock type: rwlock    lock id: 0020 
module name: rtc              module id 0020  device id: 0000  map id: 0x00140000  trace_id: 0023  lock type: rwlock    lock id: 0021 
rw_dev_cnt: 22  mutex_dev_cnt: 0 
------------- show module device lock info ending -------------- 

[02:09:06.800] rtc_interface_time_read        - module/rtc/rtc_interface.c L196   [HAL][INFO]  -->  Read rawtime: 1787537347
[02:09:06.801] rtc_interface_time_read        - module/rtc/rtc_interface.c L198   [HAL][INFO]  -->  Read RTC time is 2026-08-24 02:09:07.
=== MFP LOG head ===
=== SOCK ===
ls: cannot access '/tmp/.pntp_service': No such file or directory
srwxr-xr-x 1 root root 0 Aug 24 02:09 /tmp/.logserver
done
SIMBOOT: mfp run finished, keeping shell
/bin/sh: can't access tty; job control turned off
~ # [6n[  247.678011] hrtimer: interrupt took 95410000 ns
