UEFI firmware (version edk2-stable202408-prebuilt.qemu.org built at 16:28:50 on Sep 12 2024)
ArmTrngLib could not be correctly initialized.
Error: Image at 000BFDB6000 start failed: 00000001
Error: Image at 000BFD6D000 start failed: Not Found
Error: Image at 000BFCBA000 start failed: Unsupported
Error: Image at 000BFB5E000 start failed: Aborted
Tpm2SubmitCommand - Tcg2 - Not Found
Tpm2GetCapabilityPcrs fail!
Tpm2SubmitCommand - Tcg2 - Not Found
Image type X64 can't be loaded on AARCH64 UEFI system.
[2J[01;01H[=3h[2J[01;01H[2J[01;01H[=3h[2J[01;01HEFI stub: Decompressing Linux Kernel...
EFI stub: Loaded initrd from LINUX_EFI_INITRD_MEDIA_GUID device path
EFI stub: Generating empty DTB
EFI stub: Exiting boot services...
[    0.000000] Booting Linux on physical CPU 0x0000000000 [0x414fd0b1]
[    0.000000] Linux version 6.12.103-0-virt (buildozer@build-3-21-aarch64) (gcc (Alpine 14.2.0) 14.2.0, GNU ld (GNU Binutils) 2.43.1) #1-Alpine SMP PREEMPT_DYNAMIC 2026-08-10 14:25:03
[    0.000000] efi: EFI v2.7 by EDK II
[    0.000000] efi: SMBIOS 3.0=0xbfed0000 MEMATTR=0xbe176018 ACPI 2.0=0xbcb43018 INITRD=0xbcb40f18 MEMRESERVE=0xbcb40f98 
[    0.000000] ACPI: Early table checksum verification disabled
[    0.000000] ACPI: RSDP 0x00000000BCB43018 000024 (v02 BOCHS )
[    0.000000] ACPI: XSDT 0x00000000BCB43F18 000064 (v01 BOCHS  BXPC     00000001      01000013)
[    0.000000] ACPI: FACP 0x00000000BCB43B18 000114 (v06 BOCHS  BXPC     00000001 BXPC 00000001)
[    0.000000] ACPI: DSDT 0x00000000BCB41018 001506 (v02 BOCHS  BXPC     00000001 BXPC 00000001)
[    0.000000] ACPI: APIC 0x00000000BCB43C98 0000FC (v04 BOCHS  BXPC     00000001 BXPC 00000001)
[    0.000000] ACPI: PPTT 0x00000000BCB43E18 000074 (v02 BOCHS  BXPC     00000001 BXPC 00000001)
[    0.000000] ACPI: GTDT 0x00000000BCB43098 000068 (v03 BOCHS  BXPC     00000001 BXPC 00000001)
[    0.000000] ACPI: MCFG 0x00000000BCB43A98 00003C (v01 BOCHS  BXPC     00000001 BXPC 00000001)
[    0.000000] ACPI: SPCR 0x00000000BCB43818 000050 (v02 BOCHS  BXPC     00000001 BXPC 00000001)
[    0.000000] ACPI: DBG2 0x00000000BCB43A18 000057 (v00 BOCHS  BXPC     00000001 BXPC 00000001)
[    0.000000] ACPI: IORT 0x00000000BCB43898 000054 (v05 BOCHS  BXPC     00000001 BXPC 00000001)
[    0.000000] ACPI: SPCR: console: pl011,mmio32,0x9000000,9600
[    0.000000] ACPI: Use ACPI SPCR as default console: Yes
[    0.000000] NUMA: Faking a node at [mem 0x0000000040000000-0x00000000bfffffff]
[    0.000000] NODE_DATA(0) allocated [mem 0xbf855b80-0xbf857fff]
[    0.000000] Zone ranges:
[    0.000000]   DMA      [mem 0x0000000040000000-0x00000000bfffffff]
[    0.000000]   DMA32    empty
[    0.000000]   Normal   empty
[    0.000000] Movable zone start for each node
[    0.000000] Early memory node ranges
[    0.000000]   node   0: [mem 0x0000000040000000-0x00000000bc76ffff]
[    0.000000]   node   0: [mem 0x00000000bc770000-0x00000000bcb3ffff]
[    0.000000]   node   0: [mem 0x00000000bcb40000-0x00000000bfe1ffff]
[    0.000000]   node   0: [mem 0x00000000bfe20000-0x00000000bfeaffff]
[    0.000000]   node   0: [mem 0x00000000bfeb0000-0x00000000bfebffff]
[    0.000000]   node   0: [mem 0x00000000bfec0000-0x00000000bffdffff]
[    0.000000]   node   0: [mem 0x00000000bffe0000-0x00000000bfffffff]
[    0.000000] Initmem setup node 0 [mem 0x0000000040000000-0x00000000bfffffff]
[    0.000000] psci: probing for conduit method from ACPI.
[    0.000000] psci: PSCIv1.1 detected in firmware.
[    0.000000] psci: Using standard PSCI v0.2 function IDs
[    0.000000] psci: Trusted OS migration not required
[    0.000000] psci: SMC Calling Convention v1.0
[    0.000000] percpu: Embedded 33 pages/cpu s96984 r8192 d29992 u135168
[    0.000000] Detected PIPT I-cache on CPU0
[    0.000000] CPU features: detected: Spectre-v4
[    0.000000] CPU features: detected: Spectre-BHB
[    0.000000] CPU features: detected: Broken broadcast TLBI completion
[    0.000000] CPU features: detected: SSBS not fully self-synchronizing
[    0.000000] alternatives: applying boot alternatives
[    0.000000] Kernel command line: root=/dev/vda rw console=ttyAMA0 initrd=initrd
[    0.000000] Dentry cache hash table entries: 262144 (order: 9, 2097152 bytes, linear)
[    0.000000] Inode-cache hash table entries: 131072 (order: 8, 1048576 bytes, linear)
[    0.000000] Fallback order for Node 0: 0 
[    0.000000] Built 1 zonelists, mobility grouping on.  Total pages: 524288
[    0.000000] Policy zone: DMA
[    0.000000] mem auto-init: stack:all(zero), heap alloc:on, heap free:off
[    0.000000] software IO TLB: SWIOTLB bounce buffer size adjusted to 2MB
[    0.000000] software IO TLB: area num 2.
[    0.000000] software IO TLB: mapped [mem 0x00000000bf2b4000-0x00000000bf4b4000] (2MB)
[    0.000000] SLUB: HWalign=64, Order=0-3, MinObjects=0, CPUs=2, Nodes=1
[    0.000000] Dynamic Preempt: none
[    0.000000] rcu: Preemptible hierarchical RCU implementation.
[    0.000000] rcu: 	RCU restricting CPUs from NR_CPUS=4096 to nr_cpu_ids=2.
[    0.000000] 	Trampoline variant of Tasks RCU enabled.
[    0.000000] 	Tracing variant of Tasks RCU enabled.
[    0.000000] rcu: RCU calculated value of scheduler-enlistment delay is 10 jiffies.
[    0.000000] rcu: Adjusting geometry for rcu_fanout_leaf=16, nr_cpu_ids=2
[    0.000000] RCU Tasks: Setting shift to 1 and lim to 1 rcu_task_cb_adjust=1 rcu_task_cpu_ids=2.
[    0.000000] RCU Tasks Trace: Setting shift to 1 and lim to 1 rcu_task_cb_adjust=1 rcu_task_cpu_ids=2.
[    0.000000] NR_IRQS: 64, nr_irqs: 64, preallocated irqs: 0
[    0.000000] Root IRQ handler: gic_handle_irq
[    0.000000] GICv2m: ACPI overriding V2M MSI_TYPER (base:80, num:64)
[    0.000000] GICv2m: range[mem 0x08020000-0x08020fff], SPI[80:143]
[    0.000000] rcu: srcu_init: Setting srcu_struct sizes based on contention.
[    0.000000] clocksource: jiffies: mask: 0xffffffff max_cycles: 0xffffffff, max_idle_ns: 19112604462750000 ns
[    0.000000] arch_timer: cp15 timer(s) running at 62.50MHz (virt).
[    0.000000] clocksource: arch_sys_counter: mask: 0x1ffffffffffffff max_cycles: 0x1cd42e208c, max_idle_ns: 881590405314 ns
[    0.000165] sched_clock: 57 bits at 63MHz, resolution 16ns, wraps every 4398046511096ns
[    0.048628] kfence: initialized - using 2097152 bytes for 255 objects at 0x(____ptrval____)-0x(____ptrval____)
[    0.283212] Console: colour dummy device 80x25
[    0.318945] ACPI: Core revision 20240827
[    0.376591] Calibrating delay loop (skipped), value calculated using timer frequency.. 125.00 BogoMIPS (lpj=625000)
[    0.377183] pid_max: default: 32768 minimum: 301
[    0.483460] LSM: initializing lsm=lockdown,capability,landlock
[    0.514967] landlock: Up and running.
[    0.551129] Mount-cache hash table entries: 4096 (order: 3, 32768 bytes, linear)
[    0.551304] Mountpoint-cache hash table entries: 4096 (order: 3, 32768 bytes, linear)
[    1.408463] rcu: Hierarchical SRCU implementation.
[    1.408626] rcu: 	Max phase no-delay instances is 1000.
[    1.433075] Timer migration: 1 hierarchy levels; 8 children per group; 1 crossnode level
[    1.468678] Remapping and enabling EFI services.
[    1.518122] smp: Bringing up secondary CPUs ...
[    1.556631] Detected PIPT I-cache on CPU1
[    1.564232] CPU1: Booted secondary processor 0x0000000001 [0x414fd0b1]
[    1.611068] smp: Brought up 1 node, 2 CPUs
[    1.611180] SMP: Total of 2 processors activated.
[    1.611270] CPU: All CPU(s) started at EL1
[    1.613689] CPU features: detected: 32-bit EL0 Support
[    1.613871] CPU features: detected: Data cache clean to the PoU not required for I/D coherence
[    1.613974] CPU features: detected: Common not Private translations
[    1.613986] CPU features: detected: CRC32 instructions
[    1.614360] CPU features: detected: RCpc load-acquire (LDAPR)
[    1.614443] CPU features: detected: LSE atomic instructions
[    1.614455] CPU features: detected: Privileged Access Never
[    1.614466] CPU features: detected: RAS Extension Support
[    1.614550] CPU features: detected: Speculative Store Bypassing Safe (SSBS)
[    1.718777] alternatives: applying system-wide alternatives
[    1.834586] CPU features: detected: Hardware dirty bit management on CPU0-1
[    1.993696] Memory: 2003132K/2097152K available (12608K kernel code, 1950K rwdata, 7812K rodata, 1920K init, 9305K bss, 89464K reserved, 0K cma-reserved)
[    2.158309] devtmpfs: initialized
[    2.261713] futex hash table entries: 512 (order: 3, 32768 bytes, linear)
[    2.264168] 24304 pages in range for non-PLT usage
[    2.264306] 515824 pages in range for PLT usage
[    2.281082] pinctrl core: initialized pinctrl subsystem
[    2.332088] SMBIOS 3.0.0 present.
[    2.332738] DMI: QEMU QEMU Virtual Machine, BIOS edk2-stable202408-prebuilt.qemu.org 08/13/2024
[    2.334040] DMI: Memory slots populated: 1/1
[    2.428805] NET: Registered PF_NETLINK/PF_ROUTE protocol family
[    2.450420] DMA: preallocated 256 KiB GFP_KERNEL pool for atomic allocations
[    2.461073] DMA: preallocated 256 KiB GFP_KERNEL|GFP_DMA pool for atomic allocations
[    2.462431] DMA: preallocated 256 KiB GFP_KERNEL|GFP_DMA32 pool for atomic allocations
[    2.465914] audit: initializing netlink subsys (disabled)
[    2.495678] audit: type=2000 audit(0.900:1): state=initialized audit_enabled=0 res=1
[    2.507966] thermal_sys: Registered thermal governor 'step_wise'
[    2.515056] cpuidle: using governor ladder
[    2.515484] cpuidle: using governor menu
[    2.524804] hw-breakpoint: found 6 breakpoint and 4 watchpoint registers.
[    2.526422] ASID allocator initialised with 65536 entries
[    2.527744] acpiphp: ACPI Hot Plug PCI Controller Driver version: 0.5
[    2.533221] Serial: AMBA PL011 UART driver
[    2.612475] HugeTLB: registered 1.00 GiB page size, pre-allocated 0 pages
[    2.612542] HugeTLB: 0 KiB vmemmap can be freed for a 1.00 GiB page
[    2.612570] HugeTLB: registered 32.0 MiB page size, pre-allocated 0 pages
[    2.612581] HugeTLB: 0 KiB vmemmap can be freed for a 32.0 MiB page
[    2.612596] HugeTLB: registered 2.00 MiB page size, pre-allocated 0 pages
[    2.612606] HugeTLB: 0 KiB vmemmap can be freed for a 2.00 MiB page
[    2.612620] HugeTLB: registered 64.0 KiB page size, pre-allocated 0 pages
[    2.612630] HugeTLB: 0 KiB vmemmap can be freed for a 64.0 KiB page
[    2.751533] ACPI: Added _OSI(Module Device)
[    2.751629] ACPI: Added _OSI(Processor Device)
[    2.751646] ACPI: Added _OSI(Processor Aggregator Device)
[    3.011140] ACPI: 1 ACPI AML tables successfully acquired and loaded
[    3.097890] ACPI: Interpreter enabled
[    3.097973] ACPI: Using GIC for interrupt routing
[    3.099052] ACPI: MCFG table detected, 1 entries
[    3.298124] ACPI: CPU0 has been hot-added
[    3.300949] ACPI: CPU1 has been hot-added
[    3.367114] ARMH0011:00: ttyAMA0 at MMIO 0x9000000 (irq = 12, base_baud = 0) is a SBSA
[    3.378331] printk: legacy console [ttyAMA0] enabled
[    3.558933] ACPI: PCI: Interrupt link L000 configured for IRQ 35
[    3.559908] ACPI: PCI: Interrupt link L001 configured for IRQ 36
[    3.560487] ACPI: PCI: Interrupt link L002 configured for IRQ 37
[    3.561092] ACPI: PCI: Interrupt link L003 configured for IRQ 38
[    3.562804] ACPI: PCI Root Bridge [PCI0] (domain 0000 [bus 00-ff])
[    3.566879] acpi PNP0A08:00: _OSC: OS supports [ExtendedConfig ASPM ClockPM Segments MSI HPX-Type3]
[    3.589074] acpi PNP0A08:00: _OSC: platform does not support [LTR]
[    3.591462] acpi PNP0A08:00: _OSC: OS now controls [PCIeHotplug PME PCIeCapability]
[    3.610950] acpi PNP0A08:00: ECAM area [mem 0x4010000000-0x401fffffff] reserved by PNP0C02:00
[    3.615543] acpi PNP0A08:00: ECAM at [mem 0x4010000000-0x401fffffff] for [bus 00-ff]
[    3.618566] ACPI: Remapped I/O 0x000000003eff0000 to [io  0x0000-0xffff window]
[    3.633829] PCI host bridge to bus 0000:00
[    3.635181] pci_bus 0000:00: root bus resource [mem 0x10000000-0x3efeffff window]
[    3.635718] pci_bus 0000:00: root bus resource [io  0x0000-0xffff window]
[    3.639626] pci_bus 0000:00: root bus resource [mem 0x8000000000-0xffffffffff window]
[    3.640446] pci_bus 0000:00: root bus resource [bus 00-ff]
[    3.644110] pci 0000:00:00.0: [1b36:0008] type 00 class 0x060000 conventional PCI endpoint
[    3.659595] pci 0000:00:01.0: [8086:100e] type 00 class 0x020000 conventional PCI endpoint
[    3.660655] pci 0000:00:01.0: BAR 0 [mem 0x10040000-0x1005ffff]
[    3.661128] pci 0000:00:01.0: BAR 1 [io  0x0080-0x00bf]
[    3.661570] pci 0000:00:01.0: ROM [mem 0xfffc0000-0xffffffff pref]
[    3.664724] pci 0000:00:02.0: [1af4:1001] type 00 class 0x010000 conventional PCI endpoint
[    3.665396] pci 0000:00:02.0: BAR 0 [io  0x0000-0x007f]
[    3.665731] pci 0000:00:02.0: BAR 1 [mem 0x10060000-0x10060fff]
[    3.666213] pci 0000:00:02.0: BAR 4 [mem 0x8000000000-0x8000003fff 64bit pref]
[    3.677225] pci 0000:00:01.0: ROM [mem 0x10000000-0x1003ffff pref]: assigned
[    3.678182] pci 0000:00:01.0: BAR 0 [mem 0x10040000-0x1005ffff]: assigned
[    3.678890] pci 0000:00:02.0: BAR 4 [mem 0x8000000000-0x8000003fff 64bit pref]: assigned
[    3.680724] pci 0000:00:02.0: BAR 1 [mem 0x10060000-0x10060fff]: assigned
[    3.681183] pci 0000:00:02.0: BAR 0 [io  0x1000-0x107f]: assigned
[    3.681615] pci 0000:00:01.0: BAR 1 [io  0x1080-0x10bf]: assigned
[    3.682874] pci_bus 0000:00: resource 4 [mem 0x10000000-0x3efeffff window]
[    3.683282] pci_bus 0000:00: resource 5 [io  0x0000-0xffff window]
[    3.683685] pci_bus 0000:00: resource 6 [mem 0x8000000000-0xffffffffff window]
[    3.701587] iommu: Default domain type: Translated
[    3.702019] iommu: DMA domain TLB invalidation policy: lazy mode
[    3.728712] efivars: Registered efivars operations
[    3.794614] clocksource: Switched to clocksource arch_sys_counter
[    3.823669] VFS: Disk quotas dquot_6.6.0
[    3.824817] VFS: Dquot-cache hash table entries: 512 (order 0, 4096 bytes)
[    3.840770] pnp: PnP ACPI init
[    3.847011] system 00:00: [mem 0x4010000000-0x401fffffff window] could not be reserved
[    3.848520] pnp: PnP ACPI: found 1 devices
[    3.966091] NET: Registered PF_INET protocol family
[    3.976584] IP idents hash table entries: 32768 (order: 6, 262144 bytes, linear)
[    4.126638] tcp_listen_portaddr_hash hash table entries: 1024 (order: 2, 16384 bytes, linear)
[    4.127674] Table-perturb hash table entries: 65536 (order: 6, 262144 bytes, linear)
[    4.128447] TCP established hash table entries: 16384 (order: 5, 131072 bytes, linear)
[    4.129941] TCP bind hash table entries: 16384 (order: 7, 524288 bytes, linear)
[    4.130979] TCP: Hash tables configured (established 16384 bind 16384)
[    4.139543] MPTCP token hash table entries: 2048 (order: 4, 49152 bytes, linear)
[    4.141478] UDP hash table entries: 1024 (order: 3, 32768 bytes, linear)
[    4.142698] UDP-Lite hash table entries: 1024 (order: 3, 32768 bytes, linear)
[    4.147705] NET: Registered PF_UNIX/PF_LOCAL protocol family
[    4.149410] NET: Registered PF_XDP protocol family
[    4.150640] PCI: CLS 0 bytes, default 64
[    4.158586] kvm [1]: HYP mode not available
[    4.168918] Initialise system trusted keyrings
[    4.178104] workingset: timestamp_bits=44 max_order=19 bucket_order=0
[    4.181654] Unpacking initramfs...
[    4.331392] Key type asymmetric registered
[    4.332029] Asymmetric key parser 'x509' registered
[    4.333582] Block layer SCSI generic (bsg) driver version 0.4 loaded (major 249)
[    4.335466] io scheduler mq-deadline registered
[    4.339586] io scheduler kyber registered
[    4.340800] io scheduler bfq registered
[    4.401213] ACPI: \_SB_.L002: Enabled at IRQ 37
[    4.406787] virtio-pci 0000:00:02.0: enabling device (0000 -> 0003)
[    4.429655] Serial: 8250/16550 driver, 4 ports, IRQ sharing enabled
[    4.479468] hv_vmbus: registering driver hyperv_keyboard
[    4.495062] rtc-efi rtc-efi.0: registered as rtc0
[    4.499253] rtc-efi rtc-efi.0: setting system clock to 2026-08-24T08:07:00 UTC (1787558820)
[    4.508796] NET: Registered PF_INET6 protocol family
[    4.544277] Segment Routing with IPv6
[    4.545129] In-situ OAM (IOAM) with IPv6
[    4.671458] registered taskstats version 1
[    4.678819] Loading compiled-in X.509 certificates
[    4.732739] Freeing initrd memory: 5268K
[    5.104017] Loaded X.509 cert 'alpinelinux.org: Alpine Linux kernel key: 87fa969a47f3e2a6aa35859eb932a17c95abcd82'
[    5.156637] Demotion targets for Node 0: null
[    5.160989] Key type .fscrypt registered
[    5.161400] Key type fscrypt-provisioning registered
[    5.226857] clk: Disabling unused clocks
[    5.228259] PM: genpd: Disabling unused power domains
[    5.384145] Freeing unused kernel memory: 1920K
[    5.393694] Run /init as init process
[    5.809521] Alpine Init 3.11.1-r0
Alpine Init 3.11.1-r0
[    5.825008] Loading boot drivers...
 * Loading boot drivers: [    5.913674] Loading boot drivers: ok.
ok.
SIMBOOT: kernel=6.12.103-0-virt
[    6.032730] Invalid ELF header magic: != ELF
[    6.096050] virtio_blk virtio0: 2/0/0 default/read/poll queues
[    6.145562] virtio_blk virtio0: [vda] 1411072 512-byte logical blocks (722 MB/689 MiB)
[    6.214129] Invalid ELF header magic: != ELF
[    6.246628] Invalid ELF header magic: != ELF
[    6.280391] Invalid ELF header magic: != ELF
[    6.328096] Invalid ELF header magic: != ELF
[    6.481206] Invalid ELF header magic: != ELF
[    6.973795] Invalid ELF header magic: != ELF
[    7.079086] e1000: Intel(R) PRO/1000 Network Driver
[    7.079597] e1000: Copyright (c) 1999-2006 Intel Corporation.
[    7.083290] ACPI: \_SB_.L001: Enabled at IRQ 36
[    7.084339] e1000 0000:00:01.0: enabling device (0000 -> 0003)
[    7.660820] e1000 0000:00:01.0 eth0: (PCI:33MHz:32-bit) 52:54:00:12:34:56
[    7.668546] e1000 0000:00:01.0 eth0: Intel(R) PRO/1000 Network Connection
Module                  Size  Used by    Not tainted
e1000                 163840  0 
ext4                  929792  0 
jbd2                  172032  1 ext4
mbcache                20480  1 ext4
crc32c_generic         12288  0 
crc16                  12288  1 ext4
virtio_blk             24576  0 
[    9.145526] EXT4-fs (vda): mounted filesystem 1799a7eb-09df-4b80-8c57-0424de58e445 r/w with ordered data mode. Quota mode: none.
SIMBOOT: root mounted rw, running real mfp.afx with binder stub
[   18.191635] e1000: eth0 NIC Link is Up 1000 Mbps Full Duplex, Flow Control: RX
STUB_LS: -rw-r--r-- 1 root root 1762 Aug 24 08:07 /lib/libbinder_stub.so
STUB_TEST: Mon Aug 24 08:07:14 UTC 2026
rc=0
MFP_PID=452
[   31.782051] random: crng init done
[  110.990959] hrtimer: interrupt took 70081600 ns
--- MFP STATE ---
Name:	mfp.afx
Umask:	0022
State:	S (sleeping)
Tgid:	452
Ngid:	0
--- MFP MAIN WCHAN ---
hrtimer_nanosleep--- THREADS ---
452 st=S wc=hrtimer_nanosleep
454 st=S wc=futex_wait_queue
455 st=S wc=0
456 st=S wc=do_epoll_wait
457 st=R wc=0
458 st=S wc=do_wait_intr_irq
459 st=S wc=do_epoll_wait
460 st=S wc=do_wait_intr_irq
461 st=S wc=do_wait_intr_irq
462 st=S wc=wait_for_partner
463 st=S wc=do_select
464 st=R wc=0
465 st=S wc=do_select
466 st=S wc=futex_wait_queue
467 st=S wc=futex_wait_queue
468 st=S wc=futex_wait_queue
469 st=R wc=0
470 st=S wc=do_select
471 st=S wc=do_select
472 st=R wc=0
473 st=S wc=do_select
474 st=R wc=0
475 st=S wc=do_select
476 st=R wc=0
477 st=S wc=do_select
478 st=R wc=hrtimer_nanosleep
479 st=R wc=0
480 st=S wc=do_select
481 st=S wc=futex_wait_queue
482 st=D wc=0
483 st=R wc=0
484 st=S wc=do_select
485 st=S wc=futex_wait_queue
486 st=R wc=0
487 st=S wc=do_select
488 st=R wc=0
489 st=S wc=do_select
490 st=S wc=do_wait_intr_irq
491 st=R wc=0
492 st=S wc=do_select
493 st=R wc=0
494 st=R wc=0
495 st=S wc=do_select
496 st=S wc=futex_wait_queue
497 st=R wc=0
498 st=S wc=do_select
499 st=S wc=do_select
500 st=R wc=0
501 st=S wc=do_select
502 st=R wc=0
503 st=S wc=do_select
504 st=S wc=hrtimer_nanosleep
505 st=R wc=futex_wait_queue
506 st=S wc=futex_wait_queue
507 st=S wc=futex_wait_queue
508 st=S wc=futex_wait_queue
509 st=S wc=futex_wait_queue
510 st=S wc=futex_wait_queue
511 st=R wc=0
512 st=S wc=do_select
513 st=S wc=futex_wait_queue
--- IP ADDR ---
1: lo: <LOOPBACK> mtu 65536 qdisc noop state DOWN group default qlen 1000
    link/loopback 00:00:00:00:00:00 brd 00:00:00:00:00:00
2: eth0: <BROADCAST,MULTICAST,UP,LOWER_UP> mtu 1500 qdisc pfifo_fast state UP group default qlen 1000
    link/ether 52:54:00:12:34:56 brd ff:ff:ff:ff:ff:ff
    inet 10.0.2.15/24 scope global eth0
       valid_lft forever preferred_lft forever
    inet6 fec0::5054:ff:fe12:3456/64 scope site dynamic mngtmpaddr proto kernel_ra 
       valid_lft 86273sec preferred_lft 14273sec
    inet6 fe80::5054:ff:fe12:3456/64 scope link proto kernel_ll 
       valid_lft forever preferred_lft forever
--- INI FILES ---
-rw-r--r-- 1 root root 112 Aug 24 08:07 /root/en_machine_config.ini
-rw-r--r-- 1 root root 112 Aug 24 08:07 /tmp/machine_config.ini
--- INI DECODED ---
[DeviceInfo]
machine_tag=0x1
mfg_name=PANTUM
series_name=CM806ADN
product_name=CM806ADN
speed=30
country_code=0
--- LISTEN TCP ---
--- NETSTAT TCP ---
Active Internet connections (only servers)
Proto Recv-Q Send-Q Local Address           Foreign Address         State       
--- MFP LOG HEAD ---
plog lib mfp process init json config error 
pntp socket client init 
[2026-08-24 08:07:19.815 ] pcie_integrate_features:463 ULOG WARN vd:3 , send_offset:32768 , recv_offset:0
[2026-08-24 08:07:19.828 ] pcie_integrate_features:463 ULOG WARN vd:5 , send_offset:32768 , recv_offset:0
error:miss key;line:=
[08:07:59.486] hal_core_init                  - core/hal_core_init.c L29    [HAL][INFO]  -->  Enter and init hal lib
[08:07:59.498] cjson_get_dev_config           - core/hal_cjson_class.c L723   [HAL][INFO]  -->  Module touch do not have device config
[08:07:59.498] cjson_get_dev_config           - core/hal_cjson_class.c L723   [HAL][INFO]  -->  Module backlight do not have device config
[08:07:59.498] cjson_get_dev_config           - core/hal_cjson_class.c L723   [HAL][INFO]  -->  Module frambuffer do not have device config
[08:07:59.508] cjson_get_dev_config           - core/hal_cjson_class.c L723   [HAL][INFO]  -->  Module low_power do not have device config
[08:07:59.508] cjson_get_dev_config           - core/hal_cjson_class.c L723   [HAL][INFO]  -->  Module print_comm do not have device config
[08:07:59.508] cjson_get_dev_config           - core/hal_cjson_class.c L723   [HAL][INFO]  -->  Module scan_comm do not have device config
[08:07:59.508] cjson_get_dev_config           - core/hal_cjson_class.c L723   [HAL][INFO]  -->  Module beep do not have device config
[08:07:59.508] cjson_get_dev_config           - core/hal_cjson_class.c L723   [HAL][INFO]  -->  Module speaker do not have device config
[08:07:59.508] cjson_get_dev_config           - core/hal_cjson_class.c L723   [HAL][INFO]  -->  Module fan do not have device config
[08:07:59.509] cjson_get_dev_config           - core/hal_cjson_class.c L723   [HAL][INFO]  -->  Module usb_host do not have device config
[08:07:59.511] hal_core_init                  - core/hal_core_init.c L57    [HAL][DEBUG]  -->  Module node touch (id 2), do not need to call module init 
[08:07:59.511] hal_core_init                  - core/hal_core_init.c L57    [HAL][DEBUG]  -->  Module node backlight (id 3), do not need to call module init 
[08:07:59.511] hal_core_init                  - core/hal_core_init.c L57    [HAL][DEBUG]  -->  Module node fb (id 4), do not need to call module init 
[08:07:59.511] hal_core_init                  - core/hal_core_init.c L57    [HAL][DEBUG]  -->  Module node beep (id 11), do not need to call module init 
[08:07:59.511] hal_core_init                  - core/hal_core_init.c L57    [HAL][DEBUG]  -->  Module node speaker (id 12), do not need to call module init 
[08:07:59.511] hal_core_init                  - core/hal_core_init.c L57    [HAL][DEBUG]  -->  Module node fan (id 13), do not need to call module init 
[08:07:59.512] hal_core_init                  - core/hal_core_init.c L57    [HAL][DEBUG]  -->  Module node wifi (id 15), do not need to call module init 
[08:07:59.512] hal_core_init                  - core/hal_core_init.c L57    [HAL][DEBUG]  -->  Module node bt (id 16), do not need to call module init 
[08:07:59.512] storage_init                   - module/storage/storage_init/storage_init.c L23    [HAL][WARN]  -->  storage module has init
[08:07:59.513] hal_save_proc_info             - intf/hal_init.c      L67    [HAL][ERROR]  -->  attach hal lib process id: 00000452  name: mfp.afx 
[08:07:59.514] pi_hal_wifi_request            - intf/hal_wifi.c      L21    [HAL][ERROR]  -->  HAL interface pi_hal_wifi_request call failed
[08:08:05.669] hal_common_ioctl               - core/hal_common_dev.c L128   [HAL][ERROR]  -->  ioctl error errno = No such file or directory
[08:08:05.669] boardinfo_interface_getinfo    - module/boardinfo/boardinfo_interface.c L151   [HAL][ERROR]  -->  Error to get info from device /dev/board_desc
[2026-08-24 08:08:05.729 ] _wait_for_peer:747 IBC WARN 452:wait failed
--- MFP LOG TAIL FILTERED ---
IBC WARN 452:wait failed
--- HALD LOG ---
[08:07:09.144] cjson_get_dev_config           - core/hal_cjson_class.c L723   [HAL][INFO]  -->  Module speaker do not have device config
[08:07:09.144] cjson_get_dev_config           - core/hal_cjson_class.c L723   [HAL][INFO]  -->  Module fan do not have device config
[08:07:09.144] cjson_get_dev_config           - core/hal_cjson_class.c L723   [HAL][INFO]  -->  Module usb_host do not have device config
[08:07:09.146] hal_core_init                  - core/hal_core_init.c L57    [HAL][DEBUG]  -->  Module node touch (id 2), do not need to call module init 
[08:07:09.147] hal_core_init                  - core/hal_core_init.c L57    [HAL][DEBUG]  -->  Module node backlight (id 3), do not need to call module init 
[08:07:09.147] hal_core_init                  - core/hal_core_init.c L57    [HAL][DEBUG]  -->  Module node fb (id 4), do not need to call module init 
[08:07:09.148] hal_core_init                  - core/hal_core_init.c L57    [HAL][DEBUG]  -->  Module node beep (id 11), do not need to call module init 
[08:07:09.148] hal_core_init                  - core/hal_core_init.c L57    [HAL][DEBUG]  -->  Module node speaker (id 12), do not need to call module init 
[08:07:09.148] hal_core_init                  - core/hal_core_init.c L57    [HAL][DEBUG]  -->  Module node fan (id 13), do not need to call module init 
[08:07:09.148] hal_core_init                  - core/hal_core_init.c L57    [HAL][DEBUG]  -->  Module node wifi (id 15), do not need to call module init 
[08:07:09.149] hal_core_init                  - core/hal_core_init.c L57    [HAL][DEBUG]  -->  Module node bt (id 16), do not need to call module init 
[08:07:09.164] storage_init                   - module/storage/storage_init/storage_init.c L164   [HAL][INFO]  -->  storage module init succ
[08:07:09.169] cjson_module_config_read       - core/hal_cjson_class.c L109   [HAL][INFO]  -->  All the json module config has read
[08:07:09.185] rtc_interface_time_read        - module/rtc/rtc_interface.c L196   [HAL][INFO]  -->  Read rawtime: 1787558829
[08:07:09.185] rtc_interface_time_read        - module/rtc/rtc_interface.c L198   [HAL][INFO]  -->  Read RTC time is 2026-08-24 08:07:09.
--- DF ---
Filesystem      Size  Used Avail Use% Mounted on
/dev/vda        662M  555M   59M  91% /
devtmpfs        2.0M     0  2.0M   0% /dev
tmpfs           984M   17M  967M   2% /tmp
tmpfs           984M     0  984M   0% /tslog
done
[  612.642840] watchdog: BUG: soft lockup - CPU#1 stuck for 27s! [mfp.afx:469]
[  614.903818] Modules linked in: e1000 ext4 jbd2 mbcache crc32c_generic crc16 virtio_blk
[  621.284612] CPU: 1 UID: 0 PID: 469 Comm: mfp.afx Not tainted 6.12.103-0-virt #1-Alpine
[  622.377981] Hardware name: QEMU QEMU Virtual Machine, BIOS edk2-stable202408-prebuilt.qemu.org 08/13/2024
[  623.749664] pstate: 00400005 (nzcv daif +PAN -UAO -TCO -DIT -SSBS BTYPE=--)
[  624.229188] pc : do_notify_resume+0x28/0x168
[  625.254234] lr : el0_interrupt+0x164/0x168
[  625.919454] sp : ffff80008273be30
[  626.124003] x29: ffff80008273be30 x28: ffff000002eed300 x27: 0000000000000000
[  626.786768] x26: 0000000000000000 x25: 0000000000000000 x24: 0000000000000000
[  627.051182] x23: 0000000060001000 x22: 0000000000000020 x21: ffff80008273beb0
[  627.051496] x20: ffff000002eed300 x19: 0000000000000006 x18: 0000000000000000
[  627.051854] x17: 0000000000000000 x16: 0000000000000000 x15: 0000000000000000
[  627.052090] x14: 0000000000000000 x13: 0000000000000000 x12: 0000000000000000
[  627.052304] x11: 0000000000000000 x10: 0000000000000000 x9 : 00000000000000c0
[  627.381222] x8 : 0000000000000000 x7 : 0000000000000000 x6 : 0000000000000000
[  627.381536] x5 : 0000000000000000 x4 : 0000000000000000 x3 : 0000000000000000
[  627.381746] x2 : 0000000000000000 x1 : 0000000000000006 x0 : ffff80008273beb0
[  627.709931] Call trace:
[  627.710291]  do_notify_resume+0x28/0x168
[  627.711144]  el0_interrupt+0x164/0x168
[  627.711320]  __el0_irq_handler_common+0x18/0x38
[  627.875105]  el0t_64_irq_handler+0x10/0x28
[  627.875463]  el0t_64_irq+0x190/0x194
SIMBOOT: mfp run finished, keeping shell
/bin/sh: can't access tty; job control turned off
~ # [6n