UEFI firmware (version edk2-stable202408-prebuilt.qemu.org built at 16:28:50 on Sep 12 2024)
ArmTrngLib could not be correctly initialized.
Error: Image at 0013FDB6000 start failed: 00000001
Error: Image at 0013FD6D000 start failed: Not Found
Error: Image at 0013FCBA000 start failed: Unsupported
Error: Image at 0013FB5E000 start failed: Aborted
Tpm2SubmitCommand - Tcg2 - Not Found
Tpm2GetCapabilityPcrs fail!
Tpm2SubmitCommand - Tcg2 - Not Found
Image type X64 can't be loaded on AARCH64 UEFI system.
[2J[01;01H[=3h[2J[01;01H[2J[01;01H[=3h[2J[01;01HEFI stub: Decompressing Linux Kernel...
EFI stub: Loaded initrd from LINUX_EFI_INITRD_MEDIA_GUID device path
EFI stub: Generating empty DTB
EFI stub: Exiting boot services...
[    0.000000] Booting Linux on physical CPU 0x0000000000 [0x414fd0b1]
[    0.000000] Linux version 6.12.103-0-virt (buildozer@build-3-21-aarch64) (gcc (Alpine 14.2.0) 14.2.0, GNU ld (GNU Binutils) 2.43.1) #1-Alpine SMP PREEMPT_DYNAMIC 2026-08-10 14:25:03
[    0.000000] efi: EFI v2.7 by EDK II
[    0.000000] efi: SMBIOS 3.0=0x13fed0000 MEMATTR=0x13e176018 ACPI 2.0=0x13cb43018 INITRD=0x13cb40f18 MEMRESERVE=0x13cb40f98 
[    0.000000] ACPI: Early table checksum verification disabled
[    0.000000] ACPI: RSDP 0x000000013CB43018 000024 (v02 BOCHS )
[    0.000000] ACPI: XSDT 0x000000013CB43F18 000064 (v01 BOCHS  BXPC     00000001      01000013)
[    0.000000] ACPI: FACP 0x000000013CB43B18 000114 (v06 BOCHS  BXPC     00000001 BXPC 00000001)
[    0.000000] ACPI: DSDT 0x000000013CB41018 001506 (v02 BOCHS  BXPC     00000001 BXPC 00000001)
[    0.000000] ACPI: APIC 0x000000013CB43C98 0000FC (v04 BOCHS  BXPC     00000001 BXPC 00000001)
[    0.000000] ACPI: PPTT 0x000000013CB43E18 000074 (v02 BOCHS  BXPC     00000001 BXPC 00000001)
[    0.000000] ACPI: GTDT 0x000000013CB43098 000068 (v03 BOCHS  BXPC     00000001 BXPC 00000001)
[    0.000000] ACPI: MCFG 0x000000013CB43A98 00003C (v01 BOCHS  BXPC     00000001 BXPC 00000001)
[    0.000000] ACPI: SPCR 0x000000013CB43818 000050 (v02 BOCHS  BXPC     00000001 BXPC 00000001)
[    0.000000] ACPI: DBG2 0x000000013CB43A18 000057 (v00 BOCHS  BXPC     00000001 BXPC 00000001)
[    0.000000] ACPI: IORT 0x000000013CB43898 000054 (v05 BOCHS  BXPC     00000001 BXPC 00000001)
[    0.000000] ACPI: SPCR: console: pl011,mmio32,0x9000000,9600
[    0.000000] ACPI: Use ACPI SPCR as default console: Yes
[    0.000000] NUMA: Faking a node at [mem 0x0000000040000000-0x000000013fffffff]
[    0.000000] NODE_DATA(0) allocated [mem 0x13f453b80-0x13f455fff]
[    0.000000] Zone ranges:
[    0.000000]   DMA      [mem 0x0000000040000000-0x00000000ffffffff]
[    0.000000]   DMA32    empty
[    0.000000]   Normal   [mem 0x0000000100000000-0x000000013fffffff]
[    0.000000] Movable zone start for each node
[    0.000000] Early memory node ranges
[    0.000000]   node   0: [mem 0x0000000040000000-0x000000013c76ffff]
[    0.000000]   node   0: [mem 0x000000013c770000-0x000000013cb3ffff]
[    0.000000]   node   0: [mem 0x000000013cb40000-0x000000013fe1ffff]
[    0.000000]   node   0: [mem 0x000000013fe20000-0x000000013feaffff]
[    0.000000]   node   0: [mem 0x000000013feb0000-0x000000013febffff]
[    0.000000]   node   0: [mem 0x000000013fec0000-0x000000013ffdffff]
[    0.000000]   node   0: [mem 0x000000013ffe0000-0x000000013fffffff]
[    0.000000] Initmem setup node 0 [mem 0x0000000040000000-0x000000013fffffff]
[    0.000000] psci: probing for conduit method from ACPI.
[    0.000000] psci: PSCIv1.1 detected in firmware.
[    0.000000] psci: Using standard PSCI v0.2 function IDs
[    0.000000] psci: Trusted OS migration not required
[    0.000000] psci: SMC Calling Convention v1.0
[    0.000000] percpu: Embedded 33 pages/cpu s96984 r8192 d29992 u135168
[    0.000000] Detected PIPT I-cache on CPU0
[    0.000000] CPU features: detected: Spectre-v4
[    0.000000] CPU features: detected: Spectre-BHB
[    0.000000] CPU features: detected: Broken broadcast TLBI completion
[    0.000000] CPU features: detected: SSBS not fully self-synchronizing
[    0.000000] alternatives: applying boot alternatives
[    0.000000] Kernel command line: root=/dev/vda rw console=ttyAMA0 initrd=initrd
[    0.000000] Dentry cache hash table entries: 524288 (order: 10, 4194304 bytes, linear)
[    0.000000] Inode-cache hash table entries: 262144 (order: 9, 2097152 bytes, linear)
[    0.000000] Fallback order for Node 0: 0 
[    0.000000] Built 1 zonelists, mobility grouping on.  Total pages: 1048576
[    0.000000] Policy zone: Normal
[    0.000000] mem auto-init: stack:all(zero), heap alloc:on, heap free:off
[    0.000000] software IO TLB: area num 2.
[    0.000000] software IO TLB: mapped [mem 0x00000000fbfff000-0x00000000fffff000] (64MB)
[    0.000000] SLUB: HWalign=64, Order=0-3, MinObjects=0, CPUs=2, Nodes=1
[    0.000000] Dynamic Preempt: none
[    0.000000] rcu: Preemptible hierarchical RCU implementation.
[    0.000000] rcu: 	RCU restricting CPUs from NR_CPUS=4096 to nr_cpu_ids=2.
[    0.000000] 	Trampoline variant of Tasks RCU enabled.
[    0.000000] 	Tracing variant of Tasks RCU enabled.
[    0.000000] rcu: RCU calculated value of scheduler-enlistment delay is 10 jiffies.
[    0.000000] rcu: Adjusting geometry for rcu_fanout_leaf=16, nr_cpu_ids=2
[    0.000000] RCU Tasks: Setting shift to 1 and lim to 1 rcu_task_cb_adjust=1 rcu_task_cpu_ids=2.
[    0.000000] RCU Tasks Trace: Setting shift to 1 and lim to 1 rcu_task_cb_adjust=1 rcu_task_cpu_ids=2.
[    0.000000] NR_IRQS: 64, nr_irqs: 64, preallocated irqs: 0
[    0.000000] Root IRQ handler: gic_handle_irq
[    0.000000] GICv2m: ACPI overriding V2M MSI_TYPER (base:80, num:64)
[    0.000000] GICv2m: range[mem 0x08020000-0x08020fff], SPI[80:143]
[    0.000000] rcu: srcu_init: Setting srcu_struct sizes based on contention.
[    0.000000] clocksource: jiffies: mask: 0xffffffff max_cycles: 0xffffffff, max_idle_ns: 19112604462750000 ns
[    0.000000] arch_timer: cp15 timer(s) running at 62.50MHz (virt).
[    0.000000] clocksource: arch_sys_counter: mask: 0x1ffffffffffffff max_cycles: 0x1cd42e208c, max_idle_ns: 881590405314 ns
[    0.000086] sched_clock: 57 bits at 63MHz, resolution 16ns, wraps every 4398046511096ns
[    0.010346] kfence: initialized - using 2097152 bytes for 255 objects at 0x(____ptrval____)-0x(____ptrval____)
[    0.025621] Console: colour dummy device 80x25
[    0.032616] ACPI: Core revision 20240827
[    0.039505] Calibrating delay loop (skipped), value calculated using timer frequency.. 125.00 BogoMIPS (lpj=625000)
[    0.040804] pid_max: default: 32768 minimum: 301
[    0.051507] LSM: initializing lsm=lockdown,capability,landlock
[    0.056993] landlock: Up and running.
[    0.065048] Mount-cache hash table entries: 8192 (order: 4, 65536 bytes, linear)
[    0.065166] Mountpoint-cache hash table entries: 8192 (order: 4, 65536 bytes, linear)
[    0.164506] rcu: Hierarchical SRCU implementation.
[    0.164608] rcu: 	Max phase no-delay instances is 1000.
[    0.170180] Timer migration: 1 hierarchy levels; 8 children per group; 1 crossnode level
[    0.181745] Remapping and enabling EFI services.
[    0.187771] smp: Bringing up secondary CPUs ...
[    0.197362] Detected PIPT I-cache on CPU1
[    0.198911] CPU1: Booted secondary processor 0x0000000001 [0x414fd0b1]
[    0.209009] smp: Brought up 1 node, 2 CPUs
[    0.209121] SMP: Total of 2 processors activated.
[    0.209204] CPU: All CPU(s) started at EL1
[    0.209660] CPU features: detected: 32-bit EL0 Support
[    0.209761] CPU features: detected: Data cache clean to the PoU not required for I/D coherence
[    0.209899] CPU features: detected: Common not Private translations
[    0.209922] CPU features: detected: CRC32 instructions
[    0.210296] CPU features: detected: RCpc load-acquire (LDAPR)
[    0.210403] CPU features: detected: LSE atomic instructions
[    0.210415] CPU features: detected: Privileged Access Never
[    0.210424] CPU features: detected: RAS Extension Support
[    0.210500] CPU features: detected: Speculative Store Bypassing Safe (SSBS)
[    0.233610] alternatives: applying system-wide alternatives
[    0.278235] CPU features: detected: Hardware dirty bit management on CPU0-1
[    0.327918] Memory: 3995976K/4194304K available (12608K kernel code, 1950K rwdata, 7812K rodata, 1920K init, 9305K bss, 193644K reserved, 0K cma-reserved)
[    0.415420] devtmpfs: initialized
[    0.471398] futex hash table entries: 512 (order: 3, 32768 bytes, linear)
[    0.478394] 24304 pages in range for non-PLT usage
[    0.478514] 515824 pages in range for PLT usage
[    0.488077] pinctrl core: initialized pinctrl subsystem
[    0.503980] SMBIOS 3.0.0 present.
[    0.504525] DMI: QEMU QEMU Virtual Machine, BIOS edk2-stable202408-prebuilt.qemu.org 08/13/2024
[    0.504903] DMI: Memory slots populated: 1/1
[    0.561030] NET: Registered PF_NETLINK/PF_ROUTE protocol family
[    0.570437] DMA: preallocated 512 KiB GFP_KERNEL pool for atomic allocations
[    0.573044] DMA: preallocated 512 KiB GFP_KERNEL|GFP_DMA pool for atomic allocations
[    0.577467] DMA: preallocated 512 KiB GFP_KERNEL|GFP_DMA32 pool for atomic allocations
[    0.578246] audit: initializing netlink subsys (disabled)
[    0.583590] audit: type=2000 audit(0.460:1): state=initialized audit_enabled=0 res=1
[    0.599066] thermal_sys: Registered thermal governor 'step_wise'
[    0.601870] cpuidle: using governor ladder
[    0.602418] cpuidle: using governor menu
[    0.610161] hw-breakpoint: found 6 breakpoint and 4 watchpoint registers.
[    0.613783] ASID allocator initialised with 65536 entries
[    0.615208] acpiphp: ACPI Hot Plug PCI Controller Driver version: 0.5
[    0.619327] Serial: AMBA PL011 UART driver
[    0.658689] HugeTLB: registered 1.00 GiB page size, pre-allocated 0 pages
[    0.658761] HugeTLB: 0 KiB vmemmap can be freed for a 1.00 GiB page
[    0.658789] HugeTLB: registered 32.0 MiB page size, pre-allocated 0 pages
[    0.658799] HugeTLB: 0 KiB vmemmap can be freed for a 32.0 MiB page
[    0.658811] HugeTLB: registered 2.00 MiB page size, pre-allocated 0 pages
[    0.658820] HugeTLB: 0 KiB vmemmap can be freed for a 2.00 MiB page
[    0.658832] HugeTLB: registered 64.0 KiB page size, pre-allocated 0 pages
[    0.658841] HugeTLB: 0 KiB vmemmap can be freed for a 64.0 KiB page
[    0.714968] ACPI: Added _OSI(Module Device)
[    0.715125] ACPI: Added _OSI(Processor Device)
[    0.715142] ACPI: Added _OSI(Processor Aggregator Device)
[    0.760510] ACPI: 1 ACPI AML tables successfully acquired and loaded
[    0.800462] ACPI: Interpreter enabled
[    0.800539] ACPI: Using GIC for interrupt routing
[    0.801511] ACPI: MCFG table detected, 1 entries
[    0.901542] ACPI: CPU0 has been hot-added
[    0.903473] ACPI: CPU1 has been hot-added
[    0.941094] ARMH0011:00: ttyAMA0 at MMIO 0x9000000 (irq = 12, base_baud = 0) is a SBSA
[    0.943891] printk: legacy console [ttyAMA0] enabled
[    1.052722] ACPI: PCI: Interrupt link L000 configured for IRQ 35
[    1.053181] ACPI: PCI: Interrupt link L001 configured for IRQ 36
[    1.053437] ACPI: PCI: Interrupt link L002 configured for IRQ 37
[    1.053671] ACPI: PCI: Interrupt link L003 configured for IRQ 38
[    1.054406] ACPI: PCI Root Bridge [PCI0] (domain 0000 [bus 00-ff])
[    1.061808] acpi PNP0A08:00: _OSC: OS supports [ExtendedConfig ASPM ClockPM Segments MSI HPX-Type3]
[    1.074149] acpi PNP0A08:00: _OSC: platform does not support [LTR]
[    1.076656] acpi PNP0A08:00: _OSC: OS now controls [PCIeHotplug PME PCIeCapability]
[    1.082502] acpi PNP0A08:00: ECAM area [mem 0x4010000000-0x401fffffff] reserved by PNP0C02:00
[    1.083843] acpi PNP0A08:00: ECAM at [mem 0x4010000000-0x401fffffff] for [bus 00-ff]
[    1.085946] ACPI: Remapped I/O 0x000000003eff0000 to [io  0x0000-0xffff window]
[    1.099119] PCI host bridge to bus 0000:00
[    1.099870] pci_bus 0000:00: root bus resource [mem 0x10000000-0x3efeffff window]
[    1.100163] pci_bus 0000:00: root bus resource [io  0x0000-0xffff window]
[    1.100372] pci_bus 0000:00: root bus resource [mem 0x8000000000-0xffffffffff window]
[    1.100772] pci_bus 0000:00: root bus resource [bus 00-ff]
[    1.103285] pci 0000:00:00.0: [1b36:0008] type 00 class 0x060000 conventional PCI endpoint
[    1.115464] pci 0000:00:01.0: [8086:100e] type 00 class 0x020000 conventional PCI endpoint
[    1.116052] pci 0000:00:01.0: BAR 0 [mem 0x10040000-0x1005ffff]
[    1.116336] pci 0000:00:01.0: BAR 1 [io  0x0080-0x00bf]
[    1.116590] pci 0000:00:01.0: ROM [mem 0xfffc0000-0xffffffff pref]
[    1.118027] pci 0000:00:02.0: [1af4:1001] type 00 class 0x010000 conventional PCI endpoint
[    1.118370] pci 0000:00:02.0: BAR 0 [io  0x0000-0x007f]
[    1.118547] pci 0000:00:02.0: BAR 1 [mem 0x10060000-0x10060fff]
[    1.118809] pci 0000:00:02.0: BAR 4 [mem 0x8000000000-0x8000003fff 64bit pref]
[    1.124734] pci 0000:00:01.0: ROM [mem 0x10000000-0x1003ffff pref]: assigned
[    1.126255] pci 0000:00:01.0: BAR 0 [mem 0x10040000-0x1005ffff]: assigned
[    1.127004] pci 0000:00:02.0: BAR 4 [mem 0x8000000000-0x8000003fff 64bit pref]: assigned
[    1.127671] pci 0000:00:02.0: BAR 1 [mem 0x10060000-0x10060fff]: assigned
[    1.128085] pci 0000:00:02.0: BAR 0 [io  0x1000-0x107f]: assigned
[    1.128472] pci 0000:00:01.0: BAR 1 [io  0x1080-0x10bf]: assigned
[    1.129324] pci_bus 0000:00: resource 4 [mem 0x10000000-0x3efeffff window]
[    1.129761] pci_bus 0000:00: resource 5 [io  0x0000-0xffff window]
[    1.130080] pci_bus 0000:00: resource 6 [mem 0x8000000000-0xffffffffff window]
[    1.135445] iommu: Default domain type: Translated
[    1.136203] iommu: DMA domain TLB invalidation policy: lazy mode
[    1.150888] efivars: Registered efivars operations
[    1.185545] clocksource: Switched to clocksource arch_sys_counter
[    1.203435] VFS: Disk quotas dquot_6.6.0
[    1.204282] VFS: Dquot-cache hash table entries: 512 (order 0, 4096 bytes)
[    1.219451] pnp: PnP ACPI init
[    1.228501] system 00:00: [mem 0x4010000000-0x401fffffff window] could not be reserved
[    1.229714] pnp: PnP ACPI: found 1 devices
[    1.329091] NET: Registered PF_INET protocol family
[    1.333861] IP idents hash table entries: 65536 (order: 7, 524288 bytes, linear)
[    1.484971] tcp_listen_portaddr_hash hash table entries: 2048 (order: 3, 32768 bytes, linear)
[    1.485938] Table-perturb hash table entries: 65536 (order: 6, 262144 bytes, linear)
[    1.486487] TCP established hash table entries: 32768 (order: 6, 262144 bytes, linear)
[    1.487849] TCP bind hash table entries: 32768 (order: 8, 1048576 bytes, linear)
[    1.491615] TCP: Hash tables configured (established 32768 bind 32768)
[    1.496607] MPTCP token hash table entries: 4096 (order: 5, 98304 bytes, linear)
[    1.498319] UDP hash table entries: 2048 (order: 4, 65536 bytes, linear)
[    1.499173] UDP-Lite hash table entries: 2048 (order: 4, 65536 bytes, linear)
[    1.501939] NET: Registered PF_UNIX/PF_LOCAL protocol family
[    1.502906] NET: Registered PF_XDP protocol family
[    1.503557] PCI: CLS 0 bytes, default 64
[    1.516114] kvm [1]: HYP mode not available
[    1.517668] Unpacking initramfs...
[    1.527504] Initialise system trusted keyrings
[    1.545493] workingset: timestamp_bits=44 max_order=20 bucket_order=0
[    1.668774] Key type asymmetric registered
[    1.669402] Asymmetric key parser 'x509' registered
[    1.670890] Block layer SCSI generic (bsg) driver version 0.4 loaded (major 249)
[    1.675314] io scheduler mq-deadline registered
[    1.676103] io scheduler kyber registered
[    1.677583] io scheduler bfq registered
[    1.720907] ACPI: \_SB_.L002: Enabled at IRQ 37
[    1.725431] virtio-pci 0000:00:02.0: enabling device (0000 -> 0003)
[    1.737458] Serial: 8250/16550 driver, 4 ports, IRQ sharing enabled
[    1.779354] hv_vmbus: registering driver hyperv_keyboard
[    1.793927] rtc-efi rtc-efi.0: registered as rtc0
[    1.797593] rtc-efi rtc-efi.0: setting system clock to 2026-08-31T10:14:54 UTC (1788171294)
[    1.804060] NET: Registered PF_INET6 protocol family
[    1.833342] Segment Routing with IPv6
[    1.834313] In-situ OAM (IOAM) with IPv6
[    1.937703] registered taskstats version 1
[    1.948048] Loading compiled-in X.509 certificates
[    1.948148] Freeing initrd memory: 5268K
[    2.170972] Loaded X.509 cert 'alpinelinux.org: Alpine Linux kernel key: 87fa969a47f3e2a6aa35859eb932a17c95abcd82'
[    2.202051] Demotion targets for Node 0: null
[    2.204024] Key type .fscrypt registered
[    2.204228] Key type fscrypt-provisioning registered
[    2.246517] clk: Disabling unused clocks
[    2.248175] PM: genpd: Disabling unused power domains
[    2.334695] Freeing unused kernel memory: 1920K
[    2.340883] Run /init as init process
[    2.598212] Alpine Init 3.11.1-r0
Alpine Init 3.11.1-r0
[    2.604809] Loading boot drivers...
 * Loading boot drivers: [    2.659596] Loading boot drivers: ok.
ok.
SIMBOOT: kernel=6.12.103-0-virt
[    2.724551] Invalid ELF header magic: != ELF
[    2.753045] virtio_blk virtio0: 2/0/0 default/read/poll queues
[    2.781875] virtio_blk virtio0: [vda] 1411072 512-byte logical blocks (722 MB/689 MiB)
[    2.816227] Invalid ELF header magic: != ELF
[    2.833363] Invalid ELF header magic: != ELF
[    2.850875] Invalid ELF header magic: != ELF
[    2.879219] Invalid ELF header magic: != ELF
[    2.931808] Invalid ELF header magic: != ELF
[    3.159437] Invalid ELF header magic: != ELF
[    3.194946] e1000: Intel(R) PRO/1000 Network Driver
[    3.195357] e1000: Copyright (c) 1999-2006 Intel Corporation.
[    3.197470] ACPI: \_SB_.L001: Enabled at IRQ 36
[    3.197993] e1000 0000:00:01.0: enabling device (0000 -> 0003)
[    3.578643] e1000 0000:00:01.0 eth0: (PCI:33MHz:32-bit) 52:54:00:12:34:56
[    3.579766] e1000 0000:00:01.0 eth0: Intel(R) PRO/1000 Network Connection
Module                  Size  Used by    Not tainted
e1000                 163840  0 
ext4                  929792  0 
jbd2                  172032  1 ext4
mbcache                20480  1 ext4
crc32c_generic         12288  0 
crc16                  12288  1 ext4
virtio_blk             24576  0 
[    4.704166] EXT4-fs (vda): mounted filesystem 1799a7eb-09df-4b80-8c57-0424de58e445 r/w with ordered data mode. Quota mode: none.
SIMBOOT: root mounted rw, running real mfp.afx with binder stub
[   16.299525] e1000: eth0 NIC Link is Up 1000 Mbps Full Duplex, Flow Control: RX
=== VHAL: fetch toolchain ===
VHAL_WGET_TC_RC=0
-rw-r--r-- 1 root root 85323901 Aug 31 10:15 /tmp/musl-native.tgz
VHAL_WGET_SRC_RC=0
-rw-r--r-- 1 root root 12786 Aug 31 10:15 /tmp/virtual_hal.c
=== VHAL: extract ===
tar: invalid option -- 'z'
BusyBox v1.36.1 (2026-08-14 18:01:51 CST) multi-call binary.

Usage: tar c|x|t [-ahvokO] [-f TARFILE] [-C DIR] [-T FILE] [-X FILE] [LONGOPT]... [FILE]...

Create, extract, or list files from a tar file

	c	Create
	x	Extract
	t	List
	-f FILE	Name of TARFILE ('-' for stdin/out)
	-C DIR	Change to DIR before operation
	-v	Verbose
	-O	Extract to stdout
	-o	Don't restore user:group
	-k	Don't replace existing files
	-a	(De)compress based on extension
	-h	Follow symlinks
	-T FILE	File with names to include
	-X FILE	File with glob patterns to exclude
	--exclude PATTERN	Glob pattern to exclude
	--overwrite		Replace existing files
	--strip-components NUM	NUM of leading components to strip
	--no-recursion		Don't descend in directories
	--numeric-owner		Use numeric user:group
	--no-same-permissions	Don't restore access permissions
	--to-command COMMAND	Pipe files to COMMAND
VHAL_TAR_RC=1
ls: cannot access '/tmp/aarch64-linux-musl-native/bin/aarch64-linux-musl-gcc': No such file or directory
=== VHAL: compile ===
/bin/sh: line 5: /tmp/aarch64-linux-musl-native/bin/aarch64-linux-musl-gcc: No such file or directory
VHAL_GCC_RC=127
ls: cannot access '/lib/virtual_hal.so': No such file or directory
=== VHAL: done ===
MFP_PID=468
[   25.777064] random: crng init done
--- POLL 1: N=11 ---
[Thread debugging using libthread_db enabled]
Using host libthread_db library "/lib64/libthread_db.so.1".
0x0000ffffb9b4e1f8 in fsync () from /lib64/libc.so.6
B4: 5c=0 7c=0 80=0 82=0
AF: 5c=1 7c=1 80=1 82=1
[Inferior 1 (process 468) detached]
--- POLL 2: N=22 ---
[Thread debugging using libthread_db enabled]
Using host libthread_db library "/lib64/libthread_db.so.1".
0x0000ffffb9aeb05c in ?? () from /lib64/libc.so.6
B4: 5c=1 7c=1 80=1 82=1
AF: 5c=1 7c=1 80=1 82=1
[Inferior 1 (process 468) detached]
[   70.055145] hrtimer: interrupt took 85515504 ns
--- POLL 3: N=44 ---
