UEFI firmware (version edk2-stable202408-prebuilt.qemu.org built at 16:28:50 on Sep 12 2024)
ArmTrngLib could not be correctly initialized.
Error: Image at 000BFDB6000 start failed: 00000001
Error: Image at 000BFD6D000 start failed: Not Found
Error: Image at 000BFCBA000 start failed: Unsupported
Error: Image at 000BFB5E000 start failed: Aborted
Tpm2SubmitCommand - Tcg2 - Not Found
Tpm2GetCapabilityPcrs fail!
Tpm2SubmitCommand - Tcg2 - Not Found
Image type X64 can't be loaded on AARCH64 UEFI system.
[2J[01;01H[=3h[2J[01;01H[2J[01;01H[=3h[2J[01;01HEFI stub: Decompressing Linux Kernel...
EFI stub: Loaded initrd from LINUX_EFI_INITRD_MEDIA_GUID device path
EFI stub: Generating empty DTB
EFI stub: Exiting boot services...
[    0.000000] Booting Linux on physical CPU 0x0000000000 [0x414fd0b1]
[    0.000000] Linux version 6.12.103-0-virt (buildozer@build-3-21-aarch64) (gcc (Alpine 14.2.0) 14.2.0, GNU ld (GNU Binutils) 2.43.1) #1-Alpine SMP PREEMPT_DYNAMIC 2026-08-10 14:25:03
[    0.000000] efi: EFI v2.7 by EDK II
[    0.000000] efi: SMBIOS 3.0=0xbfed0000 MEMATTR=0xbe176018 ACPI 2.0=0xbcb43018 INITRD=0xbcb40f18 MEMRESERVE=0xbcb40f98 
[    0.000000] ACPI: Early table checksum verification disabled
[    0.000000] ACPI: RSDP 0x00000000BCB43018 000024 (v02 BOCHS )
[    0.000000] ACPI: XSDT 0x00000000BCB43F18 000064 (v01 BOCHS  BXPC     00000001      01000013)
[    0.000000] ACPI: FACP 0x00000000BCB43B18 000114 (v06 BOCHS  BXPC     00000001 BXPC 00000001)
[    0.000000] ACPI: DSDT 0x00000000BCB41018 001506 (v02 BOCHS  BXPC     00000001 BXPC 00000001)
[    0.000000] ACPI: APIC 0x00000000BCB43C98 0000FC (v04 BOCHS  BXPC     00000001 BXPC 00000001)
[    0.000000] ACPI: PPTT 0x00000000BCB43E18 000074 (v02 BOCHS  BXPC     00000001 BXPC 00000001)
[    0.000000] ACPI: GTDT 0x00000000BCB43098 000068 (v03 BOCHS  BXPC     00000001 BXPC 00000001)
[    0.000000] ACPI: MCFG 0x00000000BCB43A98 00003C (v01 BOCHS  BXPC     00000001 BXPC 00000001)
[    0.000000] ACPI: SPCR 0x00000000BCB43818 000050 (v02 BOCHS  BXPC     00000001 BXPC 00000001)
[    0.000000] ACPI: DBG2 0x00000000BCB43A18 000057 (v00 BOCHS  BXPC     00000001 BXPC 00000001)
[    0.000000] ACPI: IORT 0x00000000BCB43898 000054 (v05 BOCHS  BXPC     00000001 BXPC 00000001)
[    0.000000] ACPI: SPCR: console: pl011,mmio32,0x9000000,9600
[    0.000000] ACPI: Use ACPI SPCR as default console: Yes
[    0.000000] NUMA: Faking a node at [mem 0x0000000040000000-0x00000000bfffffff]
[    0.000000] NODE_DATA(0) allocated [mem 0xbf855b80-0xbf857fff]
[    0.000000] Zone ranges:
[    0.000000]   DMA      [mem 0x0000000040000000-0x00000000bfffffff]
[    0.000000]   DMA32    empty
[    0.000000]   Normal   empty
[    0.000000] Movable zone start for each node
[    0.000000] Early memory node ranges
[    0.000000]   node   0: [mem 0x0000000040000000-0x00000000bc76ffff]
[    0.000000]   node   0: [mem 0x00000000bc770000-0x00000000bcb3ffff]
[    0.000000]   node   0: [mem 0x00000000bcb40000-0x00000000bfe1ffff]
[    0.000000]   node   0: [mem 0x00000000bfe20000-0x00000000bfeaffff]
[    0.000000]   node   0: [mem 0x00000000bfeb0000-0x00000000bfebffff]
[    0.000000]   node   0: [mem 0x00000000bfec0000-0x00000000bffdffff]
[    0.000000]   node   0: [mem 0x00000000bffe0000-0x00000000bfffffff]
[    0.000000] Initmem setup node 0 [mem 0x0000000040000000-0x00000000bfffffff]
[    0.000000] psci: probing for conduit method from ACPI.
[    0.000000] psci: PSCIv1.1 detected in firmware.
[    0.000000] psci: Using standard PSCI v0.2 function IDs
[    0.000000] psci: Trusted OS migration not required
[    0.000000] psci: SMC Calling Convention v1.0
[    0.000000] percpu: Embedded 33 pages/cpu s96984 r8192 d29992 u135168
[    0.000000] Detected PIPT I-cache on CPU0
[    0.000000] CPU features: detected: Spectre-v4
[    0.000000] CPU features: detected: Spectre-BHB
[    0.000000] CPU features: detected: Broken broadcast TLBI completion
[    0.000000] CPU features: detected: SSBS not fully self-synchronizing
[    0.000000] alternatives: applying boot alternatives
[    0.000000] Kernel command line: root=/dev/vda rw console=ttyAMA0 initrd=initrd
[    0.000000] Dentry cache hash table entries: 262144 (order: 9, 2097152 bytes, linear)
[    0.000000] Inode-cache hash table entries: 131072 (order: 8, 1048576 bytes, linear)
[    0.000000] Fallback order for Node 0: 0 
[    0.000000] Built 1 zonelists, mobility grouping on.  Total pages: 524288
[    0.000000] Policy zone: DMA
[    0.000000] mem auto-init: stack:all(zero), heap alloc:on, heap free:off
[    0.000000] software IO TLB: SWIOTLB bounce buffer size adjusted to 2MB
[    0.000000] software IO TLB: area num 2.
[    0.000000] software IO TLB: mapped [mem 0x00000000bf2b4000-0x00000000bf4b4000] (2MB)
[    0.000000] SLUB: HWalign=64, Order=0-3, MinObjects=0, CPUs=2, Nodes=1
[    0.000000] Dynamic Preempt: none
[    0.000000] rcu: Preemptible hierarchical RCU implementation.
[    0.000000] rcu: 	RCU restricting CPUs from NR_CPUS=4096 to nr_cpu_ids=2.
[    0.000000] 	Trampoline variant of Tasks RCU enabled.
[    0.000000] 	Tracing variant of Tasks RCU enabled.
[    0.000000] rcu: RCU calculated value of scheduler-enlistment delay is 10 jiffies.
[    0.000000] rcu: Adjusting geometry for rcu_fanout_leaf=16, nr_cpu_ids=2
[    0.000000] RCU Tasks: Setting shift to 1 and lim to 1 rcu_task_cb_adjust=1 rcu_task_cpu_ids=2.
[    0.000000] RCU Tasks Trace: Setting shift to 1 and lim to 1 rcu_task_cb_adjust=1 rcu_task_cpu_ids=2.
[    0.000000] NR_IRQS: 64, nr_irqs: 64, preallocated irqs: 0
[    0.000000] Root IRQ handler: gic_handle_irq
[    0.000000] GICv2m: ACPI overriding V2M MSI_TYPER (base:80, num:64)
[    0.000000] GICv2m: range[mem 0x08020000-0x08020fff], SPI[80:143]
[    0.000000] rcu: srcu_init: Setting srcu_struct sizes based on contention.
[    0.000000] clocksource: jiffies: mask: 0xffffffff max_cycles: 0xffffffff, max_idle_ns: 19112604462750000 ns
[    0.000000] arch_timer: cp15 timer(s) running at 62.50MHz (virt).
[    0.000000] clocksource: arch_sys_counter: mask: 0x1ffffffffffffff max_cycles: 0x1cd42e208c, max_idle_ns: 881590405314 ns
[    0.000126] sched_clock: 57 bits at 63MHz, resolution 16ns, wraps every 4398046511096ns
[    0.014623] kfence: initialized - using 2097152 bytes for 255 objects at 0x(____ptrval____)-0x(____ptrval____)
[    0.046272] Console: colour dummy device 80x25
[    0.064228] ACPI: Core revision 20240827
[    0.085450] Calibrating delay loop (skipped), value calculated using timer frequency.. 125.00 BogoMIPS (lpj=625000)
[    0.085830] pid_max: default: 32768 minimum: 301
[    0.119846] LSM: initializing lsm=lockdown,capability,landlock
[    0.149196] landlock: Up and running.
[    0.218224] Mount-cache hash table entries: 4096 (order: 3, 32768 bytes, linear)
[    0.218393] Mountpoint-cache hash table entries: 4096 (order: 3, 32768 bytes, linear)
[    1.137116] rcu: Hierarchical SRCU implementation.
[    1.137303] rcu: 	Max phase no-delay instances is 1000.
[    1.162283] Timer migration: 1 hierarchy levels; 8 children per group; 1 crossnode level
[    1.216942] Remapping and enabling EFI services.
[    1.236180] smp: Bringing up secondary CPUs ...
[    1.259106] Detected PIPT I-cache on CPU1
[    1.263584] CPU1: Booted secondary processor 0x0000000001 [0x414fd0b1]
[    1.402607] smp: Brought up 1 node, 2 CPUs
[    1.402737] SMP: Total of 2 processors activated.
[    1.402820] CPU: All CPU(s) started at EL1
[    1.403237] CPU features: detected: 32-bit EL0 Support
[    1.403332] CPU features: detected: Data cache clean to the PoU not required for I/D coherence
[    1.403410] CPU features: detected: Common not Private translations
[    1.403420] CPU features: detected: CRC32 instructions
[    1.403819] CPU features: detected: RCpc load-acquire (LDAPR)
[    1.403956] CPU features: detected: LSE atomic instructions
[    1.403989] CPU features: detected: Privileged Access Never
[    1.404000] CPU features: detected: RAS Extension Support
[    1.404108] CPU features: detected: Speculative Store Bypassing Safe (SSBS)
[    1.602732] alternatives: applying system-wide alternatives
[    1.719963] CPU features: detected: Hardware dirty bit management on CPU0-1
[    1.884781] Memory: 2003384K/2097152K available (12608K kernel code, 1950K rwdata, 7812K rodata, 1920K init, 9305K bss, 89464K reserved, 0K cma-reserved)
[    2.042102] devtmpfs: initialized
[    2.635459] futex hash table entries: 512 (order: 3, 32768 bytes, linear)
[    2.648653] 24304 pages in range for non-PLT usage
[    2.648780] 515824 pages in range for PLT usage
[    2.715121] pinctrl core: initialized pinctrl subsystem
[    2.762206] SMBIOS 3.0.0 present.
[    2.762822] DMI: QEMU QEMU Virtual Machine, BIOS edk2-stable202408-prebuilt.qemu.org 08/13/2024
[    2.763508] DMI: Memory slots populated: 1/1
[    2.902170] NET: Registered PF_NETLINK/PF_ROUTE protocol family
[    3.267223] DMA: preallocated 256 KiB GFP_KERNEL pool for atomic allocations
[    3.268644] DMA: preallocated 256 KiB GFP_KERNEL|GFP_DMA pool for atomic allocations
[    3.270332] DMA: preallocated 256 KiB GFP_KERNEL|GFP_DMA32 pool for atomic allocations
[    3.275934] audit: initializing netlink subsys (disabled)
[    3.285744] audit: type=2000 audit(1.420:1): state=initialized audit_enabled=0 res=1
[    3.379378] thermal_sys: Registered thermal governor 'step_wise'
[    3.384237] cpuidle: using governor ladder
[    3.411474] cpuidle: using governor menu
[    3.415614] hw-breakpoint: found 6 breakpoint and 4 watchpoint registers.
[    3.417309] ASID allocator initialised with 65536 entries
[    3.418981] acpiphp: ACPI Hot Plug PCI Controller Driver version: 0.5
[    3.428042] Serial: AMBA PL011 UART driver
[    3.485833] HugeTLB: registered 1.00 GiB page size, pre-allocated 0 pages
[    3.485899] HugeTLB: 0 KiB vmemmap can be freed for a 1.00 GiB page
[    3.485924] HugeTLB: registered 32.0 MiB page size, pre-allocated 0 pages
[    3.485940] HugeTLB: 0 KiB vmemmap can be freed for a 32.0 MiB page
[    3.485953] HugeTLB: registered 2.00 MiB page size, pre-allocated 0 pages
[    3.485961] HugeTLB: 0 KiB vmemmap can be freed for a 2.00 MiB page
[    3.485974] HugeTLB: registered 64.0 KiB page size, pre-allocated 0 pages
[    3.485982] HugeTLB: 0 KiB vmemmap can be freed for a 64.0 KiB page
[    3.652198] ACPI: Added _OSI(Module Device)
[    3.652290] ACPI: Added _OSI(Processor Device)
[    3.652306] ACPI: Added _OSI(Processor Aggregator Device)
[    3.735383] ACPI: 1 ACPI AML tables successfully acquired and loaded
[    3.818251] ACPI: Interpreter enabled
[    3.818336] ACPI: Using GIC for interrupt routing
[    3.819400] ACPI: MCFG table detected, 1 entries
[    4.058840] ACPI: CPU0 has been hot-added
[    4.061245] ACPI: CPU1 has been hot-added
[    4.115996] ARMH0011:00: ttyAMA0 at MMIO 0x9000000 (irq = 12, base_baud = 0) is a SBSA
[    4.130758] printk: legacy console [ttyAMA0] enabled
[    4.382201] ACPI: PCI: Interrupt link L000 configured for IRQ 35
[    4.383028] ACPI: PCI: Interrupt link L001 configured for IRQ 36
[    4.383460] ACPI: PCI: Interrupt link L002 configured for IRQ 37
[    4.383909] ACPI: PCI: Interrupt link L003 configured for IRQ 38
[    4.385150] ACPI: PCI Root Bridge [PCI0] (domain 0000 [bus 00-ff])
[    4.391629] acpi PNP0A08:00: _OSC: OS supports [ExtendedConfig ASPM ClockPM Segments MSI HPX-Type3]
[    4.409909] acpi PNP0A08:00: _OSC: platform does not support [LTR]
[    4.413418] acpi PNP0A08:00: _OSC: OS now controls [PCIeHotplug PME PCIeCapability]
[    4.419379] acpi PNP0A08:00: ECAM area [mem 0x4010000000-0x401fffffff] reserved by PNP0C02:00
[    4.425640] acpi PNP0A08:00: ECAM at [mem 0x4010000000-0x401fffffff] for [bus 00-ff]
[    4.433832] ACPI: Remapped I/O 0x000000003eff0000 to [io  0x0000-0xffff window]
[    4.450370] PCI host bridge to bus 0000:00
[    4.451726] pci_bus 0000:00: root bus resource [mem 0x10000000-0x3efeffff window]
[    4.452263] pci_bus 0000:00: root bus resource [io  0x0000-0xffff window]
[    4.452634] pci_bus 0000:00: root bus resource [mem 0x8000000000-0xffffffffff window]
[    4.453344] pci_bus 0000:00: root bus resource [bus 00-ff]
[    4.461753] pci 0000:00:00.0: [1b36:0008] type 00 class 0x060000 conventional PCI endpoint
[    4.483457] pci 0000:00:01.0: [8086:100e] type 00 class 0x020000 conventional PCI endpoint
[    4.484478] pci 0000:00:01.0: BAR 0 [mem 0x10040000-0x1005ffff]
[    4.485011] pci 0000:00:01.0: BAR 1 [io  0x0080-0x00bf]
[    4.485492] pci 0000:00:01.0: ROM [mem 0xfffc0000-0xffffffff pref]
[    4.494580] pci 0000:00:02.0: [1af4:1001] type 00 class 0x010000 conventional PCI endpoint
[    4.495244] pci 0000:00:02.0: BAR 0 [io  0x0000-0x007f]
[    4.495571] pci 0000:00:02.0: BAR 1 [mem 0x10060000-0x10060fff]
[    4.496039] pci 0000:00:02.0: BAR 4 [mem 0x8000000000-0x8000003fff 64bit pref]
[    4.502872] pci 0000:00:01.0: ROM [mem 0x10000000-0x1003ffff pref]: assigned
[    4.503845] pci 0000:00:01.0: BAR 0 [mem 0x10040000-0x1005ffff]: assigned
[    4.509924] pci 0000:00:02.0: BAR 4 [mem 0x8000000000-0x8000003fff 64bit pref]: assigned
[    4.511145] pci 0000:00:02.0: BAR 1 [mem 0x10060000-0x10060fff]: assigned
[    4.511734] pci 0000:00:02.0: BAR 0 [io  0x1000-0x107f]: assigned
[    4.512258] pci 0000:00:01.0: BAR 1 [io  0x1080-0x10bf]: assigned
[    4.513351] pci_bus 0000:00: resource 4 [mem 0x10000000-0x3efeffff window]
[    4.513804] pci_bus 0000:00: resource 5 [io  0x0000-0xffff window]
[    4.514156] pci_bus 0000:00: resource 6 [mem 0x8000000000-0xffffffffff window]
[    4.535704] iommu: Default domain type: Translated
[    4.536249] iommu: DMA domain TLB invalidation policy: lazy mode
[    4.581640] efivars: Registered efivars operations
[    4.648748] clocksource: Switched to clocksource arch_sys_counter
[    4.686987] VFS: Disk quotas dquot_6.6.0
[    4.697492] VFS: Dquot-cache hash table entries: 512 (order 0, 4096 bytes)
[    4.728452] pnp: PnP ACPI init
[    4.746489] system 00:00: [mem 0x4010000000-0x401fffffff window] could not be reserved
[    4.747887] pnp: PnP ACPI: found 1 devices
[    4.877448] NET: Registered PF_INET protocol family
[    4.882950] IP idents hash table entries: 32768 (order: 6, 262144 bytes, linear)
[    5.042825] tcp_listen_portaddr_hash hash table entries: 1024 (order: 2, 16384 bytes, linear)
[    5.043802] Table-perturb hash table entries: 65536 (order: 6, 262144 bytes, linear)
[    5.045833] TCP established hash table entries: 16384 (order: 5, 131072 bytes, linear)
[    5.051924] TCP bind hash table entries: 16384 (order: 7, 524288 bytes, linear)
[    5.053765] TCP: Hash tables configured (established 16384 bind 16384)
[    5.063870] MPTCP token hash table entries: 2048 (order: 4, 49152 bytes, linear)
[    5.066372] UDP hash table entries: 1024 (order: 3, 32768 bytes, linear)
[    5.067507] UDP-Lite hash table entries: 1024 (order: 3, 32768 bytes, linear)
[    5.078335] NET: Registered PF_UNIX/PF_LOCAL protocol family
[    5.081463] NET: Registered PF_XDP protocol family
[    5.082634] PCI: CLS 0 bytes, default 64
[    5.097375] kvm [1]: HYP mode not available
[    5.100101] Unpacking initramfs...
[    5.114493] Initialise system trusted keyrings
[    5.120665] workingset: timestamp_bits=44 max_order=19 bucket_order=0
[    5.300939] Key type asymmetric registered
[    5.301633] Asymmetric key parser 'x509' registered
[    5.303359] Block layer SCSI generic (bsg) driver version 0.4 loaded (major 249)
[    5.309396] io scheduler mq-deadline registered
[    5.310307] io scheduler kyber registered
[    5.311422] io scheduler bfq registered
[    5.360642] ACPI: \_SB_.L002: Enabled at IRQ 37
[    5.363849] virtio-pci 0000:00:02.0: enabling device (0000 -> 0003)
[    5.377816] Serial: 8250/16550 driver, 4 ports, IRQ sharing enabled
[    5.426632] hv_vmbus: registering driver hyperv_keyboard
[    5.446705] rtc-efi rtc-efi.0: registered as rtc0
[    5.450725] rtc-efi rtc-efi.0: setting system clock to 2026-08-24T07:46:18 UTC (1787557578)
[    5.463767] NET: Registered PF_INET6 protocol family
[    5.497230] Segment Routing with IPv6
[    5.498557] In-situ OAM (IOAM) with IPv6
[    5.629225] registered taskstats version 1
[    5.636269] Loading compiled-in X.509 certificates
[    5.727004] Freeing initrd memory: 5268K
[    6.212952] Loaded X.509 cert 'alpinelinux.org: Alpine Linux kernel key: 87fa969a47f3e2a6aa35859eb932a17c95abcd82'
[    6.303229] Demotion targets for Node 0: null
[    6.348067] Key type .fscrypt registered
[    6.348766] Key type fscrypt-provisioning registered
[    6.520801] clk: Disabling unused clocks
[    6.528850] PM: genpd: Disabling unused power domains
[    6.887186] Freeing unused kernel memory: 1920K
[    6.963629] Run /init as init process
[    7.575741] Alpine Init 3.11.1-r0
Alpine Init 3.11.1-r0
[    7.586917] Loading boot drivers...
 * Loading boot drivers: [    7.693625] Loading boot drivers: ok.
ok.
SIMBOOT: kernel=6.12.103-0-virt
[    7.803651] Invalid ELF header magic: != ELF
[    7.912561] virtio_blk virtio0: 2/0/0 default/read/poll queues
[    7.961588] virtio_blk virtio0: [vda] 1411072 512-byte logical blocks (722 MB/689 MiB)
[    8.063181] Invalid ELF header magic: != ELF
[    8.192158] Invalid ELF header magic: != ELF
[    8.314215] Invalid ELF header magic: != ELF
[    8.382632] Invalid ELF header magic: != ELF
[    8.659117] Invalid ELF header magic: != ELF
[    9.427406] Invalid ELF header magic: != ELF
[    9.515943] e1000: Intel(R) PRO/1000 Network Driver
[    9.516340] e1000: Copyright (c) 1999-2006 Intel Corporation.
[    9.527160] ACPI: \_SB_.L001: Enabled at IRQ 36
[    9.528094] e1000 0000:00:01.0: enabling device (0000 -> 0003)
[   10.012668] e1000 0000:00:01.0 eth0: (PCI:33MHz:32-bit) 52:54:00:12:34:56
[   10.014328] e1000 0000:00:01.0 eth0: Intel(R) PRO/1000 Network Connection
Module                  Size  Used by    Not tainted
e1000                 163840  0 
ext4                  929792  0 
jbd2                  172032  1 ext4
mbcache                20480  1 ext4
crc32c_generic         12288  0 
crc16                  12288  1 ext4
virtio_blk             24576  0 
[   11.248208] EXT4-fs (vda): mounted filesystem 1799a7eb-09df-4b80-8c57-0424de58e445 r/w with ordered data mode. Quota mode: none.
SIMBOOT: root mounted rw, running real mfp.afx with binder stub
[   18.993813] e1000: eth0 NIC Link is Up 1000 Mbps Full Duplex, Flow Control: RX
STUB_LS: -rw-r--r-- 1 root root 1762 Aug 24 07:46 /lib/libbinder_stub.so
STUB_TEST: Mon Aug 24 07:46:32 UTC 2026
rc=0
MFP_PID=450
[   24.340901] random: crng init done
--- MFP STATE ---
Name:	mfp.afx
Umask:	0022
State:	S (sleeping)
Tgid:	450
Ngid:	0
--- MFP MAIN WCHAN ---
hrtimer_nanosleep--- THREADS ---
450 st=S wc=hrtimer_nanosleep
452 st=S wc=futex_wait_queue
453 st=S wc=hrtimer_nanosleep
454 st=S wc=do_epoll_wait
455 st=R wc=0
456 st=S wc=do_wait_intr_irq
457 st=S wc=do_epoll_wait
458 st=S wc=do_wait_intr_irq
459 st=S wc=do_wait_intr_irq
460 st=S wc=wait_for_partner
461 st=S wc=do_select
462 st=R wc=0
463 st=S wc=do_select
464 st=S wc=futex_wait_queue
465 st=S wc=futex_wait_queue
466 st=S wc=futex_wait_queue
467 st=R wc=0
468 st=S wc=do_select
469 st=S wc=do_select
470 st=R wc=0
471 st=S wc=do_select
472 st=R wc=0
473 st=S wc=do_select
474 st=R wc=0
475 st=S wc=do_select
476 st=D wc=hrtimer_nanosleep
477 st=R wc=0
478 st=S wc=do_select
479 st=S wc=futex_wait_queue
480 st=R wc=0
481 st=R wc=0
482 st=S wc=do_select
483 st=S wc=futex_wait_queue
484 st=R wc=0
485 st=S wc=do_select
486 st=R wc=0
487 st=S wc=do_select
488 st=S wc=do_wait_intr_irq
489 st=R wc=0
490 st=S wc=do_select
491 st=R wc=0
492 st=R wc=0
493 st=S wc=do_select
494 st=S wc=hrtimer_nanosleep
495 st=R wc=0
496 st=S wc=do_select
497 st=S wc=do_select
498 st=R wc=0
499 st=S wc=do_select
500 st=R wc=0
501 st=S wc=do_select
502 st=S wc=hrtimer_nanosleep
503 st=R wc=0
504 st=S wc=futex_wait_queue
505 st=S wc=futex_wait_queue
506 st=S wc=futex_wait_queue
507 st=S wc=futex_wait_queue
508 st=S wc=futex_wait_queue
509 st=R wc=0
510 st=S wc=do_select
511 st=S wc=futex_wait_queue
512 st=S wc=do_select
--- IP ADDR ---
1: lo: <LOOPBACK> mtu 65536 qdisc noop state DOWN group default qlen 1000
    link/loopback 00:00:00:00:00:00 brd 00:00:00:00:00:00
2: eth0: <BROADCAST,MULTICAST,UP,LOWER_UP> mtu 1500 qdisc pfifo_fast state UP group default qlen 1000
    link/ether 52:54:00:12:34:56 brd ff:ff:ff:ff:ff:ff
    inet 10.0.2.15/24 scope global eth0
       valid_lft forever preferred_lft forever
    inet6 fec0::5054:ff:fe12:3456/64 scope site dynamic mngtmpaddr proto kernel_ra 
       valid_lft 86199sec preferred_lft 14199sec
    inet6 fe80::5054:ff:fe12:3456/64 scope link proto kernel_ll 
       valid_lft forever preferred_lft forever
--- MFP LOG HEAD ---
plog lib mfp process init json config error 
pntp socket client init 
[2026-08-24 07:46:33.821 ] pcie_integrate_features:463 ULOG WARN vd:3 , send_offset:32768 , recv_offset:0
[2026-08-24 07:46:33.832 ] pcie_integrate_features:463 ULOG WARN vd:5 , send_offset:32768 , recv_offset:0
error:miss key;line:=
[07:46:48.856] hal_core_init                  - core/hal_core_init.c L29    [HAL][INFO]  -->  Enter and init hal lib
[07:46:48.865] cjson_get_dev_config           - core/hal_cjson_class.c L723   [HAL][INFO]  -->  Module touch do not have device config
[07:46:48.865] cjson_get_dev_config           - core/hal_cjson_class.c L723   [HAL][INFO]  -->  Module backlight do not have device config
[07:46:48.865] cjson_get_dev_config           - core/hal_cjson_class.c L723   [HAL][INFO]  -->  Module frambuffer do not have device config
[07:46:48.870] cjson_get_dev_config           - core/hal_cjson_class.c L723   [HAL][INFO]  -->  Module low_power do not have device config
[07:46:48.870] cjson_get_dev_config           - core/hal_cjson_class.c L723   [HAL][INFO]  -->  Module print_comm do not have device config
[07:46:48.870] cjson_get_dev_config           - core/hal_cjson_class.c L723   [HAL][INFO]  -->  Module scan_comm do not have device config
[07:46:48.870] cjson_get_dev_config           - core/hal_cjson_class.c L723   [HAL][INFO]  -->  Module beep do not have device config
[07:46:48.870] cjson_get_dev_config           - core/hal_cjson_class.c L723   [HAL][INFO]  -->  Module speaker do not have device config
[07:46:48.870] cjson_get_dev_config           - core/hal_cjson_class.c L723   [HAL][INFO]  -->  Module fan do not have device config
[07:46:48.870] cjson_get_dev_config           - core/hal_cjson_class.c L723   [HAL][INFO]  -->  Module usb_host do not have device config
[07:46:48.871] hal_core_init                  - core/hal_core_init.c L57    [HAL][DEBUG]  -->  Module node touch (id 2), do not need to call module init 
[07:46:48.871] hal_core_init                  - core/hal_core_init.c L57    [HAL][DEBUG]  -->  Module node backlight (id 3), do not need to call module init 
[07:46:48.871] hal_core_init                  - core/hal_core_init.c L57    [HAL][DEBUG]  -->  Module node fb (id 4), do not need to call module init 
[07:46:48.874] hal_core_init                  - core/hal_core_init.c L57    [HAL][DEBUG]  -->  Module node beep (id 11), do not need to call module init 
[07:46:48.874] hal_core_init                  - core/hal_core_init.c L57    [HAL][DEBUG]  -->  Module node speaker (id 12), do not need to call module init 
[07:46:48.874] hal_core_init                  - core/hal_core_init.c L57    [HAL][DEBUG]  -->  Module node fan (id 13), do not need to call module init 
[07:46:48.874] hal_core_init                  - core/hal_core_init.c L57    [HAL][DEBUG]  -->  Module node wifi (id 15), do not need to call module init 
[07:46:48.874] hal_core_init                  - core/hal_core_init.c L57    [HAL][DEBUG]  -->  Module node bt (id 16), do not need to call module init 
[07:46:48.875] storage_init                   - module/storage/storage_init/storage_init.c L23    [HAL][WARN]  -->  storage module has init
[07:46:48.881] hal_save_proc_info             - intf/hal_init.c      L67    [HAL][ERROR]  -->  attach hal lib process id: 00000450  name: mfp.afx 
[07:46:48.881] pi_hal_wifi_request            - intf/hal_wifi.c      L21    [HAL][ERROR]  -->  HAL interface pi_hal_wifi_request call failed
[2026-08-24 07:46:54.879 ] _wait_for_peer:747 IBC WARN 450:wait failed
[07:46:54.883] hal_common_ioctl               - core/hal_common_dev.c L128   [HAL][ERROR]  -->  ioctl error errno = No such file or directory
[07:46:54.883] boardinfo_interface_getinfo    - module/boardinfo/boardinfo_interface.c L151   [HAL][ERROR]  -->  Error to get info from device /dev/board_desc
--- MFP LOG FILTERED ---
[35m[osal/pol/os/Linux/pol_linux.c:55]tid(502) statck size(0x00001000) name(th_storage_mgr)[0m
[35m[osal/pol/os/Linux/pol_linux.c:55]tid(503) statck size(0x00008000) name(storage_recv_thread)[0m
else
cmd register ok = ipm - save
cmd register ok = ipm - saveimage
cmd register ok = ipm - algorithm_enable
cmd register ok = ipm - pipes
cmd register ok = ipm - description
cmd register ok = ipm - activation
cmd register ok = ipm - restart
cmd register ok = ipm - pause
else
[35m[osal/pol/os/Linux/pol_linux.c:55]tid(504) statck size(0x00004000) name(image_processing_manager)[0m
stomgr update status data:[ 0x30e20003 0x6 0xffffffff 0xffffffff ]
[35m[osal/pol/os/Linux/pol_linux.c:55]tid(505) statck size(0x00004000) name(pipeline_process)[0m
else
else
else
[35m[osal/pol/os/Linux/pol_linux.c:55]tid(506) statck size(0x00004000) name(pipeline_process)[0m
[35m[osal/pol/os/Linux/pol_linux.c:55]tid(507) statck size(0x00004000) name(pipeline_process)[0m
[35m[osal/pol/os/Linux/pol_linux.c:55]tid(508) statck size(0x00004000) name(pipeline_process)[0m
cmd register ok = rotate - save
cmd register ok = rotate - split
cmd register ok = rotate - print_replace
cmd register ok = ipm - log
cmd register ok = ipm - debug
cmd register ok = ipm - front
cmd register ok = ipm - back
hello,CONFIG_PRINT
this is print_func
else
[35m[osal/pol/os/Linux/pol_linux.c:55]tid(511) statck size(0x00004000) name(print_info_thread)[0m
peed[0], machine_tag[0x0], product_name[], pid[0x0]
rint_info_status_init]   L1732:speed[0], machine_tag[0x0], product_name[], pid[0x0]
[2026-08-24 07:48:33.644 ] sql_find_table:268 SYS_JOB ERROR sqlite3_step error:no more rows available
[2026-08-24 07:48:33.644 ] sql_create_table:224 SYS_JOB DEBUG create table:jobinfo
[2026-08-24 07:48:33.827 ] sql_create_table:224 SYS_JOB DEBUG create table:T8192
[2026-08-24 07:48:33.956 ] sql_find_table:268 SYS_JOB ERROR sqlite3_step error:no more rows available
[2026-08-24 07:48:33.956 ] sql_create_table:224 SYS_JOB DEBUG create table:sample
[2026-08-24 07:48:33.986 ] sql_find_table:268 SYS_JOB ERROR sqlite3_step error:no more rows available
[2026-08-24 07:48:33.986 ] sql_create_table:224 SYS_JOB DEBUG create table:delay
[2026-08-24 07:48:34.022 ] sql_find_table:268 SYS_JOB ERROR sqlite3_step error:no more rows available
[2026-08-24 07:48:34.023 ] sql_create_table:224 SYS_JOB DEBUG create table:pincode
x0], product_name[], pid[0x0]
   L1732:speed[0], machine_tag[0x0], product_name[], pid[0x0]
id[0x0]
hine_tag[0x0], product_name[], pid[0x0]
atus_init]   L1732:speed[0], machine_tag[0x0], product_name[], pid[0x0]
_name[], pid[0x0]
ed[0], machine_tag[0x0], product_name[], pid[0x0]
--- MFP LOG SIZE ---
-rw-r--r-- 1 root root 42196554 Aug 24 07:51 /tmp/mfp.log
--- LISTEN TCP ---
--- NETSTAT TCP ---
Active Internet connections (only servers)
Proto Recv-Q Send-Q Local Address           Foreign Address         State       
--- MFP TAG ---
0
--- HALD LOG ---
[07:46:27.076] cjson_get_dev_config           - core/hal_cjson_class.c L723   [HAL][INFO]  -->  Module speaker do not have device config
[07:46:27.076] cjson_get_dev_config           - core/hal_cjson_class.c L723   [HAL][INFO]  -->  Module fan do not have device config
[07:46:27.077] cjson_get_dev_config           - core/hal_cjson_class.c L723   [HAL][INFO]  -->  Module usb_host do not have device config
[07:46:27.080] hal_core_init                  - core/hal_core_init.c L57    [HAL][DEBUG]  -->  Module node touch (id 2), do not need to call module init 
[07:46:27.081] hal_core_init                  - core/hal_core_init.c L57    [HAL][DEBUG]  -->  Module node backlight (id 3), do not need to call module init 
[07:46:27.081] hal_core_init                  - core/hal_core_init.c L57    [HAL][DEBUG]  -->  Module node fb (id 4), do not need to call module init 
[07:46:27.082] hal_core_init                  - core/hal_core_init.c L57    [HAL][DEBUG]  -->  Module node beep (id 11), do not need to call module init 
[07:46:27.082] hal_core_init                  - core/hal_core_init.c L57    [HAL][DEBUG]  -->  Module node speaker (id 12), do not need to call module init 
[07:46:27.082] hal_core_init                  - core/hal_core_init.c L57    [HAL][DEBUG]  -->  Module node fan (id 13), do not need to call module init 
[07:46:27.082] hal_core_init                  - core/hal_core_init.c L57    [HAL][DEBUG]  -->  Module node wifi (id 15), do not need to call module init 
[07:46:27.082] hal_core_init                  - core/hal_core_init.c L57    [HAL][DEBUG]  -->  Module node bt (id 16), do not need to call module init 
[07:46:27.098] storage_init                   - module/storage/storage_init/storage_init.c L164   [HAL][INFO]  -->  storage module init succ
[07:46:27.110] cjson_module_config_read       - core/hal_cjson_class.c L109   [HAL][INFO]  -->  All the json module config has read
[07:46:27.132] rtc_interface_time_read        - module/rtc/rtc_interface.c L196   [HAL][INFO]  -->  Read rawtime: 1787557587
[07:46:27.132] rtc_interface_time_read        - module/rtc/rtc_interface.c L198   [HAL][INFO]  -->  Read RTC time is 2026-08-24 07:46:27.
--- DF ---
Filesystem      Size  Used Avail Use% Mounted on
/dev/vda        662M  555M   59M  91% /
devtmpfs        2.0M     0  2.0M   0% /dev
tmpfs           984M   58M  927M   6% /tmp
tmpfs           984M     0  984M   0% /tslog
done
SIMBOOT: mfp run finished, keeping shell
/bin/sh: can't access tty; job control turned off
~ # [6n