UEFI firmware (version edk2-stable202408-prebuilt.qemu.org built at 16:28:50 on Sep 12 2024)
ArmTrngLib could not be correctly initialized.
Error: Image at 000BFDB6000 start failed: 00000001
Error: Image at 000BFD6D000 start failed: Not Found
Error: Image at 000BFCBA000 start failed: Unsupported
Error: Image at 000BFB5E000 start failed: Aborted
Tpm2SubmitCommand - Tcg2 - Not Found
Tpm2GetCapabilityPcrs fail!
Tpm2SubmitCommand - Tcg2 - Not Found
Image type X64 can't be loaded on AARCH64 UEFI system.
[2J[01;01H[=3h[2J[01;01H[2J[01;01H[=3h[2J[01;01HEFI stub: Decompressing Linux Kernel...
EFI stub: Loaded initrd from LINUX_EFI_INITRD_MEDIA_GUID device path
EFI stub: Generating empty DTB
EFI stub: Exiting boot services...
[    0.000000] Booting Linux on physical CPU 0x0000000000 [0x414fd0b1]
[    0.000000] Linux version 6.12.103-0-virt (buildozer@build-3-21-aarch64) (gcc (Alpine 14.2.0) 14.2.0, GNU ld (GNU Binutils) 2.43.1) #1-Alpine SMP PREEMPT_DYNAMIC 2026-08-10 14:25:03
[    0.000000] efi: EFI v2.7 by EDK II
[    0.000000] efi: SMBIOS 3.0=0xbfed0000 MEMATTR=0xbe18a018 ACPI 2.0=0xbcb43018 INITRD=0xbcb40f18 MEMRESERVE=0xbcb40f98 
[    0.000000] ACPI: Early table checksum verification disabled
[    0.000000] ACPI: RSDP 0x00000000BCB43018 000024 (v02 BOCHS )
[    0.000000] ACPI: XSDT 0x00000000BCB43F18 000064 (v01 BOCHS  BXPC     00000001      01000013)
[    0.000000] ACPI: FACP 0x00000000BCB43B18 000114 (v06 BOCHS  BXPC     00000001 BXPC 00000001)
[    0.000000] ACPI: DSDT 0x00000000BCB41018 001506 (v02 BOCHS  BXPC     00000001 BXPC 00000001)
[    0.000000] ACPI: APIC 0x00000000BCB43C98 0000FC (v04 BOCHS  BXPC     00000001 BXPC 00000001)
[    0.000000] ACPI: PPTT 0x00000000BCB43E18 000074 (v02 BOCHS  BXPC     00000001 BXPC 00000001)
[    0.000000] ACPI: GTDT 0x00000000BCB43098 000068 (v03 BOCHS  BXPC     00000001 BXPC 00000001)
[    0.000000] ACPI: MCFG 0x00000000BCB43A98 00003C (v01 BOCHS  BXPC     00000001 BXPC 00000001)
[    0.000000] ACPI: SPCR 0x00000000BCB43818 000050 (v02 BOCHS  BXPC     00000001 BXPC 00000001)
[    0.000000] ACPI: DBG2 0x00000000BCB43A18 000057 (v00 BOCHS  BXPC     00000001 BXPC 00000001)
[    0.000000] ACPI: IORT 0x00000000BCB43898 000054 (v05 BOCHS  BXPC     00000001 BXPC 00000001)
[    0.000000] ACPI: SPCR: console: pl011,mmio32,0x9000000,9600
[    0.000000] ACPI: Use ACPI SPCR as default console: Yes
[    0.000000] NUMA: Faking a node at [mem 0x0000000040000000-0x00000000bfffffff]
[    0.000000] NODE_DATA(0) allocated [mem 0xbf855b80-0xbf857fff]
[    0.000000] Zone ranges:
[    0.000000]   DMA      [mem 0x0000000040000000-0x00000000bfffffff]
[    0.000000]   DMA32    empty
[    0.000000]   Normal   empty
[    0.000000] Movable zone start for each node
[    0.000000] Early memory node ranges
[    0.000000]   node   0: [mem 0x0000000040000000-0x00000000bc76ffff]
[    0.000000]   node   0: [mem 0x00000000bc770000-0x00000000bcb3ffff]
[    0.000000]   node   0: [mem 0x00000000bcb40000-0x00000000bfe1ffff]
[    0.000000]   node   0: [mem 0x00000000bfe20000-0x00000000bfeaffff]
[    0.000000]   node   0: [mem 0x00000000bfeb0000-0x00000000bfebffff]
[    0.000000]   node   0: [mem 0x00000000bfec0000-0x00000000bffdffff]
[    0.000000]   node   0: [mem 0x00000000bffe0000-0x00000000bfffffff]
[    0.000000] Initmem setup node 0 [mem 0x0000000040000000-0x00000000bfffffff]
[    0.000000] psci: probing for conduit method from ACPI.
[    0.000000] psci: PSCIv1.1 detected in firmware.
[    0.000000] psci: Using standard PSCI v0.2 function IDs
[    0.000000] psci: Trusted OS migration not required
[    0.000000] psci: SMC Calling Convention v1.0
[    0.000000] percpu: Embedded 33 pages/cpu s96984 r8192 d29992 u135168
[    0.000000] Detected PIPT I-cache on CPU0
[    0.000000] CPU features: detected: Spectre-v4
[    0.000000] CPU features: detected: Spectre-BHB
[    0.000000] CPU features: detected: Broken broadcast TLBI completion
[    0.000000] CPU features: detected: SSBS not fully self-synchronizing
[    0.000000] alternatives: applying boot alternatives
[    0.000000] Kernel command line: root=/dev/vda rw console=ttyAMA0 initrd=initrd
[    0.000000] Dentry cache hash table entries: 262144 (order: 9, 2097152 bytes, linear)
[    0.000000] Inode-cache hash table entries: 131072 (order: 8, 1048576 bytes, linear)
[    0.000000] Fallback order for Node 0: 0 
[    0.000000] Built 1 zonelists, mobility grouping on.  Total pages: 524288
[    0.000000] Policy zone: DMA
[    0.000000] mem auto-init: stack:all(zero), heap alloc:on, heap free:off
[    0.000000] software IO TLB: SWIOTLB bounce buffer size adjusted to 2MB
[    0.000000] software IO TLB: area num 2.
[    0.000000] software IO TLB: mapped [mem 0x00000000bf2b4000-0x00000000bf4b4000] (2MB)
[    0.000000] SLUB: HWalign=64, Order=0-3, MinObjects=0, CPUs=2, Nodes=1
[    0.000000] Dynamic Preempt: none
[    0.000000] rcu: Preemptible hierarchical RCU implementation.
[    0.000000] rcu: 	RCU restricting CPUs from NR_CPUS=4096 to nr_cpu_ids=2.
[    0.000000] 	Trampoline variant of Tasks RCU enabled.
[    0.000000] 	Tracing variant of Tasks RCU enabled.
[    0.000000] rcu: RCU calculated value of scheduler-enlistment delay is 10 jiffies.
[    0.000000] rcu: Adjusting geometry for rcu_fanout_leaf=16, nr_cpu_ids=2
[    0.000000] RCU Tasks: Setting shift to 1 and lim to 1 rcu_task_cb_adjust=1 rcu_task_cpu_ids=2.
[    0.000000] RCU Tasks Trace: Setting shift to 1 and lim to 1 rcu_task_cb_adjust=1 rcu_task_cpu_ids=2.
[    0.000000] NR_IRQS: 64, nr_irqs: 64, preallocated irqs: 0
[    0.000000] Root IRQ handler: gic_handle_irq
[    0.000000] GICv2m: ACPI overriding V2M MSI_TYPER (base:80, num:64)
[    0.000000] GICv2m: range[mem 0x08020000-0x08020fff], SPI[80:143]
[    0.000000] rcu: srcu_init: Setting srcu_struct sizes based on contention.
[    0.000000] clocksource: jiffies: mask: 0xffffffff max_cycles: 0xffffffff, max_idle_ns: 19112604462750000 ns
[    0.000000] arch_timer: cp15 timer(s) running at 62.50MHz (virt).
[    0.000000] clocksource: arch_sys_counter: mask: 0x1ffffffffffffff max_cycles: 0x1cd42e208c, max_idle_ns: 881590405314 ns
[    0.000598] sched_clock: 57 bits at 63MHz, resolution 16ns, wraps every 4398046511096ns
[    0.324812] kfence: initialized - using 2097152 bytes for 255 objects at 0x(____ptrval____)-0x(____ptrval____)
[    1.453483] Console: colour dummy device 80x25
[    1.830547] ACPI: Core revision 20240827
[    2.741429] Calibrating delay loop (skipped), value calculated using timer frequency.. 125.00 BogoMIPS (lpj=625000)
[    2.742984] pid_max: default: 32768 minimum: 301
[    4.018165] LSM: initializing lsm=lockdown,capability,landlock
[    4.109821] landlock: Up and running.
[    4.342047] Mount-cache hash table entries: 4096 (order: 3, 32768 bytes, linear)
[    4.342831] Mountpoint-cache hash table entries: 4096 (order: 3, 32768 bytes, linear)
[    7.048507] rcu: Hierarchical SRCU implementation.
[    7.049369] rcu: 	Max phase no-delay instances is 1000.
[    7.185285] Timer migration: 1 hierarchy levels; 8 children per group; 1 crossnode level
[    7.443202] Remapping and enabling EFI services.
[    7.550207] smp: Bringing up secondary CPUs ...
[    7.848266] Detected PIPT I-cache on CPU1
[    7.858982] CPU1: Booted secondary processor 0x0000000001 [0x414fd0b1]
[    8.228746] smp: Brought up 1 node, 2 CPUs
[    8.229247] SMP: Total of 2 processors activated.
[    8.229740] CPU: All CPU(s) started at EL1
[    8.232403] CPU features: detected: 32-bit EL0 Support
[    8.233567] CPU features: detected: Data cache clean to the PoU not required for I/D coherence
[    8.234266] CPU features: detected: Common not Private translations
[    8.234361] CPU features: detected: CRC32 instructions
[    8.236553] CPU features: detected: RCpc load-acquire (LDAPR)
[    8.237108] CPU features: detected: LSE atomic instructions
[    8.237228] CPU features: detected: Privileged Access Never
[    8.237279] CPU features: detected: RAS Extension Support
[    8.245124] CPU features: detected: Speculative Store Bypassing Safe (SSBS)
[    9.362753] alternatives: applying system-wide alternatives
[   10.343780] CPU features: detected: Hardware dirty bit management on CPU0-1
[   11.266570] Memory: 2003468K/2097152K available (12608K kernel code, 1950K rwdata, 7812K rodata, 1920K init, 9305K bss, 89380K reserved, 0K cma-reserved)
[   12.793953] devtmpfs: initialized
[   13.748371] futex hash table entries: 512 (order: 3, 32768 bytes, linear)
[   13.784727] 24304 pages in range for non-PLT usage
[   13.786104] 515824 pages in range for PLT usage
[   14.003813] pinctrl core: initialized pinctrl subsystem
[   14.273498] SMBIOS 3.0.0 present.
[   14.277142] DMI: QEMU QEMU Virtual Machine, BIOS edk2-stable202408-prebuilt.qemu.org 08/13/2024
[   14.361867] DMI: Memory slots populated: 1/1
[   17.236042] NET: Registered PF_NETLINK/PF_ROUTE protocol family
[   17.978795] DMA: preallocated 256 KiB GFP_KERNEL pool for atomic allocations
[   18.011035] DMA: preallocated 256 KiB GFP_KERNEL|GFP_DMA pool for atomic allocations
[   18.068057] DMA: preallocated 256 KiB GFP_KERNEL|GFP_DMA32 pool for atomic allocations
[   18.085106] audit: initializing netlink subsys (disabled)
[   18.249189] audit: type=2000 audit(5.390:1): state=initialized audit_enabled=0 res=1
[   18.864975] thermal_sys: Registered thermal governor 'step_wise'
[   18.997791] cpuidle: using governor ladder
[   19.037330] cpuidle: using governor menu
[   19.099035] hw-breakpoint: found 6 breakpoint and 4 watchpoint registers.
[   19.130338] ASID allocator initialised with 65536 entries
[   19.142560] acpiphp: ACPI Hot Plug PCI Controller Driver version: 0.5
[   19.248409] Serial: AMBA PL011 UART driver
[   21.953915] HugeTLB: registered 1.00 GiB page size, pre-allocated 0 pages
[   21.954187] HugeTLB: 0 KiB vmemmap can be freed for a 1.00 GiB page
[   21.954336] HugeTLB: registered 32.0 MiB page size, pre-allocated 0 pages
[   21.954390] HugeTLB: 0 KiB vmemmap can be freed for a 32.0 MiB page
[   21.954463] HugeTLB: registered 2.00 MiB page size, pre-allocated 0 pages
[   21.954520] HugeTLB: 0 KiB vmemmap can be freed for a 2.00 MiB page
[   21.954593] HugeTLB: registered 64.0 KiB page size, pre-allocated 0 pages
[   21.954717] HugeTLB: 0 KiB vmemmap can be freed for a 64.0 KiB page
[   23.066946] ACPI: Added _OSI(Module Device)
[   23.067398] ACPI: Added _OSI(Processor Device)
[   23.067486] ACPI: Added _OSI(Processor Aggregator Device)
[   23.854350] ACPI: 1 ACPI AML tables successfully acquired and loaded
[   24.392905] ACPI: Interpreter enabled
[   24.393316] ACPI: Using GIC for interrupt routing
[   24.409954] ACPI: MCFG table detected, 1 entries
[   27.098663] ACPI: CPU0 has been hot-added
[   27.181226] ACPI: CPU1 has been hot-added
[   28.537584] ARMH0011:00: ttyAMA0 at MMIO 0x9000000 (irq = 12, base_baud = 0) is a SBSA
[   28.639919] printk: legacy console [ttyAMA0] enabled
[   30.889673] ACPI: PCI: Interrupt link L000 configured for IRQ 35
[   30.896082] ACPI: PCI: Interrupt link L001 configured for IRQ 36
[   30.899467] ACPI: PCI: Interrupt link L002 configured for IRQ 37
[   30.906794] ACPI: PCI: Interrupt link L003 configured for IRQ 38
[   30.953672] ACPI: PCI Root Bridge [PCI0] (domain 0000 [bus 00-ff])
[   30.993324] acpi PNP0A08:00: _OSC: OS supports [ExtendedConfig ASPM ClockPM Segments MSI HPX-Type3]
[   31.176296] acpi PNP0A08:00: _OSC: platform does not support [LTR]
[   31.202804] acpi PNP0A08:00: _OSC: OS now controls [PCIeHotplug PME PCIeCapability]
[   31.305369] acpi PNP0A08:00: ECAM area [mem 0x4010000000-0x401fffffff] reserved by PNP0C02:00
[   31.335838] acpi PNP0A08:00: ECAM at [mem 0x4010000000-0x401fffffff] for [bus 00-ff]
[   31.372555] ACPI: Remapped I/O 0x000000003eff0000 to [io  0x0000-0xffff window]
[   31.736785] PCI host bridge to bus 0000:00
[   31.742103] pci_bus 0000:00: root bus resource [mem 0x10000000-0x3efeffff window]
[   31.753288] pci_bus 0000:00: root bus resource [io  0x0000-0xffff window]
[   31.868332] pci_bus 0000:00: root bus resource [mem 0x8000000000-0xffffffffff window]
[   31.884423] pci_bus 0000:00: root bus resource [bus 00-ff]
[   32.049906] pci 0000:00:00.0: [1b36:0008] type 00 class 0x060000 conventional PCI endpoint
[   32.573816] pci 0000:00:01.0: [1af4:1000] type 00 class 0x020000 conventional PCI endpoint
[   32.643708] pci 0000:00:01.0: BAR 0 [io  0x0080-0x009f]
[   32.651643] pci 0000:00:01.0: BAR 1 [mem 0x10041000-0x10041fff]
[   32.654876] pci 0000:00:01.0: BAR 4 [mem 0x8000000000-0x8000003fff 64bit pref]
[   32.665175] pci 0000:00:01.0: ROM [mem 0xfffc0000-0xffffffff pref]
[   32.683164] pci 0000:00:02.0: [1af4:1001] type 00 class 0x010000 conventional PCI endpoint
[   32.717531] pci 0000:00:02.0: BAR 0 [io  0x0000-0x007f]
[   32.719224] pci 0000:00:02.0: BAR 1 [mem 0x10040000-0x10040fff]
[   32.725665] pci 0000:00:02.0: BAR 4 [mem 0x8000004000-0x8000007fff 64bit pref]
[   32.912375] pci 0000:00:01.0: ROM [mem 0x10000000-0x1003ffff pref]: assigned
[   32.919945] pci 0000:00:01.0: BAR 4 [mem 0x8000000000-0x8000003fff 64bit pref]: assigned
[   33.026502] pci 0000:00:02.0: BAR 4 [mem 0x8000004000-0x8000007fff 64bit pref]: assigned
[   33.029872] pci 0000:00:01.0: BAR 1 [mem 0x10040000-0x10040fff]: assigned
[   33.044797] pci 0000:00:02.0: BAR 1 [mem 0x10041000-0x10041fff]: assigned
[   33.047027] pci 0000:00:02.0: BAR 0 [io  0x1000-0x107f]: assigned
[   33.049214] pci 0000:00:01.0: BAR 0 [io  0x1080-0x109f]: assigned
[   33.087100] pci_bus 0000:00: resource 4 [mem 0x10000000-0x3efeffff window]
[   33.089631] pci_bus 0000:00: resource 5 [io  0x0000-0xffff window]
[   33.097356] pci_bus 0000:00: resource 6 [mem 0x8000000000-0xffffffffff window]
[   33.620764] iommu: Default domain type: Translated
[   34.069281] iommu: DMA domain TLB invalidation policy: lazy mode
[   35.294006] efivars: Registered efivars operations
[   36.072151] clocksource: Switched to clocksource arch_sys_counter
[   36.342290] VFS: Disk quotas dquot_6.6.0
[   36.347698] VFS: Dquot-cache hash table entries: 512 (order 0, 4096 bytes)
[   36.542923] pnp: PnP ACPI init
[   36.706223] system 00:00: [mem 0x4010000000-0x401fffffff window] could not be reserved
[   36.722988] pnp: PnP ACPI: found 1 devices
[   38.609611] NET: Registered PF_INET protocol family
[   38.641772] IP idents hash table entries: 32768 (order: 6, 262144 bytes, linear)
[   40.592954] tcp_listen_portaddr_hash hash table entries: 1024 (order: 2, 16384 bytes, linear)
[   40.650254] Table-perturb hash table entries: 65536 (order: 6, 262144 bytes, linear)
[   40.656031] TCP established hash table entries: 16384 (order: 5, 131072 bytes, linear)
[   40.699104] TCP bind hash table entries: 16384 (order: 7, 524288 bytes, linear)
[   40.704886] TCP: Hash tables configured (established 16384 bind 16384)
[   40.793442] MPTCP token hash table entries: 2048 (order: 4, 49152 bytes, linear)
[   40.835222] UDP hash table entries: 1024 (order: 3, 32768 bytes, linear)
[   40.919097] UDP-Lite hash table entries: 1024 (order: 3, 32768 bytes, linear)
[   41.035670] NET: Registered PF_UNIX/PF_LOCAL protocol family
[   41.052658] NET: Registered PF_XDP protocol family
[   41.058130] PCI: CLS 0 bytes, default 64
[   41.126035] kvm [1]: HYP mode not available
[   41.245339] Initialise system trusted keyrings
[   41.436145] workingset: timestamp_bits=44 max_order=19 bucket_order=0
[   41.452712] Unpacking initramfs...
[   44.883615] Key type asymmetric registered
[   44.890012] Asymmetric key parser 'x509' registered
[   44.948093] Block layer SCSI generic (bsg) driver version 0.4 loaded (major 249)
[   45.083697] io scheduler mq-deadline registered
[   45.086731] io scheduler kyber registered
[   45.100532] io scheduler bfq registered
[   46.525450] ACPI: \_SB_.L001: Enabled at IRQ 36
[   46.579905] virtio-pci 0000:00:01.0: enabling device (0000 -> 0003)
[   46.921778] ACPI: \_SB_.L002: Enabled at IRQ 37
[   46.923761] virtio-pci 0000:00:02.0: enabling device (0000 -> 0003)
[   47.773693] Serial: 8250/16550 driver, 4 ports, IRQ sharing enabled
[   51.750118] hv_vmbus: registering driver hyperv_keyboard
[   52.379217] rtc-efi rtc-efi.0: registered as rtc0
[   53.067148] rtc-efi rtc-efi.0: setting system clock to 2026-08-24T05:08:19 UTC (1787548099)
[   53.458754] NET: Registered PF_INET6 protocol family
[   55.048505] Segment Routing with IPv6
[   55.059812] In-situ OAM (IOAM) with IPv6
[   58.488488] registered taskstats version 1
[   58.778273] Loading compiled-in X.509 certificates
[   61.735898] hrtimer: interrupt took 225516208 ns
[   63.804935] Freeing initrd memory: 5184K
[   69.789622] Loaded X.509 cert 'alpinelinux.org: Alpine Linux kernel key: 87fa969a47f3e2a6aa35859eb932a17c95abcd82'
[   69.850967] Demotion targets for Node 0: null
[   69.854883] Key type .fscrypt registered
[   69.855307] Key type fscrypt-provisioning registered
[   69.940031] clk: Disabling unused clocks
[   69.941148] PM: genpd: Disabling unused power domains
[   70.080052] Freeing unused kernel memory: 1920K
[   70.087535] Run /init as init process
[   70.601688] Alpine Init 3.11.1-r0
Alpine Init 3.11.1-r0
[   70.625029] Loading boot drivers...
 * Loading boot drivers: [   70.801001] Loading boot drivers: ok.
ok.
SIMBOOT: kernel=6.12.103-0-virt
[   71.022844] Invalid ELF header magic: != ELF
[   71.093876] virtio_blk virtio1: 2/0/0 default/read/poll queues
[   71.130231] virtio_blk virtio1: [vda] 1411072 512-byte logical blocks (722 MB/689 MiB)
[   71.202450] Invalid ELF header magic: != ELF
[   71.239741] Invalid ELF header magic: != ELF
[   71.276528] Invalid ELF header magic: != ELF
[   71.312061] Invalid ELF header magic: != ELF
[   71.423220] Invalid ELF header magic: != ELF
[   73.057581] EXT4-fs (vda): mounted filesystem 1799a7eb-09df-4b80-8c57-0424de58e445 r/w with ordered data mode. Quota mode: none.
SIMBOOT: root mounted rw, running real mfp.afx with binder stub
STUB_LS: -rw-r--r-- 1 root root 1762 Aug 24 05:08 /lib/libbinder_stub.so
STUB_TEST: Mon Aug 24 05:08:47 UTC 2026
rc=0
MFP_PID=437
[   84.688191] random: crng init done
--- MFP LOG TAIL ---
[2026-08-24 05:11:56-113.228][PLOG_PUB: DEBUG] <pub_client_handle_event: 690> publisher client poll event error: Success 
[2026-08-24 05:11:56-113.470][PLOG_PUB: DEBUG] <pub_client_handle_event: 690> publisher client poll event error: Success 
[2026-08-24 05:11:56-113.696][PLOG_PUB: DEBUG] <pub_client_handle_event: 690> publisher client poll event error: Success 
[2026-08-24 05:11:56-113.906][PLOG_PUB: DEBUG] <pub_client_handle_event: 690> publisher client poll event error: Success 
[2026-08-24 05:11:56-114.125][PLOG_PUB: DEBUG] <pub_client_handle_event: 690> publisher client poll event error: Success 
[2026-08-24 05:11:56-114.346][PLOG_PUB: DEBUG] <pub_client_handle_event: 690> publisher client poll event error: Success 
[2026-08-24 05:11:56-115.215][PLOG_PUB: DEBUG] <pub_client_handle_event: 690> publisher client poll event error: Success 
[2026-08-24 05:11:56-115.879][PLOG_PUB: DEBUG] <pub_client_handle_event: 690> publisher client poll event error: Success 
[2026-08-24 05:11:56-116.153][PLOG_PUB: DEBUG] <pub_client_handle_event: 690> publisher client poll event error: Success 
[2026-08-24 05:11:56-116.376][PLOG_PUB: DEBUG] <pub_client_handle_event: 690> publisher client poll event error: Success 
[2026-08-24 05:11:56-116.590][PLOG_PUB: DEBUG] <pub_client_handle_event: 690> publisher client poll event error: Success 
[2026-08-24 05:11:56-116.809][PLOG_PUB: DEBUG] <pub_client_handle_event: 690> publisher client poll event error: Success 
[2026-08-24 05:11:56-117.047][PLOG_PUB: DEBUG] <pub_client_handle_event: 690> publisher client poll event error: Success 
[2026-08-24 05:11:56-117.304][PLOG_PUB: DEBUG] <pub_client_handle_event: 690> publisher client poll event error: Success 
[2026-08-24 05:11:56-117.578][PLOG_PUB: DEBUG] <pub_client_handle_event: 690> publisher client poll event error: Success 
[2026-08-24 05:11:56-118.155][PLOG_PUB: DEBUG] <pub_client_handle_event: 690> publisher client poll event error: Success 
[2026-08-24 05:11:56-119.418][PLOG_PUB: DEBUG] <pub_client_handle_event: 690> publisher client poll event error: Success 
[2026-08-24 05:11:56-120.705][PLOG_PUB: DEBUG] <pub_client_handle_event: 690> publisher client poll event error: Success 
[2026-08-24 05:11:56-340.284][PLOG_PUB: DEBUG] <pub_client_handle_event: 690> publisher client poll event error: Success 
[2026-08-24 05:11:57-832.6[2026-08-24 05:11:57.932 ] _wait_for_peer:747 IBC WARN 437:wait failed
--- MFP LOG SIZE ---
26858186 /tmp/mfp.log
--- MFP PLOG ---
--- TASKS ---
45
--- WCHAN ---
437: 0
439: 0
440: futex_wait_queue
441: 0
442: do_epoll_wait
443: 0
444: do_wait_intr_irq
445: do_epoll_wait
446: do_wait_intr_irq
447: do_wait_intr_irq
448: wait_for_partner
449: do_select
450: 0
451: do_select
452: futex_wait_queue
453: futex_wait_queue
454: futex_wait_queue
455: 0
456: do_select
457: do_select
458: 0
459: do_select
460: 0
461: do_select
462: 0
--- GDB BT ---
done
SIMBOOT: mfp run finished, keeping shell
/bin/sh: can't access tty; job control turned off
~ # [6n