UEFI firmware (version edk2-stable202408-prebuilt.qemu.org built at 16:28:50 on Sep 12 2024)
ArmTrngLib could not be correctly initialized.
Error: Image at 000BFDB6000 start failed: 00000001
Error: Image at 000BFD6D000 start failed: Not Found
Error: Image at 000BFCBA000 start failed: Unsupported
Error: Image at 000BFB5E000 start failed: Aborted
Tpm2SubmitCommand - Tcg2 - Not Found
Tpm2GetCapabilityPcrs fail!
Tpm2SubmitCommand - Tcg2 - Not Found
Image type X64 can't be loaded on AARCH64 UEFI system.
[2J[01;01H[=3h[2J[01;01H[2J[01;01H[=3h[2J[01;01HEFI stub: Decompressing Linux Kernel...
EFI stub: Loaded initrd from LINUX_EFI_INITRD_MEDIA_GUID device path
EFI stub: Generating empty DTB
EFI stub: Exiting boot services...
[    0.000000] Booting Linux on physical CPU 0x0000000000 [0x414fd0b1]
[    0.000000] Linux version 6.12.103-0-virt (buildozer@build-3-21-aarch64) (gcc (Alpine 14.2.0) 14.2.0, GNU ld (GNU Binutils) 2.43.1) #1-Alpine SMP PREEMPT_DYNAMIC 2026-08-10 14:25:03
[    0.000000] efi: EFI v2.7 by EDK II
[    0.000000] efi: SMBIOS 3.0=0xbfed0000 MEMATTR=0xbe176018 ACPI 2.0=0xbcb43018 INITRD=0xbcb40f18 MEMRESERVE=0xbcb40f98 
[    0.000000] ACPI: Early table checksum verification disabled
[    0.000000] ACPI: RSDP 0x00000000BCB43018 000024 (v02 BOCHS )
[    0.000000] ACPI: XSDT 0x00000000BCB43F18 000064 (v01 BOCHS  BXPC     00000001      01000013)
[    0.000000] ACPI: FACP 0x00000000BCB43B18 000114 (v06 BOCHS  BXPC     00000001 BXPC 00000001)
[    0.000000] ACPI: DSDT 0x00000000BCB41018 001506 (v02 BOCHS  BXPC     00000001 BXPC 00000001)
[    0.000000] ACPI: APIC 0x00000000BCB43C98 0000FC (v04 BOCHS  BXPC     00000001 BXPC 00000001)
[    0.000000] ACPI: PPTT 0x00000000BCB43E18 000074 (v02 BOCHS  BXPC     00000001 BXPC 00000001)
[    0.000000] ACPI: GTDT 0x00000000BCB43098 000068 (v03 BOCHS  BXPC     00000001 BXPC 00000001)
[    0.000000] ACPI: MCFG 0x00000000BCB43A98 00003C (v01 BOCHS  BXPC     00000001 BXPC 00000001)
[    0.000000] ACPI: SPCR 0x00000000BCB43818 000050 (v02 BOCHS  BXPC     00000001 BXPC 00000001)
[    0.000000] ACPI: DBG2 0x00000000BCB43A18 000057 (v00 BOCHS  BXPC     00000001 BXPC 00000001)
[    0.000000] ACPI: IORT 0x00000000BCB43898 000054 (v05 BOCHS  BXPC     00000001 BXPC 00000001)
[    0.000000] ACPI: SPCR: console: pl011,mmio32,0x9000000,9600
[    0.000000] ACPI: Use ACPI SPCR as default console: Yes
[    0.000000] NUMA: Faking a node at [mem 0x0000000040000000-0x00000000bfffffff]
[    0.000000] NODE_DATA(0) allocated [mem 0xbf855b80-0xbf857fff]
[    0.000000] Zone ranges:
[    0.000000]   DMA      [mem 0x0000000040000000-0x00000000bfffffff]
[    0.000000]   DMA32    empty
[    0.000000]   Normal   empty
[    0.000000] Movable zone start for each node
[    0.000000] Early memory node ranges
[    0.000000]   node   0: [mem 0x0000000040000000-0x00000000bc76ffff]
[    0.000000]   node   0: [mem 0x00000000bc770000-0x00000000bcb3ffff]
[    0.000000]   node   0: [mem 0x00000000bcb40000-0x00000000bfe1ffff]
[    0.000000]   node   0: [mem 0x00000000bfe20000-0x00000000bfeaffff]
[    0.000000]   node   0: [mem 0x00000000bfeb0000-0x00000000bfebffff]
[    0.000000]   node   0: [mem 0x00000000bfec0000-0x00000000bffdffff]
[    0.000000]   node   0: [mem 0x00000000bffe0000-0x00000000bfffffff]
[    0.000000] Initmem setup node 0 [mem 0x0000000040000000-0x00000000bfffffff]
[    0.000000] psci: probing for conduit method from ACPI.
[    0.000000] psci: PSCIv1.1 detected in firmware.
[    0.000000] psci: Using standard PSCI v0.2 function IDs
[    0.000000] psci: Trusted OS migration not required
[    0.000000] psci: SMC Calling Convention v1.0
[    0.000000] percpu: Embedded 33 pages/cpu s96984 r8192 d29992 u135168
[    0.000000] Detected PIPT I-cache on CPU0
[    0.000000] CPU features: detected: Spectre-v4
[    0.000000] CPU features: detected: Spectre-BHB
[    0.000000] CPU features: detected: Broken broadcast TLBI completion
[    0.000000] CPU features: detected: SSBS not fully self-synchronizing
[    0.000000] alternatives: applying boot alternatives
[    0.000000] Kernel command line: root=/dev/vda rw console=ttyAMA0 initrd=initrd
[    0.000000] Dentry cache hash table entries: 262144 (order: 9, 2097152 bytes, linear)
[    0.000000] Inode-cache hash table entries: 131072 (order: 8, 1048576 bytes, linear)
[    0.000000] Fallback order for Node 0: 0 
[    0.000000] Built 1 zonelists, mobility grouping on.  Total pages: 524288
[    0.000000] Policy zone: DMA
[    0.000000] mem auto-init: stack:all(zero), heap alloc:on, heap free:off
[    0.000000] software IO TLB: SWIOTLB bounce buffer size adjusted to 2MB
[    0.000000] software IO TLB: area num 2.
[    0.000000] software IO TLB: mapped [mem 0x00000000bf2b4000-0x00000000bf4b4000] (2MB)
[    0.000000] SLUB: HWalign=64, Order=0-3, MinObjects=0, CPUs=2, Nodes=1
[    0.000000] Dynamic Preempt: none
[    0.000000] rcu: Preemptible hierarchical RCU implementation.
[    0.000000] rcu: 	RCU restricting CPUs from NR_CPUS=4096 to nr_cpu_ids=2.
[    0.000000] 	Trampoline variant of Tasks RCU enabled.
[    0.000000] 	Tracing variant of Tasks RCU enabled.
[    0.000000] rcu: RCU calculated value of scheduler-enlistment delay is 10 jiffies.
[    0.000000] rcu: Adjusting geometry for rcu_fanout_leaf=16, nr_cpu_ids=2
[    0.000000] RCU Tasks: Setting shift to 1 and lim to 1 rcu_task_cb_adjust=1 rcu_task_cpu_ids=2.
[    0.000000] RCU Tasks Trace: Setting shift to 1 and lim to 1 rcu_task_cb_adjust=1 rcu_task_cpu_ids=2.
[    0.000000] NR_IRQS: 64, nr_irqs: 64, preallocated irqs: 0
[    0.000000] Root IRQ handler: gic_handle_irq
[    0.000000] GICv2m: ACPI overriding V2M MSI_TYPER (base:80, num:64)
[    0.000000] GICv2m: range[mem 0x08020000-0x08020fff], SPI[80:143]
[    0.000000] rcu: srcu_init: Setting srcu_struct sizes based on contention.
[    0.000000] clocksource: jiffies: mask: 0xffffffff max_cycles: 0xffffffff, max_idle_ns: 19112604462750000 ns
[    0.000000] arch_timer: cp15 timer(s) running at 62.50MHz (virt).
[    0.000000] clocksource: arch_sys_counter: mask: 0x1ffffffffffffff max_cycles: 0x1cd42e208c, max_idle_ns: 881590405314 ns
[    0.000180] sched_clock: 57 bits at 63MHz, resolution 16ns, wraps every 4398046511096ns
[    0.020020] kfence: initialized - using 2097152 bytes for 255 objects at 0x(____ptrval____)-0x(____ptrval____)
[    0.080287] Console: colour dummy device 80x25
[    0.096768] ACPI: Core revision 20240827
[    0.113207] Calibrating delay loop (skipped), value calculated using timer frequency.. 125.00 BogoMIPS (lpj=625000)
[    0.113568] pid_max: default: 32768 minimum: 301
[    0.153918] LSM: initializing lsm=lockdown,capability,landlock
[    0.165314] landlock: Up and running.
[    0.172225] Mount-cache hash table entries: 4096 (order: 3, 32768 bytes, linear)
[    0.172420] Mountpoint-cache hash table entries: 4096 (order: 3, 32768 bytes, linear)
[    0.521973] rcu: Hierarchical SRCU implementation.
[    0.522200] rcu: 	Max phase no-delay instances is 1000.
[    0.588125] Timer migration: 1 hierarchy levels; 8 children per group; 1 crossnode level
[    0.616492] Remapping and enabling EFI services.
[    0.633529] smp: Bringing up secondary CPUs ...
[    0.679341] Detected PIPT I-cache on CPU1
[    0.682553] CPU1: Booted secondary processor 0x0000000001 [0x414fd0b1]
[    0.720769] smp: Brought up 1 node, 2 CPUs
[    0.720883] SMP: Total of 2 processors activated.
[    0.720976] CPU: All CPU(s) started at EL1
[    0.721428] CPU features: detected: 32-bit EL0 Support
[    0.721537] CPU features: detected: Data cache clean to the PoU not required for I/D coherence
[    0.721644] CPU features: detected: Common not Private translations
[    0.721657] CPU features: detected: CRC32 instructions
[    0.722039] CPU features: detected: RCpc load-acquire (LDAPR)
[    0.722120] CPU features: detected: LSE atomic instructions
[    0.722135] CPU features: detected: Privileged Access Never
[    0.722145] CPU features: detected: RAS Extension Support
[    0.722234] CPU features: detected: Speculative Store Bypassing Safe (SSBS)
[    0.752336] alternatives: applying system-wide alternatives
[    1.118938] CPU features: detected: Hardware dirty bit management on CPU0-1
[    1.463237] Memory: 2003132K/2097152K available (12608K kernel code, 1950K rwdata, 7812K rodata, 1920K init, 9305K bss, 89464K reserved, 0K cma-reserved)
[    1.615011] devtmpfs: initialized
[    1.821510] futex hash table entries: 512 (order: 3, 32768 bytes, linear)
[    1.834633] 24304 pages in range for non-PLT usage
[    1.834815] 515824 pages in range for PLT usage
[    1.851169] pinctrl core: initialized pinctrl subsystem
[    1.872216] SMBIOS 3.0.0 present.
[    1.872934] DMI: QEMU QEMU Virtual Machine, BIOS edk2-stable202408-prebuilt.qemu.org 08/13/2024
[    1.884122] DMI: Memory slots populated: 1/1
[    1.971061] NET: Registered PF_NETLINK/PF_ROUTE protocol family
[    2.000643] DMA: preallocated 256 KiB GFP_KERNEL pool for atomic allocations
[    2.001993] DMA: preallocated 256 KiB GFP_KERNEL|GFP_DMA pool for atomic allocations
[    2.003218] DMA: preallocated 256 KiB GFP_KERNEL|GFP_DMA32 pool for atomic allocations
[    2.004004] audit: initializing netlink subsys (disabled)
[    2.021533] audit: type=2000 audit(0.790:1): state=initialized audit_enabled=0 res=1
[    2.033796] thermal_sys: Registered thermal governor 'step_wise'
[    2.054619] cpuidle: using governor ladder
[    2.055258] cpuidle: using governor menu
[    2.068142] hw-breakpoint: found 6 breakpoint and 4 watchpoint registers.
[    2.070934] ASID allocator initialised with 65536 entries
[    2.072255] acpiphp: ACPI Hot Plug PCI Controller Driver version: 0.5
[    2.085653] Serial: AMBA PL011 UART driver
[    2.138278] HugeTLB: registered 1.00 GiB page size, pre-allocated 0 pages
[    2.138341] HugeTLB: 0 KiB vmemmap can be freed for a 1.00 GiB page
[    2.138368] HugeTLB: registered 32.0 MiB page size, pre-allocated 0 pages
[    2.138379] HugeTLB: 0 KiB vmemmap can be freed for a 32.0 MiB page
[    2.138392] HugeTLB: registered 2.00 MiB page size, pre-allocated 0 pages
[    2.138400] HugeTLB: 0 KiB vmemmap can be freed for a 2.00 MiB page
[    2.138414] HugeTLB: registered 64.0 KiB page size, pre-allocated 0 pages
[    2.138423] HugeTLB: 0 KiB vmemmap can be freed for a 64.0 KiB page
[    2.234163] ACPI: Added _OSI(Module Device)
[    2.234277] ACPI: Added _OSI(Processor Device)
[    2.234294] ACPI: Added _OSI(Processor Aggregator Device)
[    2.320560] ACPI: 1 ACPI AML tables successfully acquired and loaded
[    2.435332] ACPI: Interpreter enabled
[    2.435426] ACPI: Using GIC for interrupt routing
[    2.436632] ACPI: MCFG table detected, 1 entries
[    3.014135] ACPI: CPU0 has been hot-added
[    3.018598] ACPI: CPU1 has been hot-added
[    3.169668] ARMH0011:00: ttyAMA0 at MMIO 0x9000000 (irq = 12, base_baud = 0) is a SBSA
[    3.183429] printk: legacy console [ttyAMA0] enabled
[    4.165391] ACPI: PCI: Interrupt link L000 configured for IRQ 35
[    4.168538] ACPI: PCI: Interrupt link L001 configured for IRQ 36
[    4.171674] ACPI: PCI: Interrupt link L002 configured for IRQ 37
[    4.180585] ACPI: PCI: Interrupt link L003 configured for IRQ 38
[    4.184078] ACPI: PCI Root Bridge [PCI0] (domain 0000 [bus 00-ff])
[    4.196422] acpi PNP0A08:00: _OSC: OS supports [ExtendedConfig ASPM ClockPM Segments MSI HPX-Type3]
[    4.418692] acpi PNP0A08:00: _OSC: platform does not support [LTR]
[    4.422792] acpi PNP0A08:00: _OSC: OS now controls [PCIeHotplug PME PCIeCapability]
[    4.733073] acpi PNP0A08:00: ECAM area [mem 0x4010000000-0x401fffffff] reserved by PNP0C02:00
[    4.734592] acpi PNP0A08:00: ECAM at [mem 0x4010000000-0x401fffffff] for [bus 00-ff]
[    4.736804] ACPI: Remapped I/O 0x000000003eff0000 to [io  0x0000-0xffff window]
[    4.754130] PCI host bridge to bus 0000:00
[    4.755611] pci_bus 0000:00: root bus resource [mem 0x10000000-0x3efeffff window]
[    4.756137] pci_bus 0000:00: root bus resource [io  0x0000-0xffff window]
[    4.762691] pci_bus 0000:00: root bus resource [mem 0x8000000000-0xffffffffff window]
[    4.763512] pci_bus 0000:00: root bus resource [bus 00-ff]
[    4.767355] pci 0000:00:00.0: [1b36:0008] type 00 class 0x060000 conventional PCI endpoint
[    4.786502] pci 0000:00:01.0: [8086:100e] type 00 class 0x020000 conventional PCI endpoint
[    4.788597] pci 0000:00:01.0: BAR 0 [mem 0x10040000-0x1005ffff]
[    4.789421] pci 0000:00:01.0: BAR 1 [io  0x0080-0x00bf]
[    4.803788] pci 0000:00:01.0: ROM [mem 0xfffc0000-0xffffffff pref]
[    4.815946] pci 0000:00:02.0: [1af4:1001] type 00 class 0x010000 conventional PCI endpoint
[    4.817337] pci 0000:00:02.0: BAR 0 [io  0x0000-0x007f]
[    4.817759] pci 0000:00:02.0: BAR 1 [mem 0x10060000-0x10060fff]
[    4.818277] pci 0000:00:02.0: BAR 4 [mem 0x8000000000-0x8000003fff 64bit pref]
[    4.831464] pci 0000:00:01.0: ROM [mem 0x10000000-0x1003ffff pref]: assigned
[    4.832400] pci 0000:00:01.0: BAR 0 [mem 0x10040000-0x1005ffff]: assigned
[    4.833148] pci 0000:00:02.0: BAR 4 [mem 0x8000000000-0x8000003fff 64bit pref]: assigned
[    4.833840] pci 0000:00:02.0: BAR 1 [mem 0x10060000-0x10060fff]: assigned
[    4.834247] pci 0000:00:02.0: BAR 0 [io  0x1000-0x107f]: assigned
[    4.834618] pci 0000:00:01.0: BAR 1 [io  0x1080-0x10bf]: assigned
[    4.835518] pci_bus 0000:00: resource 4 [mem 0x10000000-0x3efeffff window]
[    4.835955] pci_bus 0000:00: resource 5 [io  0x0000-0xffff window]
[    4.836292] pci_bus 0000:00: resource 6 [mem 0x8000000000-0xffffffffff window]
[    4.853320] iommu: Default domain type: Translated
[    4.853796] iommu: DMA domain TLB invalidation policy: lazy mode
[    4.916939] efivars: Registered efivars operations
[    4.985154] clocksource: Switched to clocksource arch_sys_counter
[    5.137863] VFS: Disk quotas dquot_6.6.0
[    5.138851] VFS: Dquot-cache hash table entries: 512 (order 0, 4096 bytes)
[    5.165055] pnp: PnP ACPI init
[    5.172248] system 00:00: [mem 0x4010000000-0x401fffffff window] could not be reserved
[    5.213407] pnp: PnP ACPI: found 1 devices
[    5.433073] NET: Registered PF_INET protocol family
[    5.437789] IP idents hash table entries: 32768 (order: 6, 262144 bytes, linear)
[    5.821681] tcp_listen_portaddr_hash hash table entries: 1024 (order: 2, 16384 bytes, linear)
[    5.822665] Table-perturb hash table entries: 65536 (order: 6, 262144 bytes, linear)
[    5.830179] TCP established hash table entries: 16384 (order: 5, 131072 bytes, linear)
[    5.832851] TCP bind hash table entries: 16384 (order: 7, 524288 bytes, linear)
[    5.833951] TCP: Hash tables configured (established 16384 bind 16384)
[    5.838837] MPTCP token hash table entries: 2048 (order: 4, 49152 bytes, linear)
[    5.840223] UDP hash table entries: 1024 (order: 3, 32768 bytes, linear)
[    5.841043] UDP-Lite hash table entries: 1024 (order: 3, 32768 bytes, linear)
[    5.855701] NET: Registered PF_UNIX/PF_LOCAL protocol family
[    6.055430] hrtimer: interrupt took 153320096 ns
[    6.068864] NET: Registered PF_XDP protocol family
[    6.070391] PCI: CLS 0 bytes, default 64
[    6.102941] kvm [1]: HYP mode not available
[    6.105678] Unpacking initramfs...
[    6.120188] Initialise system trusted keyrings
[    6.138992] workingset: timestamp_bits=44 max_order=19 bucket_order=0
[    6.614663] Key type asymmetric registered
[    6.615938] Asymmetric key parser 'x509' registered
[    6.617551] Block layer SCSI generic (bsg) driver version 0.4 loaded (major 249)
[    6.630689] io scheduler mq-deadline registered
[    6.631273] io scheduler kyber registered
[    6.632308] io scheduler bfq registered
[    7.517146] ACPI: \_SB_.L002: Enabled at IRQ 37
[    7.519721] virtio-pci 0000:00:02.0: enabling device (0000 -> 0003)
[    7.738633] Serial: 8250/16550 driver, 4 ports, IRQ sharing enabled
[    7.801863] hv_vmbus: registering driver hyperv_keyboard
[    7.832109] rtc-efi rtc-efi.0: registered as rtc0
[    7.836552] rtc-efi rtc-efi.0: setting system clock to 2026-08-25T02:47:39 UTC (1787626059)
[    7.865437] NET: Registered PF_INET6 protocol family
[    7.935860] Segment Routing with IPv6
[    7.936857] In-situ OAM (IOAM) with IPv6
[    8.134495] registered taskstats version 1
[    8.167244] Loading compiled-in X.509 certificates
[    8.236595] Freeing initrd memory: 5268K
[    8.872220] Loaded X.509 cert 'alpinelinux.org: Alpine Linux kernel key: 87fa969a47f3e2a6aa35859eb932a17c95abcd82'
[    8.999093] Demotion targets for Node 0: null
[    9.002895] Key type .fscrypt registered
[    9.003306] Key type fscrypt-provisioning registered
[    9.154522] clk: Disabling unused clocks
[    9.155990] PM: genpd: Disabling unused power domains
[    9.414009] Freeing unused kernel memory: 1920K
[    9.429476] Run /init as init process
[   12.016153] Alpine Init 3.11.1-r0
Alpine Init 3.11.1-r0
[   12.037764] Loading boot drivers...
 * Loading boot drivers: [   12.349175] Loading boot drivers: ok.
ok.
SIMBOOT: kernel=6.12.103-0-virt
[   12.870614] Invalid ELF header magic: != ELF
[   13.004722] virtio_blk virtio0: 2/0/0 default/read/poll queues
[   13.218579] virtio_blk virtio0: [vda] 1411072 512-byte logical blocks (722 MB/689 MiB)
[   13.436675] Invalid ELF header magic: != ELF
[   13.539029] Invalid ELF header magic: != ELF
[   13.772075] Invalid ELF header magic: != ELF
[   13.888889] Invalid ELF header magic: != ELF
[   14.164902] Invalid ELF header magic: != ELF
[   15.947644] Invalid ELF header magic: != ELF
[   16.121807] e1000: Intel(R) PRO/1000 Network Driver
[   16.122254] e1000: Copyright (c) 1999-2006 Intel Corporation.
[   16.132902] ACPI: \_SB_.L001: Enabled at IRQ 36
[   16.133783] e1000 0000:00:01.0: enabling device (0000 -> 0003)
[   16.965676] e1000 0000:00:01.0 eth0: (PCI:33MHz:32-bit) 52:54:00:12:34:56
[   16.967594] e1000 0000:00:01.0 eth0: Intel(R) PRO/1000 Network Connection
Module                  Size  Used by    Not tainted
e1000                 163840  0 
ext4                  929792  0 
jbd2                  172032  1 ext4
mbcache                20480  1 ext4
crc32c_generic         12288  0 
crc16                  12288  1 ext4
virtio_blk             24576  0 
[   18.287192] EXT4-fs (vda): mounted filesystem 1799a7eb-09df-4b80-8c57-0424de58e445 r/w with ordered data mode. Quota mode: none.
SIMBOOT: root mounted rw, running real mfp.afx with binder stub
[   27.438479] e1000: eth0 NIC Link is Up 1000 Mbps Full Duplex, Flow Control: RX
MFP_PID=445
[   35.485848] random: crng init done
--- GDB PATCH ---
[Thread debugging using libthread_db enabled]
Using host libthread_db library "/lib64/libthread_db.so.1".
0x0000ffff8cf21ae0 in clock_nanosleep () from /lib64/libc.so.6
$1 = 0x0
$2 = 0x0
$3 = 0x0
$4 = 0x0
[Inferior 1 (process 445) detached]
--- CHECK ALIVE ---
62
--- BT DUMP ---
BT_LINES=130
--- THREAD NAMES ---
      6 caller=0xffff8deb6708 <__func__.9>
--- MAIN BT ---
--- UNIX SOCKETS ---
Num       RefCount Protocol Flags    Type St Inode Path
00000000b3efcc4f: 00000003 00000000 00000000 0001 03 59725
000000009ecbc149: 00000003 00000000 00000000 0001 03 59435
000000000bddf5c9: 00000003 00000000 00000000 0001 03 59514
000000007a899e26: 00000003 00000000 00000000 0001 03 59436
00000000a733ce80: 00000003 00000000 00000000 0001 03 59515
00000000e2dcc6e7: 00000003 00000000 00000000 0001 03 58264
0000000045c47fa7: 00000003 00000000 00000000 0001 03 59467
00000000fa872267: 00000003 00000000 00000000 0001 03 59468
00000000e64db831: 00000003 00000000 00000000 0001 03 59544
00000000956aec49: 00000003 00000000 00000000 0001 03 59774
0000000083e5eca5: 00000003 00000000 00000000 0001 03 59773
000000005006c0ee: 00000003 00000000 00000000 0001 03 59726
000000004b0c075d: 00000003 00000000 00000000 0001 03 59543
00000000d68e33bd: 00000003 00000000 00000000 0001 03 58265
0000000088c10274: 00000003 00000000 00000000 0001 03 64100
0000000036313060: 00000003 00000000 00000000 0001 03 52102
000000009e761bd2: 00000003 00000000 00000000 0001 03 64104
00000000e826c9de: 00000003 00000000 00000000 0001 03 64105
00000000c8fcdf7c: 00000003 00000000 00000000 0001 03 52103
00000000cb0d6828: 00000003 00000000 00000000 0001 03 63280
00000000cfb7c598: 00000003 00000000 00000000 0001 03 52101
00000000ed125357: 00000003 00000000 00000000 0001 03 52100
00000000c664b629: 00000003 00000000 00000000 0001 03 59776
0000000044a649fe: 00000003 00000000 00000000 0001 03 52097
00000000d090996b: 00000003 00000000 00000000 0001 03 59777
000000008d191ac3: 00000002 00000000 00000000 0001 01 72275
0000000076c97627: 00000003 00000000 00000000 0001 03 64103
000000000e28abe2: 00000003 00000000 00000000 0001 03 64102
000000008c01cfac: 00000003 00000000 00000000 0001 03 52098
--- PLOG DIR ---
total 4
drwxrwxrwt  4 root root  120 Aug 25 02:47 .
drwxr-xr-x 33 root root 4096 Aug 25 02:47 ..
-rw-r--r--  1 root root    0 Aug 25 02:47 all_topic_0.log
drwxr--r--  2 root root   40 Aug 25 02:47 export
-rw-r--r--  1 root root    0 Aug 25 02:47 pol_log
drwxr--r--  2 root root   40 Aug 25 02:47 upgrade
--- PLOG NET ---
--- FINAL ALIVE ---
63
--- FINAL LISTEN ---
  sl  local_address rem_address   st tx_queue rx_queue tr tm->when retrnsmt   uid  timeout inode                                                     
--- FINAL UNIX ---
32
done
SIMBOOT: mfp run finished, keeping shell
/bin/sh: can't access tty; job control turned off
~ # [6n