UEFI firmware (version edk2-stable202408-prebuilt.qemu.org built at 16:28:50 on Sep 12 2024)
ArmTrngLib could not be correctly initialized.
Error: Image at 000BFDB6000 start failed: 00000001
Error: Image at 000BFD6D000 start failed: Not Found
Error: Image at 000BFCBA000 start failed: Unsupported
Error: Image at 000BFB5E000 start failed: Aborted
Tpm2SubmitCommand - Tcg2 - Not Found
Tpm2GetCapabilityPcrs fail!
Tpm2SubmitCommand - Tcg2 - Not Found
Image type X64 can't be loaded on AARCH64 UEFI system.
[2J[01;01H[=3h[2J[01;01H[2J[01;01H[=3h[2J[01;01HEFI stub: Decompressing Linux Kernel...
EFI stub: Loaded initrd from LINUX_EFI_INITRD_MEDIA_GUID device path
EFI stub: Generating empty DTB
EFI stub: Exiting boot services...
[    0.000000] Booting Linux on physical CPU 0x0000000000 [0x414fd0b1]
[    0.000000] Linux version 6.12.103-0-virt (buildozer@build-3-21-aarch64) (gcc (Alpine 14.2.0) 14.2.0, GNU ld (GNU Binutils) 2.43.1) #1-Alpine SMP PREEMPT_DYNAMIC 2026-08-10 14:25:03
[    0.000000] efi: EFI v2.7 by EDK II
[    0.000000] efi: SMBIOS 3.0=0xbfed0000 MEMATTR=0xbe18b018 ACPI 2.0=0xbcb43018 INITRD=0xbcb40f18 MEMRESERVE=0xbcb40f98 
[    0.000000] ACPI: Early table checksum verification disabled
[    0.000000] ACPI: RSDP 0x00000000BCB43018 000024 (v02 BOCHS )
[    0.000000] ACPI: XSDT 0x00000000BCB43F18 000064 (v01 BOCHS  BXPC     00000001      01000013)
[    0.000000] ACPI: FACP 0x00000000BCB43B18 000114 (v06 BOCHS  BXPC     00000001 BXPC 00000001)
[    0.000000] ACPI: DSDT 0x00000000BCB41018 001506 (v02 BOCHS  BXPC     00000001 BXPC 00000001)
[    0.000000] ACPI: APIC 0x00000000BCB43C98 0000FC (v04 BOCHS  BXPC     00000001 BXPC 00000001)
[    0.000000] ACPI: PPTT 0x00000000BCB43E18 000074 (v02 BOCHS  BXPC     00000001 BXPC 00000001)
[    0.000000] ACPI: GTDT 0x00000000BCB43098 000068 (v03 BOCHS  BXPC     00000001 BXPC 00000001)
[    0.000000] ACPI: MCFG 0x00000000BCB43A98 00003C (v01 BOCHS  BXPC     00000001 BXPC 00000001)
[    0.000000] ACPI: SPCR 0x00000000BCB43818 000050 (v02 BOCHS  BXPC     00000001 BXPC 00000001)
[    0.000000] ACPI: DBG2 0x00000000BCB43A18 000057 (v00 BOCHS  BXPC     00000001 BXPC 00000001)
[    0.000000] ACPI: IORT 0x00000000BCB43898 000054 (v05 BOCHS  BXPC     00000001 BXPC 00000001)
[    0.000000] ACPI: SPCR: console: pl011,mmio32,0x9000000,9600
[    0.000000] ACPI: Use ACPI SPCR as default console: Yes
[    0.000000] NUMA: Faking a node at [mem 0x0000000040000000-0x00000000bfffffff]
[    0.000000] NODE_DATA(0) allocated [mem 0xbf855b80-0xbf857fff]
[    0.000000] Zone ranges:
[    0.000000]   DMA      [mem 0x0000000040000000-0x00000000bfffffff]
[    0.000000]   DMA32    empty
[    0.000000]   Normal   empty
[    0.000000] Movable zone start for each node
[    0.000000] Early memory node ranges
[    0.000000]   node   0: [mem 0x0000000040000000-0x00000000bc76ffff]
[    0.000000]   node   0: [mem 0x00000000bc770000-0x00000000bcb3ffff]
[    0.000000]   node   0: [mem 0x00000000bcb40000-0x00000000bfe1ffff]
[    0.000000]   node   0: [mem 0x00000000bfe20000-0x00000000bfeaffff]
[    0.000000]   node   0: [mem 0x00000000bfeb0000-0x00000000bfebffff]
[    0.000000]   node   0: [mem 0x00000000bfec0000-0x00000000bffdffff]
[    0.000000]   node   0: [mem 0x00000000bffe0000-0x00000000bfffffff]
[    0.000000] Initmem setup node 0 [mem 0x0000000040000000-0x00000000bfffffff]
[    0.000000] psci: probing for conduit method from ACPI.
[    0.000000] psci: PSCIv1.1 detected in firmware.
[    0.000000] psci: Using standard PSCI v0.2 function IDs
[    0.000000] psci: Trusted OS migration not required
[    0.000000] psci: SMC Calling Convention v1.0
[    0.000000] percpu: Embedded 33 pages/cpu s96984 r8192 d29992 u135168
[    0.000000] Detected PIPT I-cache on CPU0
[    0.000000] CPU features: detected: Spectre-v4
[    0.000000] CPU features: detected: Spectre-BHB
[    0.000000] CPU features: detected: Broken broadcast TLBI completion
[    0.000000] CPU features: detected: SSBS not fully self-synchronizing
[    0.000000] alternatives: applying boot alternatives
[    0.000000] Kernel command line: root=/dev/vda rw console=ttyAMA0 initrd=initrd
[    0.000000] Dentry cache hash table entries: 262144 (order: 9, 2097152 bytes, linear)
[    0.000000] Inode-cache hash table entries: 131072 (order: 8, 1048576 bytes, linear)
[    0.000000] Fallback order for Node 0: 0 
[    0.000000] Built 1 zonelists, mobility grouping on.  Total pages: 524288
[    0.000000] Policy zone: DMA
[    0.000000] mem auto-init: stack:all(zero), heap alloc:on, heap free:off
[    0.000000] software IO TLB: SWIOTLB bounce buffer size adjusted to 2MB
[    0.000000] software IO TLB: area num 2.
[    0.000000] software IO TLB: mapped [mem 0x00000000bf2b4000-0x00000000bf4b4000] (2MB)
[    0.000000] SLUB: HWalign=64, Order=0-3, MinObjects=0, CPUs=2, Nodes=1
[    0.000000] Dynamic Preempt: none
[    0.000000] rcu: Preemptible hierarchical RCU implementation.
[    0.000000] rcu: 	RCU restricting CPUs from NR_CPUS=4096 to nr_cpu_ids=2.
[    0.000000] 	Trampoline variant of Tasks RCU enabled.
[    0.000000] 	Tracing variant of Tasks RCU enabled.
[    0.000000] rcu: RCU calculated value of scheduler-enlistment delay is 10 jiffies.
[    0.000000] rcu: Adjusting geometry for rcu_fanout_leaf=16, nr_cpu_ids=2
[    0.000000] RCU Tasks: Setting shift to 1 and lim to 1 rcu_task_cb_adjust=1 rcu_task_cpu_ids=2.
[    0.000000] RCU Tasks Trace: Setting shift to 1 and lim to 1 rcu_task_cb_adjust=1 rcu_task_cpu_ids=2.
[    0.000000] NR_IRQS: 64, nr_irqs: 64, preallocated irqs: 0
[    0.000000] Root IRQ handler: gic_handle_irq
[    0.000000] GICv2m: ACPI overriding V2M MSI_TYPER (base:80, num:64)
[    0.000000] GICv2m: range[mem 0x08020000-0x08020fff], SPI[80:143]
[    0.000000] rcu: srcu_init: Setting srcu_struct sizes based on contention.
[    0.000000] clocksource: jiffies: mask: 0xffffffff max_cycles: 0xffffffff, max_idle_ns: 19112604462750000 ns
[    0.000000] arch_timer: cp15 timer(s) running at 62.50MHz (virt).
[    0.000000] clocksource: arch_sys_counter: mask: 0x1ffffffffffffff max_cycles: 0x1cd42e208c, max_idle_ns: 881590405314 ns
[    0.000459] sched_clock: 57 bits at 63MHz, resolution 16ns, wraps every 4398046511096ns
[    0.135610] kfence: initialized - using 2097152 bytes for 255 objects at 0x(____ptrval____)-0x(____ptrval____)
[    0.307070] Console: colour dummy device 80x25
[    0.384779] ACPI: Core revision 20240827
[    0.569691] Calibrating delay loop (skipped), value calculated using timer frequency.. 125.00 BogoMIPS (lpj=625000)
[    0.571054] pid_max: default: 32768 minimum: 301
[    0.965012] LSM: initializing lsm=lockdown,capability,landlock
[    1.050226] landlock: Up and running.
[    1.124670] Mount-cache hash table entries: 4096 (order: 3, 32768 bytes, linear)
[    1.125129] Mountpoint-cache hash table entries: 4096 (order: 3, 32768 bytes, linear)
[    2.491832] rcu: Hierarchical SRCU implementation.
[    2.492298] rcu: 	Max phase no-delay instances is 1000.
[    2.574851] Timer migration: 1 hierarchy levels; 8 children per group; 1 crossnode level
[    2.716305] Remapping and enabling EFI services.
[    2.819694] smp: Bringing up secondary CPUs ...
[    2.927740] Detected PIPT I-cache on CPU1
[    2.935098] CPU1: Booted secondary processor 0x0000000001 [0x414fd0b1]
[    2.984900] smp: Brought up 1 node, 2 CPUs
[    2.985182] SMP: Total of 2 processors activated.
[    2.985462] CPU: All CPU(s) started at EL1
[    2.986874] CPU features: detected: 32-bit EL0 Support
[    2.987219] CPU features: detected: Data cache clean to the PoU not required for I/D coherence
[    2.987848] CPU features: detected: Common not Private translations
[    2.987958] CPU features: detected: CRC32 instructions
[    2.994977] CPU features: detected: RCpc load-acquire (LDAPR)
[    2.995440] CPU features: detected: LSE atomic instructions
[    2.995489] CPU features: detected: Privileged Access Never
[    2.995515] CPU features: detected: RAS Extension Support
[    2.995781] CPU features: detected: Speculative Store Bypassing Safe (SSBS)
[    3.174577] alternatives: applying system-wide alternatives
[    3.525909] CPU features: detected: Hardware dirty bit management on CPU0-1
[    4.134363] Memory: 2003472K/2097152K available (12608K kernel code, 1950K rwdata, 7812K rodata, 1920K init, 9305K bss, 89376K reserved, 0K cma-reserved)
[    4.873130] devtmpfs: initialized
[    5.343081] futex hash table entries: 512 (order: 3, 32768 bytes, linear)
[    5.363214] 24304 pages in range for non-PLT usage
[    5.364339] 515824 pages in range for PLT usage
[    5.451793] pinctrl core: initialized pinctrl subsystem
[    5.596587] SMBIOS 3.0.0 present.
[    5.598559] DMI: QEMU QEMU Virtual Machine, BIOS edk2-stable202408-prebuilt.qemu.org 08/13/2024
[    5.640146] DMI: Memory slots populated: 1/1
[    6.003123] NET: Registered PF_NETLINK/PF_ROUTE protocol family
[    6.108647] DMA: preallocated 256 KiB GFP_KERNEL pool for atomic allocations
[    6.112489] DMA: preallocated 256 KiB GFP_KERNEL|GFP_DMA pool for atomic allocations
[    6.145798] DMA: preallocated 256 KiB GFP_KERNEL|GFP_DMA32 pool for atomic allocations
[    6.149712] audit: initializing netlink subsys (disabled)
[    6.183670] audit: type=2000 audit(2.380:1): state=initialized audit_enabled=0 res=1
[    6.260011] thermal_sys: Registered thermal governor 'step_wise'
[    6.296584] cpuidle: using governor ladder
[    6.298941] cpuidle: using governor menu
[    6.340262] hw-breakpoint: found 6 breakpoint and 4 watchpoint registers.
[    6.367070] ASID allocator initialised with 65536 entries
[    6.372667] acpiphp: ACPI Hot Plug PCI Controller Driver version: 0.5
[    6.423707] Serial: AMBA PL011 UART driver
[    6.811854] HugeTLB: registered 1.00 GiB page size, pre-allocated 0 pages
[    6.812074] HugeTLB: 0 KiB vmemmap can be freed for a 1.00 GiB page
[    6.812160] HugeTLB: registered 32.0 MiB page size, pre-allocated 0 pages
[    6.812189] HugeTLB: 0 KiB vmemmap can be freed for a 32.0 MiB page
[    6.812229] HugeTLB: registered 2.00 MiB page size, pre-allocated 0 pages
[    6.812254] HugeTLB: 0 KiB vmemmap can be freed for a 2.00 MiB page
[    6.812292] HugeTLB: registered 64.0 KiB page size, pre-allocated 0 pages
[    6.812316] HugeTLB: 0 KiB vmemmap can be freed for a 64.0 KiB page
[    7.207128] ACPI: Added _OSI(Module Device)
[    7.255933] ACPI: Added _OSI(Processor Device)
[    7.256052] ACPI: Added _OSI(Processor Aggregator Device)
[    7.716333] ACPI: 1 ACPI AML tables successfully acquired and loaded
[    7.952174] ACPI: Interpreter enabled
[    7.952398] ACPI: Using GIC for interrupt routing
[    7.956102] ACPI: MCFG table detected, 1 entries
[    8.521506] ACPI: CPU0 has been hot-added
[    8.547028] ACPI: CPU1 has been hot-added
[    8.808966] ARMH0011:00: ttyAMA0 at MMIO 0x9000000 (irq = 12, base_baud = 0) is a SBSA
[    8.825365] printk: legacy console [ttyAMA0] enabled
[    9.973679] ACPI: PCI: Interrupt link L000 configured for IRQ 35
[    9.990011] ACPI: PCI: Interrupt link L001 configured for IRQ 36
[    9.991953] ACPI: PCI: Interrupt link L002 configured for IRQ 37
[   10.008160] ACPI: PCI: Interrupt link L003 configured for IRQ 38
[   10.012638] ACPI: PCI Root Bridge [PCI0] (domain 0000 [bus 00-ff])
[   10.111140] acpi PNP0A08:00: _OSC: OS supports [ExtendedConfig ASPM ClockPM Segments MSI HPX-Type3]
[   10.225163] acpi PNP0A08:00: _OSC: platform does not support [LTR]
[   10.236961] acpi PNP0A08:00: _OSC: OS now controls [PCIeHotplug PME PCIeCapability]
[   10.277638] acpi PNP0A08:00: ECAM area [mem 0x4010000000-0x401fffffff] reserved by PNP0C02:00
[   10.286006] acpi PNP0A08:00: ECAM at [mem 0x4010000000-0x401fffffff] for [bus 00-ff]
[   10.294368] ACPI: Remapped I/O 0x000000003eff0000 to [io  0x0000-0xffff window]
[   10.406308] PCI host bridge to bus 0000:00
[   10.412316] pci_bus 0000:00: root bus resource [mem 0x10000000-0x3efeffff window]
[   10.414563] pci_bus 0000:00: root bus resource [io  0x0000-0xffff window]
[   10.416425] pci_bus 0000:00: root bus resource [mem 0x8000000000-0xffffffffff window]
[   10.419154] pci_bus 0000:00: root bus resource [bus 00-ff]
[   10.447262] pci 0000:00:00.0: [1b36:0008] type 00 class 0x060000 conventional PCI endpoint
[   10.540106] pci 0000:00:01.0: [1af4:1000] type 00 class 0x020000 conventional PCI endpoint
[   10.543792] pci 0000:00:01.0: BAR 0 [io  0x0080-0x009f]
[   10.547654] pci 0000:00:01.0: BAR 1 [mem 0x10041000-0x10041fff]
[   10.553053] pci 0000:00:01.0: BAR 4 [mem 0x8000000000-0x8000003fff 64bit pref]
[   10.582832] pci 0000:00:01.0: ROM [mem 0xfffc0000-0xffffffff pref]
[   10.599375] pci 0000:00:02.0: [1af4:1001] type 00 class 0x010000 conventional PCI endpoint
[   10.600974] pci 0000:00:02.0: BAR 0 [io  0x0000-0x007f]
[   10.602027] pci 0000:00:02.0: BAR 1 [mem 0x10040000-0x10040fff]
[   10.603209] pci 0000:00:02.0: BAR 4 [mem 0x8000004000-0x8000007fff 64bit pref]
[   10.665088] pci 0000:00:01.0: ROM [mem 0x10000000-0x1003ffff pref]: assigned
[   10.699679] pci 0000:00:01.0: BAR 4 [mem 0x8000000000-0x8000003fff 64bit pref]: assigned
[   10.702679] pci 0000:00:02.0: BAR 4 [mem 0x8000004000-0x8000007fff 64bit pref]: assigned
[   10.706236] pci 0000:00:01.0: BAR 1 [mem 0x10040000-0x10040fff]: assigned
[   10.708719] pci 0000:00:02.0: BAR 1 [mem 0x10041000-0x10041fff]: assigned
[   10.710182] pci 0000:00:02.0: BAR 0 [io  0x1000-0x107f]: assigned
[   10.716616] pci 0000:00:01.0: BAR 0 [io  0x1080-0x109f]: assigned
[   10.720240] pci_bus 0000:00: resource 4 [mem 0x10000000-0x3efeffff window]
[   10.740099] pci_bus 0000:00: resource 5 [io  0x0000-0xffff window]
[   10.741611] pci_bus 0000:00: resource 6 [mem 0x8000000000-0xffffffffff window]
[   10.828376] iommu: Default domain type: Translated
[   10.829680] iommu: DMA domain TLB invalidation policy: lazy mode
[   10.986174] efivars: Registered efivars operations
[   11.306171] clocksource: Switched to clocksource arch_sys_counter
[   11.561582] VFS: Disk quotas dquot_6.6.0
[   11.567088] VFS: Dquot-cache hash table entries: 512 (order 0, 4096 bytes)
[   11.629663] pnp: PnP ACPI init
[   11.664517] system 00:00: [mem 0x4010000000-0x401fffffff window] could not be reserved
[   11.686234] pnp: PnP ACPI: found 1 devices
[   13.068124] NET: Registered PF_INET protocol family
[   13.407997] IP idents hash table entries: 32768 (order: 6, 262144 bytes, linear)
[   15.194918] tcp_listen_portaddr_hash hash table entries: 1024 (order: 2, 16384 bytes, linear)
[   15.197915] Table-perturb hash table entries: 65536 (order: 6, 262144 bytes, linear)
[   15.213736] TCP established hash table entries: 16384 (order: 5, 131072 bytes, linear)
[   15.223665] TCP bind hash table entries: 16384 (order: 7, 524288 bytes, linear)
[   15.228956] TCP: Hash tables configured (established 16384 bind 16384)
[   15.280544] MPTCP token hash table entries: 2048 (order: 4, 49152 bytes, linear)
[   15.307096] UDP hash table entries: 1024 (order: 3, 32768 bytes, linear)
[   15.318357] UDP-Lite hash table entries: 1024 (order: 3, 32768 bytes, linear)
[   15.498980] NET: Registered PF_UNIX/PF_LOCAL protocol family
[   15.506382] NET: Registered PF_XDP protocol family
[   15.513473] PCI: CLS 0 bytes, default 64
[   15.680389] kvm [1]: HYP mode not available
[   15.731445] Unpacking initramfs...
[   15.777068] Initialise system trusted keyrings
[   15.910868] workingset: timestamp_bits=44 max_order=19 bucket_order=0
[   17.049277] Key type asymmetric registered
[   17.061628] Asymmetric key parser 'x509' registered
[   17.069366] Block layer SCSI generic (bsg) driver version 0.4 loaded (major 249)
[   17.089733] io scheduler mq-deadline registered
[   17.091532] io scheduler kyber registered
[   17.096585] io scheduler bfq registered
[   17.558321] ACPI: \_SB_.L001: Enabled at IRQ 36
[   17.580837] virtio-pci 0000:00:01.0: enabling device (0000 -> 0003)
[   17.709342] ACPI: \_SB_.L002: Enabled at IRQ 37
[   17.713157] virtio-pci 0000:00:02.0: enabling device (0000 -> 0003)
[   17.769663] Serial: 8250/16550 driver, 4 ports, IRQ sharing enabled
[   18.134442] hv_vmbus: registering driver hyperv_keyboard
[   18.218157] rtc-efi rtc-efi.0: registered as rtc0
[   18.319202] rtc-efi rtc-efi.0: setting system clock to 2026-08-22T06:24:12 UTC (1787379852)
[   18.415465] NET: Registered PF_INET6 protocol family
[   18.704165] Segment Routing with IPv6
[   18.734091] In-situ OAM (IOAM) with IPv6
[   19.480910] registered taskstats version 1
[   19.539506] Loading compiled-in X.509 certificates
[   20.148105] Freeing initrd memory: 5180K
[   22.613100] Loaded X.509 cert 'alpinelinux.org: Alpine Linux kernel key: 87fa969a47f3e2a6aa35859eb932a17c95abcd82'
[   22.809181] Demotion targets for Node 0: null
[   22.821785] Key type .fscrypt registered
[   22.822937] Key type fscrypt-provisioning registered
[   23.092229] clk: Disabling unused clocks
[   23.096118] PM: genpd: Disabling unused power domains
[   23.639302] Freeing unused kernel memory: 1920K
[   23.667465] Run /init as init process
[   25.700068] Alpine Init 3.11.1-r0
Alpine Init 3.11.1-r0
[   26.630444] hrtimer: interrupt took 361508896 ns
[   28.226573] Loading boot drivers...
 * Loading boot drivers: [   29.818849] Loading boot drivers: ok.
ok.
SIMBOOT: kernel=6.12.103-0-virt
[   30.979410] Invalid ELF header magic: != ELF
[   31.740780] virtio_blk virtio1: 2/0/0 default/read/poll queues
[   32.421670] virtio_blk virtio1: [vda] 1411072 512-byte logical blocks (722 MB/689 MiB)
[   33.785879] Invalid ELF header magic: != ELF
[   34.671290] Invalid ELF header magic: != ELF
[   34.950249] Invalid ELF header magic: != ELF
[   35.456439] Invalid ELF header magic: != ELF
[   37.077877] Invalid ELF header magic: != ELF
[   48.732835] EXT4-fs (vda): mounted filesystem 1799a7eb-09df-4b80-8c57-0424de58e445 r/w with ordered data mode. Quota mode: none.
SIMBOOT: root mounted rw, running real mfp.afx
MFP_PID=407
[   84.978063] random: crng init done
MFP_ALIVE_AFTER_45S=yes
=== MFP2 LOG ===
1 mfp process plog lib init 
pntp socket client init 
=== PS ===
USER       PID %CPU %MEM    VSZ   RSS TTY      STAT START   TIME COMMAND
root         1 21.4  0.0   1784  1212 ?        S    06:24   0:20 /bin/sh /init
root         2  0.5  0.0      0     0 ?        S    06:24   0:00 [kthreadd]
root         3  0.0  0.0      0     0 ?        S    06:24   0:00 [pool_workqueue_release]
root         4  0.0  0.0      0     0 ?        I<   06:24   0:00 [kworker/R-kvfree_rcu_reclaim]
root         5  0.0  0.0      0     0 ?        I<   06:24   0:00 [kworker/R-rcu_gp]
root         6  0.0  0.0      0     0 ?        I<   06:24   0:00 [kworker/R-sync_wq]
root         7  0.0  0.0      0     0 ?        I<   06:24   0:00 [kworker/R-slub_flushwq]
root         8  0.0  0.0      0     0 ?        I<   06:24   0:00 [kworker/R-netns]
root         9  0.6  0.0      0     0 ?        I    06:24   0:00 [kworker/0:0-events]
root        10  0.0  0.0      0     0 ?        I<   06:24   0:00 [kworker/0:0H-events_highpri]
root        11  0.0  0.0      0     0 ?        I    06:24   0:00 [kworker/0:1]
root        12  6.2  0.0      0     0 ?        I    06:24   0:05 [kworker/u8:0-events_unbound]
root        13  0.0  0.0      0     0 ?        I<   06:24   0:00 [kworker/R-mm_percpu_wq]
root        14  0.2  0.0      0     0 ?        I    06:24   0:00 [kworker/u8:1-events_unbound]
root        15  0.0  0.0      0     0 ?        I    06:24   0:00 [rcu_tasks_kthread]
root        16  0.0  0.0      0     0 ?        I    06:24   0:00 [rcu_tasks_trace_kthread]
root        17  0.0  0.0      0     0 ?        S    06:24   0:00 [ksoftirqd/0]
root        18  2.7  0.0      0     0 ?        I    06:24   0:02 [rcu_preempt]
root        19  0.0  0.0      0     0 ?        S    06:24   0:00 [rcu_exp_par_gp_kthread_worker/0]
=== DEV ===
ls: cannot access '/dev/binder*': No such file or directory
 /dev/rtc0

/dev/shm:
=== NVRAM ===
total 28
drwxr-xr-x  2 root root  4096 Aug 22 06:25 .
drwxr-xr-x 33 root root  4096 Aug 22 06:24 ..
-rwxr-xr-x  1 root root     0 Jun 10 02:17 .gitkeep
-rw-r--r--  1 root root 20480 Aug 22 06:25 nv.db
SIMBOOT: mfp run finished, keeping shell
/bin/sh: can't access tty; job control turned off
~ # [6n