UEFI firmware (version edk2-stable202408-prebuilt.qemu.org built at 16:28:50 on Sep 12 2024)
ArmTrngLib could not be correctly initialized.
Error: Image at 0013FDB6000 start failed: 00000001
Error: Image at 0013FD6D000 start failed: Not Found
Error: Image at 0013FCBA000 start failed: Unsupported
Error: Image at 0013FB5E000 start failed: Aborted
Tpm2SubmitCommand - Tcg2 - Not Found
Tpm2GetCapabilityPcrs fail!
Tpm2SubmitCommand - Tcg2 - Not Found
Image type X64 can't be loaded on AARCH64 UEFI system.
[2J[01;01H[=3h[2J[01;01H[2J[01;01H[=3h[2J[01;01HEFI stub: Decompressing Linux Kernel...
EFI stub: Loaded initrd from LINUX_EFI_INITRD_MEDIA_GUID device path
EFI stub: Generating empty DTB
EFI stub: Exiting boot services...
[    0.000000] Booting Linux on physical CPU 0x0000000000 [0x414fd0b1]
[    0.000000] Linux version 6.12.103-0-virt (buildozer@build-3-21-aarch64) (gcc (Alpine 14.2.0) 14.2.0, GNU ld (GNU Binutils) 2.43.1) #1-Alpine SMP PREEMPT_DYNAMIC 2026-08-10 14:25:03
[    0.000000] efi: EFI v2.7 by EDK II
[    0.000000] efi: SMBIOS 3.0=0x13fed0000 MEMATTR=0x13e176018 ACPI 2.0=0x13cb43018 INITRD=0x13cb40f18 MEMRESERVE=0x13cb40f98 
[    0.000000] ACPI: Early table checksum verification disabled
[    0.000000] ACPI: RSDP 0x000000013CB43018 000024 (v02 BOCHS )
[    0.000000] ACPI: XSDT 0x000000013CB43F18 000064 (v01 BOCHS  BXPC     00000001      01000013)
[    0.000000] ACPI: FACP 0x000000013CB43B18 000114 (v06 BOCHS  BXPC     00000001 BXPC 00000001)
[    0.000000] ACPI: DSDT 0x000000013CB41018 001506 (v02 BOCHS  BXPC     00000001 BXPC 00000001)
[    0.000000] ACPI: APIC 0x000000013CB43C98 0000FC (v04 BOCHS  BXPC     00000001 BXPC 00000001)
[    0.000000] ACPI: PPTT 0x000000013CB43E18 000074 (v02 BOCHS  BXPC     00000001 BXPC 00000001)
[    0.000000] ACPI: GTDT 0x000000013CB43098 000068 (v03 BOCHS  BXPC     00000001 BXPC 00000001)
[    0.000000] ACPI: MCFG 0x000000013CB43A98 00003C (v01 BOCHS  BXPC     00000001 BXPC 00000001)
[    0.000000] ACPI: SPCR 0x000000013CB43818 000050 (v02 BOCHS  BXPC     00000001 BXPC 00000001)
[    0.000000] ACPI: DBG2 0x000000013CB43A18 000057 (v00 BOCHS  BXPC     00000001 BXPC 00000001)
[    0.000000] ACPI: IORT 0x000000013CB43898 000054 (v05 BOCHS  BXPC     00000001 BXPC 00000001)
[    0.000000] ACPI: SPCR: console: pl011,mmio32,0x9000000,9600
[    0.000000] ACPI: Use ACPI SPCR as default console: Yes
[    0.000000] NUMA: Faking a node at [mem 0x0000000040000000-0x000000013fffffff]
[    0.000000] NODE_DATA(0) allocated [mem 0x13f453b80-0x13f455fff]
[    0.000000] Zone ranges:
[    0.000000]   DMA      [mem 0x0000000040000000-0x00000000ffffffff]
[    0.000000]   DMA32    empty
[    0.000000]   Normal   [mem 0x0000000100000000-0x000000013fffffff]
[    0.000000] Movable zone start for each node
[    0.000000] Early memory node ranges
[    0.000000]   node   0: [mem 0x0000000040000000-0x000000013c76ffff]
[    0.000000]   node   0: [mem 0x000000013c770000-0x000000013cb3ffff]
[    0.000000]   node   0: [mem 0x000000013cb40000-0x000000013fe1ffff]
[    0.000000]   node   0: [mem 0x000000013fe20000-0x000000013feaffff]
[    0.000000]   node   0: [mem 0x000000013feb0000-0x000000013febffff]
[    0.000000]   node   0: [mem 0x000000013fec0000-0x000000013ffdffff]
[    0.000000]   node   0: [mem 0x000000013ffe0000-0x000000013fffffff]
[    0.000000] Initmem setup node 0 [mem 0x0000000040000000-0x000000013fffffff]
[    0.000000] psci: probing for conduit method from ACPI.
[    0.000000] psci: PSCIv1.1 detected in firmware.
[    0.000000] psci: Using standard PSCI v0.2 function IDs
[    0.000000] psci: Trusted OS migration not required
[    0.000000] psci: SMC Calling Convention v1.0
[    0.000000] percpu: Embedded 33 pages/cpu s96984 r8192 d29992 u135168
[    0.000000] Detected PIPT I-cache on CPU0
[    0.000000] CPU features: detected: Spectre-v4
[    0.000000] CPU features: detected: Spectre-BHB
[    0.000000] CPU features: detected: Broken broadcast TLBI completion
[    0.000000] CPU features: detected: SSBS not fully self-synchronizing
[    0.000000] alternatives: applying boot alternatives
[    0.000000] Kernel command line: root=/dev/vda rw console=ttyAMA0 initrd=initrd
[    0.000000] Dentry cache hash table entries: 524288 (order: 10, 4194304 bytes, linear)
[    0.000000] Inode-cache hash table entries: 262144 (order: 9, 2097152 bytes, linear)
[    0.000000] Fallback order for Node 0: 0 
[    0.000000] Built 1 zonelists, mobility grouping on.  Total pages: 1048576
[    0.000000] Policy zone: Normal
[    0.000000] mem auto-init: stack:all(zero), heap alloc:on, heap free:off
[    0.000000] software IO TLB: area num 2.
[    0.000000] software IO TLB: mapped [mem 0x00000000fbfff000-0x00000000fffff000] (64MB)
[    0.000000] SLUB: HWalign=64, Order=0-3, MinObjects=0, CPUs=2, Nodes=1
[    0.000000] Dynamic Preempt: none
[    0.000000] rcu: Preemptible hierarchical RCU implementation.
[    0.000000] rcu: 	RCU restricting CPUs from NR_CPUS=4096 to nr_cpu_ids=2.
[    0.000000] 	Trampoline variant of Tasks RCU enabled.
[    0.000000] 	Tracing variant of Tasks RCU enabled.
[    0.000000] rcu: RCU calculated value of scheduler-enlistment delay is 10 jiffies.
[    0.000000] rcu: Adjusting geometry for rcu_fanout_leaf=16, nr_cpu_ids=2
[    0.000000] RCU Tasks: Setting shift to 1 and lim to 1 rcu_task_cb_adjust=1 rcu_task_cpu_ids=2.
[    0.000000] RCU Tasks Trace: Setting shift to 1 and lim to 1 rcu_task_cb_adjust=1 rcu_task_cpu_ids=2.
[    0.000000] NR_IRQS: 64, nr_irqs: 64, preallocated irqs: 0
[    0.000000] Root IRQ handler: gic_handle_irq
[    0.000000] GICv2m: ACPI overriding V2M MSI_TYPER (base:80, num:64)
[    0.000000] GICv2m: range[mem 0x08020000-0x08020fff], SPI[80:143]
[    0.000000] rcu: srcu_init: Setting srcu_struct sizes based on contention.
[    0.000000] clocksource: jiffies: mask: 0xffffffff max_cycles: 0xffffffff, max_idle_ns: 19112604462750000 ns
[    0.000000] arch_timer: cp15 timer(s) running at 62.50MHz (virt).
[    0.000000] clocksource: arch_sys_counter: mask: 0x1ffffffffffffff max_cycles: 0x1cd42e208c, max_idle_ns: 881590405314 ns
[    0.000083] sched_clock: 57 bits at 63MHz, resolution 16ns, wraps every 4398046511096ns
[    0.014234] kfence: initialized - using 2097152 bytes for 255 objects at 0x(____ptrval____)-0x(____ptrval____)
[    0.037020] Console: colour dummy device 80x25
[    0.064387] ACPI: Core revision 20240827
[    0.080463] Calibrating delay loop (skipped), value calculated using timer frequency.. 125.00 BogoMIPS (lpj=625000)
[    0.080974] pid_max: default: 32768 minimum: 301
[    0.100337] LSM: initializing lsm=lockdown,capability,landlock
[    0.115397] landlock: Up and running.
[    0.121431] Mount-cache hash table entries: 8192 (order: 4, 65536 bytes, linear)
[    0.121610] Mountpoint-cache hash table entries: 8192 (order: 4, 65536 bytes, linear)
[    0.378393] rcu: Hierarchical SRCU implementation.
[    0.378556] rcu: 	Max phase no-delay instances is 1000.
[    0.386170] Timer migration: 1 hierarchy levels; 8 children per group; 1 crossnode level
[    0.461702] Remapping and enabling EFI services.
[    0.471324] smp: Bringing up secondary CPUs ...
[    0.497076] Detected PIPT I-cache on CPU1
[    0.499020] CPU1: Booted secondary processor 0x0000000001 [0x414fd0b1]
[    0.514505] smp: Brought up 1 node, 2 CPUs
[    0.514618] SMP: Total of 2 processors activated.
[    0.514695] CPU: All CPU(s) started at EL1
[    0.515209] CPU features: detected: 32-bit EL0 Support
[    0.515317] CPU features: detected: Data cache clean to the PoU not required for I/D coherence
[    0.515548] CPU features: detected: Common not Private translations
[    0.515568] CPU features: detected: CRC32 instructions
[    0.515982] CPU features: detected: RCpc load-acquire (LDAPR)
[    0.516059] CPU features: detected: LSE atomic instructions
[    0.516071] CPU features: detected: Privileged Access Never
[    0.516080] CPU features: detected: RAS Extension Support
[    0.516160] CPU features: detected: Speculative Store Bypassing Safe (SSBS)
[    0.584006] alternatives: applying system-wide alternatives
[    0.629216] CPU features: detected: Hardware dirty bit management on CPU0-1
[    0.679025] Memory: 3995976K/4194304K available (12608K kernel code, 1950K rwdata, 7812K rodata, 1920K init, 9305K bss, 193644K reserved, 0K cma-reserved)
[    0.748043] devtmpfs: initialized
[    0.795610] futex hash table entries: 512 (order: 3, 32768 bytes, linear)
[    0.797414] 24304 pages in range for non-PLT usage
[    0.797539] 515824 pages in range for PLT usage
[    0.803028] pinctrl core: initialized pinctrl subsystem
[    0.816257] SMBIOS 3.0.0 present.
[    0.816646] DMI: QEMU QEMU Virtual Machine, BIOS edk2-stable202408-prebuilt.qemu.org 08/13/2024
[    0.817018] DMI: Memory slots populated: 1/1
[    0.852100] NET: Registered PF_NETLINK/PF_ROUTE protocol family
[    0.865217] DMA: preallocated 512 KiB GFP_KERNEL pool for atomic allocations
[    0.867683] DMA: preallocated 512 KiB GFP_KERNEL|GFP_DMA pool for atomic allocations
[    0.868756] DMA: preallocated 512 KiB GFP_KERNEL|GFP_DMA32 pool for atomic allocations
[    0.869399] audit: initializing netlink subsys (disabled)
[    0.875802] audit: type=2000 audit(0.460:1): state=initialized audit_enabled=0 res=1
[    0.883433] thermal_sys: Registered thermal governor 'step_wise'
[    0.885733] cpuidle: using governor ladder
[    0.886122] cpuidle: using governor menu
[    0.888516] hw-breakpoint: found 6 breakpoint and 4 watchpoint registers.
[    0.893152] ASID allocator initialised with 65536 entries
[    0.894485] acpiphp: ACPI Hot Plug PCI Controller Driver version: 0.5
[    0.897818] Serial: AMBA PL011 UART driver
[    0.934874] HugeTLB: registered 1.00 GiB page size, pre-allocated 0 pages
[    0.934935] HugeTLB: 0 KiB vmemmap can be freed for a 1.00 GiB page
[    0.934959] HugeTLB: registered 32.0 MiB page size, pre-allocated 0 pages
[    0.934968] HugeTLB: 0 KiB vmemmap can be freed for a 32.0 MiB page
[    0.934982] HugeTLB: registered 2.00 MiB page size, pre-allocated 0 pages
[    0.934990] HugeTLB: 0 KiB vmemmap can be freed for a 2.00 MiB page
[    0.935001] HugeTLB: registered 64.0 KiB page size, pre-allocated 0 pages
[    0.935010] HugeTLB: 0 KiB vmemmap can be freed for a 64.0 KiB page
[    0.999875] ACPI: Added _OSI(Module Device)
[    1.000032] ACPI: Added _OSI(Processor Device)
[    1.000051] ACPI: Added _OSI(Processor Aggregator Device)
[    1.043804] ACPI: 1 ACPI AML tables successfully acquired and loaded
[    1.087410] ACPI: Interpreter enabled
[    1.087488] ACPI: Using GIC for interrupt routing
[    1.095281] ACPI: MCFG table detected, 1 entries
[    1.187873] ACPI: CPU0 has been hot-added
[    1.189514] ACPI: CPU1 has been hot-added
[    1.236324] ARMH0011:00: ttyAMA0 at MMIO 0x9000000 (irq = 12, base_baud = 0) is a SBSA
[    1.239318] printk: legacy console [ttyAMA0] enabled
[    1.353120] ACPI: PCI: Interrupt link L000 configured for IRQ 35
[    1.353851] ACPI: PCI: Interrupt link L001 configured for IRQ 36
[    1.354256] ACPI: PCI: Interrupt link L002 configured for IRQ 37
[    1.354522] ACPI: PCI: Interrupt link L003 configured for IRQ 38
[    1.355908] ACPI: PCI Root Bridge [PCI0] (domain 0000 [bus 00-ff])
[    1.362880] acpi PNP0A08:00: _OSC: OS supports [ExtendedConfig ASPM ClockPM Segments MSI HPX-Type3]
[    1.378064] acpi PNP0A08:00: _OSC: platform does not support [LTR]
[    1.379454] acpi PNP0A08:00: _OSC: OS now controls [PCIeHotplug PME PCIeCapability]
[    1.383406] acpi PNP0A08:00: ECAM area [mem 0x4010000000-0x401fffffff] reserved by PNP0C02:00
[    1.384757] acpi PNP0A08:00: ECAM at [mem 0x4010000000-0x401fffffff] for [bus 00-ff]
[    1.387961] ACPI: Remapped I/O 0x000000003eff0000 to [io  0x0000-0xffff window]
[    1.401144] PCI host bridge to bus 0000:00
[    1.402278] pci_bus 0000:00: root bus resource [mem 0x10000000-0x3efeffff window]
[    1.402609] pci_bus 0000:00: root bus resource [io  0x0000-0xffff window]
[    1.402888] pci_bus 0000:00: root bus resource [mem 0x8000000000-0xffffffffff window]
[    1.403313] pci_bus 0000:00: root bus resource [bus 00-ff]
[    1.405796] pci 0000:00:00.0: [1b36:0008] type 00 class 0x060000 conventional PCI endpoint
[    1.420716] pci 0000:00:01.0: [8086:100e] type 00 class 0x020000 conventional PCI endpoint
[    1.421491] pci 0000:00:01.0: BAR 0 [mem 0x10040000-0x1005ffff]
[    1.422008] pci 0000:00:01.0: BAR 1 [io  0x0080-0x00bf]
[    1.422390] pci 0000:00:01.0: ROM [mem 0xfffc0000-0xffffffff pref]
[    1.428859] pci 0000:00:02.0: [1af4:1001] type 00 class 0x010000 conventional PCI endpoint
[    1.429260] pci 0000:00:02.0: BAR 0 [io  0x0000-0x007f]
[    1.429441] pci 0000:00:02.0: BAR 1 [mem 0x10060000-0x10060fff]
[    1.429703] pci 0000:00:02.0: BAR 4 [mem 0x8000000000-0x8000003fff 64bit pref]
[    1.433751] pci 0000:00:01.0: ROM [mem 0x10000000-0x1003ffff pref]: assigned
[    1.434526] pci 0000:00:01.0: BAR 0 [mem 0x10040000-0x1005ffff]: assigned
[    1.435136] pci 0000:00:02.0: BAR 4 [mem 0x8000000000-0x8000003fff 64bit pref]: assigned
[    1.435727] pci 0000:00:02.0: BAR 1 [mem 0x10060000-0x10060fff]: assigned
[    1.436454] pci 0000:00:02.0: BAR 0 [io  0x1000-0x107f]: assigned
[    1.436916] pci 0000:00:01.0: BAR 1 [io  0x1080-0x10bf]: assigned
[    1.437858] pci_bus 0000:00: resource 4 [mem 0x10000000-0x3efeffff window]
[    1.438125] pci_bus 0000:00: resource 5 [io  0x0000-0xffff window]
[    1.438317] pci_bus 0000:00: resource 6 [mem 0x8000000000-0xffffffffff window]
[    1.449987] iommu: Default domain type: Translated
[    1.450362] iommu: DMA domain TLB invalidation policy: lazy mode
[    1.466757] efivars: Registered efivars operations
[    1.503510] clocksource: Switched to clocksource arch_sys_counter
[    1.520268] VFS: Disk quotas dquot_6.6.0
[    1.521136] VFS: Dquot-cache hash table entries: 512 (order 0, 4096 bytes)
[    1.544535] pnp: PnP ACPI init
[    1.550678] system 00:00: [mem 0x4010000000-0x401fffffff window] could not be reserved
[    1.551777] pnp: PnP ACPI: found 1 devices
[    1.638076] NET: Registered PF_INET protocol family
[    1.646498] IP idents hash table entries: 65536 (order: 7, 524288 bytes, linear)
[    1.735277] tcp_listen_portaddr_hash hash table entries: 2048 (order: 3, 32768 bytes, linear)
[    1.736137] Table-perturb hash table entries: 65536 (order: 6, 262144 bytes, linear)
[    1.736931] TCP established hash table entries: 32768 (order: 6, 262144 bytes, linear)
[    1.738501] TCP bind hash table entries: 32768 (order: 8, 1048576 bytes, linear)
[    1.739252] TCP: Hash tables configured (established 32768 bind 32768)
[    1.746070] MPTCP token hash table entries: 4096 (order: 5, 98304 bytes, linear)
[    1.747331] UDP hash table entries: 2048 (order: 4, 65536 bytes, linear)
[    1.748224] UDP-Lite hash table entries: 2048 (order: 4, 65536 bytes, linear)
[    1.751360] NET: Registered PF_UNIX/PF_LOCAL protocol family
[    1.752385] NET: Registered PF_XDP protocol family
[    1.753057] PCI: CLS 0 bytes, default 64
[    1.760383] kvm [1]: HYP mode not available
[    1.765668] Unpacking initramfs...
[    1.766329] Initialise system trusted keyrings
[    1.796869] workingset: timestamp_bits=44 max_order=20 bucket_order=0
[    1.888847] Key type asymmetric registered
[    1.889291] Asymmetric key parser 'x509' registered
[    1.894615] Block layer SCSI generic (bsg) driver version 0.4 loaded (major 249)
[    1.897270] io scheduler mq-deadline registered
[    1.897579] io scheduler kyber registered
[    1.898138] io scheduler bfq registered
[    1.928097] ACPI: \_SB_.L002: Enabled at IRQ 37
[    1.929422] virtio-pci 0000:00:02.0: enabling device (0000 -> 0003)
[    1.935559] Serial: 8250/16550 driver, 4 ports, IRQ sharing enabled
[    1.952088] hv_vmbus: registering driver hyperv_keyboard
[    1.961519] rtc-efi rtc-efi.0: registered as rtc0
[    1.963475] rtc-efi rtc-efi.0: setting system clock to 2026-09-02T09:07:53 UTC (1788340073)
[    1.967271] NET: Registered PF_INET6 protocol family
[    1.984108] Segment Routing with IPv6
[    1.984578] In-situ OAM (IOAM) with IPv6
[    2.049972] registered taskstats version 1
[    2.056081] Loading compiled-in X.509 certificates
[    2.117920] Freeing initrd memory: 5268K
[    2.516836] Loaded X.509 cert 'alpinelinux.org: Alpine Linux kernel key: 87fa969a47f3e2a6aa35859eb932a17c95abcd82'
[    2.599509] Demotion targets for Node 0: null
[    2.605554] Key type .fscrypt registered
[    2.606002] Key type fscrypt-provisioning registered
[    2.649791] clk: Disabling unused clocks
[    2.650518] PM: genpd: Disabling unused power domains
[    2.746842] Freeing unused kernel memory: 1920K
[    2.751065] Run /init as init process
[    3.027055] Alpine Init 3.11.1-r0
Alpine Init 3.11.1-r0
[    3.036148] Loading boot drivers...
 * Loading boot drivers: [    3.093416] Loading boot drivers: ok.
ok.
SIMBOOT: kernel=6.12.103-0-virt
[    3.153530] Invalid ELF header magic: != ELF
[    3.188717] virtio_blk virtio0: 2/0/0 default/read/poll queues
[    3.219728] virtio_blk virtio0: [vda] 1411072 512-byte logical blocks (722 MB/689 MiB)
[    3.254764] Invalid ELF header magic: != ELF
[    3.271218] Invalid ELF header magic: != ELF
[    3.298320] Invalid ELF header magic: != ELF
[    3.321621] Invalid ELF header magic: != ELF
[    3.385261] Invalid ELF header magic: != ELF
[    3.632824] Invalid ELF header magic: != ELF
[    3.684738] e1000: Intel(R) PRO/1000 Network Driver
[    3.685033] e1000: Copyright (c) 1999-2006 Intel Corporation.
[    3.686746] ACPI: \_SB_.L001: Enabled at IRQ 36
[    3.687266] e1000 0000:00:01.0: enabling device (0000 -> 0003)
[    4.130271] e1000 0000:00:01.0 eth0: (PCI:33MHz:32-bit) 52:54:00:12:34:56
[    4.131641] e1000 0000:00:01.0 eth0: Intel(R) PRO/1000 Network Connection
Module                  Size  Used by    Not tainted
e1000                 163840  0 
ext4                  929792  0 
jbd2                  172032  1 ext4
mbcache                20480  1 ext4
crc32c_generic         12288  0 
crc16                  12288  1 ext4
virtio_blk             24576  0 
[    5.279420] EXT4-fs (vda): mounted filesystem 1799a7eb-09df-4b80-8c57-0424de58e445 r/w with ordered data mode. Quota mode: none.
SIMBOOT: root mounted rw, running real mfp.afx with binder stub
[   16.882693] e1000: eth0 NIC Link is Up 1000 Mbps Full Duplex, Flow Control: RX
=== VHAL: fetch toolchain ===
VHAL_WGET_TC_RC=0
-rw-r--r-- 1 root root 239206400 Sep  2 09:08 /tmp/musl-native.tar
VHAL_WGET_SRC_RC=0
-rw-r--r-- 1 root root 13902 Sep  2 09:08 /tmp/virtual_hal.c
=== VHAL: extract ===
VHAL_TAR_RC=0
-rwxr-xr-x 3 1000 1000 1428240 Nov 22  2021 /tmp/aarch64-linux-musl-native/bin/aarch64-linux-musl-gcc
=== VHAL: compile ===
VHAL_GCC_RC=0
-rwxr-xr-x 1 root root 17056 Sep  2 09:08 /lib/virtual_hal.so
=== VHAL: done ===
MFP_PID=472
[   39.436332] random: crng init done
--- POLL 1: N=11 ---
[Thread debugging using libthread_db enabled]
Using host libthread_db library "/lib64/libthread_db.so.1".
0x0000ffffbad4e1f8 in fsync () from /lib64/libc.so.6
B4: 5c=0 7c=0 80=0 82=0
AF: 5c=1 7c=1 80=1 82=1
[Inferior 1 (process 472) detached]
--- POLL 2: N=22 ---
[   80.904988] hrtimer: interrupt took 97348912 ns
[New LWP 502]
[New LWP 503]
[New LWP 504]
[New LWP 505]
[New LWP 506]
[Inferior 1 (process 472) detached]
--- POLL 3: N=22 ---
[Thread debugging using libthread_db enabled]
Using host libthread_db library "/lib64/libthread_db.so.1".
0x0000ffffbaceb05c in ?? () from /lib64/libc.so.6
B4: 5c=1 7c=1 80=1 82=1
AF: 5c=1 7c=1 80=1 82=1
[Inferior 1 (process 472) detached]
--- POLL 4: N=22 ---
[Thread debugging using libthread_db enabled]
Using host libthread_db library "/lib64/libthread_db.so.1".
0x0000ffffbaceb05c in ?? () from /lib64/libc.so.6
B4: 5c=1 7c=1 80=1 82=1
AF: 5c=1 7c=1 80=1 82=1
[Inferior 1 (process 472) detached]
--- POLL 5: N=22 ---
[Thread debugging using libthread_db enabled]
Using host libthread_db library "/lib64/libthread_db.so.1".
0x0000ffffbaceb05c in ?? () from /lib64/libc.so.6
B4: 5c=1 7c=1 80=1 82=1
AF: 5c=1 7c=1 80=1 82=1
[Inferior 1 (process 472) detached]
--- POLL 6: N=22 ---
[Thread debugging using libthread_db enabled]
Using host libthread_db library "/lib64/libthread_db.so.1".
0x0000ffffbaceb05c in ?? () from /lib64/libc.so.6
B4: 5c=1 7c=1 80=1 82=1
AF: 5c=1 7c=1 80=1 82=1
[Inferior 1 (process 472) detached]
--- POLL 7: N=22 ---
[Thread debugging using libthread_db enabled]
Using host libthread_db library "/lib64/libthread_db.so.1".
0x0000ffffbaceb05c in ?? () from /lib64/libc.so.6
B4: 5c=1 7c=1 80=1 82=1
AF: 5c=1 7c=1 80=1 82=1
[Inferior 1 (process 472) detached]
--- POLL 8: N=22 ---
[Thread debugging using libthread_db enabled]
Using host libthread_db library "/lib64/libthread_db.so.1".
0x0000ffffbaceb05c in ?? () from /lib64/libc.so.6
B4: 5c=1 7c=1 80=1 82=1
AF: 5c=1 7c=1 80=1 82=1
[Inferior 1 (process 472) detached]
--- POLL 9: N=22 ---
[Thread debugging using libthread_db enabled]
Using host libthread_db library "/lib64/libthread_db.so.1".
0x0000ffffbaceb05c in ?? () from /lib64/libc.so.6
B4: 5c=1 7c=1 80=1 82=1
AF: 5c=1 7c=1 80=1 82=1
[Inferior 1 (process 472) detached]
--- BT@POLL9 ---
0x0000ffffbaceb05c in ?? () from /lib64/libc.so.6
[Switching to thread 1 (Thread 0xffffbaa5e960 (LWP 472))]
#0  0x0000ffffbaceb05c in ?? () from /lib64/libc.so.6
#0  0x0000ffffbaceb05c in ?? () from /lib64/libc.so.6
#1  0x0000ffffbacedaf0 in pthread_cond_timedwait () from /lib64/libc.so.6
#2  0x00000000007385bc in wait_panel_result (resource=0x35f87b10) at data_distribution/panel_file.c:332
#3  0x0000000000738dcc in panel_file_open (pathname=0x852e40 "/mnt/serial_num", flags=0, mode=0, err_num=0xfffff3d2e4f0) at data_distribution/panel_file.c:576
#4  0x000000000073ad34 in panel_get_ui_board_serial_num (buf=0xfffff3d2e518 "", buf_size=10) at data_distribution/panel_serial_num.c:24
#5  0x0000000000694120 in platvars_get_panel_board_ssn () at platform/platform_api.c:2482
#6  0x00000000006941d4 in platform_init_other_config () at platform/platform_api.c:2504
#7  0x000000000069440c in platform_prolog () at platform/platform_api.c:2558
[Inferior 1 (process 472) detached]
--- POLL 10: N=22 ---
[Thread debugging using libthread_db enabled]
Using host libthread_db library "/lib64/libthread_db.so.1".
0x0000ffffbaceb05c in ?? () from /lib64/libc.so.6
B4: 5c=1 7c=1 80=1 82=1
AF: 5c=1 7c=1 80=1 82=1
[Inferior 1 (process 472) detached]
--- POLL 11: N=22 ---
[Thread debugging using libthread_db enabled]
Using host libthread_db library "/lib64/libthread_db.so.1".
0x0000ffffbaceb05c in ?? () from /lib64/libc.so.6
B4: 5c=1 7c=1 80=1 82=1
AF: 5c=1 7c=1 80=1 82=1
[Inferior 1 (process 472) detached]
--- POLL 12: N=22 ---
[Thread debugging using libthread_db enabled]
Using host libthread_db library "/lib64/libthread_db.so.1".
0x0000ffffbaceb05c in ?? () from /lib64/libc.so.6
B4: 5c=1 7c=1 80=1 82=1
AF: 5c=1 7c=1 80=1 82=1
[Inferior 1 (process 472) detached]
--- POLL 13: N=22 ---
[Thread debugging using libthread_db enabled]
Using host libthread_db library "/lib64/libthread_db.so.1".
0x0000ffffbaceb05c in ?? () from /lib64/libc.so.6
B4: 5c=1 7c=1 80=1 82=1
AF: 5c=1 7c=1 80=1 82=1
[Inferior 1 (process 472) detached]
--- POLL 14: N=22 ---
[Thread debugging using libthread_db enabled]
Using host libthread_db library "/lib64/libthread_db.so.1".
0x0000ffffbaceb05c in ?? () from /lib64/libc.so.6
B4: 5c=1 7c=1 80=1 82=1
AF: 5c=1 7c=1 80=1 82=1
[Inferior 1 (process 472) detached]
--- POLL 15: N=22 ---
[Thread debugging using libthread_db enabled]
Using host libthread_db library "/lib64/libthread_db.so.1".
0x0000ffffbaceb05c in ?? () from /lib64/libc.so.6
B4: 5c=1 7c=1 80=1 82=1
AF: 5c=1 7c=1 80=1 82=1
[Inferior 1 (process 472) detached]
--- POLL 16: N=22 ---
[Thread debugging using libthread_db enabled]
Using host libthread_db library "/lib64/libthread_db.so.1".
0x0000ffffbaceb05c in ?? () from /lib64/libc.so.6
B4: 5c=1 7c=1 80=1 82=1
AF: 5c=1 7c=1 80=1 82=1
[Inferior 1 (process 472) detached]
--- POLL 17: N=22 ---
[Thread debugging using libthread_db enabled]
Using host libthread_db library "/lib64/libthread_db.so.1".
0x0000ffffbaceb05c in ?? () from /lib64/libc.so.6
B4: 5c=1 7c=1 80=1 82=1
AF: 5c=1 7c=1 80=1 82=1
[Inferior 1 (process 472) detached]
--- POLL 18: N=22 ---
[Thread debugging using libthread_db enabled]
Using host libthread_db library "/lib64/libthread_db.so.1".
0x0000ffffbaceb05c in ?? () from /lib64/libc.so.6
B4: 5c=1 7c=1 80=1 82=1
AF: 5c=1 7c=1 80=1 82=1
[Inferior 1 (process 472) detached]
--- BT@POLL18 ---
0x0000ffffbaceb05c in ?? () from /lib64/libc.so.6
[Switching to thread 1 (Thread 0xffffbaa5e960 (LWP 472))]
#0  0x0000ffffbaceb05c in ?? () from /lib64/libc.so.6
#0  0x0000ffffbaceb05c in ?? () from /lib64/libc.so.6
#1  0x0000ffffbacedaf0 in pthread_cond_timedwait () from /lib64/libc.so.6
#2  0x00000000007385bc in wait_panel_result (resource=0x35f87b10) at data_distribution/panel_file.c:332
#3  0x0000000000738dcc in panel_file_open (pathname=0x852e40 "/mnt/serial_num", flags=0, mode=0, err_num=0xfffff3d2e4f0) at data_distribution/panel_file.c:576
#4  0x000000000073ad34 in panel_get_ui_board_serial_num (buf=0xfffff3d2e518 "", buf_size=10) at data_distribution/panel_serial_num.c:24
#5  0x0000000000694120 in platvars_get_panel_board_ssn () at platform/platform_api.c:2482
#6  0x00000000006941d4 in platform_init_other_config () at platform/platform_api.c:2504
#7  0x000000000069440c in platform_prolog () at platform/platform_api.c:2558
[Inferior 1 (process 472) detached]
--- POLL 19: N=22 ---
[Thread debugging using libthread_db enabled]
Using host libthread_db library "/lib64/libthread_db.so.1".
0x0000ffffbaceb05c in ?? () from /lib64/libc.so.6
B4: 5c=1 7c=1 80=1 82=1
AF: 5c=1 7c=1 80=1 82=1
[Inferior 1 (process 472) detached]
--- POLL 20: N=22 ---
[Thread debugging using libthread_db enabled]
Using host libthread_db library "/lib64/libthread_db.so.1".
0x0000ffffbaceb05c in ?? () from /lib64/libc.so.6
B4: 5c=1 7c=1 80=1 82=1
AF: 5c=1 7c=1 80=1 82=1
[Inferior 1 (process 472) detached]
--- POLL 21: N=22 ---
[Thread debugging using libthread_db enabled]
Using host libthread_db library "/lib64/libthread_db.so.1".
0x0000ffffbaceb05c in ?? () from /lib64/libc.so.6
B4: 5c=1 7c=1 80=1 82=1
AF: 5c=1 7c=1 80=1 82=1
[Inferior 1 (process 472) detached]
--- POLL 22: N=22 ---
[Thread debugging using libthread_db enabled]
Using host libthread_db library "/lib64/libthread_db.so.1".
0x0000ffffbaceb05c in ?? () from /lib64/libc.so.6
B4: 5c=1 7c=1 80=1 82=1
AF: 5c=1 7c=1 80=1 82=1
[Inferior 1 (process 472) detached]
--- POLL 23: N=22 ---
[Thread debugging using libthread_db enabled]
Using host libthread_db library "/lib64/libthread_db.so.1".
0x0000ffffbaceb05c in ?? () from /lib64/libc.so.6
B4: 5c=1 7c=1 80=1 82=1
AF: 5c=1 7c=1 80=1 82=1
[Inferior 1 (process 472) detached]
--- POLL 24: N=22 ---
[Thread debugging using libthread_db enabled]
Using host libthread_db library "/lib64/libthread_db.so.1".
0x0000ffffbaceb05c in ?? () from /lib64/libc.so.6
B4: 5c=1 7c=1 80=1 82=1
AF: 5c=1 7c=1 80=1 82=1
[Inferior 1 (process 472) detached]
--- POLL 25: N=22 ---
[Thread debugging using libthread_db enabled]
Using host libthread_db library "/lib64/libthread_db.so.1".
0x0000ffffbaceb05c in ?? () from /lib64/libc.so.6
B4: 5c=1 7c=1 80=1 82=1
AF: 5c=1 7c=1 80=1 82=1
[Inferior 1 (process 472) detached]
--- POLL 26: N=22 ---
[Thread debugging using libthread_db enabled]
Using host libthread_db library "/lib64/libthread_db.so.1".
0x0000ffffbaceb05c in ?? () from /lib64/libc.so.6
B4: 5c=1 7c=1 80=1 82=1
AF: 5c=1 7c=1 80=1 82=1
[Inferior 1 (process 472) detached]
--- POLL 27: N=22 ---
[Thread debugging using libthread_db enabled]
Using host libthread_db library "/lib64/libthread_db.so.1".
0x0000ffffbaceb05c in ?? () from /lib64/libc.so.6
B4: 5c=1 7c=1 80=1 82=1
AF: 5c=1 7c=1 80=1 82=1
[Inferior 1 (process 472) detached]
--- BT@POLL27 ---
0x0000ffffbaceb05c in ?? () from /lib64/libc.so.6
[Switching to thread 1 (Thread 0xffffbaa5e960 (LWP 472))]
#0  0x0000ffffbaceb05c in ?? () from /lib64/libc.so.6
#0  0x0000ffffbaceb05c in ?? () from /lib64/libc.so.6
#1  0x0000ffffbacedaf0 in pthread_cond_timedwait () from /lib64/libc.so.6
#2  0x00000000007385bc in wait_panel_result (resource=0x35f87b10) at data_distribution/panel_file.c:332
#3  0x0000000000738dcc in panel_file_open (pathname=0x852e40 "/mnt/serial_num", flags=0, mode=0, err_num=0xfffff3d2e4f0) at data_distribution/panel_file.c:576
#4  0x000000000073ad34 in panel_get_ui_board_serial_num (buf=0xfffff3d2e518 "", buf_size=10) at data_distribution/panel_serial_num.c:24
#5  0x0000000000694120 in platvars_get_panel_board_ssn () at platform/platform_api.c:2482
#6  0x00000000006941d4 in platform_init_other_config () at platform/platform_api.c:2504
#7  0x000000000069440c in platform_prolog () at platform/platform_api.c:2558
[Inferior 1 (process 472) detached]
--- POLL 28: N=22 ---
[Thread debugging using libthread_db enabled]
Using host libthread_db library "/lib64/libthread_db.so.1".
0x0000ffffbaceb05c in ?? () from /lib64/libc.so.6
B4: 5c=1 7c=1 80=1 82=1
AF: 5c=1 7c=1 80=1 82=1
[Inferior 1 (process 472) detached]
--- POLL 29: N=22 ---
[Thread debugging using libthread_db enabled]
Using host libthread_db library "/lib64/libthread_db.so.1".
0x0000ffffbaceb05c in ?? () from /lib64/libc.so.6
B4: 5c=1 7c=1 80=1 82=1
AF: 5c=1 7c=1 80=1 82=1
[Inferior 1 (process 472) detached]
--- POLL 30: N=22 ---
[Thread debugging using libthread_db enabled]
Using host libthread_db library "/lib64/libthread_db.so.1".
0x0000ffffbaceb05c in ?? () from /lib64/libc.so.6
B4: 5c=1 7c=1 80=1 82=1
AF: 5c=1 7c=1 80=1 82=1
[Inferior 1 (process 472) detached]
--- POLL 31: N=22 ---
[Thread debugging using libthread_db enabled]
Using host libthread_db library "/lib64/libthread_db.so.1".
0x0000ffffbaceb05c in ?? () from /lib64/libc.so.6
B4: 5c=1 7c=1 80=1 82=1
AF: 5c=1 7c=1 80=1 82=1
[Inferior 1 (process 472) detached]
--- POLL 32: N=22 ---
[Thread debugging using libthread_db enabled]
Using host libthread_db library "/lib64/libthread_db.so.1".
0x0000ffffbaceb05c in ?? () from /lib64/libc.so.6
B4: 5c=1 7c=1 80=1 82=1
AF: 5c=1 7c=1 80=1 82=1
[Inferior 1 (process 472) detached]
--- POLL 33: N=22 ---
[Thread debugging using libthread_db enabled]
Using host libthread_db library "/lib64/libthread_db.so.1".
0x0000ffffbaceb05c in ?? () from /lib64/libc.so.6
B4: 5c=1 7c=1 80=1 82=1
AF: 5c=1 7c=1 80=1 82=1
[Inferior 1 (process 472) detached]
--- POLL 34: N=22 ---
[Thread debugging using libthread_db enabled]
Using host libthread_db library "/lib64/libthread_db.so.1".
0x0000ffffbaceb05c in ?? () from /lib64/libc.so.6
B4: 5c=1 7c=1 80=1 82=1
AF: 5c=1 7c=1 80=1 82=1
[Inferior 1 (process 472) detached]
--- POLL 35: N=22 ---
[Thread debugging using libthread_db enabled]
Using host libthread_db library "/lib64/libthread_db.so.1".
0x0000ffffbaceb05c in ?? () from /lib64/libc.so.6
B4: 5c=1 7c=1 80=1 82=1
AF: 5c=1 7c=1 80=1 82=1
[Inferior 1 (process 472) detached]
--- POLL 36: N=22 ---
[Thread debugging using libthread_db enabled]
Using host libthread_db library "/lib64/libthread_db.so.1".
0x0000ffffbaceb05c in ?? () from /lib64/libc.so.6
B4: 5c=1 7c=1 80=1 82=1
AF: 5c=1 7c=1 80=1 82=1
[Inferior 1 (process 472) detached]
--- BT@POLL36 ---
0x0000ffffbaceb05c in ?? () from /lib64/libc.so.6
[Switching to thread 1 (Thread 0xffffbaa5e960 (LWP 472))]
#0  0x0000ffffbaceb05c in ?? () from /lib64/libc.so.6
#0  0x0000ffffbaceb05c in ?? () from /lib64/libc.so.6
#1  0x0000ffffbacedaf0 in pthread_cond_timedwait () from /lib64/libc.so.6
#2  0x00000000007385bc in wait_panel_result (resource=0x35f87b10) at data_distribution/panel_file.c:332
#3  0x0000000000738dcc in panel_file_open (pathname=0x852e40 "/mnt/serial_num", flags=0, mode=0, err_num=0xfffff3d2e4f0) at data_distribution/panel_file.c:576
#4  0x000000000073ad34 in panel_get_ui_board_serial_num (buf=0xfffff3d2e518 "", buf_size=10) at data_distribution/panel_serial_num.c:24
#5  0x0000000000694120 in platvars_get_panel_board_ssn () at platform/platform_api.c:2482
#6  0x00000000006941d4 in platform_init_other_config () at platform/platform_api.c:2504
#7  0x000000000069440c in platform_prolog () at platform/platform_api.c:2558
[Inferior 1 (process 472) detached]
--- POLL 37: N=22 ---
[Thread debugging using libthread_db enabled]
Using host libthread_db library "/lib64/libthread_db.so.1".
0x0000ffffbaceb05c in ?? () from /lib64/libc.so.6
B4: 5c=1 7c=1 80=1 82=1
AF: 5c=1 7c=1 80=1 82=1
[Inferior 1 (process 472) detached]
--- POLL 38: N=22 ---
[Thread debugging using libthread_db enabled]
Using host libthread_db library "/lib64/libthread_db.so.1".
0x0000ffffbaceb05c in ?? () from /lib64/libc.so.6
B4: 5c=1 7c=1 80=1 82=1
AF: 5c=1 7c=1 80=1 82=1
[Inferior 1 (process 472) detached]
--- POLL 39: N=22 ---
[Thread debugging using libthread_db enabled]
Using host libthread_db library "/lib64/libthread_db.so.1".
0x0000ffffbaceb05c in ?? () from /lib64/libc.so.6
B4: 5c=1 7c=1 80=1 82=1
AF: 5c=1 7c=1 80=1 82=1
[Inferior 1 (process 472) detached]
--- POLL 40: N=22 ---
[Thread debugging using libthread_db enabled]
Using host libthread_db library "/lib64/libthread_db.so.1".
0x0000ffffbaceb05c in ?? () from /lib64/libc.so.6
B4: 5c=1 7c=1 80=1 82=1
AF: 5c=1 7c=1 80=1 82=1
[Inferior 1 (process 472) detached]
--- POLL 41: N=22 ---
[Thread debugging using libthread_db enabled]
Using host libthread_db library "/lib64/libthread_db.so.1".
0x0000ffffbaceb05c in ?? () from /lib64/libc.so.6
B4: 5c=1 7c=1 80=1 82=1
AF: 5c=1 7c=1 80=1 82=1
[Inferior 1 (process 472) detached]
--- POLL 42: N=22 ---
[Thread debugging using libthread_db enabled]
Using host libthread_db library "/lib64/libthread_db.so.1".
0x0000ffffbaceb05c in ?? () from /lib64/libc.so.6
B4: 5c=1 7c=1 80=1 82=1
AF: 5c=1 7c=1 80=1 82=1
[Inferior 1 (process 472) detached]
--- POLL 43: N=22 ---
[Thread debugging using libthread_db enabled]
Using host libthread_db library "/lib64/libthread_db.so.1".
0x0000ffffbaceb05c in ?? () from /lib64/libc.so.6
B4: 5c=1 7c=1 80=1 82=1
AF: 5c=1 7c=1 80=1 82=1
[Inferior 1 (process 472) detached]
--- POLL 44: N=22 ---
[Thread debugging using libthread_db enabled]
Using host libthread_db library "/lib64/libthread_db.so.1".
0x0000ffffbaceb05c in ?? () from /lib64/libc.so.6
B4: 5c=1 7c=1 80=1 82=1
AF: 5c=1 7c=1 80=1 82=1
[Inferior 1 (process 472) detached]
--- POLL 45: N=22 ---
[Thread debugging using libthread_db enabled]
Using host libthread_db library "/lib64/libthread_db.so.1".
0x0000ffffbaceb05c in ?? () from /lib64/libc.so.6
B4: 5c=1 7c=1 80=1 82=1
AF: 5c=1 7c=1 80=1 82=1
[Inferior 1 (process 472) detached]
--- BT@POLL45 ---
0x0000ffffbaceb05c in ?? () from /lib64/libc.so.6
[Switching to thread 1 (Thread 0xffffbaa5e960 (LWP 472))]
#0  0x0000ffffbaceb05c in ?? () from /lib64/libc.so.6
#0  0x0000ffffbaceb05c in ?? () from /lib64/libc.so.6
#1  0x0000ffffbacedaf0 in pthread_cond_timedwait () from /lib64/libc.so.6
#2  0x00000000007385bc in wait_panel_result (resource=0x35f87b10) at data_distribution/panel_file.c:332
#3  0x0000000000738dcc in panel_file_open (pathname=0x852e40 "/mnt/serial_num", flags=0, mode=0, err_num=0xfffff3d2e4f0) at data_distribution/panel_file.c:576
#4  0x000000000073ad34 in panel_get_ui_board_serial_num (buf=0xfffff3d2e518 "", buf_size=10) at data_distribution/panel_serial_num.c:24
#5  0x0000000000694120 in platvars_get_panel_board_ssn () at platform/platform_api.c:2482
#6  0x00000000006941d4 in platform_init_other_config () at platform/platform_api.c:2504
#7  0x000000000069440c in platform_prolog () at platform/platform_api.c:2558
[Inferior 1 (process 472) detached]
--- POLL 46: N=22 ---
[Thread debugging using libthread_db enabled]
Using host libthread_db library "/lib64/libthread_db.so.1".
0x0000ffffbaceb05c in ?? () from /lib64/libc.so.6
B4: 5c=1 7c=1 80=1 82=1
AF: 5c=1 7c=1 80=1 82=1
[Inferior 1 (process 472) detached]
--- POLL 47: N=22 ---
[Thread debugging using libthread_db enabled]
Using host libthread_db library "/lib64/libthread_db.so.1".
0x0000ffffbaceb05c in ?? () from /lib64/libc.so.6
B4: 5c=1 7c=1 80=1 82=1
AF: 5c=1 7c=1 80=1 82=1
[Inferior 1 (process 472) detached]
--- POLL 48: N=22 ---
[Thread debugging using libthread_db enabled]
Using host libthread_db library "/lib64/libthread_db.so.1".
0x0000ffffbaceb05c in ?? () from /lib64/libc.so.6
B4: 5c=1 7c=1 80=1 82=1
AF: 5c=1 7c=1 80=1 82=1
[Inferior 1 (process 472) detached]
--- POLL 49: N=22 ---
[Thread debugging using libthread_db enabled]
Using host libthread_db library "/lib64/libthread_db.so.1".
0x0000ffffbaceb05c in ?? () from /lib64/libc.so.6
B4: 5c=1 7c=1 80=1 82=1
AF: 5c=1 7c=1 80=1 82=1
[Inferior 1 (process 472) detached]
--- POLL 50: N=22 ---
[Thread debugging using libthread_db enabled]
Using host libthread_db library "/lib64/libthread_db.so.1".
0x0000ffffbaceb05c in ?? () from /lib64/libc.so.6
B4: 5c=1 7c=1 80=1 82=1
AF: 5c=1 7c=1 80=1 82=1
[Inferior 1 (process 472) detached]
--- POLL 51: N=22 ---
[Thread debugging using libthread_db enabled]
Using host libthread_db library "/lib64/libthread_db.so.1".
0x0000ffffbaceb05c in ?? () from /lib64/libc.so.6
B4: 5c=1 7c=1 80=1 82=1
AF: 5c=1 7c=1 80=1 82=1
[Inferior 1 (process 472) detached]
--- POLL 52: N=22 ---
[Thread debugging using libthread_db enabled]
Using host libthread_db library "/lib64/libthread_db.so.1".
0x0000ffffbaceb05c in ?? () from /lib64/libc.so.6
B4: 5c=1 7c=1 80=1 82=1
AF: 5c=1 7c=1 80=1 82=1
[Inferior 1 (process 472) detached]
--- POLL 53: N=22 ---
[Thread debugging using libthread_db enabled]
Using host libthread_db library "/lib64/libthread_db.so.1".
0x0000ffffbaceb05c in ?? () from /lib64/libc.so.6
B4: 5c=1 7c=1 80=1 82=1
AF: 5c=1 7c=1 80=1 82=1
[Inferior 1 (process 472) detached]
--- POLL 54: N=22 ---
[Thread debugging using libthread_db enabled]
Using host libthread_db library "/lib64/libthread_db.so.1".
0x0000ffffbaceb05c in ?? () from /lib64/libc.so.6
B4: 5c=1 7c=1 80=1 82=1
AF: 5c=1 7c=1 80=1 82=1
[Inferior 1 (process 472) detached]
--- BT@POLL54 ---
0x0000ffffbaceb05c in ?? () from /lib64/libc.so.6
[Switching to thread 1 (Thread 0xffffbaa5e960 (LWP 472))]
#0  0x0000ffffbaceb05c in ?? () from /lib64/libc.so.6
#0  0x0000ffffbaceb05c in ?? () from /lib64/libc.so.6
#1  0x0000ffffbacedaf0 in pthread_cond_timedwait () from /lib64/libc.so.6
#2  0x00000000007385bc in wait_panel_result (resource=0x35f87b10) at data_distribution/panel_file.c:332
#3  0x0000000000738dcc in panel_file_open (pathname=0x852e40 "/mnt/serial_num", flags=0, mode=0, err_num=0xfffff3d2e4f0) at data_distribution/panel_file.c:576
#4  0x000000000073ad34 in panel_get_ui_board_serial_num (buf=0xfffff3d2e518 "", buf_size=10) at data_distribution/panel_serial_num.c:24
#5  0x0000000000694120 in platvars_get_panel_board_ssn () at platform/platform_api.c:2482
#6  0x00000000006941d4 in platform_init_other_config () at platform/platform_api.c:2504
#7  0x000000000069440c in platform_prolog () at platform/platform_api.c:2558
[Inferior 1 (process 472) detached]
--- POLL 55: N=22 ---
[Thread debugging using libthread_db enabled]
Using host libthread_db library "/lib64/libthread_db.so.1".
0x0000ffffbaceb05c in ?? () from /lib64/libc.so.6
B4: 5c=1 7c=1 80=1 82=1
AF: 5c=1 7c=1 80=1 82=1
[Inferior 1 (process 472) detached]
--- POLL 56: N=22 ---
[Thread debugging using libthread_db enabled]
Using host libthread_db library "/lib64/libthread_db.so.1".
0x0000ffffbaceb05c in ?? () from /lib64/libc.so.6
B4: 5c=1 7c=1 80=1 82=1
AF: 5c=1 7c=1 80=1 82=1
[Inferior 1 (process 472) detached]
--- POLL 57: N=22 ---
[Thread debugging using libthread_db enabled]
Using host libthread_db library "/lib64/libthread_db.so.1".
0x0000ffffbaceb05c in ?? () from /lib64/libc.so.6
B4: 5c=1 7c=1 80=1 82=1
AF: 5c=1 7c=1 80=1 82=1
[Inferior 1 (process 472) detached]
--- POLL 58: N=22 ---
[Thread debugging using libthread_db enabled]
Using host libthread_db library "/lib64/libthread_db.so.1".
0x0000ffffbaceb05c in ?? () from /lib64/libc.so.6
B4: 5c=1 7c=1 80=1 82=1
AF: 5c=1 7c=1 80=1 82=1
[Inferior 1 (process 472) detached]
--- POLL 59: N=22 ---
[Thread debugging using libthread_db enabled]
Using host libthread_db library "/lib64/libthread_db.so.1".
0x0000ffffbaceb05c in ?? () from /lib64/libc.so.6
B4: 5c=1 7c=1 80=1 82=1
AF: 5c=1 7c=1 80=1 82=1
[Inferior 1 (process 472) detached]
--- POLL 60: N=22 ---
[Thread debugging using libthread_db enabled]
Using host libthread_db library "/lib64/libthread_db.so.1".
0x0000ffffbaceb05c in ?? () from /lib64/libc.so.6
B4: 5c=1 7c=1 80=1 82=1
AF: 5c=1 7c=1 80=1 82=1
[Inferior 1 (process 472) detached]
--- ALIVE ---
22
--- LISTEN TCP ---
  sl  local_address rem_address   st tx_queue rx_queue tr tm->when retrnsmt   uid  timeout inode                                                     
SIMBOOT_LPD_HEX=
SIMBOOT_LPD_PORT=NONE
--- HALD LOG ---
2147483648 hal_daemon process plog lib init 
--- PLOGD LOG ---
--- CMD REG TABLE ---
[New LWP 474]
[New LWP 475]
[New LWP 476]
[New LWP 477]
[New LWP 478]
[New LWP 479]
[New LWP 480]
[New LWP 481]
[New LWP 482]
[New LWP 483]
[New LWP 496]
[New LWP 497]
[New LWP 498]
[New LWP 499]
[New LWP 500]
[New LWP 501]
[New LWP 502]
[New LWP 503]
[New LWP 504]
[New LWP 505]
[New LWP 506]
[Thread debugging using libthread_db enabled]
Using host libthread_db library "/lib64/libthread_db.so.1".
0x0000ffffbaceb05c in ?? () from /lib64/libc.so.6
warning: could not convert '$h' from the host encoding (ANSI_X3.4-1968) to UTF-32.
This normally should not happen, please file a bug report.
node=0x35f86d00 cmd=0xd cb=0x6b7570 arg=(nil)
node=0x910e20 cmd=0x1 cb=0x100000001 arg=0x30b00002
node=0x35f86d00 cmd=0xd cb=0x6b7570 arg=(nil)
node=0x910e20 cmd=0x1 cb=0x100000001 arg=0x30b00002
node=0x35f86d00 cmd=0xd cb=0x6b7570 arg=(nil)
node=0x910e20 cmd=0x1 cb=0x100000001 arg=0x30b00002
node=0x35f86d00 cmd=0xd cb=0x6b7570 arg=(nil)
node=0x910e20 cmd=0x1 cb=0x100000001 arg=0x30b00002
node=0x35f86d00 cmd=0xd cb=0x6b7570 arg=(nil)
node=0x910e20 cmd=0x1 cb=0x100000001 arg=0x30b00002
node=0x35f86d00 cmd=0xd cb=0x6b7570 arg=(nil)
node=0x910e20 cmd=0x1 cb=0x100000001 arg=0x30b00002
node=0x35f86d00 cmd=0xd cb=0x6b7570 arg=(nil)
node=0x910e20 cmd=0x1 cb=0x100000001 arg=0x30b00002
node=0x35f86d00 cmd=0xd cb=0x6b7570 arg=(nil)
node=0x910e20 cmd=0x1 cb=0x100000001 arg=0x30b00002
node=0x35f86d00 cmd=0xd cb=0x6b7570 arg=(nil)
node=0x910e20 cmd=0x1 cb=0x100000001 arg=0x30b00002
node=0x35f86d00 cmd=0xd cb=0x6b7570 arg=(nil)
node=0x910e20 cmd=0x1 cb=0x100000001 arg=0x30b00002
node=0x35f86d00 cmd=0xd cb=0x6b7570 arg=(nil)
node=0x910e20 cmd=0x1 cb=0x100000001 arg=0x30b00002
node=0x35f86d00 cmd=0xd cb=0x6b7570 arg=(nil)
node=0x910e20 cmd=0x1 cb=0x100000001 arg=0x30b00002
node=0x35f86d00 cmd=0xd cb=0x6b7570 arg=(nil)
node=0x910e20 cmd=0x1 cb=0x100000001 arg=0x30b00002
node=0x35f86d00 cmd=0xd cb=0x6b7570 arg=(nil)
node=0x910e20 cmd=0x1 cb=0x100000001 arg=0x30b00002
node=0x35f86d00 cmd=0xd cb=0x6b7570 arg=(nil)
node=0x910e20 cmd=0x1 cb=0x100000001 arg=0x30b00002
node=0x35f86d00 cmd=0xd cb=0x6b7570 arg=(nil)
node=0x910e20 cmd=0x1 cb=0x100000001 arg=0x30b00002
node=0x35f86d00 cmd=0xd cb=0x6b7570 arg=(nil)
node=0x910e20 cmd=0x1 cb=0x100000001 arg=0x30b00002
node=0x35f86d00 cmd=0xd cb=0x6b7570 arg=(nil)
node=0x910e20 cmd=0x1 cb=0x100000001 arg=0x30b00002
node=0x35f86d00 cmd=0xd cb=0x6b7570 arg=(nil)
node=0x910e20 cmd=0x1 cb=0x100000001 arg=0x30b00002
node=0x35f86d00 cmd=0xd cb=0x6b7570 arg=(nil)
node=0x910e20 cmd=0x1 cb=0x100000001 arg=0x30b00002
node=0x35f86d00 cmd=0xd cb=0x6b7570 arg=(nil)
node=0x910e20 cmd=0x1 cb=0x100000001 arg=0x30b00002
node=0x35f86d00 cmd=0xd cb=0x6b7570 arg=(nil)
node=0x910e20 cmd=0x1 cb=0x100000001 arg=0x30b00002
node=0x35f86d00 cmd=0xd cb=0x6b7570 arg=(nil)
node=0x910e20 cmd=0x1 cb=0x100000001 arg=0x30b00002
node=0x35f86d00 cmd=0xd cb=0x6b7570 arg=(nil)
node=0x910e20 cmd=0x1 cb=0x100000001 arg=0x30b00002
node=0x35f86d00 cmd=0xd cb=0x6b7570 arg=(nil)
node=0x910e20 cmd=0x1 cb=0x100000001 arg=0x30b00002
node=0x35f86d00 cmd=0xd cb=0x6b7570 arg=(nil)
node=0x910e20 cmd=0x1 cb=0x100000001 arg=0x30b00002
node=0x35f86d00 cmd=0xd cb=0x6b7570 arg=(nil)
node=0x910e20 cmd=0x1 cb=0x100000001 arg=0x30b00002
node=0x35f86d00 cmd=0xd cb=0x6b7570 arg=(nil)
node=0x910e20 cmd=0x1 cb=0x100000001 arg=0x30b00002
node=0x35f86d00 cmd=0xd cb=0x6b7570 arg=(nil)
node=0x910e20 cmd=0x1 cb=0x100000001 arg=0x30b00002
node=0x35f86d00 cmd=0xd cb=0x6b7570 arg=(nil)
node=0x910e20 cmd=0x1 cb=0x100000001 arg=0x30b00002
[Inferior 1 (process 472) detached]
--- PORTS ALL ---
local_address st
TRACE GDB STARTED
READY FOR INJECT
--- MID PORTS ---
local_address st
00000000:97E7 0A
--- GDB TRACE ---
[New LWP 477]
[New LWP 478]
[New LWP 479]
[New LWP 480]
[New LWP 481]
[New LWP 482]
[New LWP 483]
[New LWP 496]
[New LWP 497]
[New LWP 498]
[New LWP 499]
[New LWP 500]
[New LWP 501]
[New LWP 502]
[New LWP 503]
[New LWP 504]
[New LWP 505]
[New LWP 506]
[Thread debugging using libthread_db enabled]
Using host libthread_db library "/lib64/libthread_db.so.1".
0x0000ffffbaceb05c in ?? () from /lib64/libc.so.6
Breakpoint 1 at 0x74c960: file pedk_manager/pedk_mgr.c, line 357.
Breakpoint 2 at 0x74c38c: file pedk_manager/pedk_mgr.c, line 205.
Breakpoint 3 at 0x6b7570: file system_manager/job_pedkapi.c, line 591.
Breakpoint 4 at 0x6b6adc: file system_manager/job_pedkapi.c, line 272.
Breakpoint 5 at 0x6b6b64: file system_manager/job_pedkapi.c, line 300.
Breakpoint 6 at 0x6b7060: file system_manager/job_pedkapi.c, line 449.
Breakpoint 7 at 0x6b740c: file system_manager/job_pedkapi.c, line 551.
Breakpoint 8 at 0x6b7500: file system_manager/job_pedkapi.c, line 578.
Breakpoint 9 at 0x6b7158: file system_manager/job_pedkapi.c, line 476.
--- MFP LOG SIZE ---
16743990 /tmp/mfp.log
--- MFP LOG RAW tail ---
hine_tag[0x0], product_name[], pid[0x0]
[print_info_status_init]   L1732:speed[0], machine_tag[0x0], product_name[], pid[0x0]
[print_info_status_init]   L1732:speed[0], machine_tag[0x0], product_name[], pid[0x0]
[print_info_status_init]   L1732:speed[0], machine_tag[0x0], product_name[], pid[0x0]
[print_info_status_init]   L1732:speed[0], machine_tag[0x0], product_name[], pid[0x0]
[print_info_status_init]   L1732:speed[0], machine_tag[0x0], product_name[], pid[0x0]
[print_info_status_init]   L1732:speed[0], machine_tag[0x0], product_name[], pid[0x0]
[print_info_status_init]   L1732:speed[0], machine_tag[0x0], product_name[], pid[0x0]
[print_info_status_init]   L1732:speed[0], machine_tag[0x0], product_name[], pid[0x0]
[print_info_status_init]   L1732:speed[0], machine_tag[0x0], product_name[], pid[0x0]
[print_info_status_init]   L1732:speed[0], machine_tag[0x0], product_name[], pid[0x0]
[print_info_status_init]   L1732:speed[0], machine_tag[0x0], product_name[], pid[0x0]
[print_info_status_init]   L1732:speed[0], machine_tag[0x0], product_name[], pid[0x0]
[print_info_status_init]   L1732:speed[0], machine_tag[0x0], product_name[], pid[0x0]
[print_info_status_init]   L1732:speed[0], machine_tag[0x0], product_name[], pid[0x0]
[print_info_status_init]   L1732:speed[0], machine_tag[0x0], product_name[], pid[0x0]
[print_info_status_init]   L1732:speed[0], machine_tag[0x0], product_name[], pid[0x0]
[print_info_status_init]   L1732:speed[0], machine_tag[0x0], product_name[], pid[0x0]
[print_info_status_init]   L1732:speed[0], machine_tag[0x0], product_name[], pid[0x0]
[print_info_status_init]   L1732:speed[0], machine_tag[0x0], product_name[], pid[0x0]
[print_info_status_init]   L1732:speed[0], machine_tag[0x0], product_name[], pid[0x0]
[print_info_status_init]   L1732:speed[0], machine_tag[0x0], product_name[], pid[0x0]
[print_info_status_init]   L1732:speed[0], machine_tag[0x0], product_name[], pid[0x0]
[print_info_status_init]   L1732:speed[0], machine_tag[0x0], product_name[], pid[0x0]
[print_info_status_init]   L1732:speed[0], machine_tag[0x0], product_name[], pid[0x0]
[print_info_status_init]   L1732:speed[0], machine_tag[0x0], product_name[], pid[0x0]
[print_info_status_init]   L1732:speed[0], machine_tag[0x0], product_name[], pid[0x0]
[print_info_status_init]   L1732:speed[0], machine_tag[0x0], product_name[], pid[0x0]
[print_info_status_init]   L1732:speed[0], machine_tag[0x0], product_name[], pid[0x0]
[print_info_status_init]   L1732:speed[0], machine_tag[0x0], product_name[], pid[0x0]
[print_info_status_init]   L1732:speed[0], machine_tag[0x0], product_name[], pid[0x0]
[print_info_status_init]   L1732:speed[0], machine_tag[0x0], product_name[], pid[0x0]
[print_info_status_init]   L1732:speed[0], machine_tag[0x0], product_name[], pid[0x0]
[print_info_status_init]   L1732:speed[0], machine_tag[0x0], product_name[], pid[0x0]
[print_info_status_init]   L1732:speed[0], machine_tag[0x0], product_name[], pid[0x0]
[print_info_status_init]   L1732:speed[0], machine_tag[0x0], product_name[], pid[0x0]
[print_info_status_init]   L1732:speed[0], machine_tag[0x0], product_name[], pid[0x0]
[print_info_status_init]   L1732:speed[0], machine_tag[0x0], product_name[], pid[0x0]
[print_info_status_init]   L1732:speed[0], machine_tag[0x0], product_name[], pid[0x0]
[print_info_status_init]   L1732:speed[0], machine_tag[0x0], product_name[], pid[0x0]
[print_info_status_init]   L1732:speed[0], machine_tag[0x0], product_name[], pid[0x0]
[print_info_status_init]   L1732:speed[0], machine_tag[0x0], product_name[], pid[0x0]
[print_info_status_init]   L1732:speed[0], machine_tag[0x0], product_name[], pid[0x0]
[print_info_status_init]   L1732:speed[0], machine_tag[0x0], product_name[], pid[0x0]
[print_info_status_init]   L1732:speed[0], machine_tag[0x0], product_name[], pid[0x0]
[print_info_status_init]   L1732:speed[0], machine_tag[0x0], product_name[], pid[0x0]
[print_info_status_init]   L1732:speed[0], machine_tag[0x0], product_name[], pid[0x0]
[print_info_status_init]   L1732:speed[0], machine_tag[0x0], product_name[], pid[0x0]
--- VHAL LOG ---
311 /tmp/vhal.log
[vhal] pi_hal_init
[vhal] boardinfo_request
[vhal] boardinfo_getinfo
[vhal] rtc_request
[vhal] storage_mgr_get
[vhal] storage_mgr_ctl cmd=: 0x00000018
[vhal] storage_mgr_ctl cmd=: 0x00000002
[vhal] storage_mgr_ctl cmd=: 0x00000006
[vhal] storage_mgr_ctl cmd=: 0x00000007
[vhal] storage_mgr_ctl cmd=: 0x00000021
--- VHAL UPLOAD ---
VHAL_UPLOAD_RC=0
KEEPING MFP ALIVE (pid 472)
SIMBOOT: mfp run finished, keeping shell
/bin/sh: can't access tty; job control turned off
~ # [6n