UEFI firmware (version edk2-stable202408-prebuilt.qemu.org built at 16:28:50 on Sep 12 2024)
ArmTrngLib could not be correctly initialized.
Error: Image at 000BFDB6000 start failed: 00000001
Error: Image at 000BFD6D000 start failed: Not Found
Error: Image at 000BFCBA000 start failed: Unsupported
Error: Image at 000BFB5E000 start failed: Aborted
Tpm2SubmitCommand - Tcg2 - Not Found
Tpm2GetCapabilityPcrs fail!
Tpm2SubmitCommand - Tcg2 - Not Found
Image type X64 can't be loaded on AARCH64 UEFI system.
[2J[01;01H[=3h[2J[01;01H[2J[01;01H[=3h[2J[01;01HEFI stub: Decompressing Linux Kernel...
EFI stub: Loaded initrd from LINUX_EFI_INITRD_MEDIA_GUID device path
EFI stub: Generating empty DTB
EFI stub: Exiting boot services...
[    0.000000] Booting Linux on physical CPU 0x0000000000 [0x414fd0b1]
[    0.000000] Linux version 6.12.103-0-virt (buildozer@build-3-21-aarch64) (gcc (Alpine 14.2.0) 14.2.0, GNU ld (GNU Binutils) 2.43.1) #1-Alpine SMP PREEMPT_DYNAMIC 2026-08-10 14:25:03
[    0.000000] efi: EFI v2.7 by EDK II
[    0.000000] efi: SMBIOS 3.0=0xbfed0000 MEMATTR=0xbe18b018 ACPI 2.0=0xbcb43018 INITRD=0xbcb40f18 MEMRESERVE=0xbcb40f98 
[    0.000000] ACPI: Early table checksum verification disabled
[    0.000000] ACPI: RSDP 0x00000000BCB43018 000024 (v02 BOCHS )
[    0.000000] ACPI: XSDT 0x00000000BCB43F18 000064 (v01 BOCHS  BXPC     00000001      01000013)
[    0.000000] ACPI: FACP 0x00000000BCB43B18 000114 (v06 BOCHS  BXPC     00000001 BXPC 00000001)
[    0.000000] ACPI: DSDT 0x00000000BCB41018 001506 (v02 BOCHS  BXPC     00000001 BXPC 00000001)
[    0.000000] ACPI: APIC 0x00000000BCB43C98 0000FC (v04 BOCHS  BXPC     00000001 BXPC 00000001)
[    0.000000] ACPI: PPTT 0x00000000BCB43E18 000074 (v02 BOCHS  BXPC     00000001 BXPC 00000001)
[    0.000000] ACPI: GTDT 0x00000000BCB43098 000068 (v03 BOCHS  BXPC     00000001 BXPC 00000001)
[    0.000000] ACPI: MCFG 0x00000000BCB43A98 00003C (v01 BOCHS  BXPC     00000001 BXPC 00000001)
[    0.000000] ACPI: SPCR 0x00000000BCB43818 000050 (v02 BOCHS  BXPC     00000001 BXPC 00000001)
[    0.000000] ACPI: DBG2 0x00000000BCB43A18 000057 (v00 BOCHS  BXPC     00000001 BXPC 00000001)
[    0.000000] ACPI: IORT 0x00000000BCB43898 000054 (v05 BOCHS  BXPC     00000001 BXPC 00000001)
[    0.000000] ACPI: SPCR: console: pl011,mmio32,0x9000000,9600
[    0.000000] ACPI: Use ACPI SPCR as default console: Yes
[    0.000000] NUMA: Faking a node at [mem 0x0000000040000000-0x00000000bfffffff]
[    0.000000] NODE_DATA(0) allocated [mem 0xbf855b80-0xbf857fff]
[    0.000000] Zone ranges:
[    0.000000]   DMA      [mem 0x0000000040000000-0x00000000bfffffff]
[    0.000000]   DMA32    empty
[    0.000000]   Normal   empty
[    0.000000] Movable zone start for each node
[    0.000000] Early memory node ranges
[    0.000000]   node   0: [mem 0x0000000040000000-0x00000000bc76ffff]
[    0.000000]   node   0: [mem 0x00000000bc770000-0x00000000bcb3ffff]
[    0.000000]   node   0: [mem 0x00000000bcb40000-0x00000000bfe1ffff]
[    0.000000]   node   0: [mem 0x00000000bfe20000-0x00000000bfeaffff]
[    0.000000]   node   0: [mem 0x00000000bfeb0000-0x00000000bfebffff]
[    0.000000]   node   0: [mem 0x00000000bfec0000-0x00000000bffdffff]
[    0.000000]   node   0: [mem 0x00000000bffe0000-0x00000000bfffffff]
[    0.000000] Initmem setup node 0 [mem 0x0000000040000000-0x00000000bfffffff]
[    0.000000] psci: probing for conduit method from ACPI.
[    0.000000] psci: PSCIv1.1 detected in firmware.
[    0.000000] psci: Using standard PSCI v0.2 function IDs
[    0.000000] psci: Trusted OS migration not required
[    0.000000] psci: SMC Calling Convention v1.0
[    0.000000] percpu: Embedded 33 pages/cpu s96984 r8192 d29992 u135168
[    0.000000] Detected PIPT I-cache on CPU0
[    0.000000] CPU features: detected: Spectre-v4
[    0.000000] CPU features: detected: Spectre-BHB
[    0.000000] CPU features: detected: Broken broadcast TLBI completion
[    0.000000] CPU features: detected: SSBS not fully self-synchronizing
[    0.000000] alternatives: applying boot alternatives
[    0.000000] Kernel command line: root=/dev/vda rw console=ttyAMA0 initrd=initrd
[    0.000000] Dentry cache hash table entries: 262144 (order: 9, 2097152 bytes, linear)
[    0.000000] Inode-cache hash table entries: 131072 (order: 8, 1048576 bytes, linear)
[    0.000000] Fallback order for Node 0: 0 
[    0.000000] Built 1 zonelists, mobility grouping on.  Total pages: 524288
[    0.000000] Policy zone: DMA
[    0.000000] mem auto-init: stack:all(zero), heap alloc:on, heap free:off
[    0.000000] software IO TLB: SWIOTLB bounce buffer size adjusted to 2MB
[    0.000000] software IO TLB: area num 2.
[    0.000000] software IO TLB: mapped [mem 0x00000000bf2b4000-0x00000000bf4b4000] (2MB)
[    0.000000] SLUB: HWalign=64, Order=0-3, MinObjects=0, CPUs=2, Nodes=1
[    0.000000] Dynamic Preempt: none
[    0.000000] rcu: Preemptible hierarchical RCU implementation.
[    0.000000] rcu: 	RCU restricting CPUs from NR_CPUS=4096 to nr_cpu_ids=2.
[    0.000000] 	Trampoline variant of Tasks RCU enabled.
[    0.000000] 	Tracing variant of Tasks RCU enabled.
[    0.000000] rcu: RCU calculated value of scheduler-enlistment delay is 10 jiffies.
[    0.000000] rcu: Adjusting geometry for rcu_fanout_leaf=16, nr_cpu_ids=2
[    0.000000] RCU Tasks: Setting shift to 1 and lim to 1 rcu_task_cb_adjust=1 rcu_task_cpu_ids=2.
[    0.000000] RCU Tasks Trace: Setting shift to 1 and lim to 1 rcu_task_cb_adjust=1 rcu_task_cpu_ids=2.
[    0.000000] NR_IRQS: 64, nr_irqs: 64, preallocated irqs: 0
[    0.000000] Root IRQ handler: gic_handle_irq
[    0.000000] GICv2m: ACPI overriding V2M MSI_TYPER (base:80, num:64)
[    0.000000] GICv2m: range[mem 0x08020000-0x08020fff], SPI[80:143]
[    0.000000] rcu: srcu_init: Setting srcu_struct sizes based on contention.
[    0.000000] clocksource: jiffies: mask: 0xffffffff max_cycles: 0xffffffff, max_idle_ns: 19112604462750000 ns
[    0.000000] arch_timer: cp15 timer(s) running at 62.50MHz (virt).
[    0.000000] clocksource: arch_sys_counter: mask: 0x1ffffffffffffff max_cycles: 0x1cd42e208c, max_idle_ns: 881590405314 ns
[    0.000630] sched_clock: 57 bits at 63MHz, resolution 16ns, wraps every 4398046511096ns
[    0.128819] kfence: initialized - using 2097152 bytes for 255 objects at 0x(____ptrval____)-0x(____ptrval____)
[    0.262269] Console: colour dummy device 80x25
[    0.332562] ACPI: Core revision 20240827
[    0.393782] Calibrating delay loop (skipped), value calculated using timer frequency.. 125.00 BogoMIPS (lpj=625000)
[    0.394925] pid_max: default: 32768 minimum: 301
[    0.479978] LSM: initializing lsm=lockdown,capability,landlock
[    0.531239] landlock: Up and running.
[    0.576774] Mount-cache hash table entries: 4096 (order: 3, 32768 bytes, linear)
[    0.577518] Mountpoint-cache hash table entries: 4096 (order: 3, 32768 bytes, linear)
[    1.769197] rcu: Hierarchical SRCU implementation.
[    1.773894] rcu: 	Max phase no-delay instances is 1000.
[    1.831019] Timer migration: 1 hierarchy levels; 8 children per group; 1 crossnode level
[    1.944091] Remapping and enabling EFI services.
[    2.016188] smp: Bringing up secondary CPUs ...
[    2.117815] Detected PIPT I-cache on CPU1
[    2.132498] CPU1: Booted secondary processor 0x0000000001 [0x414fd0b1]
[    2.263371] smp: Brought up 1 node, 2 CPUs
[    2.263805] SMP: Total of 2 processors activated.
[    2.264291] CPU: All CPU(s) started at EL1
[    2.266243] CPU features: detected: 32-bit EL0 Support
[    2.266777] CPU features: detected: Data cache clean to the PoU not required for I/D coherence
[    2.267166] CPU features: detected: Common not Private translations
[    2.267217] CPU features: detected: CRC32 instructions
[    2.268569] CPU features: detected: RCpc load-acquire (LDAPR)
[    2.269000] CPU features: detected: LSE atomic instructions
[    2.269056] CPU features: detected: Privileged Access Never
[    2.269097] CPU features: detected: RAS Extension Support
[    2.269402] CPU features: detected: Speculative Store Bypassing Safe (SSBS)
[    2.443116] alternatives: applying system-wide alternatives
[    2.630224] CPU features: detected: Hardware dirty bit management on CPU0-1
[    2.930473] Memory: 2003220K/2097152K available (12608K kernel code, 1950K rwdata, 7812K rodata, 1920K init, 9305K bss, 89376K reserved, 0K cma-reserved)
[    3.461492] devtmpfs: initialized
[    3.813980] futex hash table entries: 512 (order: 3, 32768 bytes, linear)
[    3.824370] 24304 pages in range for non-PLT usage
[    3.824961] 515824 pages in range for PLT usage
[    3.880796] pinctrl core: initialized pinctrl subsystem
[    3.959799] SMBIOS 3.0.0 present.
[    3.963659] DMI: QEMU QEMU Virtual Machine, BIOS edk2-stable202408-prebuilt.qemu.org 08/13/2024
[    3.966249] DMI: Memory slots populated: 1/1
[    4.235446] NET: Registered PF_NETLINK/PF_ROUTE protocol family
[    4.313073] DMA: preallocated 256 KiB GFP_KERNEL pool for atomic allocations
[    4.317725] DMA: preallocated 256 KiB GFP_KERNEL|GFP_DMA pool for atomic allocations
[    4.327462] DMA: preallocated 256 KiB GFP_KERNEL|GFP_DMA32 pool for atomic allocations
[    4.330538] audit: initializing netlink subsys (disabled)
[    4.365870] audit: type=2000 audit(1.950:1): state=initialized audit_enabled=0 res=1
[    4.411266] thermal_sys: Registered thermal governor 'step_wise'
[    4.430320] cpuidle: using governor ladder
[    4.432645] cpuidle: using governor menu
[    4.564929] hw-breakpoint: found 6 breakpoint and 4 watchpoint registers.
[    4.573354] ASID allocator initialised with 65536 entries
[    4.579252] acpiphp: ACPI Hot Plug PCI Controller Driver version: 0.5
[    4.595995] Serial: AMBA PL011 UART driver
[    4.926702] HugeTLB: registered 1.00 GiB page size, pre-allocated 0 pages
[    4.927008] HugeTLB: 0 KiB vmemmap can be freed for a 1.00 GiB page
[    4.928398] HugeTLB: registered 32.0 MiB page size, pre-allocated 0 pages
[    4.928480] HugeTLB: 0 KiB vmemmap can be freed for a 32.0 MiB page
[    4.928531] HugeTLB: registered 2.00 MiB page size, pre-allocated 0 pages
[    4.928562] HugeTLB: 0 KiB vmemmap can be freed for a 2.00 MiB page
[    4.928608] HugeTLB: registered 64.0 KiB page size, pre-allocated 0 pages
[    4.928637] HugeTLB: 0 KiB vmemmap can be freed for a 64.0 KiB page
[    5.099377] ACPI: Added _OSI(Module Device)
[    5.099832] ACPI: Added _OSI(Processor Device)
[    5.099895] ACPI: Added _OSI(Processor Aggregator Device)
[    5.277243] ACPI: 1 ACPI AML tables successfully acquired and loaded
[    5.465879] ACPI: Interpreter enabled
[    5.486122] ACPI: Using GIC for interrupt routing
[    5.501181] ACPI: MCFG table detected, 1 entries
[    6.108030] ACPI: CPU0 has been hot-added
[    6.114772] ACPI: CPU1 has been hot-added
[    6.309763] ARMH0011:00: ttyAMA0 at MMIO 0x9000000 (irq = 12, base_baud = 0) is a SBSA
[    6.325028] printk: legacy console [ttyAMA0] enabled
[    7.060227] ACPI: PCI: Interrupt link L000 configured for IRQ 35
[    7.074412] ACPI: PCI: Interrupt link L001 configured for IRQ 36
[    7.081614] ACPI: PCI: Interrupt link L002 configured for IRQ 37
[    7.085458] ACPI: PCI: Interrupt link L003 configured for IRQ 38
[    7.094925] ACPI: PCI Root Bridge [PCI0] (domain 0000 [bus 00-ff])
[    7.113873] acpi PNP0A08:00: _OSC: OS supports [ExtendedConfig ASPM ClockPM Segments MSI HPX-Type3]
[    7.230488] acpi PNP0A08:00: _OSC: platform does not support [LTR]
[    7.245533] acpi PNP0A08:00: _OSC: OS now controls [PCIeHotplug PME PCIeCapability]
[    7.340861] acpi PNP0A08:00: ECAM area [mem 0x4010000000-0x401fffffff] reserved by PNP0C02:00
[    7.348536] acpi PNP0A08:00: ECAM at [mem 0x4010000000-0x401fffffff] for [bus 00-ff]
[    7.377864] ACPI: Remapped I/O 0x000000003eff0000 to [io  0x0000-0xffff window]
[    7.467547] PCI host bridge to bus 0000:00
[    7.494200] pci_bus 0000:00: root bus resource [mem 0x10000000-0x3efeffff window]
[    7.497371] pci_bus 0000:00: root bus resource [io  0x0000-0xffff window]
[    7.518224] pci_bus 0000:00: root bus resource [mem 0x8000000000-0xffffffffff window]
[    7.530327] pci_bus 0000:00: root bus resource [bus 00-ff]
[    7.564815] pci 0000:00:00.0: [1b36:0008] type 00 class 0x060000 conventional PCI endpoint
[    7.665332] pci 0000:00:01.0: [1af4:1000] type 00 class 0x020000 conventional PCI endpoint
[    7.680070] pci 0000:00:01.0: BAR 0 [io  0x0080-0x009f]
[    7.682089] pci 0000:00:01.0: BAR 1 [mem 0x10041000-0x10041fff]
[    7.685271] pci 0000:00:01.0: BAR 4 [mem 0x8000000000-0x8000003fff 64bit pref]
[    7.700618] pci 0000:00:01.0: ROM [mem 0xfffc0000-0xffffffff pref]
[    7.734965] pci 0000:00:02.0: [1af4:1001] type 00 class 0x010000 conventional PCI endpoint
[    7.745753] pci 0000:00:02.0: BAR 0 [io  0x0000-0x007f]
[    7.748990] pci 0000:00:02.0: BAR 1 [mem 0x10040000-0x10040fff]
[    7.750399] pci 0000:00:02.0: BAR 4 [mem 0x8000004000-0x8000007fff 64bit pref]
[    7.874132] pci 0000:00:01.0: ROM [mem 0x10000000-0x1003ffff pref]: assigned
[    7.880287] pci 0000:00:01.0: BAR 4 [mem 0x8000000000-0x8000003fff 64bit pref]: assigned
[    7.883034] pci 0000:00:02.0: BAR 4 [mem 0x8000004000-0x8000007fff 64bit pref]: assigned
[    7.884976] pci 0000:00:01.0: BAR 1 [mem 0x10040000-0x10040fff]: assigned
[    7.905368] pci 0000:00:02.0: BAR 1 [mem 0x10041000-0x10041fff]: assigned
[    7.909565] pci 0000:00:02.0: BAR 0 [io  0x1000-0x107f]: assigned
[    7.911384] pci 0000:00:01.0: BAR 0 [io  0x1080-0x109f]: assigned
[    7.915740] pci_bus 0000:00: resource 4 [mem 0x10000000-0x3efeffff window]
[    7.917663] pci_bus 0000:00: resource 5 [io  0x0000-0xffff window]
[    7.919068] pci_bus 0000:00: resource 6 [mem 0x8000000000-0xffffffffff window]
[    7.985489] iommu: Default domain type: Translated
[    7.998177] iommu: DMA domain TLB invalidation policy: lazy mode
[    8.130172] efivars: Registered efivars operations
[    8.456817] clocksource: Switched to clocksource arch_sys_counter
[    8.611938] VFS: Disk quotas dquot_6.6.0
[    8.616533] VFS: Dquot-cache hash table entries: 512 (order 0, 4096 bytes)
[    8.688623] pnp: PnP ACPI init
[    8.743539] system 00:00: [mem 0x4010000000-0x401fffffff window] could not be reserved
[    8.759634] pnp: PnP ACPI: found 1 devices
[    9.193240] NET: Registered PF_INET protocol family
[    9.294540] IP idents hash table entries: 32768 (order: 6, 262144 bytes, linear)
[   10.096146] tcp_listen_portaddr_hash hash table entries: 1024 (order: 2, 16384 bytes, linear)
[   10.100548] Table-perturb hash table entries: 65536 (order: 6, 262144 bytes, linear)
[   10.105223] TCP established hash table entries: 16384 (order: 5, 131072 bytes, linear)
[   10.127527] TCP bind hash table entries: 16384 (order: 7, 524288 bytes, linear)
[   10.131619] TCP: Hash tables configured (established 16384 bind 16384)
[   10.164136] MPTCP token hash table entries: 2048 (order: 4, 49152 bytes, linear)
[   10.181082] UDP hash table entries: 1024 (order: 3, 32768 bytes, linear)
[   10.196233] UDP-Lite hash table entries: 1024 (order: 3, 32768 bytes, linear)
[   10.251188] NET: Registered PF_UNIX/PF_LOCAL protocol family
[   10.264728] NET: Registered PF_XDP protocol family
[   10.273567] PCI: CLS 0 bytes, default 64
[   10.377701] kvm [1]: HYP mode not available
[   10.391009] Unpacking initramfs...
[   10.448611] Initialise system trusted keyrings
[   10.530361] workingset: timestamp_bits=44 max_order=19 bucket_order=0
[   11.230667] Key type asymmetric registered
[   11.232921] Asymmetric key parser 'x509' registered
[   11.245609] Block layer SCSI generic (bsg) driver version 0.4 loaded (major 249)
[   11.252333] io scheduler mq-deadline registered
[   11.256510] io scheduler kyber registered
[   11.263038] io scheduler bfq registered
[   11.474598] ACPI: \_SB_.L001: Enabled at IRQ 36
[   11.485970] virtio-pci 0000:00:01.0: enabling device (0000 -> 0003)
[   11.552543] ACPI: \_SB_.L002: Enabled at IRQ 37
[   11.559340] virtio-pci 0000:00:02.0: enabling device (0000 -> 0003)
[   11.584570] Serial: 8250/16550 driver, 4 ports, IRQ sharing enabled
[   11.743375] hv_vmbus: registering driver hyperv_keyboard
[   11.814650] rtc-efi rtc-efi.0: registered as rtc0
[   11.828154] rtc-efi rtc-efi.0: setting system clock to 2026-08-22T07:13:04 UTC (1787382784)
[   11.872898] NET: Registered PF_INET6 protocol family
[   12.011134] Segment Routing with IPv6
[   12.015344] In-situ OAM (IOAM) with IPv6
[   12.374456] registered taskstats version 1
[   12.424163] Loading compiled-in X.509 certificates
[   13.351564] Freeing initrd memory: 5180K
[   15.247235] Loaded X.509 cert 'alpinelinux.org: Alpine Linux kernel key: 87fa969a47f3e2a6aa35859eb932a17c95abcd82'
[   15.442313] Demotion targets for Node 0: null
[   15.457156] Key type .fscrypt registered
[   15.458285] Key type fscrypt-provisioning registered
[   16.479740] clk: Disabling unused clocks
[   16.485471] PM: genpd: Disabling unused power domains
[   17.068788] Freeing unused kernel memory: 1920K
[   17.118629] Run /init as init process
[   19.210140] hrtimer: interrupt took 80216096 ns
[   21.558328] Alpine Init 3.11.1-r0
Alpine Init 3.11.1-r0
[   21.666469] Loading boot drivers...
 * Loading boot drivers: [   22.232061] Loading boot drivers: ok.
ok.
SIMBOOT: kernel=6.12.103-0-virt
[   23.002058] Invalid ELF header magic: != ELF
[   23.446596] virtio_blk virtio1: 2/0/0 default/read/poll queues
[   23.961146] virtio_blk virtio1: [vda] 1411072 512-byte logical blocks (722 MB/689 MiB)
[   24.829010] Invalid ELF header magic: != ELF
[   25.181613] Invalid ELF header magic: != ELF
[   25.573443] Invalid ELF header magic: != ELF
[   26.605618] Invalid ELF header magic: != ELF
[   28.673040] Invalid ELF header magic: != ELF
[   33.626179] EXT4-fs (vda): mounted filesystem 1799a7eb-09df-4b80-8c57-0424de58e445 r/w with ordered data mode. Quota mode: none.
SIMBOOT: root mounted rw, running real mfp.afx
MFP_PID=414
[   53.137501] random: crng init done
=== PLOG GREP PROGRESS ===
[2026-08-22 07:13:40-722.862][PLOG_JSON: WARNING] <json_config_init: 896> parse json config /configs/plog/plog_json_config.json error, reset config 
[2026-08-22 07:13:40-975.472][PLOG_PUB: INFO] <pub_client_init: 1256> 1 mfp process plog lib init 
---------------------ibc-------init------------
[07:13:41.818][mr-414]<init_fd:138>:open /dev/dma_heap/system failed: No such file or directory
[07:13:41.858][mr-414]<pi_imagemem_init:67>:imagemem init failed
---------------------msg_router-------init------------
---------------------cmd-------init------------
---------------------nvram-------init------------
2026-08-22 07:13:48.029 414 281473735899488 sql_init:545L- create table:int success
2026-08-22 07:13:48.435 414 281473735899488 sql_init:545L- create table:uint success
2026-08-22 07:13:48.616 414 281473735899488 sql_init:545L- create table:string success
2026-08-22 07:13:48.737 414 281473735899488 sql_init:545L- create table:struct success
2026-08-22 07:13:48.738 414 281473735899488 sql_init:554L-  == insert default value == 
=== PLOG TAIL ===
[35m[osal/pol/os/Linux/pol_linux.c:55]tid(425) statck size(0x00004000) name(cmd process thread)[0m
---------------------nvram-------init------------

2026-08-22 07:13:47.263 414 281473735899488 _table_check:96L- sqlite3_step error:no more rows available
2026-08-22 07:13:48.029 414 281473735899488 sql_init:545L- create table:int success
2026-08-22 07:13:48.093 414 281473735899488 _table_check:96L- sqlite3_step error:no more rows available
2026-08-22 07:13:48.435 414 281473735899488 sql_init:545L- create table:uint success
2026-08-22 07:13:48.449 414 281473735899488 _table_check:96L- sqlite3_step error:no more rows available
2026-08-22 07:13:48.616 414 281473735899488 sql_init:545L- create table:string success
2026-08-22 07:13:48.621 414 281473735899488 _table_check:96L- sqlite3_step error:no more rows available
2026-08-22 07:13:48.737 414 281473735899488 sql_init:545L- create table:struct success
2026-08-22 07:13:48.738 414 281473735899488 sql_init:554L-  == insert default value == 
=== PROC STATE ===
State:	R (running)
Threads:	11
done
SIMBOOT: mfp run finished, keeping shell
/bin/sh: can't access tty; job control turned off
~ # [6n