UEFI firmware (version edk2-stable202408-prebuilt.qemu.org built at 16:28:50 on Sep 12 2024)
ArmTrngLib could not be correctly initialized.
Error: Image at 000BFDB6000 start failed: 00000001
Error: Image at 000BFD6D000 start failed: Not Found
Error: Image at 000BFCBA000 start failed: Unsupported
Error: Image at 000BFB5E000 start failed: Aborted
Tpm2SubmitCommand - Tcg2 - Not Found
Tpm2GetCapabilityPcrs fail!
Tpm2SubmitCommand - Tcg2 - Not Found
Image type X64 can't be loaded on AARCH64 UEFI system.
[2J[01;01H[=3h[2J[01;01H[2J[01;01H[=3h[2J[01;01HEFI stub: Decompressing Linux Kernel...
EFI stub: Loaded initrd from LINUX_EFI_INITRD_MEDIA_GUID device path
EFI stub: Generating empty DTB
EFI stub: Exiting boot services...
[    0.000000] Booting Linux on physical CPU 0x0000000000 [0x414fd0b1]
[    0.000000] Linux version 6.12.103-0-virt (buildozer@build-3-21-aarch64) (gcc (Alpine 14.2.0) 14.2.0, GNU ld (GNU Binutils) 2.43.1) #1-Alpine SMP PREEMPT_DYNAMIC 2026-08-10 14:25:03
[    0.000000] efi: EFI v2.7 by EDK II
[    0.000000] efi: SMBIOS 3.0=0xbfed0000 MEMATTR=0xbe176018 ACPI 2.0=0xbcb43018 INITRD=0xbcb40f18 MEMRESERVE=0xbcb40f98 
[    0.000000] ACPI: Early table checksum verification disabled
[    0.000000] ACPI: RSDP 0x00000000BCB43018 000024 (v02 BOCHS )
[    0.000000] ACPI: XSDT 0x00000000BCB43F18 000064 (v01 BOCHS  BXPC     00000001      01000013)
[    0.000000] ACPI: FACP 0x00000000BCB43B18 000114 (v06 BOCHS  BXPC     00000001 BXPC 00000001)
[    0.000000] ACPI: DSDT 0x00000000BCB41018 001506 (v02 BOCHS  BXPC     00000001 BXPC 00000001)
[    0.000000] ACPI: APIC 0x00000000BCB43C98 0000FC (v04 BOCHS  BXPC     00000001 BXPC 00000001)
[    0.000000] ACPI: PPTT 0x00000000BCB43E18 000074 (v02 BOCHS  BXPC     00000001 BXPC 00000001)
[    0.000000] ACPI: GTDT 0x00000000BCB43098 000068 (v03 BOCHS  BXPC     00000001 BXPC 00000001)
[    0.000000] ACPI: MCFG 0x00000000BCB43A98 00003C (v01 BOCHS  BXPC     00000001 BXPC 00000001)
[    0.000000] ACPI: SPCR 0x00000000BCB43818 000050 (v02 BOCHS  BXPC     00000001 BXPC 00000001)
[    0.000000] ACPI: DBG2 0x00000000BCB43A18 000057 (v00 BOCHS  BXPC     00000001 BXPC 00000001)
[    0.000000] ACPI: IORT 0x00000000BCB43898 000054 (v05 BOCHS  BXPC     00000001 BXPC 00000001)
[    0.000000] ACPI: SPCR: console: pl011,mmio32,0x9000000,9600
[    0.000000] ACPI: Use ACPI SPCR as default console: Yes
[    0.000000] NUMA: Faking a node at [mem 0x0000000040000000-0x00000000bfffffff]
[    0.000000] NODE_DATA(0) allocated [mem 0xbf855b80-0xbf857fff]
[    0.000000] Zone ranges:
[    0.000000]   DMA      [mem 0x0000000040000000-0x00000000bfffffff]
[    0.000000]   DMA32    empty
[    0.000000]   Normal   empty
[    0.000000] Movable zone start for each node
[    0.000000] Early memory node ranges
[    0.000000]   node   0: [mem 0x0000000040000000-0x00000000bc76ffff]
[    0.000000]   node   0: [mem 0x00000000bc770000-0x00000000bcb3ffff]
[    0.000000]   node   0: [mem 0x00000000bcb40000-0x00000000bfe1ffff]
[    0.000000]   node   0: [mem 0x00000000bfe20000-0x00000000bfeaffff]
[    0.000000]   node   0: [mem 0x00000000bfeb0000-0x00000000bfebffff]
[    0.000000]   node   0: [mem 0x00000000bfec0000-0x00000000bffdffff]
[    0.000000]   node   0: [mem 0x00000000bffe0000-0x00000000bfffffff]
[    0.000000] Initmem setup node 0 [mem 0x0000000040000000-0x00000000bfffffff]
[    0.000000] psci: probing for conduit method from ACPI.
[    0.000000] psci: PSCIv1.1 detected in firmware.
[    0.000000] psci: Using standard PSCI v0.2 function IDs
[    0.000000] psci: Trusted OS migration not required
[    0.000000] psci: SMC Calling Convention v1.0
[    0.000000] percpu: Embedded 33 pages/cpu s96984 r8192 d29992 u135168
[    0.000000] Detected PIPT I-cache on CPU0
[    0.000000] CPU features: detected: Spectre-v4
[    0.000000] CPU features: detected: Spectre-BHB
[    0.000000] CPU features: detected: Broken broadcast TLBI completion
[    0.000000] CPU features: detected: SSBS not fully self-synchronizing
[    0.000000] alternatives: applying boot alternatives
[    0.000000] Kernel command line: root=/dev/vda rw console=ttyAMA0 initrd=initrd
[    0.000000] Dentry cache hash table entries: 262144 (order: 9, 2097152 bytes, linear)
[    0.000000] Inode-cache hash table entries: 131072 (order: 8, 1048576 bytes, linear)
[    0.000000] Fallback order for Node 0: 0 
[    0.000000] Built 1 zonelists, mobility grouping on.  Total pages: 524288
[    0.000000] Policy zone: DMA
[    0.000000] mem auto-init: stack:all(zero), heap alloc:on, heap free:off
[    0.000000] software IO TLB: SWIOTLB bounce buffer size adjusted to 2MB
[    0.000000] software IO TLB: area num 2.
[    0.000000] software IO TLB: mapped [mem 0x00000000bf2b4000-0x00000000bf4b4000] (2MB)
[    0.000000] SLUB: HWalign=64, Order=0-3, MinObjects=0, CPUs=2, Nodes=1
[    0.000000] Dynamic Preempt: none
[    0.000000] rcu: Preemptible hierarchical RCU implementation.
[    0.000000] rcu: 	RCU restricting CPUs from NR_CPUS=4096 to nr_cpu_ids=2.
[    0.000000] 	Trampoline variant of Tasks RCU enabled.
[    0.000000] 	Tracing variant of Tasks RCU enabled.
[    0.000000] rcu: RCU calculated value of scheduler-enlistment delay is 10 jiffies.
[    0.000000] rcu: Adjusting geometry for rcu_fanout_leaf=16, nr_cpu_ids=2
[    0.000000] RCU Tasks: Setting shift to 1 and lim to 1 rcu_task_cb_adjust=1 rcu_task_cpu_ids=2.
[    0.000000] RCU Tasks Trace: Setting shift to 1 and lim to 1 rcu_task_cb_adjust=1 rcu_task_cpu_ids=2.
[    0.000000] NR_IRQS: 64, nr_irqs: 64, preallocated irqs: 0
[    0.000000] Root IRQ handler: gic_handle_irq
[    0.000000] GICv2m: ACPI overriding V2M MSI_TYPER (base:80, num:64)
[    0.000000] GICv2m: range[mem 0x08020000-0x08020fff], SPI[80:143]
[    0.000000] rcu: srcu_init: Setting srcu_struct sizes based on contention.
[    0.000000] clocksource: jiffies: mask: 0xffffffff max_cycles: 0xffffffff, max_idle_ns: 19112604462750000 ns
[    0.000000] arch_timer: cp15 timer(s) running at 62.50MHz (virt).
[    0.000000] clocksource: arch_sys_counter: mask: 0x1ffffffffffffff max_cycles: 0x1cd42e208c, max_idle_ns: 881590405314 ns
[    0.000252] sched_clock: 57 bits at 63MHz, resolution 16ns, wraps every 4398046511096ns
[    0.040288] kfence: initialized - using 2097152 bytes for 255 objects at 0x(____ptrval____)-0x(____ptrval____)
[    0.062360] Console: colour dummy device 80x25
[    0.118432] ACPI: Core revision 20240827
[    0.137318] Calibrating delay loop (skipped), value calculated using timer frequency.. 125.00 BogoMIPS (lpj=625000)
[    0.141575] pid_max: default: 32768 minimum: 301
[    0.161174] LSM: initializing lsm=lockdown,capability,landlock
[    0.166981] landlock: Up and running.
[    0.176793] Mount-cache hash table entries: 4096 (order: 3, 32768 bytes, linear)
[    0.177014] Mountpoint-cache hash table entries: 4096 (order: 3, 32768 bytes, linear)
[    0.639876] rcu: Hierarchical SRCU implementation.
[    0.640198] rcu: 	Max phase no-delay instances is 1000.
[    0.648960] Timer migration: 1 hierarchy levels; 8 children per group; 1 crossnode level
[    0.679376] Remapping and enabling EFI services.
[    0.687416] smp: Bringing up secondary CPUs ...
[    0.700894] Detected PIPT I-cache on CPU1
[    0.702947] CPU1: Booted secondary processor 0x0000000001 [0x414fd0b1]
[    0.715659] smp: Brought up 1 node, 2 CPUs
[    0.715767] SMP: Total of 2 processors activated.
[    0.715854] CPU: All CPU(s) started at EL1
[    0.716315] CPU features: detected: 32-bit EL0 Support
[    0.716435] CPU features: detected: Data cache clean to the PoU not required for I/D coherence
[    0.716527] CPU features: detected: Common not Private translations
[    0.716541] CPU features: detected: CRC32 instructions
[    0.716906] CPU features: detected: RCpc load-acquire (LDAPR)
[    0.717016] CPU features: detected: LSE atomic instructions
[    0.717030] CPU features: detected: Privileged Access Never
[    0.717040] CPU features: detected: RAS Extension Support
[    0.717132] CPU features: detected: Speculative Store Bypassing Safe (SSBS)
[    0.780551] alternatives: applying system-wide alternatives
[    0.842817] CPU features: detected: Hardware dirty bit management on CPU0-1
[    0.910799] Memory: 2003132K/2097152K available (12608K kernel code, 1950K rwdata, 7812K rodata, 1920K init, 9305K bss, 89464K reserved, 0K cma-reserved)
[    1.149860] devtmpfs: initialized
[    1.210562] futex hash table entries: 512 (order: 3, 32768 bytes, linear)
[    1.212230] 24304 pages in range for non-PLT usage
[    1.212340] 515824 pages in range for PLT usage
[    1.224774] pinctrl core: initialized pinctrl subsystem
[    1.280170] SMBIOS 3.0.0 present.
[    1.280722] DMI: QEMU QEMU Virtual Machine, BIOS edk2-stable202408-prebuilt.qemu.org 08/13/2024
[    1.281257] DMI: Memory slots populated: 1/1
[    1.347323] NET: Registered PF_NETLINK/PF_ROUTE protocol family
[    1.361506] DMA: preallocated 256 KiB GFP_KERNEL pool for atomic allocations
[    1.366982] DMA: preallocated 256 KiB GFP_KERNEL|GFP_DMA pool for atomic allocations
[    1.369336] DMA: preallocated 256 KiB GFP_KERNEL|GFP_DMA32 pool for atomic allocations
[    1.370631] audit: initializing netlink subsys (disabled)
[    1.391259] audit: type=2000 audit(0.840:1): state=initialized audit_enabled=0 res=1
[    1.393599] thermal_sys: Registered thermal governor 'step_wise'
[    1.397423] cpuidle: using governor ladder
[    1.398143] cpuidle: using governor menu
[    1.402108] hw-breakpoint: found 6 breakpoint and 4 watchpoint registers.
[    1.403848] ASID allocator initialised with 65536 entries
[    1.407847] acpiphp: ACPI Hot Plug PCI Controller Driver version: 0.5
[    1.411666] Serial: AMBA PL011 UART driver
[    1.499249] HugeTLB: registered 1.00 GiB page size, pre-allocated 0 pages
[    1.499304] HugeTLB: 0 KiB vmemmap can be freed for a 1.00 GiB page
[    1.499329] HugeTLB: registered 32.0 MiB page size, pre-allocated 0 pages
[    1.499340] HugeTLB: 0 KiB vmemmap can be freed for a 32.0 MiB page
[    1.499406] HugeTLB: registered 2.00 MiB page size, pre-allocated 0 pages
[    1.499738] HugeTLB: 0 KiB vmemmap can be freed for a 2.00 MiB page
[    1.499766] HugeTLB: registered 64.0 KiB page size, pre-allocated 0 pages
[    1.499778] HugeTLB: 0 KiB vmemmap can be freed for a 64.0 KiB page
[    1.562264] ACPI: Added _OSI(Module Device)
[    1.562379] ACPI: Added _OSI(Processor Device)
[    1.562395] ACPI: Added _OSI(Processor Aggregator Device)
[    1.646883] ACPI: 1 ACPI AML tables successfully acquired and loaded
[    1.693504] ACPI: Interpreter enabled
[    1.693593] ACPI: Using GIC for interrupt routing
[    1.694781] ACPI: MCFG table detected, 1 entries
[    1.884916] ACPI: CPU0 has been hot-added
[    1.887075] ACPI: CPU1 has been hot-added
[    1.925413] ARMH0011:00: ttyAMA0 at MMIO 0x9000000 (irq = 12, base_baud = 0) is a SBSA
[    1.928794] printk: legacy console [ttyAMA0] enabled
[    2.114628] ACPI: PCI: Interrupt link L000 configured for IRQ 35
[    2.115532] ACPI: PCI: Interrupt link L001 configured for IRQ 36
[    2.116153] ACPI: PCI: Interrupt link L002 configured for IRQ 37
[    2.116581] ACPI: PCI: Interrupt link L003 configured for IRQ 38
[    2.117730] ACPI: PCI Root Bridge [PCI0] (domain 0000 [bus 00-ff])
[    2.125233] acpi PNP0A08:00: _OSC: OS supports [ExtendedConfig ASPM ClockPM Segments MSI HPX-Type3]
[    2.141897] acpi PNP0A08:00: _OSC: platform does not support [LTR]
[    2.144824] acpi PNP0A08:00: _OSC: OS now controls [PCIeHotplug PME PCIeCapability]
[    2.150752] acpi PNP0A08:00: ECAM area [mem 0x4010000000-0x401fffffff] reserved by PNP0C02:00
[    2.152270] acpi PNP0A08:00: ECAM at [mem 0x4010000000-0x401fffffff] for [bus 00-ff]
[    2.156605] ACPI: Remapped I/O 0x000000003eff0000 to [io  0x0000-0xffff window]
[    2.166036] PCI host bridge to bus 0000:00
[    2.169641] pci_bus 0000:00: root bus resource [mem 0x10000000-0x3efeffff window]
[    2.170212] pci_bus 0000:00: root bus resource [io  0x0000-0xffff window]
[    2.170593] pci_bus 0000:00: root bus resource [mem 0x8000000000-0xffffffffff window]
[    2.177095] pci_bus 0000:00: root bus resource [bus 00-ff]
[    2.263191] pci 0000:00:00.0: [1b36:0008] type 00 class 0x060000 conventional PCI endpoint
[    2.277878] pci 0000:00:01.0: [8086:100e] type 00 class 0x020000 conventional PCI endpoint
[    2.278924] pci 0000:00:01.0: BAR 0 [mem 0x10040000-0x1005ffff]
[    2.279419] pci 0000:00:01.0: BAR 1 [io  0x0080-0x00bf]
[    2.279853] pci 0000:00:01.0: ROM [mem 0xfffc0000-0xffffffff pref]
[    2.282002] pci 0000:00:02.0: [1af4:1001] type 00 class 0x010000 conventional PCI endpoint
[    2.282524] pci 0000:00:02.0: BAR 0 [io  0x0000-0x007f]
[    2.282829] pci 0000:00:02.0: BAR 1 [mem 0x10060000-0x10060fff]
[    2.283684] pci 0000:00:02.0: BAR 4 [mem 0x8000000000-0x8000003fff 64bit pref]
[    2.293953] pci 0000:00:01.0: ROM [mem 0x10000000-0x1003ffff pref]: assigned
[    2.294898] pci 0000:00:01.0: BAR 0 [mem 0x10040000-0x1005ffff]: assigned
[    2.327648] pci 0000:00:02.0: BAR 4 [mem 0x8000000000-0x8000003fff 64bit pref]: assigned
[    2.329012] pci 0000:00:02.0: BAR 1 [mem 0x10060000-0x10060fff]: assigned
[    2.329474] pci 0000:00:02.0: BAR 0 [io  0x1000-0x107f]: assigned
[    2.329848] pci 0000:00:01.0: BAR 1 [io  0x1080-0x10bf]: assigned
[    2.330704] pci_bus 0000:00: resource 4 [mem 0x10000000-0x3efeffff window]
[    2.331093] pci_bus 0000:00: resource 5 [io  0x0000-0xffff window]
[    2.331424] pci_bus 0000:00: resource 6 [mem 0x8000000000-0xffffffffff window]
[    2.344335] iommu: Default domain type: Translated
[    2.344796] iommu: DMA domain TLB invalidation policy: lazy mode
[    2.366025] efivars: Registered efivars operations
[    2.501826] clocksource: Switched to clocksource arch_sys_counter
[    2.532178] VFS: Disk quotas dquot_6.6.0
[    2.533012] VFS: Dquot-cache hash table entries: 512 (order 0, 4096 bytes)
[    2.562674] pnp: PnP ACPI init
[    2.568710] system 00:00: [mem 0x4010000000-0x401fffffff window] could not be reserved
[    2.569874] pnp: PnP ACPI: found 1 devices
[    2.691646] NET: Registered PF_INET protocol family
[    2.697673] IP idents hash table entries: 32768 (order: 6, 262144 bytes, linear)
[    2.916105] tcp_listen_portaddr_hash hash table entries: 1024 (order: 2, 16384 bytes, linear)
[    2.917172] Table-perturb hash table entries: 65536 (order: 6, 262144 bytes, linear)
[    2.917969] TCP established hash table entries: 16384 (order: 5, 131072 bytes, linear)
[    2.919795] TCP bind hash table entries: 16384 (order: 7, 524288 bytes, linear)
[    2.921826] TCP: Hash tables configured (established 16384 bind 16384)
[    2.928146] MPTCP token hash table entries: 2048 (order: 4, 49152 bytes, linear)
[    2.929716] UDP hash table entries: 1024 (order: 3, 32768 bytes, linear)
[    2.930865] UDP-Lite hash table entries: 1024 (order: 3, 32768 bytes, linear)
[    2.936250] NET: Registered PF_UNIX/PF_LOCAL protocol family
[    2.940657] NET: Registered PF_XDP protocol family
[    2.942418] PCI: CLS 0 bytes, default 64
[    2.952551] kvm [1]: HYP mode not available
[    2.964216] Initialise system trusted keyrings
[    2.966340] Unpacking initramfs...
[    2.975213] workingset: timestamp_bits=44 max_order=19 bucket_order=0
[    3.115925] Key type asymmetric registered
[    3.116628] Asymmetric key parser 'x509' registered
[    3.119619] Block layer SCSI generic (bsg) driver version 0.4 loaded (major 249)
[    3.126964] io scheduler mq-deadline registered
[    3.127562] io scheduler kyber registered
[    3.128603] io scheduler bfq registered
[    3.202241] ACPI: \_SB_.L002: Enabled at IRQ 37
[    3.208622] virtio-pci 0000:00:02.0: enabling device (0000 -> 0003)
[    3.224373] Serial: 8250/16550 driver, 4 ports, IRQ sharing enabled
[    3.268401] hv_vmbus: registering driver hyperv_keyboard
[    3.286775] rtc-efi rtc-efi.0: registered as rtc0
[    3.294208] rtc-efi rtc-efi.0: setting system clock to 2026-08-26T10:09:37 UTC (1787738977)
[    3.302119] NET: Registered PF_INET6 protocol family
[    3.346269] Segment Routing with IPv6
[    3.347163] In-situ OAM (IOAM) with IPv6
[    3.459004] registered taskstats version 1
[    3.466647] Loading compiled-in X.509 certificates
[    3.601322] Freeing initrd memory: 5268K
[    4.342337] Loaded X.509 cert 'alpinelinux.org: Alpine Linux kernel key: 87fa969a47f3e2a6aa35859eb932a17c95abcd82'
[    4.408767] Demotion targets for Node 0: null
[    4.414215] Key type .fscrypt registered
[    4.414587] Key type fscrypt-provisioning registered
[    4.503821] clk: Disabling unused clocks
[    4.507972] PM: genpd: Disabling unused power domains
[    4.683118] Freeing unused kernel memory: 1920K
[    4.687042] Run /init as init process
[    5.185779] Alpine Init 3.11.1-r0
Alpine Init 3.11.1-r0
[    5.201995] Loading boot drivers...
 * Loading boot drivers: [    5.312558] Loading boot drivers: ok.
ok.
SIMBOOT: kernel=6.12.103-0-virt
[    5.479937] Invalid ELF header magic: != ELF
[    5.542342] virtio_blk virtio0: 2/0/0 default/read/poll queues
[    5.584808] virtio_blk virtio0: [vda] 1411072 512-byte logical blocks (722 MB/689 MiB)
[    5.735091] Invalid ELF header magic: != ELF
[    5.845532] Invalid ELF header magic: != ELF
[    5.980442] Invalid ELF header magic: != ELF
[    6.020628] Invalid ELF header magic: != ELF
[    6.146092] Invalid ELF header magic: != ELF
[    6.587114] Invalid ELF header magic: != ELF
[    6.661969] e1000: Intel(R) PRO/1000 Network Driver
[    6.662891] e1000: Copyright (c) 1999-2006 Intel Corporation.
[    6.665984] ACPI: \_SB_.L001: Enabled at IRQ 36
[    6.666969] e1000 0000:00:01.0: enabling device (0000 -> 0003)
[    7.124061] e1000 0000:00:01.0 eth0: (PCI:33MHz:32-bit) 52:54:00:12:34:56
[    7.125678] e1000 0000:00:01.0 eth0: Intel(R) PRO/1000 Network Connection
Module                  Size  Used by    Not tainted
e1000                 163840  0 
ext4                  929792  0 
jbd2                  172032  1 ext4
mbcache                20480  1 ext4
crc32c_generic         12288  0 
crc16                  12288  1 ext4
virtio_blk             24576  0 
[    8.310814] EXT4-fs (vda): mounted filesystem 1799a7eb-09df-4b80-8c57-0424de58e445 r/w with ordered data mode. Quota mode: none.
SIMBOOT: root mounted rw, running real mfp.afx with binder stub
[   20.809299] e1000: eth0 NIC Link is Up 1000 Mbps Full Duplex, Flow Control: RX
MFP_PID=460
[   31.493607] random: crng init done
--- POLL 1: N=11 ---
[Inferior 1 (process 460) detached]
--- POLL 2: N=11 ---
[Inferior 1 (process 460) detached]
--- POLL 3: N=11 ---
[Inferior 1 (process 460) detached]
--- POLL 4: N=11 ---
[Inferior 1 (process 460) detached]
--- BT@POLL4 ---
[  157.126234] hrtimer: interrupt took 94268704 ns
0x0000ffff8194e1f8 in fsync () from /lib64/libc.so.6
[Switching to thread 1 (Thread 0xffff81320960 (LWP 460))]
#0  0x0000ffff8194e1f8 in fsync () from /lib64/libc.so.6
#0  0x0000ffff8194e1f8 in fsync () from /lib64/libc.so.6
#1  0x0000ffff824b7034 in ?? () from /lib64/libsqlite3mc.so.0
#2  0x0000ffff82513bb4 in ?? () from /lib64/libsqlite3mc.so.0
#3  0x0000ffff8251ff0c in ?? () from /lib64/libsqlite3mc.so.0
#4  0x0000ffff8252146c in ?? () from /lib64/libsqlite3mc.so.0
#5  0x0000ffff82523824 in ?? () from /lib64/libsqlite3mc.so.0
#6  0x0000ffff8256f6bc in ?? () from /lib64/libsqlite3mc.so.0
#7  0x0000ffff825703c8 in sqlite3_step () from /lib64/libsqlite3mc.so.0
[Inferior 1 (process 460) detached]
--- POLL 5: N=11 ---
[Inferior 1 (process 460) detached]
--- POLL 6: N=11 ---
[Inferior 1 (process 460) detached]
--- POLL 7: N=11 ---
[Inferior 1 (process 460) detached]
--- POLL 8: N=11 ---
[Inferior 1 (process 460) detached]
--- BT@POLL8 ---
[New LWP 462]
[New LWP 463]
[New LWP 464]
[New LWP 465]
[New LWP 466]
[New LWP 467]
[New LWP 468]
[New LWP 469]
[New LWP 470]
[New LWP 471]
[Inferior 1 (process 460) detached]
--- POLL 9: N=11 ---
[Inferior 1 (process 460) detached]
--- POLL 10: N=11 ---
[Inferior 1 (process 460) detached]
--- POLL 11: N=11 ---
[Inferior 1 (process 460) detached]
--- POLL 12: N=11 ---
[Inferior 1 (process 460) detached]
--- BT@POLL12 ---
[New LWP 462]
[New LWP 463]
[New LWP 464]
[New LWP 465]
[New LWP 466]
[New LWP 467]
[New LWP 468]
[New LWP 469]
[New LWP 470]
[New LWP 471]
[Inferior 1 (process 460) detached]
--- POLL 13: N=11 ---
[Inferior 1 (process 460) detached]
--- POLL 14: N=11 ---
[Inferior 1 (process 460) detached]
--- POLL 15: N=11 ---
[Inferior 1 (process 460) detached]
--- ALIVE ---
11
--- LISTEN TCP ---
  sl  local_address rem_address   st tx_queue rx_queue tr tm->when retrnsmt   uid  timeout inode                                                     
SIMBOOT_LPD_HEX=
/bin/sh: line 5: 16#: invalid integer constant (error token is "16#")
SIMBOOT: mfp run finished, keeping shell
/bin/sh: can't access tty; job control turned off
~ # [6n