UEFI firmware (version edk2-stable202408-prebuilt.qemu.org built at 16:28:50 on Sep 12 2024)
ArmTrngLib could not be correctly initialized.
Error: Image at 000BFDB6000 start failed: 00000001
Error: Image at 000BFD6D000 start failed: Not Found
Error: Image at 000BFCBA000 start failed: Unsupported
Error: Image at 000BFB5E000 start failed: Aborted
Tpm2SubmitCommand - Tcg2 - Not Found
Tpm2GetCapabilityPcrs fail!
Tpm2SubmitCommand - Tcg2 - Not Found
Image type X64 can't be loaded on AARCH64 UEFI system.
[2J[01;01H[=3h[2J[01;01H[2J[01;01H[=3h[2J[01;01HEFI stub: Decompressing Linux Kernel...
EFI stub: Loaded initrd from LINUX_EFI_INITRD_MEDIA_GUID device path
EFI stub: Generating empty DTB
EFI stub: Exiting boot services...
[    0.000000] Booting Linux on physical CPU 0x0000000000 [0x414fd0b1]
[    0.000000] Linux version 6.12.103-0-virt (buildozer@build-3-21-aarch64) (gcc (Alpine 14.2.0) 14.2.0, GNU ld (GNU Binutils) 2.43.1) #1-Alpine SMP PREEMPT_DYNAMIC 2026-08-10 14:25:03
[    0.000000] efi: EFI v2.7 by EDK II
[    0.000000] efi: SMBIOS 3.0=0xbfed0000 MEMATTR=0xbe176018 ACPI 2.0=0xbcb43018 INITRD=0xbcb40f18 MEMRESERVE=0xbcb40f98 
[    0.000000] ACPI: Early table checksum verification disabled
[    0.000000] ACPI: RSDP 0x00000000BCB43018 000024 (v02 BOCHS )
[    0.000000] ACPI: XSDT 0x00000000BCB43F18 000064 (v01 BOCHS  BXPC     00000001      01000013)
[    0.000000] ACPI: FACP 0x00000000BCB43B18 000114 (v06 BOCHS  BXPC     00000001 BXPC 00000001)
[    0.000000] ACPI: DSDT 0x00000000BCB41018 001506 (v02 BOCHS  BXPC     00000001 BXPC 00000001)
[    0.000000] ACPI: APIC 0x00000000BCB43C98 0000FC (v04 BOCHS  BXPC     00000001 BXPC 00000001)
[    0.000000] ACPI: PPTT 0x00000000BCB43E18 000074 (v02 BOCHS  BXPC     00000001 BXPC 00000001)
[    0.000000] ACPI: GTDT 0x00000000BCB43098 000068 (v03 BOCHS  BXPC     00000001 BXPC 00000001)
[    0.000000] ACPI: MCFG 0x00000000BCB43A98 00003C (v01 BOCHS  BXPC     00000001 BXPC 00000001)
[    0.000000] ACPI: SPCR 0x00000000BCB43818 000050 (v02 BOCHS  BXPC     00000001 BXPC 00000001)
[    0.000000] ACPI: DBG2 0x00000000BCB43A18 000057 (v00 BOCHS  BXPC     00000001 BXPC 00000001)
[    0.000000] ACPI: IORT 0x00000000BCB43898 000054 (v05 BOCHS  BXPC     00000001 BXPC 00000001)
[    0.000000] ACPI: SPCR: console: pl011,mmio32,0x9000000,9600
[    0.000000] ACPI: Use ACPI SPCR as default console: Yes
[    0.000000] NUMA: Faking a node at [mem 0x0000000040000000-0x00000000bfffffff]
[    0.000000] NODE_DATA(0) allocated [mem 0xbf855b80-0xbf857fff]
[    0.000000] Zone ranges:
[    0.000000]   DMA      [mem 0x0000000040000000-0x00000000bfffffff]
[    0.000000]   DMA32    empty
[    0.000000]   Normal   empty
[    0.000000] Movable zone start for each node
[    0.000000] Early memory node ranges
[    0.000000]   node   0: [mem 0x0000000040000000-0x00000000bc76ffff]
[    0.000000]   node   0: [mem 0x00000000bc770000-0x00000000bcb3ffff]
[    0.000000]   node   0: [mem 0x00000000bcb40000-0x00000000bfe1ffff]
[    0.000000]   node   0: [mem 0x00000000bfe20000-0x00000000bfeaffff]
[    0.000000]   node   0: [mem 0x00000000bfeb0000-0x00000000bfebffff]
[    0.000000]   node   0: [mem 0x00000000bfec0000-0x00000000bffdffff]
[    0.000000]   node   0: [mem 0x00000000bffe0000-0x00000000bfffffff]
[    0.000000] Initmem setup node 0 [mem 0x0000000040000000-0x00000000bfffffff]
[    0.000000] psci: probing for conduit method from ACPI.
[    0.000000] psci: PSCIv1.1 detected in firmware.
[    0.000000] psci: Using standard PSCI v0.2 function IDs
[    0.000000] psci: Trusted OS migration not required
[    0.000000] psci: SMC Calling Convention v1.0
[    0.000000] percpu: Embedded 33 pages/cpu s96984 r8192 d29992 u135168
[    0.000000] Detected PIPT I-cache on CPU0
[    0.000000] CPU features: detected: Spectre-v4
[    0.000000] CPU features: detected: Spectre-BHB
[    0.000000] CPU features: detected: Broken broadcast TLBI completion
[    0.000000] CPU features: detected: SSBS not fully self-synchronizing
[    0.000000] alternatives: applying boot alternatives
[    0.000000] Kernel command line: root=/dev/vda rw console=ttyAMA0 initrd=initrd
[    0.000000] Dentry cache hash table entries: 262144 (order: 9, 2097152 bytes, linear)
[    0.000000] Inode-cache hash table entries: 131072 (order: 8, 1048576 bytes, linear)
[    0.000000] Fallback order for Node 0: 0 
[    0.000000] Built 1 zonelists, mobility grouping on.  Total pages: 524288
[    0.000000] Policy zone: DMA
[    0.000000] mem auto-init: stack:all(zero), heap alloc:on, heap free:off
[    0.000000] software IO TLB: SWIOTLB bounce buffer size adjusted to 2MB
[    0.000000] software IO TLB: area num 2.
[    0.000000] software IO TLB: mapped [mem 0x00000000bf2b4000-0x00000000bf4b4000] (2MB)
[    0.000000] SLUB: HWalign=64, Order=0-3, MinObjects=0, CPUs=2, Nodes=1
[    0.000000] Dynamic Preempt: none
[    0.000000] rcu: Preemptible hierarchical RCU implementation.
[    0.000000] rcu: 	RCU restricting CPUs from NR_CPUS=4096 to nr_cpu_ids=2.
[    0.000000] 	Trampoline variant of Tasks RCU enabled.
[    0.000000] 	Tracing variant of Tasks RCU enabled.
[    0.000000] rcu: RCU calculated value of scheduler-enlistment delay is 10 jiffies.
[    0.000000] rcu: Adjusting geometry for rcu_fanout_leaf=16, nr_cpu_ids=2
[    0.000000] RCU Tasks: Setting shift to 1 and lim to 1 rcu_task_cb_adjust=1 rcu_task_cpu_ids=2.
[    0.000000] RCU Tasks Trace: Setting shift to 1 and lim to 1 rcu_task_cb_adjust=1 rcu_task_cpu_ids=2.
[    0.000000] NR_IRQS: 64, nr_irqs: 64, preallocated irqs: 0
[    0.000000] Root IRQ handler: gic_handle_irq
[    0.000000] GICv2m: ACPI overriding V2M MSI_TYPER (base:80, num:64)
[    0.000000] GICv2m: range[mem 0x08020000-0x08020fff], SPI[80:143]
[    0.000000] rcu: srcu_init: Setting srcu_struct sizes based on contention.
[    0.000000] clocksource: jiffies: mask: 0xffffffff max_cycles: 0xffffffff, max_idle_ns: 19112604462750000 ns
[    0.000000] arch_timer: cp15 timer(s) running at 62.50MHz (virt).
[    0.000000] clocksource: arch_sys_counter: mask: 0x1ffffffffffffff max_cycles: 0x1cd42e208c, max_idle_ns: 881590405314 ns
[    0.000159] sched_clock: 57 bits at 63MHz, resolution 16ns, wraps every 4398046511096ns
[    0.018965] kfence: initialized - using 2097152 bytes for 255 objects at 0x(____ptrval____)-0x(____ptrval____)
[    0.066446] Console: colour dummy device 80x25
[    0.087917] ACPI: Core revision 20240827
[    0.104348] Calibrating delay loop (skipped), value calculated using timer frequency.. 125.00 BogoMIPS (lpj=625000)
[    0.104670] pid_max: default: 32768 minimum: 301
[    0.231120] LSM: initializing lsm=lockdown,capability,landlock
[    0.236809] landlock: Up and running.
[    0.249714] Mount-cache hash table entries: 4096 (order: 3, 32768 bytes, linear)
[    0.249885] Mountpoint-cache hash table entries: 4096 (order: 3, 32768 bytes, linear)
[    0.463281] rcu: Hierarchical SRCU implementation.
[    0.463442] rcu: 	Max phase no-delay instances is 1000.
[    0.469166] Timer migration: 1 hierarchy levels; 8 children per group; 1 crossnode level
[    0.487720] Remapping and enabling EFI services.
[    0.502560] smp: Bringing up secondary CPUs ...
[    0.517057] Detected PIPT I-cache on CPU1
[    0.518989] CPU1: Booted secondary processor 0x0000000001 [0x414fd0b1]
[    0.533524] smp: Brought up 1 node, 2 CPUs
[    0.533616] SMP: Total of 2 processors activated.
[    0.533686] CPU: All CPU(s) started at EL1
[    0.534115] CPU features: detected: 32-bit EL0 Support
[    0.534230] CPU features: detected: Data cache clean to the PoU not required for I/D coherence
[    0.534324] CPU features: detected: Common not Private translations
[    0.534337] CPU features: detected: CRC32 instructions
[    0.535005] CPU features: detected: RCpc load-acquire (LDAPR)
[    0.535088] CPU features: detected: LSE atomic instructions
[    0.535102] CPU features: detected: Privileged Access Never
[    0.535113] CPU features: detected: RAS Extension Support
[    0.535198] CPU features: detected: Speculative Store Bypassing Safe (SSBS)
[    0.570920] alternatives: applying system-wide alternatives
[    0.630036] CPU features: detected: Hardware dirty bit management on CPU0-1
[    0.688229] Memory: 2003132K/2097152K available (12608K kernel code, 1950K rwdata, 7812K rodata, 1920K init, 9305K bss, 89464K reserved, 0K cma-reserved)
[    0.785833] devtmpfs: initialized
[    0.849676] futex hash table entries: 512 (order: 3, 32768 bytes, linear)
[    0.851393] 24304 pages in range for non-PLT usage
[    0.851521] 515824 pages in range for PLT usage
[    0.864917] pinctrl core: initialized pinctrl subsystem
[    0.881652] SMBIOS 3.0.0 present.
[    0.882227] DMI: QEMU QEMU Virtual Machine, BIOS edk2-stable202408-prebuilt.qemu.org 08/13/2024
[    0.882998] DMI: Memory slots populated: 1/1
[    0.938509] NET: Registered PF_NETLINK/PF_ROUTE protocol family
[    0.956025] DMA: preallocated 256 KiB GFP_KERNEL pool for atomic allocations
[    0.963912] DMA: preallocated 256 KiB GFP_KERNEL|GFP_DMA pool for atomic allocations
[    0.964965] DMA: preallocated 256 KiB GFP_KERNEL|GFP_DMA32 pool for atomic allocations
[    0.965492] audit: initializing netlink subsys (disabled)
[    0.969810] audit: type=2000 audit(0.600:1): state=initialized audit_enabled=0 res=1
[    0.983310] thermal_sys: Registered thermal governor 'step_wise'
[    0.987424] cpuidle: using governor ladder
[    0.987873] cpuidle: using governor menu
[    0.998176] hw-breakpoint: found 6 breakpoint and 4 watchpoint registers.
[    0.999481] ASID allocator initialised with 65536 entries
[    1.000906] acpiphp: ACPI Hot Plug PCI Controller Driver version: 0.5
[    1.004944] Serial: AMBA PL011 UART driver
[    1.049433] HugeTLB: registered 1.00 GiB page size, pre-allocated 0 pages
[    1.049503] HugeTLB: 0 KiB vmemmap can be freed for a 1.00 GiB page
[    1.049529] HugeTLB: registered 32.0 MiB page size, pre-allocated 0 pages
[    1.049539] HugeTLB: 0 KiB vmemmap can be freed for a 32.0 MiB page
[    1.049564] HugeTLB: registered 2.00 MiB page size, pre-allocated 0 pages
[    1.049573] HugeTLB: 0 KiB vmemmap can be freed for a 2.00 MiB page
[    1.049586] HugeTLB: registered 64.0 KiB page size, pre-allocated 0 pages
[    1.049596] HugeTLB: 0 KiB vmemmap can be freed for a 64.0 KiB page
[    1.114857] ACPI: Added _OSI(Module Device)
[    1.114960] ACPI: Added _OSI(Processor Device)
[    1.114975] ACPI: Added _OSI(Processor Aggregator Device)
[    1.203367] ACPI: 1 ACPI AML tables successfully acquired and loaded
[    1.267722] ACPI: Interpreter enabled
[    1.267803] ACPI: Using GIC for interrupt routing
[    1.269016] ACPI: MCFG table detected, 1 entries
[    1.386765] ACPI: CPU0 has been hot-added
[    1.388141] ACPI: CPU1 has been hot-added
[    1.435177] ARMH0011:00: ttyAMA0 at MMIO 0x9000000 (irq = 12, base_baud = 0) is a SBSA
[    1.437727] printk: legacy console [ttyAMA0] enabled
[    1.563223] ACPI: PCI: Interrupt link L000 configured for IRQ 35
[    1.564034] ACPI: PCI: Interrupt link L001 configured for IRQ 36
[    1.564523] ACPI: PCI: Interrupt link L002 configured for IRQ 37
[    1.564894] ACPI: PCI: Interrupt link L003 configured for IRQ 38
[    1.565884] ACPI: PCI Root Bridge [PCI0] (domain 0000 [bus 00-ff])
[    1.569003] acpi PNP0A08:00: _OSC: OS supports [ExtendedConfig ASPM ClockPM Segments MSI HPX-Type3]
[    1.585685] acpi PNP0A08:00: _OSC: platform does not support [LTR]
[    1.587374] acpi PNP0A08:00: _OSC: OS now controls [PCIeHotplug PME PCIeCapability]
[    1.599389] acpi PNP0A08:00: ECAM area [mem 0x4010000000-0x401fffffff] reserved by PNP0C02:00
[    1.600435] acpi PNP0A08:00: ECAM at [mem 0x4010000000-0x401fffffff] for [bus 00-ff]
[    1.602547] ACPI: Remapped I/O 0x000000003eff0000 to [io  0x0000-0xffff window]
[    1.615460] PCI host bridge to bus 0000:00
[    1.616705] pci_bus 0000:00: root bus resource [mem 0x10000000-0x3efeffff window]
[    1.617212] pci_bus 0000:00: root bus resource [io  0x0000-0xffff window]
[    1.617586] pci_bus 0000:00: root bus resource [mem 0x8000000000-0xffffffffff window]
[    1.618247] pci_bus 0000:00: root bus resource [bus 00-ff]
[    1.620624] pci 0000:00:00.0: [1b36:0008] type 00 class 0x060000 conventional PCI endpoint
[    1.637184] pci 0000:00:01.0: [8086:100e] type 00 class 0x020000 conventional PCI endpoint
[    1.638159] pci 0000:00:01.0: BAR 0 [mem 0x10040000-0x1005ffff]
[    1.638481] pci 0000:00:01.0: BAR 1 [io  0x0080-0x00bf]
[    1.638783] pci 0000:00:01.0: ROM [mem 0xfffc0000-0xffffffff pref]
[    1.646900] pci 0000:00:02.0: [1af4:1001] type 00 class 0x010000 conventional PCI endpoint
[    1.647447] pci 0000:00:02.0: BAR 0 [io  0x0000-0x007f]
[    1.647661] pci 0000:00:02.0: BAR 1 [mem 0x10060000-0x10060fff]
[    1.647933] pci 0000:00:02.0: BAR 4 [mem 0x8000000000-0x8000003fff 64bit pref]
[    1.652962] pci 0000:00:01.0: ROM [mem 0x10000000-0x1003ffff pref]: assigned
[    1.653525] pci 0000:00:01.0: BAR 0 [mem 0x10040000-0x1005ffff]: assigned
[    1.653934] pci 0000:00:02.0: BAR 4 [mem 0x8000000000-0x8000003fff 64bit pref]: assigned
[    1.654428] pci 0000:00:02.0: BAR 1 [mem 0x10060000-0x10060fff]: assigned
[    1.654809] pci 0000:00:02.0: BAR 0 [io  0x1000-0x107f]: assigned
[    1.655053] pci 0000:00:01.0: BAR 1 [io  0x1080-0x10bf]: assigned
[    1.655602] pci_bus 0000:00: resource 4 [mem 0x10000000-0x3efeffff window]
[    1.655859] pci_bus 0000:00: resource 5 [io  0x0000-0xffff window]
[    1.656098] pci_bus 0000:00: resource 6 [mem 0x8000000000-0xffffffffff window]
[    1.669388] iommu: Default domain type: Translated
[    1.669668] iommu: DMA domain TLB invalidation policy: lazy mode
[    1.697894] efivars: Registered efivars operations
[    1.754850] clocksource: Switched to clocksource arch_sys_counter
[    1.799094] VFS: Disk quotas dquot_6.6.0
[    1.799994] VFS: Dquot-cache hash table entries: 512 (order 0, 4096 bytes)
[    1.818758] pnp: PnP ACPI init
[    1.832758] system 00:00: [mem 0x4010000000-0x401fffffff window] could not be reserved
[    1.834042] pnp: PnP ACPI: found 1 devices
[    1.963678] NET: Registered PF_INET protocol family
[    1.967787] IP idents hash table entries: 32768 (order: 6, 262144 bytes, linear)
[    2.267743] tcp_listen_portaddr_hash hash table entries: 1024 (order: 2, 16384 bytes, linear)
[    2.268775] Table-perturb hash table entries: 65536 (order: 6, 262144 bytes, linear)
[    2.269562] TCP established hash table entries: 16384 (order: 5, 131072 bytes, linear)
[    2.271168] TCP bind hash table entries: 16384 (order: 7, 524288 bytes, linear)
[    2.272255] TCP: Hash tables configured (established 16384 bind 16384)
[    2.284583] MPTCP token hash table entries: 2048 (order: 4, 49152 bytes, linear)
[    2.286369] UDP hash table entries: 1024 (order: 3, 32768 bytes, linear)
[    2.287549] UDP-Lite hash table entries: 1024 (order: 3, 32768 bytes, linear)
[    2.301150] NET: Registered PF_UNIX/PF_LOCAL protocol family
[    2.302820] NET: Registered PF_XDP protocol family
[    2.304592] PCI: CLS 0 bytes, default 64
[    2.322128] kvm [1]: HYP mode not available
[    2.335305] Unpacking initramfs...
[    2.399416] Initialise system trusted keyrings
[    2.463107] workingset: timestamp_bits=44 max_order=19 bucket_order=0
[    2.670412] Key type asymmetric registered
[    2.671069] Asymmetric key parser 'x509' registered
[    2.672710] Block layer SCSI generic (bsg) driver version 0.4 loaded (major 249)
[    2.682598] io scheduler mq-deadline registered
[    2.683191] io scheduler kyber registered
[    2.684734] io scheduler bfq registered
[    2.748803] ACPI: \_SB_.L002: Enabled at IRQ 37
[    2.752114] virtio-pci 0000:00:02.0: enabling device (0000 -> 0003)
[    2.770036] Serial: 8250/16550 driver, 4 ports, IRQ sharing enabled
[    2.820160] hv_vmbus: registering driver hyperv_keyboard
[    2.839273] rtc-efi rtc-efi.0: registered as rtc0
[    2.849626] rtc-efi rtc-efi.0: setting system clock to 2026-08-25T03:52:07 UTC (1787629927)
[    2.863258] NET: Registered PF_INET6 protocol family
[    2.902190] Segment Routing with IPv6
[    2.904024] In-situ OAM (IOAM) with IPv6
[    3.065856] registered taskstats version 1
[    3.070790] Freeing initrd memory: 5268K
[    3.072429] Loading compiled-in X.509 certificates
[    3.465143] Loaded X.509 cert 'alpinelinux.org: Alpine Linux kernel key: 87fa969a47f3e2a6aa35859eb932a17c95abcd82'
[    3.503669] Demotion targets for Node 0: null
[    3.506064] Key type .fscrypt registered
[    3.506278] Key type fscrypt-provisioning registered
[    3.554758] clk: Disabling unused clocks
[    3.555500] PM: genpd: Disabling unused power domains
[    3.667178] Freeing unused kernel memory: 1920K
[    3.669827] Run /init as init process
[    4.071501] Alpine Init 3.11.1-r0
Alpine Init 3.11.1-r0
[    4.088252] Loading boot drivers...
 * Loading boot drivers: [    4.233100] Loading boot drivers: ok.
ok.
SIMBOOT: kernel=6.12.103-0-virt
[    4.322536] Invalid ELF header magic: != ELF
[    4.369196] virtio_blk virtio0: 2/0/0 default/read/poll queues
[    4.402469] virtio_blk virtio0: [vda] 1411072 512-byte logical blocks (722 MB/689 MiB)
[    4.452548] Invalid ELF header magic: != ELF
[    4.488216] Invalid ELF header magic: != ELF
[    4.518104] Invalid ELF header magic: != ELF
[    4.549736] Invalid ELF header magic: != ELF
[    4.631629] Invalid ELF header magic: != ELF
[    4.918380] Invalid ELF header magic: != ELF
[    4.970024] e1000: Intel(R) PRO/1000 Network Driver
[    4.970298] e1000: Copyright (c) 1999-2006 Intel Corporation.
[    4.971971] ACPI: \_SB_.L001: Enabled at IRQ 36
[    4.972546] e1000 0000:00:01.0: enabling device (0000 -> 0003)
[    5.465598] e1000 0000:00:01.0 eth0: (PCI:33MHz:32-bit) 52:54:00:12:34:56
[    5.466484] e1000 0000:00:01.0 eth0: Intel(R) PRO/1000 Network Connection
Module                  Size  Used by    Not tainted
e1000                 163840  0 
ext4                  929792  0 
jbd2                  172032  1 ext4
mbcache                20480  1 ext4
crc32c_generic         12288  0 
crc16                  12288  1 ext4
virtio_blk             24576  0 
[    6.606175] EXT4-fs (vda): mounted filesystem 1799a7eb-09df-4b80-8c57-0424de58e445 r/w with ordered data mode. Quota mode: none.
SIMBOOT: root mounted rw, running real mfp.afx with binder stub
[   14.047941] e1000: eth0 NIC Link is Up 1000 Mbps Full Duplex, Flow Control: RX
MFP_PID=443
[   18.796418] random: crng init done
--- GDB PATCH ---
0x0000ffffa6b21ae0 in clock_nanosleep () from /lib64/libc.so.6
$1 = 0x0
$2 = 0x0
$3 = 0x0
$4 = 0x0
[Inferior 1 (process 443) detached]
--- ALIVE ---
195
--- LPD HANDLE ---
--- BT2 ---
BT_LINES=985
--- MAIN BT ---
Thread 195 (Thread 0xffff3e908b60 (LWP 645) "mfp.afx"):
#0  0x0000ffffa6b52150 in select () from /lib64/libc.so.6
#1  0x0000ffffa7b3d1c4 in event_monitor () from /lib64/libevent_mgr.so

Thread 194 (Thread 0xffff3eb18b60 (LWP 644) "mfp.afx"):
#0  binder_parse (bs=0x23ff7a00, bio=0x0, ptr=0xffff3eb180d8, size=0, func=0xffffa7b1d75c <loop_handler>) at lib/cbinder/cbinder.c:506
#1  0x0000ffffa7b1d9e8 in binder_thr (arg=0x23ff6b50) at lib/cbinder/cbinder.c:699

Thread 193 (Thread 0xffff3ed26b60 (LWP 643) "mfp.afx"):
#0  0x0000ffffa6aeb05c in ?? () from /lib64/libc.so.6
#1  0x0000ffffa6aed834 in pthread_cond_wait () from /lib64/libc.so.6

Thread 192 (Thread 0xffff3ee36b60 (LWP 642) "mfp.afx"):
#0  0x0000ffffa6b4bbac in write () from /lib64/libc.so.6
#1  0x00000000006c2ecc in ulog_print (name=0xffffa7b7f13c "IBC", file=0xffffa7b7f136 "ibc.c", func=0xffffa7b7f4d3 <__func__.3> "_wait_for_peer", line=747, level=4, fmt=0xffffa7b7f37b "wait failed\n") at proxy_transfer/ulog.c:286

Thread 191 (Thread 0xffff3ef46b60 (LWP 641) "mfp.afx"):
#0  0x0000ffffa6aeb05c in ?? () from /lib64/libc.so.6
#1  0x0000ffffa6af5e5c in ?? () from /lib64/libc.so.6

Thread 190 (Thread 0xffff3f756b60 (LWP 640) "mfp.afx"):
#0  0x0000ffffa6b52150 in select () from /lib64/libc.so.6
#1  0x0000ffffa7b3d1c4 in event_monitor () from /lib64/libevent_mgr.so

--- FUNC DIST ---
--- MFP LOG TAIL ---
[2026-08-25 03:55:42.718 ] _wait_for_peer:747 IBC WARN 443:wait failed
[2026-08-25 03:55:42.719 ] _wait_for_peer:747 IBC WARN 443:wait failed
[2026-08-25 03:55:42.719 ] _wait_for_peer:747 IBC WARN 443:wait failed
[2026-08-25 03:55:42.719 ] _wait_for_peer:747 IBC WARN 443:wait failed
[2026-08-25 03:55:42.719 ] _wait_for_peer:747 IBC WARN 443:wait failed
[2026-08-25 03:55:42.720 ] _wait_for_peer:747 IBC WARN 443:wait failed
[2026-08-25 03:55:42.720 ] _wait_for_peer:747 IBC WARN 443:wait failed
[2026-08-25 03:55:42.720 ] _wait_for_peer:747 IBC WARN 443:wait failed
[2026-08-25 03:55:42.720 ] _wait_for_peer:747 IBC WARN 443:wait failed
[2026-08-25 03:55:42.720 ] _wait_for_peer:747 IBC WARN 443:wait failed
[2026-08-25 03:55:42.488 ] _wait_for_peer:747 IBC WARN 443:wait failed
[2026-08-25 03:55:42.720 ] _wait_for_peer:747 IBC WARN 443:wait failed
--- LISTEN ---
  sl  local_address rem_address   st tx_queue rx_queue tr tm->when retrnsmt   uid  timeout inode                                                     
done
SIMBOOT: mfp run finished, keeping shell
/bin/sh: can't access tty; job control turned off
~ # [6n