UEFI firmware (version edk2-stable202408-prebuilt.qemu.org built at 16:28:50 on Sep 12 2024)
ArmTrngLib could not be correctly initialized.
Error: Image at 0013FDB6000 start failed: 00000001
Error: Image at 0013FD6D000 start failed: Not Found
Error: Image at 0013FCBA000 start failed: Unsupported
Error: Image at 0013FB5E000 start failed: Aborted
Tpm2SubmitCommand - Tcg2 - Not Found
Tpm2GetCapabilityPcrs fail!
Tpm2SubmitCommand - Tcg2 - Not Found
Image type X64 can't be loaded on AARCH64 UEFI system.
[2J[01;01H[=3h[2J[01;01H[2J[01;01H[=3h[2J[01;01HEFI stub: Decompressing Linux Kernel...
EFI stub: Loaded initrd from LINUX_EFI_INITRD_MEDIA_GUID device path
EFI stub: Generating empty DTB
EFI stub: Exiting boot services...
[    0.000000] Booting Linux on physical CPU 0x0000000000 [0x414fd0b1]
[    0.000000] Linux version 6.12.103-0-virt (buildozer@build-3-21-aarch64) (gcc (Alpine 14.2.0) 14.2.0, GNU ld (GNU Binutils) 2.43.1) #1-Alpine SMP PREEMPT_DYNAMIC 2026-08-10 14:25:03
[    0.000000] efi: EFI v2.7 by EDK II
[    0.000000] efi: SMBIOS 3.0=0x13fed0000 MEMATTR=0x13e176018 ACPI 2.0=0x13cb43018 INITRD=0x13cb40f18 MEMRESERVE=0x13cb40f98 
[    0.000000] ACPI: Early table checksum verification disabled
[    0.000000] ACPI: RSDP 0x000000013CB43018 000024 (v02 BOCHS )
[    0.000000] ACPI: XSDT 0x000000013CB43F18 000064 (v01 BOCHS  BXPC     00000001      01000013)
[    0.000000] ACPI: FACP 0x000000013CB43B18 000114 (v06 BOCHS  BXPC     00000001 BXPC 00000001)
[    0.000000] ACPI: DSDT 0x000000013CB41018 001506 (v02 BOCHS  BXPC     00000001 BXPC 00000001)
[    0.000000] ACPI: APIC 0x000000013CB43C98 0000FC (v04 BOCHS  BXPC     00000001 BXPC 00000001)
[    0.000000] ACPI: PPTT 0x000000013CB43E18 000074 (v02 BOCHS  BXPC     00000001 BXPC 00000001)
[    0.000000] ACPI: GTDT 0x000000013CB43098 000068 (v03 BOCHS  BXPC     00000001 BXPC 00000001)
[    0.000000] ACPI: MCFG 0x000000013CB43A98 00003C (v01 BOCHS  BXPC     00000001 BXPC 00000001)
[    0.000000] ACPI: SPCR 0x000000013CB43818 000050 (v02 BOCHS  BXPC     00000001 BXPC 00000001)
[    0.000000] ACPI: DBG2 0x000000013CB43A18 000057 (v00 BOCHS  BXPC     00000001 BXPC 00000001)
[    0.000000] ACPI: IORT 0x000000013CB43898 000054 (v05 BOCHS  BXPC     00000001 BXPC 00000001)
[    0.000000] ACPI: SPCR: console: pl011,mmio32,0x9000000,9600
[    0.000000] ACPI: Use ACPI SPCR as default console: Yes
[    0.000000] NUMA: Faking a node at [mem 0x0000000040000000-0x000000013fffffff]
[    0.000000] NODE_DATA(0) allocated [mem 0x13f453b80-0x13f455fff]
[    0.000000] Zone ranges:
[    0.000000]   DMA      [mem 0x0000000040000000-0x00000000ffffffff]
[    0.000000]   DMA32    empty
[    0.000000]   Normal   [mem 0x0000000100000000-0x000000013fffffff]
[    0.000000] Movable zone start for each node
[    0.000000] Early memory node ranges
[    0.000000]   node   0: [mem 0x0000000040000000-0x000000013c76ffff]
[    0.000000]   node   0: [mem 0x000000013c770000-0x000000013cb3ffff]
[    0.000000]   node   0: [mem 0x000000013cb40000-0x000000013fe1ffff]
[    0.000000]   node   0: [mem 0x000000013fe20000-0x000000013feaffff]
[    0.000000]   node   0: [mem 0x000000013feb0000-0x000000013febffff]
[    0.000000]   node   0: [mem 0x000000013fec0000-0x000000013ffdffff]
[    0.000000]   node   0: [mem 0x000000013ffe0000-0x000000013fffffff]
[    0.000000] Initmem setup node 0 [mem 0x0000000040000000-0x000000013fffffff]
[    0.000000] psci: probing for conduit method from ACPI.
[    0.000000] psci: PSCIv1.1 detected in firmware.
[    0.000000] psci: Using standard PSCI v0.2 function IDs
[    0.000000] psci: Trusted OS migration not required
[    0.000000] psci: SMC Calling Convention v1.0
[    0.000000] percpu: Embedded 33 pages/cpu s96984 r8192 d29992 u135168
[    0.000000] Detected PIPT I-cache on CPU0
[    0.000000] CPU features: detected: Spectre-v4
[    0.000000] CPU features: detected: Spectre-BHB
[    0.000000] CPU features: detected: Broken broadcast TLBI completion
[    0.000000] CPU features: detected: SSBS not fully self-synchronizing
[    0.000000] alternatives: applying boot alternatives
[    0.000000] Kernel command line: root=/dev/vda rw console=ttyAMA0 initrd=initrd
[    0.000000] Dentry cache hash table entries: 524288 (order: 10, 4194304 bytes, linear)
[    0.000000] Inode-cache hash table entries: 262144 (order: 9, 2097152 bytes, linear)
[    0.000000] Fallback order for Node 0: 0 
[    0.000000] Built 1 zonelists, mobility grouping on.  Total pages: 1048576
[    0.000000] Policy zone: Normal
[    0.000000] mem auto-init: stack:all(zero), heap alloc:on, heap free:off
[    0.000000] software IO TLB: area num 2.
[    0.000000] software IO TLB: mapped [mem 0x00000000fbfff000-0x00000000fffff000] (64MB)
[    0.000000] SLUB: HWalign=64, Order=0-3, MinObjects=0, CPUs=2, Nodes=1
[    0.000000] Dynamic Preempt: none
[    0.000000] rcu: Preemptible hierarchical RCU implementation.
[    0.000000] rcu: 	RCU restricting CPUs from NR_CPUS=4096 to nr_cpu_ids=2.
[    0.000000] 	Trampoline variant of Tasks RCU enabled.
[    0.000000] 	Tracing variant of Tasks RCU enabled.
[    0.000000] rcu: RCU calculated value of scheduler-enlistment delay is 10 jiffies.
[    0.000000] rcu: Adjusting geometry for rcu_fanout_leaf=16, nr_cpu_ids=2
[    0.000000] RCU Tasks: Setting shift to 1 and lim to 1 rcu_task_cb_adjust=1 rcu_task_cpu_ids=2.
[    0.000000] RCU Tasks Trace: Setting shift to 1 and lim to 1 rcu_task_cb_adjust=1 rcu_task_cpu_ids=2.
[    0.000000] NR_IRQS: 64, nr_irqs: 64, preallocated irqs: 0
[    0.000000] Root IRQ handler: gic_handle_irq
[    0.000000] GICv2m: ACPI overriding V2M MSI_TYPER (base:80, num:64)
[    0.000000] GICv2m: range[mem 0x08020000-0x08020fff], SPI[80:143]
[    0.000000] rcu: srcu_init: Setting srcu_struct sizes based on contention.
[    0.000000] clocksource: jiffies: mask: 0xffffffff max_cycles: 0xffffffff, max_idle_ns: 19112604462750000 ns
[    0.000000] arch_timer: cp15 timer(s) running at 62.50MHz (virt).
[    0.000000] clocksource: arch_sys_counter: mask: 0x1ffffffffffffff max_cycles: 0x1cd42e208c, max_idle_ns: 881590405314 ns
[    0.000118] sched_clock: 57 bits at 63MHz, resolution 16ns, wraps every 4398046511096ns
[    0.007600] kfence: initialized - using 2097152 bytes for 255 objects at 0x(____ptrval____)-0x(____ptrval____)
[    0.040469] Console: colour dummy device 80x25
[    0.063658] ACPI: Core revision 20240827
[    0.073370] Calibrating delay loop (skipped), value calculated using timer frequency.. 125.00 BogoMIPS (lpj=625000)
[    0.074172] pid_max: default: 32768 minimum: 301
[    0.088715] LSM: initializing lsm=lockdown,capability,landlock
[    0.097798] landlock: Up and running.
[    0.104219] Mount-cache hash table entries: 8192 (order: 4, 65536 bytes, linear)
[    0.104407] Mountpoint-cache hash table entries: 8192 (order: 4, 65536 bytes, linear)
[    0.240857] rcu: Hierarchical SRCU implementation.
[    0.241011] rcu: 	Max phase no-delay instances is 1000.
[    0.249694] Timer migration: 1 hierarchy levels; 8 children per group; 1 crossnode level
[    0.266846] Remapping and enabling EFI services.
[    0.276048] smp: Bringing up secondary CPUs ...
[    0.288504] Detected PIPT I-cache on CPU1
[    0.291811] CPU1: Booted secondary processor 0x0000000001 [0x414fd0b1]
[    0.303172] smp: Brought up 1 node, 2 CPUs
[    0.303294] SMP: Total of 2 processors activated.
[    0.303375] CPU: All CPU(s) started at EL1
[    0.303768] CPU features: detected: 32-bit EL0 Support
[    0.303869] CPU features: detected: Data cache clean to the PoU not required for I/D coherence
[    0.303968] CPU features: detected: Common not Private translations
[    0.303979] CPU features: detected: CRC32 instructions
[    0.304351] CPU features: detected: RCpc load-acquire (LDAPR)
[    0.304421] CPU features: detected: LSE atomic instructions
[    0.304431] CPU features: detected: Privileged Access Never
[    0.304439] CPU features: detected: RAS Extension Support
[    0.304948] CPU features: detected: Speculative Store Bypassing Safe (SSBS)
[    0.333992] alternatives: applying system-wide alternatives
[    0.362824] CPU features: detected: Hardware dirty bit management on CPU0-1
[    0.408777] Memory: 3995976K/4194304K available (12608K kernel code, 1950K rwdata, 7812K rodata, 1920K init, 9305K bss, 193644K reserved, 0K cma-reserved)
[    0.489185] devtmpfs: initialized
[    0.542245] futex hash table entries: 512 (order: 3, 32768 bytes, linear)
[    0.547759] 24304 pages in range for non-PLT usage
[    0.547900] 515824 pages in range for PLT usage
[    0.556700] pinctrl core: initialized pinctrl subsystem
[    0.571969] SMBIOS 3.0.0 present.
[    0.572582] DMI: QEMU QEMU Virtual Machine, BIOS edk2-stable202408-prebuilt.qemu.org 08/13/2024
[    0.573183] DMI: Memory slots populated: 1/1
[    0.622062] NET: Registered PF_NETLINK/PF_ROUTE protocol family
[    0.638932] DMA: preallocated 512 KiB GFP_KERNEL pool for atomic allocations
[    0.640692] DMA: preallocated 512 KiB GFP_KERNEL|GFP_DMA pool for atomic allocations
[    0.642316] DMA: preallocated 512 KiB GFP_KERNEL|GFP_DMA32 pool for atomic allocations
[    0.643035] audit: initializing netlink subsys (disabled)
[    0.651926] audit: type=2000 audit(0.510:1): state=initialized audit_enabled=0 res=1
[    0.658813] thermal_sys: Registered thermal governor 'step_wise'
[    0.666940] cpuidle: using governor ladder
[    0.667590] cpuidle: using governor menu
[    0.670671] hw-breakpoint: found 6 breakpoint and 4 watchpoint registers.
[    0.672069] ASID allocator initialised with 65536 entries
[    0.673313] acpiphp: ACPI Hot Plug PCI Controller Driver version: 0.5
[    0.681286] Serial: AMBA PL011 UART driver
[    0.721216] HugeTLB: registered 1.00 GiB page size, pre-allocated 0 pages
[    0.721276] HugeTLB: 0 KiB vmemmap can be freed for a 1.00 GiB page
[    0.721300] HugeTLB: registered 32.0 MiB page size, pre-allocated 0 pages
[    0.721309] HugeTLB: 0 KiB vmemmap can be freed for a 32.0 MiB page
[    0.721325] HugeTLB: registered 2.00 MiB page size, pre-allocated 0 pages
[    0.721333] HugeTLB: 0 KiB vmemmap can be freed for a 2.00 MiB page
[    0.721344] HugeTLB: registered 64.0 KiB page size, pre-allocated 0 pages
[    0.721351] HugeTLB: 0 KiB vmemmap can be freed for a 64.0 KiB page
[    0.767476] ACPI: Added _OSI(Module Device)
[    0.767600] ACPI: Added _OSI(Processor Device)
[    0.767615] ACPI: Added _OSI(Processor Aggregator Device)
[    0.805970] ACPI: 1 ACPI AML tables successfully acquired and loaded
[    0.838563] ACPI: Interpreter enabled
[    0.838611] ACPI: Using GIC for interrupt routing
[    0.839301] ACPI: MCFG table detected, 1 entries
[    0.923128] ACPI: CPU0 has been hot-added
[    0.924405] ACPI: CPU1 has been hot-added
[    0.951835] ARMH0011:00: ttyAMA0 at MMIO 0x9000000 (irq = 12, base_baud = 0) is a SBSA
[    0.953926] printk: legacy console [ttyAMA0] enabled
[    1.035648] ACPI: PCI: Interrupt link L000 configured for IRQ 35
[    1.036111] ACPI: PCI: Interrupt link L001 configured for IRQ 36
[    1.036360] ACPI: PCI: Interrupt link L002 configured for IRQ 37
[    1.036591] ACPI: PCI: Interrupt link L003 configured for IRQ 38
[    1.037243] ACPI: PCI Root Bridge [PCI0] (domain 0000 [bus 00-ff])
[    1.039930] acpi PNP0A08:00: _OSC: OS supports [ExtendedConfig ASPM ClockPM Segments MSI HPX-Type3]
[    1.050946] acpi PNP0A08:00: _OSC: platform does not support [LTR]
[    1.052296] acpi PNP0A08:00: _OSC: OS now controls [PCIeHotplug PME PCIeCapability]
[    1.056555] acpi PNP0A08:00: ECAM area [mem 0x4010000000-0x401fffffff] reserved by PNP0C02:00
[    1.058242] acpi PNP0A08:00: ECAM at [mem 0x4010000000-0x401fffffff] for [bus 00-ff]
[    1.063039] ACPI: Remapped I/O 0x000000003eff0000 to [io  0x0000-0xffff window]
[    1.072008] PCI host bridge to bus 0000:00
[    1.073032] pci_bus 0000:00: root bus resource [mem 0x10000000-0x3efeffff window]
[    1.073336] pci_bus 0000:00: root bus resource [io  0x0000-0xffff window]
[    1.073589] pci_bus 0000:00: root bus resource [mem 0x8000000000-0xffffffffff window]
[    1.074013] pci_bus 0000:00: root bus resource [bus 00-ff]
[    1.076315] pci 0000:00:00.0: [1b36:0008] type 00 class 0x060000 conventional PCI endpoint
[    1.088924] pci 0000:00:01.0: [8086:100e] type 00 class 0x020000 conventional PCI endpoint
[    1.089497] pci 0000:00:01.0: BAR 0 [mem 0x10040000-0x1005ffff]
[    1.089759] pci 0000:00:01.0: BAR 1 [io  0x0080-0x00bf]
[    1.090011] pci 0000:00:01.0: ROM [mem 0xfffc0000-0xffffffff pref]
[    1.091300] pci 0000:00:02.0: [1af4:1001] type 00 class 0x010000 conventional PCI endpoint
[    1.091610] pci 0000:00:02.0: BAR 0 [io  0x0000-0x007f]
[    1.091784] pci 0000:00:02.0: BAR 1 [mem 0x10060000-0x10060fff]
[    1.092035] pci 0000:00:02.0: BAR 4 [mem 0x8000000000-0x8000003fff 64bit pref]
[    1.098205] pci 0000:00:01.0: ROM [mem 0x10000000-0x1003ffff pref]: assigned
[    1.098726] pci 0000:00:01.0: BAR 0 [mem 0x10040000-0x1005ffff]: assigned
[    1.099135] pci 0000:00:02.0: BAR 4 [mem 0x8000000000-0x8000003fff 64bit pref]: assigned
[    1.100296] pci 0000:00:02.0: BAR 1 [mem 0x10060000-0x10060fff]: assigned
[    1.100744] pci 0000:00:02.0: BAR 0 [io  0x1000-0x107f]: assigned
[    1.101107] pci 0000:00:01.0: BAR 1 [io  0x1080-0x10bf]: assigned
[    1.101977] pci_bus 0000:00: resource 4 [mem 0x10000000-0x3efeffff window]
[    1.102390] pci_bus 0000:00: resource 5 [io  0x0000-0xffff window]
[    1.102716] pci_bus 0000:00: resource 6 [mem 0x8000000000-0xffffffffff window]
[    1.113462] iommu: Default domain type: Translated
[    1.113804] iommu: DMA domain TLB invalidation policy: lazy mode
[    1.124362] efivars: Registered efivars operations
[    1.151086] clocksource: Switched to clocksource arch_sys_counter
[    1.158163] VFS: Disk quotas dquot_6.6.0
[    1.158593] VFS: Dquot-cache hash table entries: 512 (order 0, 4096 bytes)
[    1.169659] pnp: PnP ACPI init
[    1.173300] system 00:00: [mem 0x4010000000-0x401fffffff window] could not be reserved
[    1.173969] pnp: PnP ACPI: found 1 devices
[    1.219326] NET: Registered PF_INET protocol family
[    1.221782] IP idents hash table entries: 65536 (order: 7, 524288 bytes, linear)
[    1.298590] tcp_listen_portaddr_hash hash table entries: 2048 (order: 3, 32768 bytes, linear)
[    1.299191] Table-perturb hash table entries: 65536 (order: 6, 262144 bytes, linear)
[    1.299662] TCP established hash table entries: 32768 (order: 6, 262144 bytes, linear)
[    1.300963] TCP bind hash table entries: 32768 (order: 8, 1048576 bytes, linear)
[    1.301940] TCP: Hash tables configured (established 32768 bind 32768)
[    1.304450] MPTCP token hash table entries: 4096 (order: 5, 98304 bytes, linear)
[    1.305692] UDP hash table entries: 2048 (order: 4, 65536 bytes, linear)
[    1.306341] UDP-Lite hash table entries: 2048 (order: 4, 65536 bytes, linear)
[    1.308797] NET: Registered PF_UNIX/PF_LOCAL protocol family
[    1.309589] NET: Registered PF_XDP protocol family
[    1.312942] PCI: CLS 0 bytes, default 64
[    1.317623] kvm [1]: HYP mode not available
[    1.323175] Unpacking initramfs...
[    1.323718] Initialise system trusted keyrings
[    1.335265] workingset: timestamp_bits=44 max_order=20 bucket_order=0
[    1.430683] Key type asymmetric registered
[    1.431266] Asymmetric key parser 'x509' registered
[    1.432641] Block layer SCSI generic (bsg) driver version 0.4 loaded (major 249)
[    1.434470] io scheduler mq-deadline registered
[    1.434779] io scheduler kyber registered
[    1.435360] io scheduler bfq registered
[    1.482147] ACPI: \_SB_.L002: Enabled at IRQ 37
[    1.484517] virtio-pci 0000:00:02.0: enabling device (0000 -> 0003)
[    1.500597] Serial: 8250/16550 driver, 4 ports, IRQ sharing enabled
[    1.547900] hv_vmbus: registering driver hyperv_keyboard
[    1.557938] rtc-efi rtc-efi.0: registered as rtc0
[    1.563168] rtc-efi rtc-efi.0: setting system clock to 2026-08-27T08:44:15 UTC (1787820255)
[    1.570510] NET: Registered PF_INET6 protocol family
[    1.601896] Segment Routing with IPv6
[    1.602693] In-situ OAM (IOAM) with IPv6
[    1.735884] registered taskstats version 1
[    1.742559] Loading compiled-in X.509 certificates
[    1.796337] Freeing initrd memory: 5268K
[    2.198542] Loaded X.509 cert 'alpinelinux.org: Alpine Linux kernel key: 87fa969a47f3e2a6aa35859eb932a17c95abcd82'
[    2.253126] Demotion targets for Node 0: null
[    2.257297] Key type .fscrypt registered
[    2.257667] Key type fscrypt-provisioning registered
[    2.345990] clk: Disabling unused clocks
[    2.347221] PM: genpd: Disabling unused power domains
[    2.432804] Freeing unused kernel memory: 1920K
[    2.435152] Run /init as init process
[    2.751753] Alpine Init 3.11.1-r0
Alpine Init 3.11.1-r0
[    2.758624] Loading boot drivers...
 * Loading boot drivers: [    2.806542] Loading boot drivers: ok.
ok.
SIMBOOT: kernel=6.12.103-0-virt
[    2.875291] Invalid ELF header magic: != ELF
[    2.925937] virtio_blk virtio0: 2/0/0 default/read/poll queues
[    2.951944] virtio_blk virtio0: [vda] 1411072 512-byte logical blocks (722 MB/689 MiB)
[    2.987532] Invalid ELF header magic: != ELF
[    3.005976] Invalid ELF header magic: != ELF
[    3.025674] Invalid ELF header magic: != ELF
[    3.048897] Invalid ELF header magic: != ELF
[    3.103632] Invalid ELF header magic: != ELF
[    3.307640] Invalid ELF header magic: != ELF
[    3.365391] e1000: Intel(R) PRO/1000 Network Driver
[    3.365685] e1000: Copyright (c) 1999-2006 Intel Corporation.
[    3.367964] ACPI: \_SB_.L001: Enabled at IRQ 36
[    3.368554] e1000 0000:00:01.0: enabling device (0000 -> 0003)
[    4.069571] e1000 0000:00:01.0 eth0: (PCI:33MHz:32-bit) 52:54:00:12:34:56
[    4.071068] e1000 0000:00:01.0 eth0: Intel(R) PRO/1000 Network Connection
Module                  Size  Used by    Not tainted
e1000                 163840  0 
ext4                  929792  0 
jbd2                  172032  1 ext4
mbcache                20480  1 ext4
crc32c_generic         12288  0 
crc16                  12288  1 ext4
virtio_blk             24576  0 
[    5.274120] EXT4-fs (vda): mounted filesystem 1799a7eb-09df-4b80-8c57-0424de58e445 r/w with ordered data mode. Quota mode: none.
SIMBOOT: root mounted rw, running real mfp.afx with binder stub
[   17.654137] e1000: eth0 NIC Link is Up 1000 Mbps Full Duplex, Flow Control: RX
MFP_PID=458
[   21.673561] random: crng init done
--- POLL 1: N=11 ---
[Inferior 1 (process 458) detached]
--- POLL 2: N=11 ---
[   79.197769] hrtimer: interrupt took 66852400 ns
[Inferior 1 (process 458) detached]
--- POLL 3: N=11 ---
[Inferior 1 (process 458) detached]
--- POLL 4: N=11 ---
[Inferior 1 (process 458) detached]
--- BT@POLL4 ---
