UEFI firmware (version edk2-stable202408-prebuilt.qemu.org built at 16:28:50 on Sep 12 2024)
ArmTrngLib could not be correctly initialized.
Error: Image at 0013FDB6000 start failed: 00000001
Error: Image at 0013FD6D000 start failed: Not Found
Error: Image at 0013FCBA000 start failed: Unsupported
Error: Image at 0013FB5E000 start failed: Aborted
Tpm2SubmitCommand - Tcg2 - Not Found
Tpm2GetCapabilityPcrs fail!
Tpm2SubmitCommand - Tcg2 - Not Found
Image type X64 can't be loaded on AARCH64 UEFI system.
[2J[01;01H[=3h[2J[01;01H[2J[01;01H[=3h[2J[01;01HEFI stub: Decompressing Linux Kernel...
EFI stub: Loaded initrd from LINUX_EFI_INITRD_MEDIA_GUID device path
EFI stub: Generating empty DTB
EFI stub: Exiting boot services...
[    0.000000] Booting Linux on physical CPU 0x0000000000 [0x414fd0b1]
[    0.000000] Linux version 6.12.103-0-virt (buildozer@build-3-21-aarch64) (gcc (Alpine 14.2.0) 14.2.0, GNU ld (GNU Binutils) 2.43.1) #1-Alpine SMP PREEMPT_DYNAMIC 2026-08-10 14:25:03
[    0.000000] efi: EFI v2.7 by EDK II
[    0.000000] efi: SMBIOS 3.0=0x13fed0000 MEMATTR=0x13e176018 ACPI 2.0=0x13cb43018 INITRD=0x13cb40f18 MEMRESERVE=0x13cb40f98 
[    0.000000] ACPI: Early table checksum verification disabled
[    0.000000] ACPI: RSDP 0x000000013CB43018 000024 (v02 BOCHS )
[    0.000000] ACPI: XSDT 0x000000013CB43F18 000064 (v01 BOCHS  BXPC     00000001      01000013)
[    0.000000] ACPI: FACP 0x000000013CB43B18 000114 (v06 BOCHS  BXPC     00000001 BXPC 00000001)
[    0.000000] ACPI: DSDT 0x000000013CB41018 001506 (v02 BOCHS  BXPC     00000001 BXPC 00000001)
[    0.000000] ACPI: APIC 0x000000013CB43C98 0000FC (v04 BOCHS  BXPC     00000001 BXPC 00000001)
[    0.000000] ACPI: PPTT 0x000000013CB43E18 000074 (v02 BOCHS  BXPC     00000001 BXPC 00000001)
[    0.000000] ACPI: GTDT 0x000000013CB43098 000068 (v03 BOCHS  BXPC     00000001 BXPC 00000001)
[    0.000000] ACPI: MCFG 0x000000013CB43A98 00003C (v01 BOCHS  BXPC     00000001 BXPC 00000001)
[    0.000000] ACPI: SPCR 0x000000013CB43818 000050 (v02 BOCHS  BXPC     00000001 BXPC 00000001)
[    0.000000] ACPI: DBG2 0x000000013CB43A18 000057 (v00 BOCHS  BXPC     00000001 BXPC 00000001)
[    0.000000] ACPI: IORT 0x000000013CB43898 000054 (v05 BOCHS  BXPC     00000001 BXPC 00000001)
[    0.000000] ACPI: SPCR: console: pl011,mmio32,0x9000000,9600
[    0.000000] ACPI: Use ACPI SPCR as default console: Yes
[    0.000000] NUMA: Faking a node at [mem 0x0000000040000000-0x000000013fffffff]
[    0.000000] NODE_DATA(0) allocated [mem 0x13f453b80-0x13f455fff]
[    0.000000] Zone ranges:
[    0.000000]   DMA      [mem 0x0000000040000000-0x00000000ffffffff]
[    0.000000]   DMA32    empty
[    0.000000]   Normal   [mem 0x0000000100000000-0x000000013fffffff]
[    0.000000] Movable zone start for each node
[    0.000000] Early memory node ranges
[    0.000000]   node   0: [mem 0x0000000040000000-0x000000013c76ffff]
[    0.000000]   node   0: [mem 0x000000013c770000-0x000000013cb3ffff]
[    0.000000]   node   0: [mem 0x000000013cb40000-0x000000013fe1ffff]
[    0.000000]   node   0: [mem 0x000000013fe20000-0x000000013feaffff]
[    0.000000]   node   0: [mem 0x000000013feb0000-0x000000013febffff]
[    0.000000]   node   0: [mem 0x000000013fec0000-0x000000013ffdffff]
[    0.000000]   node   0: [mem 0x000000013ffe0000-0x000000013fffffff]
[    0.000000] Initmem setup node 0 [mem 0x0000000040000000-0x000000013fffffff]
[    0.000000] psci: probing for conduit method from ACPI.
[    0.000000] psci: PSCIv1.1 detected in firmware.
[    0.000000] psci: Using standard PSCI v0.2 function IDs
[    0.000000] psci: Trusted OS migration not required
[    0.000000] psci: SMC Calling Convention v1.0
[    0.000000] percpu: Embedded 33 pages/cpu s96984 r8192 d29992 u135168
[    0.000000] Detected PIPT I-cache on CPU0
[    0.000000] CPU features: detected: Spectre-v4
[    0.000000] CPU features: detected: Spectre-BHB
[    0.000000] CPU features: detected: Broken broadcast TLBI completion
[    0.000000] CPU features: detected: SSBS not fully self-synchronizing
[    0.000000] alternatives: applying boot alternatives
[    0.000000] Kernel command line: root=/dev/vda rw console=ttyAMA0 initrd=initrd
[    0.000000] Dentry cache hash table entries: 524288 (order: 10, 4194304 bytes, linear)
[    0.000000] Inode-cache hash table entries: 262144 (order: 9, 2097152 bytes, linear)
[    0.000000] Fallback order for Node 0: 0 
[    0.000000] Built 1 zonelists, mobility grouping on.  Total pages: 1048576
[    0.000000] Policy zone: Normal
[    0.000000] mem auto-init: stack:all(zero), heap alloc:on, heap free:off
[    0.000000] software IO TLB: area num 2.
[    0.000000] software IO TLB: mapped [mem 0x00000000fbfff000-0x00000000fffff000] (64MB)
[    0.000000] SLUB: HWalign=64, Order=0-3, MinObjects=0, CPUs=2, Nodes=1
[    0.000000] Dynamic Preempt: none
[    0.000000] rcu: Preemptible hierarchical RCU implementation.
[    0.000000] rcu: 	RCU restricting CPUs from NR_CPUS=4096 to nr_cpu_ids=2.
[    0.000000] 	Trampoline variant of Tasks RCU enabled.
[    0.000000] 	Tracing variant of Tasks RCU enabled.
[    0.000000] rcu: RCU calculated value of scheduler-enlistment delay is 10 jiffies.
[    0.000000] rcu: Adjusting geometry for rcu_fanout_leaf=16, nr_cpu_ids=2
[    0.000000] RCU Tasks: Setting shift to 1 and lim to 1 rcu_task_cb_adjust=1 rcu_task_cpu_ids=2.
[    0.000000] RCU Tasks Trace: Setting shift to 1 and lim to 1 rcu_task_cb_adjust=1 rcu_task_cpu_ids=2.
[    0.000000] NR_IRQS: 64, nr_irqs: 64, preallocated irqs: 0
[    0.000000] Root IRQ handler: gic_handle_irq
[    0.000000] GICv2m: ACPI overriding V2M MSI_TYPER (base:80, num:64)
[    0.000000] GICv2m: range[mem 0x08020000-0x08020fff], SPI[80:143]
[    0.000000] rcu: srcu_init: Setting srcu_struct sizes based on contention.
[    0.000000] clocksource: jiffies: mask: 0xffffffff max_cycles: 0xffffffff, max_idle_ns: 19112604462750000 ns
[    0.000000] arch_timer: cp15 timer(s) running at 62.50MHz (virt).
[    0.000000] clocksource: arch_sys_counter: mask: 0x1ffffffffffffff max_cycles: 0x1cd42e208c, max_idle_ns: 881590405314 ns
[    0.000140] sched_clock: 57 bits at 63MHz, resolution 16ns, wraps every 4398046511096ns
[    0.144056] kfence: initialized - using 2097152 bytes for 255 objects at 0x(____ptrval____)-0x(____ptrval____)
[    0.395172] Console: colour dummy device 80x25
[    0.464873] ACPI: Core revision 20240827
[    0.563915] Calibrating delay loop (skipped), value calculated using timer frequency.. 125.00 BogoMIPS (lpj=625000)
[    0.567145] pid_max: default: 32768 minimum: 301
[    0.642435] LSM: initializing lsm=lockdown,capability,landlock
[    0.651083] landlock: Up and running.
[    0.689844] Mount-cache hash table entries: 8192 (order: 4, 65536 bytes, linear)
[    0.690079] Mountpoint-cache hash table entries: 8192 (order: 4, 65536 bytes, linear)
[    1.276473] rcu: Hierarchical SRCU implementation.
[    1.276728] rcu: 	Max phase no-delay instances is 1000.
[    1.282960] Timer migration: 1 hierarchy levels; 8 children per group; 1 crossnode level
[    1.380754] Remapping and enabling EFI services.
[    1.445706] smp: Bringing up secondary CPUs ...
[    1.473681] Detected PIPT I-cache on CPU1
[    1.492604] CPU1: Booted secondary processor 0x0000000001 [0x414fd0b1]
[    1.534228] smp: Brought up 1 node, 2 CPUs
[    1.534359] SMP: Total of 2 processors activated.
[    1.534446] CPU: All CPU(s) started at EL1
[    1.538883] CPU features: detected: 32-bit EL0 Support
[    1.539106] CPU features: detected: Data cache clean to the PoU not required for I/D coherence
[    1.539214] CPU features: detected: Common not Private translations
[    1.539227] CPU features: detected: CRC32 instructions
[    1.539609] CPU features: detected: RCpc load-acquire (LDAPR)
[    1.539721] CPU features: detected: LSE atomic instructions
[    1.539735] CPU features: detected: Privileged Access Never
[    1.539744] CPU features: detected: RAS Extension Support
[    1.539828] CPU features: detected: Speculative Store Bypassing Safe (SSBS)
[    1.684653] alternatives: applying system-wide alternatives
[    1.882327] CPU features: detected: Hardware dirty bit management on CPU0-1
[    2.048740] Memory: 3995976K/4194304K available (12608K kernel code, 1950K rwdata, 7812K rodata, 1920K init, 9305K bss, 193644K reserved, 0K cma-reserved)
[    2.265240] devtmpfs: initialized
[    2.379194] futex hash table entries: 512 (order: 3, 32768 bytes, linear)
[    2.380918] 24304 pages in range for non-PLT usage
[    2.381067] 515824 pages in range for PLT usage
[    2.400958] pinctrl core: initialized pinctrl subsystem
[    2.440982] SMBIOS 3.0.0 present.
[    2.441658] DMI: QEMU QEMU Virtual Machine, BIOS edk2-stable202408-prebuilt.qemu.org 08/13/2024
[    2.442326] DMI: Memory slots populated: 1/1
[    2.534423] NET: Registered PF_NETLINK/PF_ROUTE protocol family
[    2.575907] DMA: preallocated 512 KiB GFP_KERNEL pool for atomic allocations
[    2.577859] DMA: preallocated 512 KiB GFP_KERNEL|GFP_DMA pool for atomic allocations
[    2.579546] DMA: preallocated 512 KiB GFP_KERNEL|GFP_DMA32 pool for atomic allocations
[    2.580429] audit: initializing netlink subsys (disabled)
[    2.596803] audit: type=2000 audit(0.980:1): state=initialized audit_enabled=0 res=1
[    2.612576] thermal_sys: Registered thermal governor 'step_wise'
[    2.615693] cpuidle: using governor ladder
[    2.616865] cpuidle: using governor menu
[    2.628019] hw-breakpoint: found 6 breakpoint and 4 watchpoint registers.
[    2.629492] ASID allocator initialised with 65536 entries
[    2.630610] acpiphp: ACPI Hot Plug PCI Controller Driver version: 0.5
[    2.633589] Serial: AMBA PL011 UART driver
[    2.716767] HugeTLB: registered 1.00 GiB page size, pre-allocated 0 pages
[    2.716823] HugeTLB: 0 KiB vmemmap can be freed for a 1.00 GiB page
[    2.716850] HugeTLB: registered 32.0 MiB page size, pre-allocated 0 pages
[    2.716860] HugeTLB: 0 KiB vmemmap can be freed for a 32.0 MiB page
[    2.716872] HugeTLB: registered 2.00 MiB page size, pre-allocated 0 pages
[    2.716881] HugeTLB: 0 KiB vmemmap can be freed for a 2.00 MiB page
[    2.716893] HugeTLB: registered 64.0 KiB page size, pre-allocated 0 pages
[    2.716901] HugeTLB: 0 KiB vmemmap can be freed for a 64.0 KiB page
[    2.857966] ACPI: Added _OSI(Module Device)
[    2.858088] ACPI: Added _OSI(Processor Device)
[    2.858103] ACPI: Added _OSI(Processor Aggregator Device)
[    2.930277] ACPI: 1 ACPI AML tables successfully acquired and loaded
[    2.997478] ACPI: Interpreter enabled
[    2.997559] ACPI: Using GIC for interrupt routing
[    2.998665] ACPI: MCFG table detected, 1 entries
[    3.181208] ACPI: CPU0 has been hot-added
[    3.183080] ACPI: CPU1 has been hot-added
[    3.244673] ARMH0011:00: ttyAMA0 at MMIO 0x9000000 (irq = 12, base_baud = 0) is a SBSA
[    3.246578] printk: legacy console [ttyAMA0] enabled
[    3.413770] ACPI: PCI: Interrupt link L000 configured for IRQ 35
[    3.414311] ACPI: PCI: Interrupt link L001 configured for IRQ 36
[    3.414588] ACPI: PCI: Interrupt link L002 configured for IRQ 37
[    3.414831] ACPI: PCI: Interrupt link L003 configured for IRQ 38
[    3.415614] ACPI: PCI Root Bridge [PCI0] (domain 0000 [bus 00-ff])
[    3.417970] acpi PNP0A08:00: _OSC: OS supports [ExtendedConfig ASPM ClockPM Segments MSI HPX-Type3]
[    3.447413] acpi PNP0A08:00: _OSC: platform does not support [LTR]
[    3.449587] acpi PNP0A08:00: _OSC: OS now controls [PCIeHotplug PME PCIeCapability]
[    3.463059] acpi PNP0A08:00: ECAM area [mem 0x4010000000-0x401fffffff] reserved by PNP0C02:00
[    3.465314] acpi PNP0A08:00: ECAM at [mem 0x4010000000-0x401fffffff] for [bus 00-ff]
[    3.467720] ACPI: Remapped I/O 0x000000003eff0000 to [io  0x0000-0xffff window]
[    3.500013] PCI host bridge to bus 0000:00
[    3.514465] pci_bus 0000:00: root bus resource [mem 0x10000000-0x3efeffff window]
[    3.515579] pci_bus 0000:00: root bus resource [io  0x0000-0xffff window]
[    3.516136] pci_bus 0000:00: root bus resource [mem 0x8000000000-0xffffffffff window]
[    3.516704] pci_bus 0000:00: root bus resource [bus 00-ff]
[    3.526728] pci 0000:00:00.0: [1b36:0008] type 00 class 0x060000 conventional PCI endpoint
[    3.544473] pci 0000:00:01.0: [8086:100e] type 00 class 0x020000 conventional PCI endpoint
[    3.545153] pci 0000:00:01.0: BAR 0 [mem 0x10040000-0x1005ffff]
[    3.545477] pci 0000:00:01.0: BAR 1 [io  0x0080-0x00bf]
[    3.545759] pci 0000:00:01.0: ROM [mem 0xfffc0000-0xffffffff pref]
[    3.547445] pci 0000:00:02.0: [1af4:1001] type 00 class 0x010000 conventional PCI endpoint
[    3.547810] pci 0000:00:02.0: BAR 0 [io  0x0000-0x007f]
[    3.547995] pci 0000:00:02.0: BAR 1 [mem 0x10060000-0x10060fff]
[    3.548256] pci 0000:00:02.0: BAR 4 [mem 0x8000000000-0x8000003fff 64bit pref]
[    3.562383] pci 0000:00:01.0: ROM [mem 0x10000000-0x1003ffff pref]: assigned
[    3.563366] pci 0000:00:01.0: BAR 0 [mem 0x10040000-0x1005ffff]: assigned
[    3.564064] pci 0000:00:02.0: BAR 4 [mem 0x8000000000-0x8000003fff 64bit pref]: assigned
[    3.564620] pci 0000:00:02.0: BAR 1 [mem 0x10060000-0x10060fff]: assigned
[    3.564987] pci 0000:00:02.0: BAR 0 [io  0x1000-0x107f]: assigned
[    3.565254] pci 0000:00:01.0: BAR 1 [io  0x1080-0x10bf]: assigned
[    3.565915] pci_bus 0000:00: resource 4 [mem 0x10000000-0x3efeffff window]
[    3.566199] pci_bus 0000:00: resource 5 [io  0x0000-0xffff window]
[    3.566414] pci_bus 0000:00: resource 6 [mem 0x8000000000-0xffffffffff window]
[    3.579821] iommu: Default domain type: Translated
[    3.580164] iommu: DMA domain TLB invalidation policy: lazy mode
[    3.607222] efivars: Registered efivars operations
[    3.657014] clocksource: Switched to clocksource arch_sys_counter
[    3.697539] VFS: Disk quotas dquot_6.6.0
[    3.698068] VFS: Dquot-cache hash table entries: 512 (order 0, 4096 bytes)
[    3.713240] pnp: PnP ACPI init
[    3.717978] system 00:00: [mem 0x4010000000-0x401fffffff window] could not be reserved
[    3.730733] pnp: PnP ACPI: found 1 devices
[    3.830207] NET: Registered PF_INET protocol family
[    3.833671] IP idents hash table entries: 65536 (order: 7, 524288 bytes, linear)
[    3.949015] tcp_listen_portaddr_hash hash table entries: 2048 (order: 3, 32768 bytes, linear)
[    3.949588] Table-perturb hash table entries: 65536 (order: 6, 262144 bytes, linear)
[    3.950042] TCP established hash table entries: 32768 (order: 6, 262144 bytes, linear)
[    3.951285] TCP bind hash table entries: 32768 (order: 8, 1048576 bytes, linear)
[    3.959363] TCP: Hash tables configured (established 32768 bind 32768)
[    3.962298] MPTCP token hash table entries: 4096 (order: 5, 98304 bytes, linear)
[    3.963161] UDP hash table entries: 2048 (order: 4, 65536 bytes, linear)
[    3.963768] UDP-Lite hash table entries: 2048 (order: 4, 65536 bytes, linear)
[    3.966236] NET: Registered PF_UNIX/PF_LOCAL protocol family
[    3.967630] NET: Registered PF_XDP protocol family
[    3.978470] PCI: CLS 0 bytes, default 64
[    3.992745] kvm [1]: HYP mode not available
[    3.995284] Unpacking initramfs...
[    3.997966] Initialise system trusted keyrings
[    4.024283] workingset: timestamp_bits=44 max_order=20 bucket_order=0
[    4.132212] Key type asymmetric registered
[    4.132631] Asymmetric key parser 'x509' registered
[    4.133556] Block layer SCSI generic (bsg) driver version 0.4 loaded (major 249)
[    4.145173] io scheduler mq-deadline registered
[    4.145557] io scheduler kyber registered
[    4.146240] io scheduler bfq registered
[    4.249556] ACPI: \_SB_.L002: Enabled at IRQ 37
[    4.260753] virtio-pci 0000:00:02.0: enabling device (0000 -> 0003)
[    4.276706] Serial: 8250/16550 driver, 4 ports, IRQ sharing enabled
[    4.297589] hv_vmbus: registering driver hyperv_keyboard
[    4.317698] rtc-efi rtc-efi.0: registered as rtc0
[    4.326760] rtc-efi rtc-efi.0: setting system clock to 2026-08-27T09:33:45 UTC (1787823225)
[    4.330748] NET: Registered PF_INET6 protocol family
[    4.360840] Segment Routing with IPv6
[    4.361374] In-situ OAM (IOAM) with IPv6
[    4.413252] registered taskstats version 1
[    4.417940] Loading compiled-in X.509 certificates
[    4.499860] Freeing initrd memory: 5268K
[    4.859974] Loaded X.509 cert 'alpinelinux.org: Alpine Linux kernel key: 87fa969a47f3e2a6aa35859eb932a17c95abcd82'
[    4.897437] Demotion targets for Node 0: null
[    4.899666] Key type .fscrypt registered
[    4.899887] Key type fscrypt-provisioning registered
[    4.967292] clk: Disabling unused clocks
[    4.980020] PM: genpd: Disabling unused power domains
[    5.700979] Freeing unused kernel memory: 1920K
[    5.747334] Run /init as init process
[    6.347052] Alpine Init 3.11.1-r0
Alpine Init 3.11.1-r0
[    6.364426] Loading boot drivers...
 * Loading boot drivers: [    6.529054] Loading boot drivers: ok.
ok.
SIMBOOT: kernel=6.12.103-0-virt
[    6.661689] Invalid ELF header magic: != ELF
[    6.745396] virtio_blk virtio0: 2/0/0 default/read/poll queues
[    6.863248] virtio_blk virtio0: [vda] 1411072 512-byte logical blocks (722 MB/689 MiB)
[    7.026875] Invalid ELF header magic: != ELF
[    7.098417] Invalid ELF header magic: != ELF
[    7.180796] Invalid ELF header magic: != ELF
[    7.315268] Invalid ELF header magic: != ELF
[    7.466337] Invalid ELF header magic: != ELF
[    7.794345] Invalid ELF header magic: != ELF
[    7.856406] e1000: Intel(R) PRO/1000 Network Driver
[    7.856895] e1000: Copyright (c) 1999-2006 Intel Corporation.
[    7.862139] ACPI: \_SB_.L001: Enabled at IRQ 36
[    7.862728] e1000 0000:00:01.0: enabling device (0000 -> 0003)
[    8.363703] e1000 0000:00:01.0 eth0: (PCI:33MHz:32-bit) 52:54:00:12:34:56
[    8.364739] e1000 0000:00:01.0 eth0: Intel(R) PRO/1000 Network Connection
Module                  Size  Used by    Not tainted
e1000                 163840  0 
ext4                  929792  0 
jbd2                  172032  1 ext4
mbcache                20480  1 ext4
crc32c_generic         12288  0 
crc16                  12288  1 ext4
virtio_blk             24576  0 
[    9.767815] EXT4-fs (vda): mounted filesystem 1799a7eb-09df-4b80-8c57-0424de58e445 r/w with ordered data mode. Quota mode: none.
SIMBOOT: root mounted rw, running real mfp.afx with binder stub
[   24.204397] e1000: eth0 NIC Link is Up 1000 Mbps Full Duplex, Flow Control: RX
MFP_PID=460
[   32.207769] random: crng init done
--- POLL 1: N=11 ---
[Thread debugging using libthread_db enabled]
Using host libthread_db library "/lib64/libthread_db.so.1".
0x0000ffffb4b4e1f8 in fsync () from /lib64/libc.so.6
B4: 5c=0 7c=0 80=0 82=0
AF: 5c=1 7c=1 80=1 82=1
[Inferior 1 (process 460) detached]
--- POLL 2: N=11 ---
[Thread debugging using libthread_db enabled]
Using host libthread_db library "/lib64/libthread_db.so.1".
0x0000ffffb4b4e1f8 in fsync () from /lib64/libc.so.6
B4: 5c=1 7c=1 80=1 82=1
AF: 5c=1 7c=1 80=1 82=1
[Inferior 1 (process 460) detached]
--- POLL 3: N=24 ---
[Thread debugging using libthread_db enabled]
Using host libthread_db library "/lib64/libthread_db.so.1".
0x0000ffffb4b21ae0 in clock_nanosleep () from /lib64/libc.so.6
B4: 5c=1 7c=1 80=1 82=1
AF: 5c=1 7c=1 80=1 82=1
[Inferior 1 (process 460) detached]
--- POLL 4: N=44 ---
[Thread debugging using libthread_db enabled]
Using host libthread_db library "/lib64/libthread_db.so.1".
0x0000ffffb4aeb05c in ?? () from /lib64/libc.so.6
B4: 5c=1 7c=1 80=1 82=1
AF: 5c=1 7c=1 80=1 82=1
[Inferior 1 (process 460) detached]
--- POLL 5: N=62 ---
[Thread debugging using libthread_db enabled]
Using host libthread_db library "/lib64/libthread_db.so.1".
0x0000ffffb4b21ae0 in clock_nanosleep () from /lib64/libc.so.6
B4: 5c=0 7c=0 80=0 82=0
AF: 5c=1 7c=1 80=1 82=1
[Inferior 1 (process 460) detached]
--- POLL 6: N=129 ---
POLL: passed print_info_status_init (N=129)
--- ALIVE ---
133
--- LISTEN TCP ---
  sl  local_address rem_address   st tx_queue rx_queue tr tm->when retrnsmt   uid  timeout inode                                                     
   0: 00000000:DCF1 00000000:0000 0A 00000000:00000000 00:00000000 00000000     0        0 76646 1 0000000028dc9d90 100 0 0 10 0                     
SIMBOOT_LPD_HEX=DCF1
SIMBOOT_LPD_PORT=56561
--- HALD LOG ---
2147483648 hal_daemon process plog lib init 
--- PLOGD LOG ---
--- CMD REG TABLE ---
[New LWP 694]
[New LWP 695]
[New LWP 696]
[New LWP 697]
[New LWP 698]
[New LWP 699]
[New LWP 700]
[New LWP 701]
[New LWP 702]
[New LWP 703]
[New LWP 704]
[New LWP 705]
[New LWP 706]
[New LWP 707]
[New LWP 708]
[New LWP 709]
[New LWP 710]
[New LWP 711]
[New LWP 712]
[New LWP 713]
[New LWP 714]
[New LWP 715]
[New LWP 716]
[New LWP 717]
[Thread debugging using libthread_db enabled]
Using host libthread_db library "/lib64/libthread_db.so.1".
0x0000ffffb4b21ae0 in clock_nanosleep () from /lib64/libc.so.6
warning: could not convert '$h' from the host encoding (ANSI_X3.4-1968) to UTF-32.
This normally should not happen, please file a bug report.
node=0x2881fd00 cmd=0xd cb=0x6b7570 arg=(nil)
node=0x288206b0 cmd=0x7 cb=0x6974e4 arg=(nil)
node=0x2882def0 cmd=0xa cb=0x74fbcc arg=(nil)
node=0x2882df20 cmd=0xe cb=0x74fb0c arg=(nil)
node=0x2881eab0 cmd=0 cb=0x73b71c arg=(nil)
node=0x2882c8e0 cmd=0xc cb=0x6b8588 arg=(nil)
node=0x2882b2b0 cmd=0x6 cb=0x6cc6f8 arg=(nil)
node=0x28831460 cmd=0x11 cb=0x6a77cc arg=(nil)
node=0x28856390 cmd=0xf cb=0x4b01f0 arg=(nil)
node=0x288563c0 cmd=0x2 cb=0x4b03a8 arg=(nil)
node=0x288ffaf0 cmd=0x3 cb=0x70aba0 arg=(nil)
node=0x28929a60 cmd=0x1 cb=0x722310 arg=(nil)
node=0x2893dc60 cmd=0xb cb=0x678d20 arg=0x28929cd0
node=0x2893dc90 cmd=0x10 cb=0x679120 arg=0x28929cd0
node=0x28994fd0 cmd=0x4 cb=0x74105c arg=(nil)
node=0x910e20 cmd=0x1 cb=0x100000001 arg=0x30b00002
node=0x2881fd00 cmd=0xd cb=0x6b7570 arg=(nil)
node=0x288206b0 cmd=0x7 cb=0x6974e4 arg=(nil)
node=0x2882def0 cmd=0xa cb=0x74fbcc arg=(nil)
node=0x2882df20 cmd=0xe cb=0x74fb0c arg=(nil)
node=0x2881eab0 cmd=0 cb=0x73b71c arg=(nil)
node=0x2882c8e0 cmd=0xc cb=0x6b8588 arg=(nil)
node=0x2882b2b0 cmd=0x6 cb=0x6cc6f8 arg=(nil)
node=0x28831460 cmd=0x11 cb=0x6a77cc arg=(nil)
node=0x28856390 cmd=0xf cb=0x4b01f0 arg=(nil)
node=0x288563c0 cmd=0x2 cb=0x4b03a8 arg=(nil)
node=0x288ffaf0 cmd=0x3 cb=0x70aba0 arg=(nil)
node=0x28929a60 cmd=0x1 cb=0x722310 arg=(nil)
node=0x2893dc60 cmd=0xb cb=0x678d20 arg=0x28929cd0
node=0x2893dc90 cmd=0x10 cb=0x679120 arg=0x28929cd0
node=0x28994fd0 cmd=0x4 cb=0x74105c arg=(nil)
node=0x910e20 cmd=0x1 cb=0x100000001 arg=0x30b00002
node=0x2881fd00 cmd=0xd cb=0x6b7570 arg=(nil)
node=0x288206b0 cmd=0x7 cb=0x6974e4 arg=(nil)
node=0x2882def0 cmd=0xa cb=0x74fbcc arg=(nil)
node=0x2882df20 cmd=0xe cb=0x74fb0c arg=(nil)
node=0x2881eab0 cmd=0 cb=0x73b71c arg=(nil)
node=0x2882c8e0 cmd=0xc cb=0x6b8588 arg=(nil)
node=0x2882b2b0 cmd=0x6 cb=0x6cc6f8 arg=(nil)
node=0x28831460 cmd=0x11 cb=0x6a77cc arg=(nil)
node=0x28856390 cmd=0xf cb=0x4b01f0 arg=(nil)
node=0x288563c0 cmd=0x2 cb=0x4b03a8 arg=(nil)
node=0x288ffaf0 cmd=0x3 cb=0x70aba0 arg=(nil)
node=0x28929a60 cmd=0x1 cb=0x722310 arg=(nil)
node=0x2893dc60 cmd=0xb cb=0x678d20 arg=0x28929cd0
node=0x2893dc90 cmd=0x10 cb=0x679120 arg=0x28929cd0
node=0x28994fd0 cmd=0x4 cb=0x74105c arg=(nil)
node=0x910e20 cmd=0x1 cb=0x100000001 arg=0x30b00002
node=0x2881fd00 cmd=0xd cb=0x6b7570 arg=(nil)
node=0x288206b0 cmd=0x7 cb=0x6974e4 arg=(nil)
node=0x2882def0 cmd=0xa cb=0x74fbcc arg=(nil)
node=0x2882df20 cmd=0xe cb=0x74fb0c arg=(nil)
node=0x2881eab0 cmd=0 cb=0x73b71c arg=(nil)
node=0x2882c8e0 cmd=0xc cb=0x6b8588 arg=(nil)
node=0x2882b2b0 cmd=0x6 cb=0x6cc6f8 arg=(nil)
node=0x28831460 cmd=0x11 cb=0x6a77cc arg=(nil)
node=0x28856390 cmd=0xf cb=0x4b01f0 arg=(nil)
node=0x288563c0 cmd=0x2 cb=0x4b03a8 arg=(nil)
node=0x288ffaf0 cmd=0x3 cb=0x70aba0 arg=(nil)
node=0x28929a60 cmd=0x1 cb=0x722310 arg=(nil)
[Inferior 1 (process 460) detached]
--- PORTS ALL ---
local_address st
00000000:DCF1 0A
TRACE GDB STARTED
READY FOR INJECT
--- MID PORTS ---
local_address st
00000000:DCF1 0A
0F02000A:DCF1 01
0F02000A:DCF1 08
--- GDB TRACE ---
[New LWP 703]
[New LWP 704]
[New LWP 705]
[New LWP 706]
[New LWP 707]
[New LWP 708]
[New LWP 709]
[New LWP 710]
[New LWP 711]
[New LWP 712]
[New LWP 713]
[New LWP 714]
[New LWP 715]
[New LWP 716]
[New LWP 717]
[Thread debugging using libthread_db enabled]
Using host libthread_db library "/lib64/libthread_db.so.1".
0x0000ffffb4b21ae0 in clock_nanosleep () from /lib64/libc.so.6
Breakpoint 1 at 0x73b71c: file data_distribution/panel_pedk_mfp.c, line 118.
Breakpoint 2 at 0x73b30c: file data_distribution/panel_pedk_mfp.c, line 16.
Breakpoint 3 at 0x6b7570: file system_manager/job_pedkapi.c, line 591.
[Switching to Thread 0xffffa41b0b60 (LWP 516)]
TRACE HIT cmd0_cb 0x73b71c
TRACE HIT cmd0_cb 0x73b71c
TRACE HIT cmd0_cb 0x73b71c
TRACE HIT cmd0_cb 0x73b71c
TRACE HIT cmd0_cb 0x73b71c
TRACE HIT cmd0_cb 0x73b71c
TRACE HIT cmd0_cb 0x73b71c
TRACE HIT cmd0_cb 0x73b71c
--- MFP LOG SIZE ---
21114998 /tmp/mfp.log
--- MFP LOG RAW tail ---
[2026-08-27 09:39:25.070 ] _wait_for_peer:747 IBC WARN 460:wait failed
[2026-08-27 09:39:25.070 ] _wait_for_peer:747 IBC WARN 460:wait failed
[2026-08-27 09:39:25.070 ] _wait_for_peer:747 IBC WARN 460:wait failed
[2026-08-27 09:39:25.070 ] _wait_for_peer:747 IBC WARN 460:wait failed
[2026-08-27 09:39:25.070 ] _wait_for_peer:747 IBC WARN 460:wait failed
[2026-08-27 09:39:25.070 ] _wait_for_peer:747 IBC WARN 460:wait failed
[2026-08-27 09:39:25.070 ] _wait_for_peer:747 IBC WARN 460:wait failed
[2026-08-27 09:39:25.070 ] _wait_for_peer:747 IBC WARN 460:wait failed
[2026-08-27 09:39:25.070 ] _wait_for_peer:747 IBC WARN 460:wait failed
[2026-08-27 09:39:25.070 ] _wait_for_peer:747 IBC WARN 460:wait failed
[2026-08-27 09:39:25.071 ] _wait_for_peer:747 IBC WARN 460:wait failed
[2026-08-27 09:39:25.071 ] _wait_for_peer:747 IBC WARN 460:wait failed
[2026-08-27 09:39:25.071 ] _wait_for_peer:747 IBC WARN 460:wait failed
[2026-08-27 09:39:25.071 ] _wait_for_peer:747 IBC WARN 460:wait failed
[2026-08-27 09:39:25.071 ] _wait_for_peer:747 IBC WARN 460:wait failed
[2026-08-27 09:39:25.071 ] _wait_for_peer:747 IBC WARN 460:wait failed
[2026-08-27 09:39:25.071 ] _wait_for_peer:747 IBC WARN 460:wait failed
[2026-08-27 09:39:25.071 ] _wait_for_peer:747 IBC WARN 460:wait failed
[2026-08-27 09:39:25.071 ] _wait_for_peer:747 IBC WARN 460:wait failed
[2026-08-27 09:39:25.071 ] _wait_for_peer:747 IBC WARN 460:wait failed
[2026-08-27 09:39:25.071 ] _wait_for_peer:747 IBC WARN 460:wait failed
[2026-08-27 09:39:25.071 ] _wait_for_peer:747 IBC WARN 460:wait failed
[2026-08-27 09:39:25.071 ] _wait_for_peer:747 IBC WARN 460:wait failed
[2026-08-27 09:39:25.071 ] _wait_for_peer:747 IBC WARN 460:wait failed
[2026-08-27 09:39:25.071 ] _wait_for_peer:747 IBC WARN 460:wait failed
[2026-08-27 09:39:25.071 ] _wait_for_peer:747 IBC WARN 460:wait failed
[2026-08-27 09:39:25.071 ] _wait_for_peer:747 IBC WARN 460:wait failed
[2026-08-27 09:39:25.071 ] _wait_for_peer:747 IBC WARN 460:wait failed
[2026-08-27 09:39:25.072 ] _wait_for_peer:747 IBC WARN 460:wait failed
[2026-08-27 09:39:25.072 ] _wait_for_peer:747 IBC WARN 460:wait failed
KEEPING MFP ALIVE (pid 460)
SIMBOOT: mfp run finished, keeping shell
/bin/sh: can't access tty; job control turned off
~ # [6n[  519.203661] hrtimer: interrupt took 40179504 ns
