UEFI firmware (version edk2-stable202408-prebuilt.qemu.org built at 16:28:50 on Sep 12 2024)
ArmTrngLib could not be correctly initialized.
Error: Image at 0013FDB6000 start failed: 00000001
Error: Image at 0013FD6D000 start failed: Not Found
Error: Image at 0013FCBA000 start failed: Unsupported
Error: Image at 0013FB5E000 start failed: Aborted
Tpm2SubmitCommand - Tcg2 - Not Found
Tpm2GetCapabilityPcrs fail!
Tpm2SubmitCommand - Tcg2 - Not Found
Image type X64 can't be loaded on AARCH64 UEFI system.
[2J[01;01H[=3h[2J[01;01H[2J[01;01H[=3h[2J[01;01HEFI stub: Decompressing Linux Kernel...
EFI stub: Loaded initrd from LINUX_EFI_INITRD_MEDIA_GUID device path
EFI stub: Generating empty DTB
EFI stub: Exiting boot services...
[    0.000000] Booting Linux on physical CPU 0x0000000000 [0x414fd0b1]
[    0.000000] Linux version 6.12.103-0-virt (buildozer@build-3-21-aarch64) (gcc (Alpine 14.2.0) 14.2.0, GNU ld (GNU Binutils) 2.43.1) #1-Alpine SMP PREEMPT_DYNAMIC 2026-08-10 14:25:03
[    0.000000] efi: EFI v2.7 by EDK II
[    0.000000] efi: SMBIOS 3.0=0x13fed0000 MEMATTR=0x13e176018 ACPI 2.0=0x13cb43018 INITRD=0x13cb40f18 MEMRESERVE=0x13cb40f98 
[    0.000000] ACPI: Early table checksum verification disabled
[    0.000000] ACPI: RSDP 0x000000013CB43018 000024 (v02 BOCHS )
[    0.000000] ACPI: XSDT 0x000000013CB43F18 000064 (v01 BOCHS  BXPC     00000001      01000013)
[    0.000000] ACPI: FACP 0x000000013CB43B18 000114 (v06 BOCHS  BXPC     00000001 BXPC 00000001)
[    0.000000] ACPI: DSDT 0x000000013CB41018 001506 (v02 BOCHS  BXPC     00000001 BXPC 00000001)
[    0.000000] ACPI: APIC 0x000000013CB43C98 0000FC (v04 BOCHS  BXPC     00000001 BXPC 00000001)
[    0.000000] ACPI: PPTT 0x000000013CB43E18 000074 (v02 BOCHS  BXPC     00000001 BXPC 00000001)
[    0.000000] ACPI: GTDT 0x000000013CB43098 000068 (v03 BOCHS  BXPC     00000001 BXPC 00000001)
[    0.000000] ACPI: MCFG 0x000000013CB43A98 00003C (v01 BOCHS  BXPC     00000001 BXPC 00000001)
[    0.000000] ACPI: SPCR 0x000000013CB43818 000050 (v02 BOCHS  BXPC     00000001 BXPC 00000001)
[    0.000000] ACPI: DBG2 0x000000013CB43A18 000057 (v00 BOCHS  BXPC     00000001 BXPC 00000001)
[    0.000000] ACPI: IORT 0x000000013CB43898 000054 (v05 BOCHS  BXPC     00000001 BXPC 00000001)
[    0.000000] ACPI: SPCR: console: pl011,mmio32,0x9000000,9600
[    0.000000] ACPI: Use ACPI SPCR as default console: Yes
[    0.000000] NUMA: Faking a node at [mem 0x0000000040000000-0x000000013fffffff]
[    0.000000] NODE_DATA(0) allocated [mem 0x13f453b80-0x13f455fff]
[    0.000000] Zone ranges:
[    0.000000]   DMA      [mem 0x0000000040000000-0x00000000ffffffff]
[    0.000000]   DMA32    empty
[    0.000000]   Normal   [mem 0x0000000100000000-0x000000013fffffff]
[    0.000000] Movable zone start for each node
[    0.000000] Early memory node ranges
[    0.000000]   node   0: [mem 0x0000000040000000-0x000000013c76ffff]
[    0.000000]   node   0: [mem 0x000000013c770000-0x000000013cb3ffff]
[    0.000000]   node   0: [mem 0x000000013cb40000-0x000000013fe1ffff]
[    0.000000]   node   0: [mem 0x000000013fe20000-0x000000013feaffff]
[    0.000000]   node   0: [mem 0x000000013feb0000-0x000000013febffff]
[    0.000000]   node   0: [mem 0x000000013fec0000-0x000000013ffdffff]
[    0.000000]   node   0: [mem 0x000000013ffe0000-0x000000013fffffff]
[    0.000000] Initmem setup node 0 [mem 0x0000000040000000-0x000000013fffffff]
[    0.000000] psci: probing for conduit method from ACPI.
[    0.000000] psci: PSCIv1.1 detected in firmware.
[    0.000000] psci: Using standard PSCI v0.2 function IDs
[    0.000000] psci: Trusted OS migration not required
[    0.000000] psci: SMC Calling Convention v1.0
[    0.000000] percpu: Embedded 33 pages/cpu s96984 r8192 d29992 u135168
[    0.000000] Detected PIPT I-cache on CPU0
[    0.000000] CPU features: detected: Spectre-v4
[    0.000000] CPU features: detected: Spectre-BHB
[    0.000000] CPU features: detected: Broken broadcast TLBI completion
[    0.000000] CPU features: detected: SSBS not fully self-synchronizing
[    0.000000] alternatives: applying boot alternatives
[    0.000000] Kernel command line: root=/dev/vda rw console=ttyAMA0 initrd=initrd
[    0.000000] Dentry cache hash table entries: 524288 (order: 10, 4194304 bytes, linear)
[    0.000000] Inode-cache hash table entries: 262144 (order: 9, 2097152 bytes, linear)
[    0.000000] Fallback order for Node 0: 0 
[    0.000000] Built 1 zonelists, mobility grouping on.  Total pages: 1048576
[    0.000000] Policy zone: Normal
[    0.000000] mem auto-init: stack:all(zero), heap alloc:on, heap free:off
[    0.000000] software IO TLB: area num 2.
[    0.000000] software IO TLB: mapped [mem 0x00000000fbfff000-0x00000000fffff000] (64MB)
[    0.000000] SLUB: HWalign=64, Order=0-3, MinObjects=0, CPUs=2, Nodes=1
[    0.000000] Dynamic Preempt: none
[    0.000000] rcu: Preemptible hierarchical RCU implementation.
[    0.000000] rcu: 	RCU restricting CPUs from NR_CPUS=4096 to nr_cpu_ids=2.
[    0.000000] 	Trampoline variant of Tasks RCU enabled.
[    0.000000] 	Tracing variant of Tasks RCU enabled.
[    0.000000] rcu: RCU calculated value of scheduler-enlistment delay is 10 jiffies.
[    0.000000] rcu: Adjusting geometry for rcu_fanout_leaf=16, nr_cpu_ids=2
[    0.000000] RCU Tasks: Setting shift to 1 and lim to 1 rcu_task_cb_adjust=1 rcu_task_cpu_ids=2.
[    0.000000] RCU Tasks Trace: Setting shift to 1 and lim to 1 rcu_task_cb_adjust=1 rcu_task_cpu_ids=2.
[    0.000000] NR_IRQS: 64, nr_irqs: 64, preallocated irqs: 0
[    0.000000] Root IRQ handler: gic_handle_irq
[    0.000000] GICv2m: ACPI overriding V2M MSI_TYPER (base:80, num:64)
[    0.000000] GICv2m: range[mem 0x08020000-0x08020fff], SPI[80:143]
[    0.000000] rcu: srcu_init: Setting srcu_struct sizes based on contention.
[    0.000000] clocksource: jiffies: mask: 0xffffffff max_cycles: 0xffffffff, max_idle_ns: 19112604462750000 ns
[    0.000000] arch_timer: cp15 timer(s) running at 62.50MHz (virt).
[    0.000000] clocksource: arch_sys_counter: mask: 0x1ffffffffffffff max_cycles: 0x1cd42e208c, max_idle_ns: 881590405314 ns
[    0.000152] sched_clock: 57 bits at 63MHz, resolution 16ns, wraps every 4398046511096ns
[    0.012592] kfence: initialized - using 2097152 bytes for 255 objects at 0x(____ptrval____)-0x(____ptrval____)
[    0.030899] Console: colour dummy device 80x25
[    0.038957] ACPI: Core revision 20240827
[    0.048827] Calibrating delay loop (skipped), value calculated using timer frequency.. 125.00 BogoMIPS (lpj=625000)
[    0.049062] pid_max: default: 32768 minimum: 301
[    0.057623] LSM: initializing lsm=lockdown,capability,landlock
[    0.063779] landlock: Up and running.
[    0.068692] Mount-cache hash table entries: 8192 (order: 4, 65536 bytes, linear)
[    0.068912] Mountpoint-cache hash table entries: 8192 (order: 4, 65536 bytes, linear)
[    0.191056] rcu: Hierarchical SRCU implementation.
[    0.191190] rcu: 	Max phase no-delay instances is 1000.
[    0.198190] Timer migration: 1 hierarchy levels; 8 children per group; 1 crossnode level
[    0.205680] Remapping and enabling EFI services.
[    0.216473] smp: Bringing up secondary CPUs ...
[    0.224256] Detected PIPT I-cache on CPU1
[    0.229533] CPU1: Booted secondary processor 0x0000000001 [0x414fd0b1]
[    0.236938] smp: Brought up 1 node, 2 CPUs
[    0.237044] SMP: Total of 2 processors activated.
[    0.237104] CPU: All CPU(s) started at EL1
[    0.237553] CPU features: detected: 32-bit EL0 Support
[    0.237664] CPU features: detected: Data cache clean to the PoU not required for I/D coherence
[    0.237754] CPU features: detected: Common not Private translations
[    0.237766] CPU features: detected: CRC32 instructions
[    0.238162] CPU features: detected: RCpc load-acquire (LDAPR)
[    0.238246] CPU features: detected: LSE atomic instructions
[    0.238258] CPU features: detected: Privileged Access Never
[    0.238267] CPU features: detected: RAS Extension Support
[    0.238400] CPU features: detected: Speculative Store Bypassing Safe (SSBS)
[    0.259456] alternatives: applying system-wide alternatives
[    0.288135] CPU features: detected: Hardware dirty bit management on CPU0-1
[    0.326552] Memory: 3995976K/4194304K available (12608K kernel code, 1950K rwdata, 7812K rodata, 1920K init, 9305K bss, 193644K reserved, 0K cma-reserved)
[    0.400454] devtmpfs: initialized
[    0.440392] futex hash table entries: 512 (order: 3, 32768 bytes, linear)
[    0.441703] 24304 pages in range for non-PLT usage
[    0.441781] 515824 pages in range for PLT usage
[    0.449154] pinctrl core: initialized pinctrl subsystem
[    0.458519] SMBIOS 3.0.0 present.
[    0.461482] DMI: QEMU QEMU Virtual Machine, BIOS edk2-stable202408-prebuilt.qemu.org 08/13/2024
[    0.462278] DMI: Memory slots populated: 1/1
[    0.497781] NET: Registered PF_NETLINK/PF_ROUTE protocol family
[    0.507063] DMA: preallocated 512 KiB GFP_KERNEL pool for atomic allocations
[    0.508865] DMA: preallocated 512 KiB GFP_KERNEL|GFP_DMA pool for atomic allocations
[    0.512685] DMA: preallocated 512 KiB GFP_KERNEL|GFP_DMA32 pool for atomic allocations
[    0.513685] audit: initializing netlink subsys (disabled)
[    0.518326] audit: type=2000 audit(0.280:1): state=initialized audit_enabled=0 res=1
[    0.526029] thermal_sys: Registered thermal governor 'step_wise'
[    0.532003] cpuidle: using governor ladder
[    0.532543] cpuidle: using governor menu
[    0.535694] hw-breakpoint: found 6 breakpoint and 4 watchpoint registers.
[    0.537085] ASID allocator initialised with 65536 entries
[    0.538256] acpiphp: ACPI Hot Plug PCI Controller Driver version: 0.5
[    0.541058] Serial: AMBA PL011 UART driver
[    0.569991] HugeTLB: registered 1.00 GiB page size, pre-allocated 0 pages
[    0.570056] HugeTLB: 0 KiB vmemmap can be freed for a 1.00 GiB page
[    0.570090] HugeTLB: registered 32.0 MiB page size, pre-allocated 0 pages
[    0.570100] HugeTLB: 0 KiB vmemmap can be freed for a 32.0 MiB page
[    0.570112] HugeTLB: registered 2.00 MiB page size, pre-allocated 0 pages
[    0.570121] HugeTLB: 0 KiB vmemmap can be freed for a 2.00 MiB page
[    0.570132] HugeTLB: registered 64.0 KiB page size, pre-allocated 0 pages
[    0.570141] HugeTLB: 0 KiB vmemmap can be freed for a 64.0 KiB page
[    0.605727] ACPI: Added _OSI(Module Device)
[    0.605820] ACPI: Added _OSI(Processor Device)
[    0.605849] ACPI: Added _OSI(Processor Aggregator Device)
[    0.639886] ACPI: 1 ACPI AML tables successfully acquired and loaded
[    0.670683] ACPI: Interpreter enabled
[    0.670769] ACPI: Using GIC for interrupt routing
[    0.671790] ACPI: MCFG table detected, 1 entries
[    0.747117] ACPI: CPU0 has been hot-added
[    0.748495] ACPI: CPU1 has been hot-added
[    0.771792] ARMH0011:00: ttyAMA0 at MMIO 0x9000000 (irq = 12, base_baud = 0) is a SBSA
[    0.776184] printk: legacy console [ttyAMA0] enabled
[    0.867325] ACPI: PCI: Interrupt link L000 configured for IRQ 35
[    0.868088] ACPI: PCI: Interrupt link L001 configured for IRQ 36
[    0.868588] ACPI: PCI: Interrupt link L002 configured for IRQ 37
[    0.868969] ACPI: PCI: Interrupt link L003 configured for IRQ 38
[    0.869981] ACPI: PCI Root Bridge [PCI0] (domain 0000 [bus 00-ff])
[    0.873422] acpi PNP0A08:00: _OSC: OS supports [ExtendedConfig ASPM ClockPM Segments MSI HPX-Type3]
[    0.886959] acpi PNP0A08:00: _OSC: platform does not support [LTR]
[    0.889037] acpi PNP0A08:00: _OSC: OS now controls [PCIeHotplug PME PCIeCapability]
[    0.898960] acpi PNP0A08:00: ECAM area [mem 0x4010000000-0x401fffffff] reserved by PNP0C02:00
[    0.900591] acpi PNP0A08:00: ECAM at [mem 0x4010000000-0x401fffffff] for [bus 00-ff]
[    0.902722] ACPI: Remapped I/O 0x000000003eff0000 to [io  0x0000-0xffff window]
[    0.913938] PCI host bridge to bus 0000:00
[    0.915250] pci_bus 0000:00: root bus resource [mem 0x10000000-0x3efeffff window]
[    0.915742] pci_bus 0000:00: root bus resource [io  0x0000-0xffff window]
[    0.916147] pci_bus 0000:00: root bus resource [mem 0x8000000000-0xffffffffff window]
[    0.916757] pci_bus 0000:00: root bus resource [bus 00-ff]
[    0.920175] pci 0000:00:00.0: [1b36:0008] type 00 class 0x060000 conventional PCI endpoint
[    0.933627] pci 0000:00:01.0: [8086:100e] type 00 class 0x020000 conventional PCI endpoint
[    0.934665] pci 0000:00:01.0: BAR 0 [mem 0x10040000-0x1005ffff]
[    0.935222] pci 0000:00:01.0: BAR 1 [io  0x0080-0x00bf]
[    0.935758] pci 0000:00:01.0: ROM [mem 0xfffc0000-0xffffffff pref]
[    0.938377] pci 0000:00:02.0: [1af4:1001] type 00 class 0x010000 conventional PCI endpoint
[    0.938904] pci 0000:00:02.0: BAR 0 [io  0x0000-0x007f]
[    0.939184] pci 0000:00:02.0: BAR 1 [mem 0x10060000-0x10060fff]
[    0.939576] pci 0000:00:02.0: BAR 4 [mem 0x8000000000-0x8000003fff 64bit pref]
[    0.948147] pci 0000:00:01.0: ROM [mem 0x10000000-0x1003ffff pref]: assigned
[    0.948972] pci 0000:00:01.0: BAR 0 [mem 0x10040000-0x1005ffff]: assigned
[    0.949640] pci 0000:00:02.0: BAR 4 [mem 0x8000000000-0x8000003fff 64bit pref]: assigned
[    0.950252] pci 0000:00:02.0: BAR 1 [mem 0x10060000-0x10060fff]: assigned
[    0.950639] pci 0000:00:02.0: BAR 0 [io  0x1000-0x107f]: assigned
[    0.951057] pci 0000:00:01.0: BAR 1 [io  0x1080-0x10bf]: assigned
[    0.951872] pci_bus 0000:00: resource 4 [mem 0x10000000-0x3efeffff window]
[    0.952361] pci_bus 0000:00: resource 5 [io  0x0000-0xffff window]
[    0.952692] pci_bus 0000:00: resource 6 [mem 0x8000000000-0xffffffffff window]
[    0.963761] iommu: Default domain type: Translated
[    0.964202] iommu: DMA domain TLB invalidation policy: lazy mode
[    0.981481] efivars: Registered efivars operations
[    1.015551] clocksource: Switched to clocksource arch_sys_counter
[    1.030557] VFS: Disk quotas dquot_6.6.0
[    1.031364] VFS: Dquot-cache hash table entries: 512 (order 0, 4096 bytes)
[    1.039028] pnp: PnP ACPI init
[    1.053668] system 00:00: [mem 0x4010000000-0x401fffffff window] could not be reserved
[    1.054670] pnp: PnP ACPI: found 1 devices
[    1.119330] NET: Registered PF_INET protocol family
[    1.126046] IP idents hash table entries: 65536 (order: 7, 524288 bytes, linear)
[    1.219529] tcp_listen_portaddr_hash hash table entries: 2048 (order: 3, 32768 bytes, linear)
[    1.220137] Table-perturb hash table entries: 65536 (order: 6, 262144 bytes, linear)
[    1.220614] TCP established hash table entries: 32768 (order: 6, 262144 bytes, linear)
[    1.221997] TCP bind hash table entries: 32768 (order: 8, 1048576 bytes, linear)
[    1.222798] TCP: Hash tables configured (established 32768 bind 32768)
[    1.226494] MPTCP token hash table entries: 4096 (order: 5, 98304 bytes, linear)
[    1.228933] UDP hash table entries: 2048 (order: 4, 65536 bytes, linear)
[    1.229713] UDP-Lite hash table entries: 2048 (order: 4, 65536 bytes, linear)
[    1.232513] NET: Registered PF_UNIX/PF_LOCAL protocol family
[    1.233397] NET: Registered PF_XDP protocol family
[    1.234043] PCI: CLS 0 bytes, default 64
[    1.238476] kvm [1]: HYP mode not available
[    1.245749] Unpacking initramfs...
[    1.248677] Initialise system trusted keyrings
[    1.261995] workingset: timestamp_bits=44 max_order=20 bucket_order=0
[    1.345274] Key type asymmetric registered
[    1.346161] Asymmetric key parser 'x509' registered
[    1.348187] Block layer SCSI generic (bsg) driver version 0.4 loaded (major 249)
[    1.350033] io scheduler mq-deadline registered
[    1.350515] io scheduler kyber registered
[    1.351463] io scheduler bfq registered
[    1.390401] ACPI: \_SB_.L002: Enabled at IRQ 37
[    1.392503] virtio-pci 0000:00:02.0: enabling device (0000 -> 0003)
[    1.406148] Serial: 8250/16550 driver, 4 ports, IRQ sharing enabled
[    1.445261] hv_vmbus: registering driver hyperv_keyboard
[    1.455456] rtc-efi rtc-efi.0: registered as rtc0
[    1.459535] rtc-efi rtc-efi.0: setting system clock to 2026-09-04T04:45:10 UTC (1788497110)
[    1.466845] NET: Registered PF_INET6 protocol family
[    1.487849] Segment Routing with IPv6
[    1.488727] In-situ OAM (IOAM) with IPv6
[    1.536127] registered taskstats version 1
[    1.542297] Loading compiled-in X.509 certificates
[    1.599215] Freeing initrd memory: 5268K
[    1.856060] Loaded X.509 cert 'alpinelinux.org: Alpine Linux kernel key: 87fa969a47f3e2a6aa35859eb932a17c95abcd82'
[    1.887014] Demotion targets for Node 0: null
[    1.889164] Key type .fscrypt registered
[    1.889371] Key type fscrypt-provisioning registered
[    1.940782] clk: Disabling unused clocks
[    1.942024] PM: genpd: Disabling unused power domains
[    2.030719] Freeing unused kernel memory: 1920K
[    2.034733] Run /init as init process
[    2.450474] Alpine Init 3.11.1-r0
Alpine Init 3.11.1-r0
[    2.465328] Loading boot drivers...
 * Loading boot drivers: [    2.546779] Loading boot drivers: ok.
ok.
SIMBOOT: kernel=6.12.103-0-virt
[    2.655890] Invalid ELF header magic: != ELF
[    2.709289] virtio_blk virtio0: 2/0/0 default/read/poll queues
[    2.738622] virtio_blk virtio0: [vda] 1411072 512-byte logical blocks (722 MB/689 MiB)
[    2.783517] Invalid ELF header magic: != ELF
[    2.807285] Invalid ELF header magic: != ELF
[    2.833342] Invalid ELF header magic: != ELF
[    2.864681] Invalid ELF header magic: != ELF
[    2.935279] Invalid ELF header magic: != ELF
[    3.176465] Invalid ELF header magic: != ELF
[    3.230780] e1000: Intel(R) PRO/1000 Network Driver
[    3.231191] e1000: Copyright (c) 1999-2006 Intel Corporation.
[    3.233954] ACPI: \_SB_.L001: Enabled at IRQ 36
[    3.234801] e1000 0000:00:01.0: enabling device (0000 -> 0003)
[    3.654640] e1000 0000:00:01.0 eth0: (PCI:33MHz:32-bit) 52:54:00:12:34:56
[    3.656618] e1000 0000:00:01.0 eth0: Intel(R) PRO/1000 Network Connection
Module                  Size  Used by    Not tainted
e1000                 163840  0 
ext4                  929792  0 
jbd2                  172032  1 ext4
mbcache                20480  1 ext4
crc32c_generic         12288  0 
crc16                  12288  1 ext4
virtio_blk             24576  0 
[    4.890554] EXT4-fs (vda): mounted filesystem 1799a7eb-09df-4b80-8c57-0424de58e445 r/w with ordered data mode. Quota mode: none.
SIMBOOT: root mounted rw, running real mfp.afx with binder stub
[   18.280625] e1000: eth0 NIC Link is Up 1000 Mbps Full Duplex, Flow Control: RX
=== VHAL: fetch toolchain ===
[   41.334088] hrtimer: interrupt took 55163504 ns
VHAL_WGET_TC_RC=0
-rw-r--r-- 1 root root 239206400 Sep  4 04:46 /tmp/musl-native.tar
VHAL_WGET_SRC_RC=0
-rw-r--r-- 1 root root 13902 Sep  4 04:46 /tmp/virtual_hal.c
=== VHAL: extract ===
VHAL_TAR_RC=0
-rwxr-xr-x 3 1000 1000 1428240 Nov 22  2021 /tmp/aarch64-linux-musl-native/bin/aarch64-linux-musl-gcc
=== VHAL: compile ===
VHAL_GCC_RC=0
-rwxr-xr-x 1 root root 17056 Sep  4 04:46 /lib/virtual_hal.so
=== VHAL: done ===
MFP_PID=471
[   89.880276] random: crng init done
--- POLL 1: N=11 ---
POLL: early init (N=11), wait before gdb patch
--- POLL 2: N=11 ---
POLL: early init (N=11), wait before gdb patch
--- POLL 3: N=11 ---
POLL: early init (N=11), wait before gdb patch
--- POLL 4: N=11 ---
POLL: early init (N=11), wait before gdb patch
--- POLL 5: N=22 ---
POLL: early init (N=22), wait before gdb patch
--- POLL 6: N=44 ---
--- POLL 7: N=62 ---
--- POLL 8: N=63 ---
[Thread debugging using libthread_db enabled]
Using host libthread_db library "/lib64/libthread_db.so.1".
0x0000ffffb3d21ae0 in clock_nanosleep () from /lib64/libc.so.6
B4: 5c=0 7c=0 80=0 82=0
AF: 5c=1 7c=1 80=1 82=1
[Inferior 1 (process 471) detached]
--- POLL 9: N=129 ---
POLL: passed print_info_status_init (N=129)
--- ALIVE ---
138
--- LISTEN TCP ---
  sl  local_address rem_address   st tx_queue rx_queue tr tm->when retrnsmt   uid  timeout inode                                                     
   0: 00000000:C181 00000000:0000 0A 00000000:00000000 00:00000000 00000000     0        0 57018 1 000000009214f26b 100 0 0 10 0                     
SIMBOOT_LPD_HEX=C181
SIMBOOT_LPD_PORT=49537
--- HALD LOG ---
2147483648 hal_daemon process plog lib init 
--- PLOGD LOG ---
--- CMD REG TABLE ---
[New LWP 696]
[New LWP 697]
[New LWP 698]
[New LWP 699]
[New LWP 700]
[New LWP 701]
[New LWP 703]
[New LWP 705]
[New LWP 707]
[New LWP 708]
[New LWP 709]
[New LWP 710]
[New LWP 712]
[New LWP 713]
[New LWP 716]
[New LWP 718]
[New LWP 719]
[New LWP 720]
[New LWP 721]
[New LWP 722]
[New LWP 723]
[New LWP 724]
[New LWP 725]
[New LWP 726]
[Thread debugging using libthread_db enabled]
Using host libthread_db library "/lib64/libthread_db.so.1".
0x0000ffffb3d21ae0 in clock_nanosleep () from /lib64/libc.so.6
warning: could not convert '$h' from the host encoding (ANSI_X3.4-1968) to UTF-32.
This normally should not happen, please file a bug report.
node=0x1711d00 cmd=0xd cb=0x6b7570 arg=(nil)
node=0x1711a30 cmd=0x7 cb=0x6974e4 arg=(nil)
node=0x171be10 cmd=0xa cb=0x74fbcc arg=(nil)
node=0x171be40 cmd=0xe cb=0x74fb0c arg=(nil)
node=0x171df20 cmd=0 cb=0x73b71c arg=(nil)
node=0x171e930 cmd=0xc cb=0x6b8588 arg=(nil)
node=0x1720080 cmd=0x6 cb=0x6cc6f8 arg=(nil)
node=0x1720fe0 cmd=0x11 cb=0x6a77cc arg=(nil)
node=0x1745450 cmd=0xf cb=0x4b01f0 arg=(nil)
node=0x1745480 cmd=0x2 cb=0x4b03a8 arg=(nil)
node=0x17ee4d0 cmd=0x3 cb=0x70aba0 arg=(nil)
node=0x1818440 cmd=0x1 cb=0x722310 arg=(nil)
node=0x182c620 cmd=0xb cb=0x678d20 arg=0x18186b0
node=0x182c650 cmd=0x10 cb=0x679120 arg=0x18186b0
node=0x1883030 cmd=0x4 cb=0x74105c arg=(nil)
node=0x910e20 cmd=0x1 cb=0x100000001 arg=0x30b00002
node=0x1711d00 cmd=0xd cb=0x6b7570 arg=(nil)
node=0x1711a30 cmd=0x7 cb=0x6974e4 arg=(nil)
node=0x171be10 cmd=0xa cb=0x74fbcc arg=(nil)
node=0x171be40 cmd=0xe cb=0x74fb0c arg=(nil)
node=0x171df20 cmd=0 cb=0x73b71c arg=(nil)
node=0x171e930 cmd=0xc cb=0x6b8588 arg=(nil)
node=0x1720080 cmd=0x6 cb=0x6cc6f8 arg=(nil)
node=0x1720fe0 cmd=0x11 cb=0x6a77cc arg=(nil)
node=0x1745450 cmd=0xf cb=0x4b01f0 arg=(nil)
node=0x1745480 cmd=0x2 cb=0x4b03a8 arg=(nil)
node=0x17ee4d0 cmd=0x3 cb=0x70aba0 arg=(nil)
node=0x1818440 cmd=0x1 cb=0x722310 arg=(nil)
node=0x182c620 cmd=0xb cb=0x678d20 arg=0x18186b0
node=0x182c650 cmd=0x10 cb=0x679120 arg=0x18186b0
node=0x1883030 cmd=0x4 cb=0x74105c arg=(nil)
node=0x910e20 cmd=0x1 cb=0x100000001 arg=0x30b00002
node=0x1711d00 cmd=0xd cb=0x6b7570 arg=(nil)
node=0x1711a30 cmd=0x7 cb=0x6974e4 arg=(nil)
node=0x171be10 cmd=0xa cb=0x74fbcc arg=(nil)
node=0x171be40 cmd=0xe cb=0x74fb0c arg=(nil)
node=0x171df20 cmd=0 cb=0x73b71c arg=(nil)
node=0x171e930 cmd=0xc cb=0x6b8588 arg=(nil)
node=0x1720080 cmd=0x6 cb=0x6cc6f8 arg=(nil)
node=0x1720fe0 cmd=0x11 cb=0x6a77cc arg=(nil)
node=0x1745450 cmd=0xf cb=0x4b01f0 arg=(nil)
node=0x1745480 cmd=0x2 cb=0x4b03a8 arg=(nil)
node=0x17ee4d0 cmd=0x3 cb=0x70aba0 arg=(nil)
node=0x1818440 cmd=0x1 cb=0x722310 arg=(nil)
node=0x182c620 cmd=0xb cb=0x678d20 arg=0x18186b0
node=0x182c650 cmd=0x10 cb=0x679120 arg=0x18186b0
node=0x1883030 cmd=0x4 cb=0x74105c arg=(nil)
node=0x910e20 cmd=0x1 cb=0x100000001 arg=0x30b00002
node=0x1711d00 cmd=0xd cb=0x6b7570 arg=(nil)
node=0x1711a30 cmd=0x7 cb=0x6974e4 arg=(nil)
node=0x171be10 cmd=0xa cb=0x74fbcc arg=(nil)
node=0x171be40 cmd=0xe cb=0x74fb0c arg=(nil)
node=0x171df20 cmd=0 cb=0x73b71c arg=(nil)
node=0x171e930 cmd=0xc cb=0x6b8588 arg=(nil)
node=0x1720080 cmd=0x6 cb=0x6cc6f8 arg=(nil)
node=0x1720fe0 cmd=0x11 cb=0x6a77cc arg=(nil)
node=0x1745450 cmd=0xf cb=0x4b01f0 arg=(nil)
node=0x1745480 cmd=0x2 cb=0x4b03a8 arg=(nil)
node=0x17ee4d0 cmd=0x3 cb=0x70aba0 arg=(nil)
node=0x1818440 cmd=0x1 cb=0x722310 arg=(nil)
[Inferior 1 (process 471) detached]
--- LPD ENABLE ---
[New LWP 713]
[New LWP 716]
[New LWP 718]
[New LWP 719]
[New LWP 720]
[New LWP 721]
[New LWP 722]
[New LWP 723]
[New LWP 724]
[New LWP 725]
[New LWP 726]
[Inferior 1 (process 471) detached]
GDBLPD_RETRY_1
SW_AF=1

Thread 25 "mfp.afx" received signal SIGSTOP, Stopped (signal).
[Switching to Thread 0xffff9e1b2b60 (LWP 517)]
0x0000ffffb4cd02f0 in ioctl@plt () from /lib64/libosal.so
/tmp/gdblpd.txt:11: Error in sourced command file:
The program received a signal in another thread while
making a function call from GDB.
Evaluation of the expression containing the function
(netdata_set_lpd_switch) will be abandoned.
When the function is done executing, GDB will silently stop.
[Inferior 1 (process 471) detached]
GDBLPD_RETRY_2
SW_AF=1

Thread 25 "mfp.afx" received signal SIGSTOP, Stopped (signal).
[Switching to Thread 0xffff9e1b2b60 (LWP 517)]
0x0000ffffb4cd02f0 in ioctl@plt () from /lib64/libosal.so
/tmp/gdblpd.txt:11: Error in sourced command file:
The program received a signal in another thread while
making a function call from GDB.
Evaluation of the expression containing the function
(netdata_set_lpd_switch) will be abandoned.
When the function is done executing, GDB will silently stop.
[Inferior 1 (process 471) detached]
GDBLPD_RETRY_3
--- LPD PORTS AFTER ---
PORTS_T+10
local_address st
00000000:C181 0A
PORTS_T+20
local_address st
00000000:C181 0A
PORTS_T+30
local_address st
00000000:C181 0A
PORTS_T+40
local_address st
00000000:C181 0A
PORTS_T+50
local_address st
00000000:C181 0A
PORTS_T+60
local_address st
00000000:C181 0A
PORTS_T+70
local_address st
00000000:C181 0A
PORTS_T+80
local_address st
00000000:C181 0A
PORTS_T+90
local_address st
00000000:C181 0A
PORTS_T+100
local_address st
00000000:C181 0A
PORTS_T+110
local_address st
00000000:C181 0A
PORTS_T+120
local_address st
00000000:C181 0A
PORTS_T+130
local_address st
00000000:C181 0A
PORTS_T+140
local_address st
00000000:C181 0A
PORTS_T+150
local_address st
00000000:C181 0A
PORTS_T+160
local_address st
00000000:C181 0A
PORTS_T+170
local_address st
00000000:C181 0A
PORTS_T+180
local_address st
00000000:C181 0A
PORTS_T+190
local_address st
00000000:C181 0A
PORTS_T+200
local_address st
00000000:C181 0A
PORTS_T+210
local_address st
00000000:C181 0A
PORTS_T+220
local_address st
00000000:C181 0A
PORTS_T+230
local_address st
00000000:C181 0A
PORTS_T+240
local_address st
00000000:C181 0A
--- PORTS ALL ---
local_address st
00000000:C181 0A
TRACE GDB STARTED
READY FOR INJECT
--- MID PORTS ---
local_address st
00000000:C181 0A
00000000:B3F3 0A
0F02000A:C181 08
--- GDB TRACE ---
[New LWP 712]
[New LWP 713]
[New LWP 716]
[New LWP 718]
[New LWP 719]
[New LWP 720]
[New LWP 721]
[New LWP 722]
[New LWP 723]
[New LWP 724]
[New LWP 725]
[New LWP 726]
[Thread debugging using libthread_db enabled]
Using host libthread_db library "/lib64/libthread_db.so.1".
netdata_set_lpd_switch (thiz=0x44c2b4 <_start+52>, val=0, sync=9067664) at net/common/netdata.c:700
700	net/common/netdata.c: No such file or directory.
Breakpoint 1 at 0x683e0c: file net/lpd/lpd.c, line 560.
Breakpoint 2 at 0x68365c: file net/lpd/lpd.c, line 421.
Breakpoint 3 at 0x6830a4: file net/lpd/lpd.c, line 340.
Breakpoint 4 at 0x68236c: file net/lpd/lpd.c, line 221.
Breakpoint 5 at 0x6831e8: file net/lpd/lpd.c, line 360.
Breakpoint 6 at 0x74c960: file pedk_manager/pedk_mgr.c, line 357.
Breakpoint 7 at 0x74c38c: file pedk_manager/pedk_mgr.c, line 205.
Breakpoint 8 at 0x6b7570: file system_manager/job_pedkapi.c, line 591.
Breakpoint 9 at 0x6b6adc: file system_manager/job_pedkapi.c, line 272.
Breakpoint 10 at 0x6b6b64: file system_manager/job_pedkapi.c, line 300.
Breakpoint 11 at 0x6b7060: file system_manager/job_pedkapi.c, line 449.
Breakpoint 12 at 0x6b740c: file system_manager/job_pedkapi.c, line 551.
Breakpoint 13 at 0x6b7500: file system_manager/job_pedkapi.c, line 578.
Breakpoint 14 at 0x6b7158: file system_manager/job_pedkapi.c, line 476.
--- MFP LOG SIZE ---
67896996 /tmp/mfp.log
--- MFP LOG RAW tail ---
[print_info_status_init]   L1732:speed[0], machine_tag[0x0], product_name[], pid[0x0]
[print_info_status_init]   L1732:speed[0], machine_tag[0x0], product_name[], pid[0x0]
[print_info_status_init]   L1732:speed[0], machine_tag[0x0], product_name[], pid[0x0]
[print_info_status_init]   L1732:speed[0], machine_tag[0x0], product_name[], pid[0x0]
[print_info_status_init]   L1732:speed[0], machine_tag[0x0], product_name[], pid[0x0]
[print_info_status_init]   L1732:speed[0], machine_tag[0x0], product_name[], pid[0x0]
[print_info_status_init]   L1732:speed[0], machine_tag[0x0], product_name[], pid[0x0]
[print_info_status_init]   L1732:speed[0], machine_tag[0x0], product_name[], pid[0x0]
[print_info_status_init]   L1732:speed[0], machine_tag[0x0], product_name[], pid[0x0]
[print_info_status_init]   L1732:speed[0], machine_tag[0x0], product_name[], pid[0x0]
[print_info_status_init]   L1732:speed[0], machine_tag[0x0], product_name[], pid[0x0]
[print_info_status_init]   L1732:speed[0], machine_tag[0x0], product_name[], pid[0x0]
[print_info_status_init]   L1732:speed[0], machine_tag[0x0], product_name[], pid[0x0]
732:speed[0], machine_tag[0x0], product_name[], pid[0x0]
[print_info_status_init]   L1732:speed[0], machine_tag[0x0], product_name[], pid[0x0]
[print_info_status_init]   L1732:speed[0], machine_tag[0x0], product_name[], pid[0x0]
[print_info_status_init]   L1732:speed[0], machine_tag[0x0], product_name[], pid[0x0]
[print_info_status_init]   L1732:speed[0], machine_tag[0x0], product_name[], pid[0x0]
[print_info_status_init]   L1732:speed[0], machine_tag[0x0], product_name[], pid[0x0]
[print_info_status_init]   L1732:speed[0], machine_tag[0x0], product_name[], pid[0x0]
[print_info_status_init]   L1732:speed[0], machine_tag[0x0], product_name[], pid[0x0]
[print_info_status_init]   L1732:speed[0], machine_tag[0x0], product_name[], pid[0x0]
[print_info_status_init]   L1732:speed[0], machine_tag[0x0], product_name[], pid[0x0]
[print_info_status_init]   L1732:speed[0], machine_tag[0x0], product_name[], pid[0x0]
[print_info_status_init]   L1732:speed[0], machine_tag[0x0], product_name[], pid[0x0]
[print_info_status_init]   L1732:speed[0], machine_tag[0x0], product_name[], pid[0x0]
[print_info_status_init]   L1732:speed[0], machine_tag[0x0], product_name[], pid[0x0]
[print_info_status_init]   L1732:speed[0], machine_tag[0x0], product_name[], pid[0x0]
[print_info_status_init]   L1732:speed[0], machine_tag[0x0], product_name[], pid[0x0]
[print_info_status_init]   L1732:speed[0], machine_tag[0x0], product_name[], pid[0x0]
[print_info_status_init]   L1732:speed[0], machine_tag[0x0], product_name[], pid[0x0]
[print_info_status_init]   L1732:speed[0], machine_tag[0x0], product_name[], pid[0x0]
[print_info_status_init]   L1732:speed[0], machine_tag[0x0], product_name[], pid[0x0]
[print_info_status_init]   L1732:speed[0], machine_tag[0x0], product_name[], pid[0x0]
[print_info_status_init]   L1732:speed[0], machine_tag[0x0], product_name[], pid[0x0]
[print_info_status_init]   L1732:speed[0], machine_tag[0x0], product_name[], pid[0x0]
[print_info_status_init]   L1732:speed[0], machine_tag[0x0], product_name[], pid[0x0]
[print_info_status_init]   L1732:speed[0], machine_tag[0x0], product_name[], pid[0x0]
[print_info_status_init]   L1732:speed[0], machine_tag[0x0], product_name[], pid[0x0]
[print_info_status_init]   L1732:speed[0], machine_tag[0x0], product_name[], pid[0x0]
[print_info_status_init]   L1732:speed[0], machine_tag[0x0], product_name[], pid[0x0]
[print_info_status_init]   L1732:speed[0], machine_tag[0x0], product_name[], pid[0x0]
[print_info_status_init]   L1732:speed[0], machine_tag[0x0], product_name[], pid[0x0]
[print_info_status_init]   L1732:speed[0], machine_tag[0x0], product_name[], pid[0x0]
[print_info_status_init]   L1732:speed[0], machine_tag[0x0], product_name[], pid[0x0]
[print_info_status_init]   L1732:speed[0], machine_tag[0x0], product_name[], pid[0x0]
[print_info_status_init]   L1732:speed[0], machine_tag[0x0], product_name[], pid[0x0]
[print_info_status_init]   L1732:speed[0], machine_tag[0x0], product_name[], pid[0x0]
[print_info_status_init]   L1732:speed[0], machine_tag[0x0], product_name[], pid[0x0]
[print_info_status_init]   L1732:speed[0], machine_tag[0x0], product_name[], pid[0x0]
[print_info_status_init]   L1732:speed[0], machine_tag[0x0], product_name[], pid[0x0]
[print_info_status_init]   L1732:speed[0], machine_tag[0x0], product_name[], pid[0x0]
[print_info_status_init]   L1732:speed[0], machine_tag[0x0], product_name[], pid[0x0]
[print_info_status_init]   L1732:speed[0], machine_tag[0x0], product_name[], pid[0x0]
[print_info_status_init]   L1732:speed[0], machine_tag[0x0], product_name[], pid[0x0]
[print_info_status_init]   L1732:speed[0], machine_tag[0x0], product_name[], pid[0x0]
[print_info_status_init]   L1732:speed[0], machine_tag[0x0], product_name[], pid[0x0]
[print_info_status_init]   L1732:speed[0], machine_tag[0x0], product_name[], pid[0x0]
[print_info_status_init]   L1732:speed[0], machine_tag[0x0], product_name[], pid[0x0]
[print_info_status_init]   L1732:speed[0], machine_tag[0x0], product_name[], pid[0x0]
--- VHAL LOG ---
180176 /tmp/vhal.log
[vhal] gpio_get id=: 0x00000087
 -> : 0x00000000
[vhal] gpio_get id=: 0x00000087
 -> : 0x00000000
[vhal] gpio_get id=: 0x00000087
 -> : 0x00000000
[vhal] gpio_get id=: 0x00000087
 -> : 0x00000000
[vhal] gpio_get id=: 0x00000087
 -> : 0x00000000
[vhal] gpio_get id=: 0x00000087
 -> : 0x00000000
[vhal] gpio_get id=: 0x00000087
 -> : 0x00000000
[vhal] gpio_get id=: 0x00000087
 -> : 0x00000000
[vhal] gpio_get id=: 0x00000087
 -> : 0x00000000
[vhal] gpio_get id=: 0x00000087
 -> : 0x00000000
[vhal] gpio_get id=: 0x00000087
 -> : 0x00000000
[vhal] gpio_get id=: 0x00000087
 -> : 0x00000000
[vhal] gpio_get id=: 0x00000087
 -> : 0x00000000
[vhal] gpio_get id=: 0x00000087
 -> : 0x00000000
[vhal] gpio_get id=: 0x00000087
 -> : 0x00000000
[vhal] gpio_get id=: 0x00000087
 -> : 0x00000000
[vhal] gpio_get id=: 0x00000087
 -> : 0x00000000
[vhal] gpio_get id=: 0x00000087
 -> : 0x00000000
[vhal] gpio_get id=: 0x00000087
 -> : 0x00000000
[vhal] gpio_get id=: 0x00000087
 -> : 0x00000000
[vhal] gpio_get id=: 0x00000087
 -> : 0x00000000
[vhal] gpio_get id=: 0x00000087
 -> : 0x00000000
[vhal] gpio_get id=: 0x00000087
 -> : 0x00000000
[vhal] gpio_get id=: 0x00000087
 -> : 0x00000000
[vhal] gpio_get id=: 0x00000087
 -> : 0x00000000
[vhal] gpio_get id=: 0x00000087
 -> : 0x00000000
[vhal] gpio_get id=: 0x00000087
 -> : 0x00000000
[vhal] gpio_get id=: 0x00000087
 -> : 0x00000000
[vhal] gpio_get id=: 0x00000087
 -> : 0x00000000
[vhal] gpio_get id=: 0x00000087
 -> : 0x00000000
[vhal] gpio_get id=: 0x00000087
 -> : 0x00000000
[vhal] gpio_get id=: 0x00000087
 -> : 0x00000000
[vhal] gpio_get id=: 0x00000087
 -> : 0x00000000
[vhal] gpio_get id=: 0x00000087
 -> : 0x00000000
[vhal] gpio_get id=: 0x00000087
 -> : 0x00000000
[vhal] gpio_get id=: 0x00000087
 -> : 0x00000000
[vhal] gpio_get id=: 0x00000087
 -> : 0x00000000
[vhal] gpio_get id=: 0x00000087
 -> : 0x00000000
[vhal] gpio_get id=: 0x00000087
 -> : 0x00000000
[vhal] gpio_get id=: 0x00000087
 -> : 0x00000000
[vhal] gpio_get id=: 0x00000087
 -> : 0x00000000
[vhal] gpio_get id=: 0x00000087
 -> : 0x00000000
[vhal] gpio_get id=: 0x00000087
 -> : 0x00000000
[vhal] gpio_get id=: 0x00000087
 -> : 0x00000000
[vhal] gpio_get id=: 0x00000087
 -> : 0x00000000
[vhal] gpio_get id=: 0x00000087
 -> : 0x00000000
[vhal] gpio_get id=: 0x00000087
 -> : 0x00000000
[vhal] gpio_get id=: 0x00000087
 -> : 0x00000000
[vhal] gpio_get id=: 0x00000087
 -> : 0x00000000
[vhal] gpio_get id=: 0x00000087
 -> : 0x00000000
[vhal] gpio_get id=: 0x00000087
 -> : 0x00000000
[vhal] gpio_get id=: 0x00000087
 -> : 0x00000000
[vhal] gpio_get id=: 0x00000087
 -> : 0x00000000
[vhal] gpio_get id=: 0x00000087
 -> : 0x00000000
[vhal] gpio_get id=: 0x00000087
 -> : 0x00000000
[vhal] gpio_get id=: 0x00000087
 -> : 0x00000000
[vhal] gpio_get id=: 0x00000087
 -> : 0x00000000
[vhal] gpio_get id=: 0x00000087
 -> : 0x00000000
[vhal] gpio_get id=: 0x00000087
 -> : 0x00000000
[vhal] gpio_get id=: 0x00000087
 -> : 0x00000000
[vhal] gpio_get id=: 0x00000087
 -> : 0x00000000
[vhal] gpio_get id=: 0x00000087
 -> : 0x00000000
[vhal] gpio_get id=: 0x00000087
 -> : 0x00000000
[vhal] gpio_get id=: 0x00000087
 -> : 0x00000000
[vhal] gpio_get id=: 0x00000087
 -> : 0x00000000
[vhal] gpio_get id=: 0x00000087
 -> : 0x00000000
[vhal] gpio_get id=: 0x00000087
 -> : 0x00000000
[vhal] gpio_get id=: 0x00000087
 -> : 0x00000000
[vhal] gpio_get id=: 0x00000087
 -> : 0x00000000
[vhal] gpio_get id=: 0x00000087
 -> : 0x00000000
[vhal] gpio_get id=: 0x00000087
 -> : 0x00000000
[vhal] gpio_get id=: 0x00000087
 -> : 0x00000000
[vhal] gpio_get id=: 0x00000087
 -> : 0x00000000
[vhal] gpio_get id=: 0x00000087
 -> : 0x00000000
[vhal] gpio_get id=: 0x00000087
 -> : 0x00000000
--- VHAL UPLOAD ---
VHAL_UPLOAD_RC=0
MFP_UPLOAD_RC=0
KEEPING MFP ALIVE (pid 471)
SIMBOOT: mfp run finished, keeping shell
/bin/sh: can't access tty; job control turned off
~ # [6n[ 5673.083136] mfp.afx invoked oom-killer: gfp_mask=0x140cca(GFP_HIGHUSER_MOVABLE|__GFP_COMP), order=0, oom_score_adj=0
[ 5673.092723] CPU: 0 UID: 0 PID: 477 Comm: mfp.afx Not tainted 6.12.103-0-virt #1-Alpine
[ 5673.094930] Hardware name: QEMU QEMU Virtual Machine, BIOS edk2-stable202408-prebuilt.qemu.org 08/13/2024
[ 5673.098997] Call trace:
[ 5673.099157]  dump_backtrace+0xf0/0x140
[ 5673.102298]  show_stack+0x28/0x4c
[ 5673.102315]  dump_stack_lvl+0x60/0x94
[ 5673.102589]  dump_stack+0x18/0x30
[ 5673.102601]  dump_header+0x40/0x1a0
[ 5673.102614]  oom_kill_process+0x2cc/0x348
[ 5673.102886]  out_of_memory+0xec/0x5c8
[ 5673.102899]  __alloc_pages_noprof+0xa7c/0xf60
[ 5673.103152]  alloc_pages_mpol_noprof+0x94/0x24c
[ 5673.103188]  alloc_pages_noprof+0x5c/0xf4
[ 5673.103211]  folio_alloc_noprof+0x24/0xa0
[ 5673.103233]  filemap_alloc_folio_noprof+0x154/0x160
[ 5673.103488]  __filemap_get_folio+0x224/0x3cc
[ 5673.103500]  filemap_fault+0x118/0x89c
[ 5673.103511]  __do_fault+0x3c/0x140
[ 5673.103529]  __handle_mm_fault+0xaec/0x17e0
[ 5673.103550]  handle_mm_fault+0xc8/0x320
[ 5673.103562]  do_page_fault+0x134/0x600
[ 5673.103578]  do_translation_fault+0x100/0x140
[ 5673.103591]  do_mem_abort+0x4c/0xc0
[ 5673.103606]  el0_ia+0x68/0x184
[ 5673.103619]  el0t_64_sync_handler+0xc0/0x100
[ 5673.103632]  el0t_64_sync+0x190/0x194
[ 5673.107761] Mem-Info:
[ 5673.108113] active_anon:736610 inactive_anon:239594 isolated_anon:0
[ 5673.108113]  active_file:18 inactive_file:0 isolated_file:0
[ 5673.108113]  unevictable:2911 dirty:0 writeback:0
[ 5673.108113]  slab_reclaimable:1234 slab_unreclaimable:3135
[ 5673.108113]  mapped:265 shmem:159765 pagetables:1912
[ 5673.108113]  sec_pagetables:0 bounce:0
[ 5673.108113]  kernel_misc_reclaimable:0
[ 5673.108113]  free:12080 free_pcp:18 free_cma:0
[ 5673.109685] Node 0 active_anon:2946440kB inactive_anon:958376kB active_file:72kB inactive_file:0kB unevictable:11644kB isolated(anon):0kB isolated(file):0kB mapped:1060kB dirty:0kB writeback:0kB shmem:639060kB shmem_thp:0kB shmem_pmdmapped:0kB anon_thp:262144kB writeback_tmp:0kB kernel_stack:4864kB pagetables:7648kB sec_pagetables:0kB all_unreclaimable? yes
[ 5673.110804] Node 0 DMA free:37752kB boost:0kB min:34308kB low:42884kB high:51460kB reserved_highatomic:0KB active_anon:2713912kB inactive_anon:287960kB active_file:224kB inactive_file:0kB unevictable:0kB writepending:0kB present:3145728kB managed:3048256kB mlocked:0kB bounce:0kB free_pcp:0kB local_pcp:0kB free_cma:0kB
[ 5673.115850] lowmem_reserve[]: 0 0 931 931
[ 5673.116130] Node 0 Normal free:10568kB boost:0kB min:10744kB low:13428kB high:16112kB reserved_highatomic:0KB active_anon:232528kB inactive_anon:670416kB active_file:192kB inactive_file:440kB unevictable:11644kB writepending:0kB present:1048576kB managed:959592kB mlocked:0kB bounce:0kB free_pcp:72kB local_pcp:72kB free_cma:0kB
[ 5673.116994] lowmem_reserve[]: 0 0 0 0
[ 5673.117236] Node 0 DMA: 190*4kB (UME) 129*8kB (UME) 86*16kB (UME) 43*32kB (UME) 21*64kB (UME) 11*128kB (UME) 10*256kB (UE) 4*512kB (U) 6*1024kB (UE) 6*2048kB (UE) 2*4096kB (M) = 38528kB
[ 5673.118123] Node 0 Normal: 263*4kB (UME) 135*8kB (UME) 72*16kB (UME) 32*32kB (UME) 8*64kB (UME) 2*128kB (ME) 5*256kB (UME) 4*512kB (UME) 3*1024kB (M) 0*2048kB 0*4096kB = 11476kB
[ 5673.119184] Node 0 hugepages_total=0 hugepages_free=0 hugepages_surp=0 hugepages_size=1048576kB
[ 5673.119528] Node 0 hugepages_total=0 hugepages_free=0 hugepages_surp=0 hugepages_size=32768kB
[ 5673.119804] Node 0 hugepages_total=0 hugepages_free=0 hugepages_surp=0 hugepages_size=2048kB
[ 5673.120061] Node 0 hugepages_total=0 hugepages_free=0 hugepages_surp=0 hugepages_size=64kB
[ 5673.120401] 162716 total pagecache pages
[ 5673.120551] 0 pages in swap cache
[ 5673.120674] Free swap  = 0kB
[ 5673.120779] Total swap = 0kB
[ 5673.121036] 1048576 pages RAM
[ 5673.121191] 0 pages HighMem/MovableOnly
[ 5673.121325] 46614 pages reserved
[ 5673.121489] Tasks state (memory values in pages):
[ 5673.121654] [  pid  ]   uid  tgid total_vm      rss rss_anon rss_file rss_shmem pgtables_bytes swapents oom_score_adj name
[ 5673.122400] [    450]     0   450     5926      291      256       35         0    61440        0             0 hal_daemon
[ 5673.122841] [    471]     0   471  1271899   788889   788873       16         0  7397376        0             0 mfp.afx
[ 5673.123184] [    839]     0   839    62566    27230    27192       38         0   299008        0             0 gdb
[ 5673.123561] oom-kill:constraint=CONSTRAINT_NONE,nodemask=(null),cpuset=/,mems_allowed=0,global_oom,task_memcg=/,task=mfp.afx,pid=471,uid=0
[ 5673.127948] Out of memory: Killed process 471 (mfp.afx) total-vm:5087596kB, anon-rss:3155492kB, file-rss:64kB, shmem-rss:0kB, UID:0 pgtables:7224kB oom_score_adj:0
[ 5675.456939] oom_reaper: reaped process 471 (mfp.afx), now anon-rss:4kB, file-rss:64kB, shmem-rss:0kB
