UEFI firmware (version edk2-stable202408-prebuilt.qemu.org built at 16:28:50 on Sep 12 2024)
ArmTrngLib could not be correctly initialized.
Error: Image at 000BFDB6000 start failed: 00000001
Error: Image at 000BFD6D000 start failed: Not Found
Error: Image at 000BFCBA000 start failed: Unsupported
Error: Image at 000BFB5E000 start failed: Aborted
Tpm2SubmitCommand - Tcg2 - Not Found
Tpm2GetCapabilityPcrs fail!
Tpm2SubmitCommand - Tcg2 - Not Found
Image type X64 can't be loaded on AARCH64 UEFI system.
[2J[01;01H[=3h[2J[01;01H[2J[01;01H[=3h[2J[01;01HEFI stub: Decompressing Linux Kernel...
EFI stub: Loaded initrd from LINUX_EFI_INITRD_MEDIA_GUID device path
EFI stub: Generating empty DTB
EFI stub: Exiting boot services...
[    0.000000] Booting Linux on physical CPU 0x0000000000 [0x414fd0b1]
[    0.000000] Linux version 6.12.103-0-virt (buildozer@build-3-21-aarch64) (gcc (Alpine 14.2.0) 14.2.0, GNU ld (GNU Binutils) 2.43.1) #1-Alpine SMP PREEMPT_DYNAMIC 2026-08-10 14:25:03
[    0.000000] efi: EFI v2.7 by EDK II
[    0.000000] efi: SMBIOS 3.0=0xbfed0000 MEMATTR=0xbe176018 ACPI 2.0=0xbcb43018 INITRD=0xbcb40f18 MEMRESERVE=0xbcb40f98 
[    0.000000] ACPI: Early table checksum verification disabled
[    0.000000] ACPI: RSDP 0x00000000BCB43018 000024 (v02 BOCHS )
[    0.000000] ACPI: XSDT 0x00000000BCB43F18 000064 (v01 BOCHS  BXPC     00000001      01000013)
[    0.000000] ACPI: FACP 0x00000000BCB43B18 000114 (v06 BOCHS  BXPC     00000001 BXPC 00000001)
[    0.000000] ACPI: DSDT 0x00000000BCB41018 001506 (v02 BOCHS  BXPC     00000001 BXPC 00000001)
[    0.000000] ACPI: APIC 0x00000000BCB43C98 0000FC (v04 BOCHS  BXPC     00000001 BXPC 00000001)
[    0.000000] ACPI: PPTT 0x00000000BCB43E18 000074 (v02 BOCHS  BXPC     00000001 BXPC 00000001)
[    0.000000] ACPI: GTDT 0x00000000BCB43098 000068 (v03 BOCHS  BXPC     00000001 BXPC 00000001)
[    0.000000] ACPI: MCFG 0x00000000BCB43A98 00003C (v01 BOCHS  BXPC     00000001 BXPC 00000001)
[    0.000000] ACPI: SPCR 0x00000000BCB43818 000050 (v02 BOCHS  BXPC     00000001 BXPC 00000001)
[    0.000000] ACPI: DBG2 0x00000000BCB43A18 000057 (v00 BOCHS  BXPC     00000001 BXPC 00000001)
[    0.000000] ACPI: IORT 0x00000000BCB43898 000054 (v05 BOCHS  BXPC     00000001 BXPC 00000001)
[    0.000000] ACPI: SPCR: console: pl011,mmio32,0x9000000,9600
[    0.000000] ACPI: Use ACPI SPCR as default console: Yes
[    0.000000] NUMA: Faking a node at [mem 0x0000000040000000-0x00000000bfffffff]
[    0.000000] NODE_DATA(0) allocated [mem 0xbf855b80-0xbf857fff]
[    0.000000] Zone ranges:
[    0.000000]   DMA      [mem 0x0000000040000000-0x00000000bfffffff]
[    0.000000]   DMA32    empty
[    0.000000]   Normal   empty
[    0.000000] Movable zone start for each node
[    0.000000] Early memory node ranges
[    0.000000]   node   0: [mem 0x0000000040000000-0x00000000bc76ffff]
[    0.000000]   node   0: [mem 0x00000000bc770000-0x00000000bcb3ffff]
[    0.000000]   node   0: [mem 0x00000000bcb40000-0x00000000bfe1ffff]
[    0.000000]   node   0: [mem 0x00000000bfe20000-0x00000000bfeaffff]
[    0.000000]   node   0: [mem 0x00000000bfeb0000-0x00000000bfebffff]
[    0.000000]   node   0: [mem 0x00000000bfec0000-0x00000000bffdffff]
[    0.000000]   node   0: [mem 0x00000000bffe0000-0x00000000bfffffff]
[    0.000000] Initmem setup node 0 [mem 0x0000000040000000-0x00000000bfffffff]
[    0.000000] psci: probing for conduit method from ACPI.
[    0.000000] psci: PSCIv1.1 detected in firmware.
[    0.000000] psci: Using standard PSCI v0.2 function IDs
[    0.000000] psci: Trusted OS migration not required
[    0.000000] psci: SMC Calling Convention v1.0
[    0.000000] percpu: Embedded 33 pages/cpu s96984 r8192 d29992 u135168
[    0.000000] Detected PIPT I-cache on CPU0
[    0.000000] CPU features: detected: Spectre-v4
[    0.000000] CPU features: detected: Spectre-BHB
[    0.000000] CPU features: detected: Broken broadcast TLBI completion
[    0.000000] CPU features: detected: SSBS not fully self-synchronizing
[    0.000000] alternatives: applying boot alternatives
[    0.000000] Kernel command line: root=/dev/vda rw console=ttyAMA0 initrd=initrd
[    0.000000] Dentry cache hash table entries: 262144 (order: 9, 2097152 bytes, linear)
[    0.000000] Inode-cache hash table entries: 131072 (order: 8, 1048576 bytes, linear)
[    0.000000] Fallback order for Node 0: 0 
[    0.000000] Built 1 zonelists, mobility grouping on.  Total pages: 524288
[    0.000000] Policy zone: DMA
[    0.000000] mem auto-init: stack:all(zero), heap alloc:on, heap free:off
[    0.000000] software IO TLB: SWIOTLB bounce buffer size adjusted to 2MB
[    0.000000] software IO TLB: area num 2.
[    0.000000] software IO TLB: mapped [mem 0x00000000bf2b4000-0x00000000bf4b4000] (2MB)
[    0.000000] SLUB: HWalign=64, Order=0-3, MinObjects=0, CPUs=2, Nodes=1
[    0.000000] Dynamic Preempt: none
[    0.000000] rcu: Preemptible hierarchical RCU implementation.
[    0.000000] rcu: 	RCU restricting CPUs from NR_CPUS=4096 to nr_cpu_ids=2.
[    0.000000] 	Trampoline variant of Tasks RCU enabled.
[    0.000000] 	Tracing variant of Tasks RCU enabled.
[    0.000000] rcu: RCU calculated value of scheduler-enlistment delay is 10 jiffies.
[    0.000000] rcu: Adjusting geometry for rcu_fanout_leaf=16, nr_cpu_ids=2
[    0.000000] RCU Tasks: Setting shift to 1 and lim to 1 rcu_task_cb_adjust=1 rcu_task_cpu_ids=2.
[    0.000000] RCU Tasks Trace: Setting shift to 1 and lim to 1 rcu_task_cb_adjust=1 rcu_task_cpu_ids=2.
[    0.000000] NR_IRQS: 64, nr_irqs: 64, preallocated irqs: 0
[    0.000000] Root IRQ handler: gic_handle_irq
[    0.000000] GICv2m: ACPI overriding V2M MSI_TYPER (base:80, num:64)
[    0.000000] GICv2m: range[mem 0x08020000-0x08020fff], SPI[80:143]
[    0.000000] rcu: srcu_init: Setting srcu_struct sizes based on contention.
[    0.000000] clocksource: jiffies: mask: 0xffffffff max_cycles: 0xffffffff, max_idle_ns: 19112604462750000 ns
[    0.000000] arch_timer: cp15 timer(s) running at 62.50MHz (virt).
[    0.000000] clocksource: arch_sys_counter: mask: 0x1ffffffffffffff max_cycles: 0x1cd42e208c, max_idle_ns: 881590405314 ns
[    0.000170] sched_clock: 57 bits at 63MHz, resolution 16ns, wraps every 4398046511096ns
[    0.066899] kfence: initialized - using 2097152 bytes for 255 objects at 0x(____ptrval____)-0x(____ptrval____)
[    0.236346] Console: colour dummy device 80x25
[    0.318359] ACPI: Core revision 20240827
[    0.415816] Calibrating delay loop (skipped), value calculated using timer frequency.. 125.00 BogoMIPS (lpj=625000)
[    0.416135] pid_max: default: 32768 minimum: 301
[    0.517410] LSM: initializing lsm=lockdown,capability,landlock
[    0.543163] landlock: Up and running.
[    0.618349] Mount-cache hash table entries: 4096 (order: 3, 32768 bytes, linear)
[    0.618568] Mountpoint-cache hash table entries: 4096 (order: 3, 32768 bytes, linear)
[    2.781637] rcu: Hierarchical SRCU implementation.
[    2.781797] rcu: 	Max phase no-delay instances is 1000.
[    2.787586] Timer migration: 1 hierarchy levels; 8 children per group; 1 crossnode level
[    2.816657] Remapping and enabling EFI services.
[    2.845694] smp: Bringing up secondary CPUs ...
[    2.933794] Detected PIPT I-cache on CPU1
[    2.985102] CPU1: Booted secondary processor 0x0000000001 [0x414fd0b1]
[    3.152161] smp: Brought up 1 node, 2 CPUs
[    3.152354] SMP: Total of 2 processors activated.
[    3.152518] CPU: All CPU(s) started at EL1
[    3.153027] CPU features: detected: 32-bit EL0 Support
[    3.164674] CPU features: detected: Data cache clean to the PoU not required for I/D coherence
[    3.164844] CPU features: detected: Common not Private translations
[    3.164859] CPU features: detected: CRC32 instructions
[    3.165626] CPU features: detected: RCpc load-acquire (LDAPR)
[    3.165714] CPU features: detected: LSE atomic instructions
[    3.165727] CPU features: detected: Privileged Access Never
[    3.165735] CPU features: detected: RAS Extension Support
[    3.165812] CPU features: detected: Speculative Store Bypassing Safe (SSBS)
[    3.571856] alternatives: applying system-wide alternatives
[    3.719837] CPU features: detected: Hardware dirty bit management on CPU0-1
[    4.005705] Memory: 2003384K/2097152K available (12608K kernel code, 1950K rwdata, 7812K rodata, 1920K init, 9305K bss, 89464K reserved, 0K cma-reserved)
[    4.718652] devtmpfs: initialized
[    5.120480] futex hash table entries: 512 (order: 3, 32768 bytes, linear)
[    5.168413] 24304 pages in range for non-PLT usage
[    5.168567] 515824 pages in range for PLT usage
[    5.220192] pinctrl core: initialized pinctrl subsystem
[    5.452554] SMBIOS 3.0.0 present.
[    5.453170] DMI: QEMU QEMU Virtual Machine, BIOS edk2-stable202408-prebuilt.qemu.org 08/13/2024
[    5.471848] DMI: Memory slots populated: 1/1
[    6.838518] NET: Registered PF_NETLINK/PF_ROUTE protocol family
[    6.988695] DMA: preallocated 256 KiB GFP_KERNEL pool for atomic allocations
[    7.020716] DMA: preallocated 256 KiB GFP_KERNEL|GFP_DMA pool for atomic allocations
[    7.051091] DMA: preallocated 256 KiB GFP_KERNEL|GFP_DMA32 pool for atomic allocations
[    7.052422] audit: initializing netlink subsys (disabled)
[    7.134357] audit: type=2000 audit(2.000:1): state=initialized audit_enabled=0 res=1
[    7.332911] thermal_sys: Registered thermal governor 'step_wise'
[    7.470690] cpuidle: using governor ladder
[    7.515723] cpuidle: using governor menu
[    7.602460] hw-breakpoint: found 6 breakpoint and 4 watchpoint registers.
[    7.603916] ASID allocator initialised with 65536 entries
[    7.605123] acpiphp: ACPI Hot Plug PCI Controller Driver version: 0.5
[    7.671844] Serial: AMBA PL011 UART driver
[    8.002865] HugeTLB: registered 1.00 GiB page size, pre-allocated 0 pages
[    8.002939] HugeTLB: 0 KiB vmemmap can be freed for a 1.00 GiB page
[    8.002975] HugeTLB: registered 32.0 MiB page size, pre-allocated 0 pages
[    8.002984] HugeTLB: 0 KiB vmemmap can be freed for a 32.0 MiB page
[    8.002997] HugeTLB: registered 2.00 MiB page size, pre-allocated 0 pages
[    8.003007] HugeTLB: 0 KiB vmemmap can be freed for a 2.00 MiB page
[    8.003019] HugeTLB: registered 64.0 KiB page size, pre-allocated 0 pages
[    8.003028] HugeTLB: 0 KiB vmemmap can be freed for a 64.0 KiB page
[    8.537379] ACPI: Added _OSI(Module Device)
[    8.537494] ACPI: Added _OSI(Processor Device)
[    8.537510] ACPI: Added _OSI(Processor Aggregator Device)
[    9.017254] ACPI: 1 ACPI AML tables successfully acquired and loaded
[    9.867922] ACPI: Interpreter enabled
[    9.868010] ACPI: Using GIC for interrupt routing
[    9.883706] ACPI: MCFG table detected, 1 entries
[   10.804411] ACPI: CPU0 has been hot-added
[   10.818295] ACPI: CPU1 has been hot-added
[   11.001014] ARMH0011:00: ttyAMA0 at MMIO 0x9000000 (irq = 12, base_baud = 0) is a SBSA
[   11.005468] printk: legacy console [ttyAMA0] enabled
[   11.801039] ACPI: PCI: Interrupt link L000 configured for IRQ 35
[   11.802163] ACPI: PCI: Interrupt link L001 configured for IRQ 36
[   11.803313] ACPI: PCI: Interrupt link L002 configured for IRQ 37
[   11.803753] ACPI: PCI: Interrupt link L003 configured for IRQ 38
[   11.804888] ACPI: PCI Root Bridge [PCI0] (domain 0000 [bus 00-ff])
[   11.836205] acpi PNP0A08:00: _OSC: OS supports [ExtendedConfig ASPM ClockPM Segments MSI HPX-Type3]
[   11.902168] acpi PNP0A08:00: _OSC: platform does not support [LTR]
[   11.904686] acpi PNP0A08:00: _OSC: OS now controls [PCIeHotplug PME PCIeCapability]
[   11.938312] acpi PNP0A08:00: ECAM area [mem 0x4010000000-0x401fffffff] reserved by PNP0C02:00
[   11.954575] acpi PNP0A08:00: ECAM at [mem 0x4010000000-0x401fffffff] for [bus 00-ff]
[   11.986850] ACPI: Remapped I/O 0x000000003eff0000 to [io  0x0000-0xffff window]
[   12.052887] PCI host bridge to bus 0000:00
[   12.054578] pci_bus 0000:00: root bus resource [mem 0x10000000-0x3efeffff window]
[   12.055224] pci_bus 0000:00: root bus resource [io  0x0000-0xffff window]
[   12.081831] pci_bus 0000:00: root bus resource [mem 0x8000000000-0xffffffffff window]
[   12.083467] pci_bus 0000:00: root bus resource [bus 00-ff]
[   12.087827] pci 0000:00:00.0: [1b36:0008] type 00 class 0x060000 conventional PCI endpoint
[   12.166994] pci 0000:00:01.0: [8086:100e] type 00 class 0x020000 conventional PCI endpoint
[   12.168004] pci 0000:00:01.0: BAR 0 [mem 0x10040000-0x1005ffff]
[   12.169294] pci 0000:00:01.0: BAR 1 [io  0x0080-0x00bf]
[   12.170288] pci 0000:00:01.0: ROM [mem 0xfffc0000-0xffffffff pref]
[   12.188264] pci 0000:00:02.0: [1af4:1001] type 00 class 0x010000 conventional PCI endpoint
[   12.199837] pci 0000:00:02.0: BAR 0 [io  0x0000-0x007f]
[   12.200937] pci 0000:00:02.0: BAR 1 [mem 0x10060000-0x10060fff]
[   12.201478] pci 0000:00:02.0: BAR 4 [mem 0x8000000000-0x8000003fff 64bit pref]
[   12.219484] pci 0000:00:01.0: ROM [mem 0x10000000-0x1003ffff pref]: assigned
[   12.220370] pci 0000:00:01.0: BAR 0 [mem 0x10040000-0x1005ffff]: assigned
[   12.221335] pci 0000:00:02.0: BAR 4 [mem 0x8000000000-0x8000003fff 64bit pref]: assigned
[   12.222115] pci 0000:00:02.0: BAR 1 [mem 0x10060000-0x10060fff]: assigned
[   12.232261] pci 0000:00:02.0: BAR 0 [io  0x1000-0x107f]: assigned
[   12.232848] pci 0000:00:01.0: BAR 1 [io  0x1080-0x10bf]: assigned
[   12.234675] pci_bus 0000:00: resource 4 [mem 0x10000000-0x3efeffff window]
[   12.235158] pci_bus 0000:00: resource 5 [io  0x0000-0xffff window]
[   12.235494] pci_bus 0000:00: resource 6 [mem 0x8000000000-0xffffffffff window]
[   12.284440] iommu: Default domain type: Translated
[   12.284916] iommu: DMA domain TLB invalidation policy: lazy mode
[   12.369534] efivars: Registered efivars operations
[   12.516422] clocksource: Switched to clocksource arch_sys_counter
[   12.571725] VFS: Disk quotas dquot_6.6.0
[   12.585174] VFS: Dquot-cache hash table entries: 512 (order 0, 4096 bytes)
[   12.634886] pnp: PnP ACPI init
[   12.721395] system 00:00: [mem 0x4010000000-0x401fffffff window] could not be reserved
[   12.735136] pnp: PnP ACPI: found 1 devices
[   13.469021] NET: Registered PF_INET protocol family
[   13.484484] IP idents hash table entries: 32768 (order: 6, 262144 bytes, linear)
[   13.883151] tcp_listen_portaddr_hash hash table entries: 1024 (order: 2, 16384 bytes, linear)
[   13.884783] Table-perturb hash table entries: 65536 (order: 6, 262144 bytes, linear)
[   13.885654] TCP established hash table entries: 16384 (order: 5, 131072 bytes, linear)
[   13.887416] TCP bind hash table entries: 16384 (order: 7, 524288 bytes, linear)
[   13.900165] TCP: Hash tables configured (established 16384 bind 16384)
[   13.918021] MPTCP token hash table entries: 2048 (order: 4, 49152 bytes, linear)
[   13.920755] UDP hash table entries: 1024 (order: 3, 32768 bytes, linear)
[   13.921991] UDP-Lite hash table entries: 1024 (order: 3, 32768 bytes, linear)
[   13.936900] NET: Registered PF_UNIX/PF_LOCAL protocol family
[   13.938606] NET: Registered PF_XDP protocol family
[   13.950582] PCI: CLS 0 bytes, default 64
[   13.986800] kvm [1]: HYP mode not available
[   14.019627] Initialise system trusted keyrings
[   14.050726] Unpacking initramfs...
[   14.051798] workingset: timestamp_bits=44 max_order=19 bucket_order=0
[   14.667367] Key type asymmetric registered
[   14.668798] Asymmetric key parser 'x509' registered
[   14.687159] Block layer SCSI generic (bsg) driver version 0.4 loaded (major 249)
[   14.703266] io scheduler mq-deadline registered
[   14.716517] io scheduler kyber registered
[   14.720914] io scheduler bfq registered
[   15.636807] ACPI: \_SB_.L002: Enabled at IRQ 37
[   15.663096] virtio-pci 0000:00:02.0: enabling device (0000 -> 0003)
[   15.854292] Serial: 8250/16550 driver, 4 ports, IRQ sharing enabled
[   16.187050] hv_vmbus: registering driver hyperv_keyboard
[   16.238363] rtc-efi rtc-efi.0: registered as rtc0
[   16.269159] rtc-efi rtc-efi.0: setting system clock to 2026-08-25T06:58:45 UTC (1787641125)
[   16.303096] NET: Registered PF_INET6 protocol family
[   16.671516] Segment Routing with IPv6
[   16.683212] In-situ OAM (IOAM) with IPv6
[   17.201711] registered taskstats version 1
[   17.254128] Loading compiled-in X.509 certificates
[   17.754579] Freeing initrd memory: 5268K
[   19.215624] Loaded X.509 cert 'alpinelinux.org: Alpine Linux kernel key: 87fa969a47f3e2a6aa35859eb932a17c95abcd82'
[   19.420978] Demotion targets for Node 0: null
[   19.437533] Key type .fscrypt registered
[   19.438099] Key type fscrypt-provisioning registered
[   19.616995] clk: Disabling unused clocks
[   19.618241] PM: genpd: Disabling unused power domains
[   19.888550] Freeing unused kernel memory: 1920K
[   19.904023] Run /init as init process
[   23.587826] Alpine Init 3.11.1-r0
Alpine Init 3.11.1-r0
[   23.652282] Loading boot drivers...
 * Loading boot drivers: [   24.345367] Loading boot drivers: ok.
ok.
SIMBOOT: kernel=6.12.103-0-virt
[   25.700949] Invalid ELF header magic: != ELF
[   26.204718] virtio_blk virtio0: 2/0/0 default/read/poll queues
[   26.354771] virtio_blk virtio0: [vda] 1411072 512-byte logical blocks (722 MB/689 MiB)
[   26.668490] Invalid ELF header magic: != ELF
[   26.785584] Invalid ELF header magic: != ELF
[   26.930493] Invalid ELF header magic: != ELF
[   27.153549] Invalid ELF header magic: != ELF
[   27.453705] hrtimer: interrupt took 133875504 ns
[   28.402603] Invalid ELF header magic: != ELF
[   29.804743] Invalid ELF header magic: != ELF
[   30.033030] e1000: Intel(R) PRO/1000 Network Driver
[   30.033916] e1000: Copyright (c) 1999-2006 Intel Corporation.
[   30.053500] ACPI: \_SB_.L001: Enabled at IRQ 36
[   30.054509] e1000 0000:00:01.0: enabling device (0000 -> 0003)
[   31.252740] e1000 0000:00:01.0 eth0: (PCI:33MHz:32-bit) 52:54:00:12:34:56
[   31.254265] e1000 0000:00:01.0 eth0: Intel(R) PRO/1000 Network Connection
Module                  Size  Used by    Not tainted
e1000                 163840  0 
ext4                  929792  0 
jbd2                  172032  1 ext4
mbcache                20480  1 ext4
crc32c_generic         12288  0 
crc16                  12288  1 ext4
virtio_blk             24576  0 
[   34.685155] EXT4-fs (vda): mounted filesystem 1799a7eb-09df-4b80-8c57-0424de58e445 r/w with ordered data mode. Quota mode: none.
SIMBOOT: root mounted rw, running real mfp.afx with binder stub
[   56.152988] e1000: eth0 NIC Link is Up 1000 Mbps Full Duplex, Flow Control: RX
MFP_PID=448
--- POLL 1: N=11 ---
[   77.432258] random: crng init done
[Inferior 1 (process 448) detached]
--- POLL 2: N=11 ---
[Inferior 1 (process 448) detached]
--- POLL 3: N=11 ---
[Inferior 1 (process 448) detached]
--- POLL 4: N=11 ---
[Inferior 1 (process 448) detached]
--- POLL 5: N=11 ---
[Inferior 1 (process 448) detached]
--- POLL 6: N=11 ---
[Inferior 1 (process 448) detached]
--- POLL 7: N=11 ---
[Inferior 1 (process 448) detached]
--- POLL 8: N=11 ---
[Inferior 1 (process 448) detached]
--- POLL 9: N=22 ---
[Inferior 1 (process 448) detached]
--- POLL 10: N=44 ---
[Inferior 1 (process 448) detached]
--- POLL 11: N=62 ---
[Inferior 1 (process 448) detached]
--- POLL 12: N=116 ---
POLL: passed print_info_status_init (N=116)
--- ALIVE ---
128
--- LISTEN TCP ---
  sl  local_address rem_address   st tx_queue rx_queue tr tm->when retrnsmt   uid  timeout inode                                                     
   0: 0100007F:C737 00000000:0000 0A 00000000:00000000 00:00000000 00000000     0        0 42142 1 00000000ddfaaf2d 100 0 0 10 0                     
--- HANDLES ---
[New LWP 761]
[Thread debugging using libthread_db enabled]
Using host libthread_db library "/lib64/libthread_db.so.1".
0x0000ffff9dd21ae4 in clock_nanosleep () from /lib64/libc.so.6
Cannot access memory at address 0x15cf000e58
Cannot access memory at address 0x15cf000e68
Cannot access memory at address 0x15cf000df0
[Inferior 1 (process 448) detached]
--- MAIN BT ---
[New LWP 761]
[New LWP 771]
[Thread debugging using libthread_db enabled]
Using host libthread_db library "/lib64/libthread_db.so.1".
0x0000ffff9dd21ae0 in clock_nanosleep () from /lib64/libc.so.6
[Switching to thread 1 (Thread 0xffff9d298960 (LWP 448))]
#0  0x0000ffff9dd21ae0 in clock_nanosleep () from /lib64/libc.so.6
#0  0x0000ffff9dd21ae0 in clock_nanosleep () from /lib64/libc.so.6
#1  0x0000ffff9dd3189c in nanosleep () from /lib64/libc.so.6
#2  0x0000ffff9dd41174 in sleep () from /lib64/libc.so.6
#3  0x00000000006a8060 in main () at main/main.c:250
[Inferior 1 (process 448) detached]
--- FUNC DIST ---
BT=792
    119 ??
     30 select
     13 clock_nanosleep
      6 binder_thr
      5 #0  binder_parse
      4 write
      4 read
      3 ioctl@plt
      3 #0  binder_thr
      2 epoll_pwait
      2 binder_parse@plt
      1 msgrcv
      1 connect
      1 accept
      1 __lll_lock_wait_private
      1 __kernel_gettimeofday
--- SERVER THREAD ---
#0  0x0000ffff9dd56608 in accept () from /lib64/libc.so.6
--- LPD LOG ---
